R
U 0
U 0
U 0
U 0
C 298
R
U 0
U 0
U 0
U 0
C 298
M "SimpleExample"
R
P 0000000000000000
C 7
= 00000000568846A8
R
P 00000000568846A8
U 3
C 274
R
P 00000000568846A8
C 294
R
C 3
= 000000005694C628
R
P 000000005694C628
S "model"
S "true"
C 5
R
P 000000005694C628
C 7
= 0000000056969C18
R
P 000000005694C628
C 4
R
P 0000000056969C18
U 3
C 274
R
P 0000000056969C18
C 294
R
P 0000000056969C18
S "f"
C 29
R
P 0000000056969C18
C 294
R
P 0000000056969C18
S "x"
C 29
R
P 0000000056969C18
C 294
R
P 0000000056969C18
S "y"
C 29
R
P 0000000056969C18
C 294
R
P 0000000056969C18
C 31
= 0000000056928068
R
P 0000000056969C18
C 294
R
P 0000000056969C18
P 0000000056928068
C 9
R
P 0000000056969C18
C 294
R
P 0000000056969C18
$ |f|
U 2
P 0000000056928068
P 0000000056928068
p 2
P 0000000056928068
C 47
= 000000005692C708
R
P 0000000056969C18
C 294
R
P 0000000056969C18
P 000000005692C708
C 9
R
P 0000000056969C18
C 294
R
P 0000000056969C18
$ |x|
P 0000000056928068
C 49
= 00000000569289C8
R
P 0000000056969C18
C 294
R
P 0000000056969C18
P 00000000569289C8
C 207
R
P 0000000056969C18
C 294
R
P 0000000056969C18
P 00000000569289C8
C 204
= 0000000056928068
R
P 0000000056969C18
C 294
R
P 0000000056969C18
P 0000000056928068
C 165
R
P 0000000056969C18
C 294
R
P 0000000056969C18
P 00000000569289C8
C 210
R
P 0000000056969C18
C 294
R
P 0000000056969C18
P 00000000569289C8
C 209
R
P 0000000056969C18
C 294
R
P 0000000056969C18
P 00000000569289C8
C 9
R
P 0000000056969C18
C 294
R
P 0000000056969C18
$ |y|
P 0000000056928068
C 49
= 00000000569289E8
R
P 0000000056969C18
C 294
R
P 0000000056969C18
P 00000000569289E8
C 207
R
P 0000000056969C18
C 294
R
P 0000000056969C18
P 00000000569289E8
C 204
= 0000000056928068
R
P 0000000056969C18
C 294
R
P 0000000056969C18
P 0000000056928068
C 165
R
P 0000000056969C18
C 294
R
P 0000000056969C18
P 00000000569289E8
C 210
R
P 0000000056969C18
C 294
R
P 0000000056969C18
P 00000000569289E8
C 209
R
P 0000000056969C18
C 294
R
P 0000000056969C18
P 00000000569289E8
C 9
R
P 0000000056969C18
C 294
R
P 0000000056969C18
P 000000005692C708
U 2
P 00000000569289C8
P 00000000569289E8
p 2
C 48
= 000000005692E648
R
P 0000000056969C18
C 294
R
P 0000000056969C18
P 000000005692E648
C 207
R
P 0000000056969C18
C 294
R
P 0000000056969C18
P 000000005692E648
C 204
= 0000000056928068
R
P 0000000056969C18
C 294
R
P 0000000056969C18
P 0000000056928068
C 165
R
P 0000000056969C18
C 294
R
P 0000000056969C18
P 000000005692E648
C 210
R
P 0000000056969C18
C 294
R
P 0000000056969C18
P 000000005692E648
C 209
R
P 0000000056969C18
C 294
R
P 0000000056969C18
P 000000005692E648
C 9
R
P 0000000056969C18
C 294
R
P 0000000056969C18
S "cp"
P 0000000056928068
C 51
= 0000000056928A08
R
P 0000000056969C18
C 294
R
P 0000000056969C18
P 0000000056928A08
C 207
R
P 0000000056969C18
C 294
R
P 0000000056969C18
P 0000000056928A08
C 204
= 0000000056928068
R
P 0000000056969C18
C 294
R
P 0000000056969C18
P 0000000056928068
C 165
R
P 0000000056969C18
C 294
R
P 0000000056969C18
P 0000000056928A08
C 210
R
P 0000000056969C18
C 294
R
P 0000000056969C18
P 0000000056928A08
C 209
R
P 0000000056969C18
C 294
R
P 0000000056969C18
P 0000000056928A08
C 9
R
P 0000000056969C18
C 294
R
P 0000000056969C18
S "fp"
U 1
P 0000000056928068
p 1
P 0000000056928068
C 50
= 000000005692E680
R
P 0000000056969C18
C 294
R
P 0000000056969C18
P 000000005692E680
C 9
R
P 0000000056969C18
C 294
R
P 0000000056969C18
P 000000005692E680
U 1
P 0000000056928A08
p 1
C 48
= 000000005692A2B8
R
P 0000000056969C18
C 294
R
P 0000000056969C18
P 000000005692A2B8
C 207
R
P 0000000056969C18
C 294
R
P 0000000056969C18
P 000000005692A2B8
C 204
= 0000000056928068
R
P 0000000056969C18
C 294
R
P 0000000056969C18
P 0000000056928068
C 165
R
P 0000000056969C18
C 294
R
P 0000000056969C18
P 000000005692A2B8
C 210
R
P 0000000056969C18
C 294
R
P 0000000056969C18
P 000000005692A2B8
C 209
R
P 0000000056969C18
C 294
R
P 0000000056969C18
P 000000005692A2B8
C 9
R
P 0000000056969C18
C 294
R
P 0000000056969C18
P 000000005692E648
P 000000005692E648
C 54
= 000000005692E6B8
R
P 0000000056969C18
C 294
R
P 0000000056969C18
P 000000005692E6B8
C 9
R
P 0000000056969C18
C 294
R
P 0000000056969C18
P 000000005692E648
P 000000005692A2B8
C 54
= 000000005692E6F0
R
P 0000000056969C18
C 294
R
P 0000000056969C18
P 000000005692E6F0
C 9
R
P 0000000056969C18
C 294
R
P 0000000056969C18
I 1
I 0
I 0
C 350
= 0000000056883368
R
P 0000000056969C18
C 294
R
P 0000000056969C18
P 0000000056883368
C 351
R
P 0000000056969C18
C 294
R
P 0000000056969C18
P 0000000056883368
P 000000005692E6B8
C 354
R
P 0000000056969C18
C 294
R
P 0000000056969C18
P 0000000056883368
P 000000005692E6F0
C 354
R
P 0000000056969C18
C 294
R
P 0000000056969C18
P 0000000056883368
C 364
R
P 0000000056969C18
C 294
R
P 0000000056969C18
C 410
= 000000005687DCE8
R
P 0000000056969C18
C 294
R
P 0000000056969C18
P 000000005687DCE8
C 417
R
P 0000000056969C18
C 294
R
P 0000000056969C18
P 0000000056883368
C 358
R
P 0000000056969C18
C 294
R
P 0000000056969C18
P 0000000056883368
U 0
C 359
= 000000005692E6B8
R
P 0000000056969C18
C 294
R
P 0000000056969C18
P 000000005692E6B8
C 9
R
P 0000000056969C18
C 294
R
P 0000000056969C18
P 0000000056883368
U 1
C 359
= 000000005692E6F0
R
P 0000000056969C18
C 294
R
P 0000000056969C18
P 000000005692E6F0
C 9
R
P 0000000056969C18
C 294
R
P 0000000056969C18
P 000000005687DCE8
P 000000005692E6B8
C 423
R
P 0000000056969C18
C 294
R
P 0000000056969C18
P 000000005687DCE8
P 000000005692E6F0
C 423
R
P 0000000056969C18
C 294
R
P 0000000056969C18
P 000000005687DCE8
C 426
R
P 0000000056969C18
C 294
R
P 0000000056969C18
S "simplify"
C 365
= 0000000056F94E38
R
P 0000000056969C18
C 294
R
P 0000000056969C18
P 0000000056F94E38
C 366
R
P 0000000056969C18
C 294
R
P 0000000056969C18
P 0000000056883368
C 364
R
P 0000000056969C18
C 294
R
P 0000000056969C18
P 0000000056F94E38
P 0000000056883368
C 402
= 000000005687EAB8
R
P 0000000056969C18
C 294
R
P 0000000056969C18
P 000000005687EAB8
C 404
R
P 0000000056969C18
C 294
R
P 0000000056969C18
P 000000005687EAB8
C 406
R
P 0000000056969C18
C 294
R
P 0000000056969C18
P 000000005687EAB8
C 407
R
P 0000000056969C18
C 294
R
P 0000000056969C18
P 000000005687EAB8
U 0
C 408
= 0000000056F94F88
R
P 0000000056969C18
C 294
R
P 0000000056969C18
P 0000000056F94F88
C 351
R
P 0000000056969C18
C 294
R
P 0000000056969C18
P 0000000056F94F88
C 361
R
P 0000000056969C18
C 294
R
P 0000000056969C18
P 0000000056F94F88
C 362
R
P 0000000056969C18
C 294
R
P 0000000056969C18
P 000000005687EAB8
C 407
R
P 0000000056969C18
C 294
R
P 0000000056969C18
P 000000005687EAB8
C 407
R
P 0000000056969C18
C 294
R
P 0000000056969C18
P 000000005687EAB8
U 0
C 408
= 0000000056F93848
R
P 0000000056969C18
C 294
R
P 0000000056969C18
P 0000000056F93848
C 351
R
P 0000000056969C18
C 294
R
P 0000000056969C18
P 0000000056F93848
C 361
R
P 0000000056969C18
C 294
R
P 0000000056969C18
P 000000005687EAB8
C 407
R
P 0000000056969C18
C 294
R
P 0000000056969C18
P 000000005687EAB8
U 0
C 408
= 0000000056F94EC8
R
P 0000000056969C18
C 294
R
P 0000000056969C18
P 0000000056F94EC8
C 351
R
P 0000000056969C18
C 294
R
P 0000000056969C18
P 0000000056F94EC8
C 362
R
P 0000000056969C18
C 294
R
P 0000000056969C18
S "smt"
C 365
= 0000000056F95408
R
P 0000000056969C18
C 294
R
P 0000000056969C18
P 0000000056F95408
C 366
R
P 0000000056969C18
C 294
R
P 0000000056969C18
P 0000000056883368
C 364
R
P 0000000056969C18
C 294
R
P 0000000056969C18
P 0000000056F95408
P 0000000056883368
C 402
= 000000005687EB88
R
P 0000000056969C18
C 294
R
P 0000000056969C18
P 000000005687EB88
C 404
R
P 0000000056969C18
C 294
R
P 0000000056969C18
P 000000005687EB88
C 406
R
P 0000000056969C18
C 294
R
P 0000000056969C18
P 000000005687EB88
C 407
R
P 0000000056969C18
C 294
R
P 0000000056969C18
P 000000005687EB88
U 0
C 408
= 0000000056F953A8
R
P 0000000056969C18
C 294
R
P 0000000056969C18
P 0000000056F953A8
C 351
R
P 0000000056969C18
C 294
R
P 0000000056969C18
P 0000000056F953A8
C 361
R
P 0000000056969C18
C 294
R
P 0000000056969C18
P 000000005687EB88
C 407
R
P 0000000056969C18
C 294
R
P 0000000056969C18
P 000000005687EB88
C 407
R
P 0000000056969C18
C 294
R
P 0000000056969C18
P 000000005687EB88
U 0
C 408
= 0000000056F95198
R
P 0000000056969C18
C 294
R
P 0000000056969C18
P 0000000056F95198
C 351
R
P 0000000056969C18
C 294
R
P 0000000056969C18
P 0000000056F95198
C 361
R
P 0000000056969C18
C 294
R
P 0000000056969C18
U 32
C 34
= 00000000569285A8
R
P 0000000056969C18
C 294
R
P 0000000056969C18
P 00000000569285A8
C 9
R
P 0000000056969C18
C 294
R
P 0000000056969C18
I 1
P 00000000569285A8
C 144
= 0000000056928D28
R
P 0000000056969C18
C 294
R
P 0000000056969C18
P 0000000056928D28
C 207
R
P 0000000056969C18
C 294
R
P 0000000056969C18
P 0000000056928D28
C 204
= 00000000569285A8
R
P 0000000056969C18
C 294
R
P 0000000056969C18
P 00000000569285A8
C 165
R
P 0000000056969C18
C 294
R
P 0000000056969C18
P 0000000056928D28
C 210
R
P 0000000056969C18
C 294
R
P 0000000056969C18
P 0000000056928D28
C 209
R
P 0000000056969C18
C 294
R
P 0000000056969C18
P 0000000056928D28
C 9
R
P 0000000056969C18
C 294
R
P 0000000056969C18
U 32
C 34
= 00000000569285A8
R
P 0000000056969C18
C 294
R
P 0000000056969C18
P 00000000569285A8
C 9
R
P 0000000056969C18
C 294
R
P 0000000056969C18
I 2
P 00000000569285A8
C 144
= 0000000056928D48
R
P 0000000056969C18
C 294
R
P 0000000056969C18
P 0000000056928D48
C 207
R
P 0000000056969C18
C 294
R
P 0000000056969C18
P 0000000056928D48
C 204
= 00000000569285A8
R
P 0000000056969C18
C 294
R
P 0000000056969C18
P 00000000569285A8
C 165
R
P 0000000056969C18
C 294
R
P 0000000056969C18
P 0000000056928D48
C 210
R
P 0000000056969C18
C 294
R
P 0000000056969C18
P 0000000056928D48
C 209
R
P 0000000056969C18
C 294
R
P 0000000056969C18
P 0000000056928D48
C 9
R
P 0000000056969C18
C 294
R
P 0000000056969C18
P 0000000056928D28
P 0000000056928D48
C 54
= 000000005692E798
R
P 0000000056969C18
C 294
R
P 0000000056969C18
P 000000005692E798
C 9
R
P 0000000056969C18
C 294
R
P 0000000056969C18
P 0000000056883368
P 000000005692E798
C 354
R
P 0000000056969C18
C 294
R
P 0000000056969C18
S "smt"
C 365
= 0000000056F94E68
R
P 0000000056969C18
C 294
R
P 0000000056969C18
P 0000000056F94E68
C 366
R
P 0000000056969C18
C 294
R
P 0000000056969C18
P 0000000056883368
C 364
R
P 0000000056969C18
C 294
R
P 0000000056969C18
P 0000000056F94E68
P 0000000056883368
C 402
= 0000000057020128
R
P 0000000056969C18
C 294
R
P 0000000056969C18
P 0000000057020128
C 404
R
P 0000000056969C18
C 294
R
P 0000000056969C18
P 0000000057020128
C 406
R
P 0000000056969C18
C 294
R
P 0000000056969C18
P 0000000057020128
C 407
R
P 0000000056969C18
C 294
R
P 0000000056969C18
P 0000000057020128
U 0
C 408
= 0000000056F95348
R
P 0000000056969C18
C 294
R
P 0000000056969C18
P 0000000056F95348
C 351
R
P 0000000056969C18
C 294
R
P 0000000056969C18
P 0000000056F95348
C 361
R
P 0000000056969C18
C 294
R
P 0000000056969C18
P 0000000056F95348
C 362
R
P 0000000056969C18
C 294
R
P 0000000056969C18
P 0000000057020128
C 407
R
P 0000000056969C18
C 294
R
P 0000000056969C18
P 0000000057020128
C 407
R
P 0000000056969C18
C 294
R
P 0000000056969C18
P 0000000057020128
U 0
C 408
= 0000000056F954C8
R
P 0000000056969C18
C 294
R
P 0000000056969C18
P 0000000056F954C8
C 351
R
P 0000000056969C18
C 294
R
P 0000000056969C18
P 0000000056F954C8
C 362
R
P 0000000056969C18
C 294
R
P 0000000056969C18
I 1
I 1
I 0
C 350
= 0000000056F95888
R
P 0000000056969C18
C 294
R
P 0000000056969C18
P 0000000056F95888
C 351
R
P 0000000056969C18
C 294
R
P 0000000056969C18
S "smt"
C 365
= 0000000056F94F58
R
P 0000000056969C18
C 294
R
P 0000000056969C18
P 0000000056F94F58
C 366
R
P 0000000056969C18
C 294
R
P 0000000056969C18
P 0000000056F95888
C 364
R
P 0000000056969C18
C 294
R
P 0000000056969C18
P 0000000056F94F58
P 0000000056F95888
C 402
= 000000005701F9D8
R
P 0000000056969C18
C 294
R
P 0000000056969C18
P 000000005701F9D8
C 404
R
P 0000000056969C18
C 294
R
P 0000000056969C18
P 000000005701F9D8
C 406
R
P 0000000056969C18
C 294
R
P 0000000056969C18
P 000000005701F9D8
C 407
R
P 0000000056969C18
C 294
R
P 0000000056969C18
P 000000005701F9D8
U 0
C 408
= 0000000056F95618
R
P 0000000056969C18
C 294
R
P 0000000056969C18
P 0000000056F95618
C 351
R
P 0000000056969C18
C 294
R
P 0000000056969C18
P 0000000056F95618
C 361
R
P 0000000056969C18
C 294
R
P 0000000056969C18
P 000000005701F9D8
C 407
R
P 0000000056969C18
C 294
R
P 0000000056969C18
P 000000005701F9D8
C 407
R
P 0000000056969C18
C 294
R
P 0000000056969C18
P 000000005701F9D8
U 0
C 408
= 0000000056F95228
R
P 0000000056969C18
C 294
R
P 0000000056969C18
P 0000000056F95228
C 351
R
P 0000000056969C18
C 294
R
P 0000000056969C18
P 0000000056F95228
C 361
R
P 0000000056969C18
C 294
R
P 0000000056969C18
I 1
I 1
I 0
C 350
= 0000000056F957F8
R
P 0000000056969C18
C 294
R
P 0000000056969C18
P 0000000056F957F8
C 351
R
P 0000000056969C18
C 294
R
P 0000000056969C18
C 53
= 00000000569280E8
R
P 0000000056969C18
C 294
R
P 0000000056969C18
P 00000000569280E8
C 9
R
P 0000000056969C18
C 294
R
P 0000000056969C18
P 0000000056F957F8
P 00000000569280E8
C 354
R
P 0000000056969C18
C 294
R
P 0000000056969C18
S "smt"
C 365
= 0000000056F95288
R
P 0000000056969C18
C 294
R
P 0000000056969C18
P 0000000056F95288
C 366
R
P 0000000056969C18
C 294
R
P 0000000056969C18
P 0000000056F957F8
C 364
R
P 0000000056969C18
C 294
R
P 0000000056969C18
P 0000000056F95288
P 0000000056F957F8
C 402
= 0000000057020A18
R
P 0000000056969C18
C 294
R
P 0000000056969C18
P 0000000057020A18
C 404
R
P 0000000056969C18
C 294
R
P 0000000056969C18
P 0000000057020A18
C 406
R
P 0000000056969C18
C 294
R
P 0000000056969C18
P 0000000057020A18
C 407
R
P 0000000056969C18
C 294
R
P 0000000056969C18
P 0000000057020A18
U 0
C 408
= 0000000056F95768
R
P 0000000056969C18
C 294
R
P 0000000056969C18
P 0000000056F95768
C 351
R
P 0000000056969C18
C 294
R
P 0000000056969C18
P 0000000056F95768
C 361
R
P 0000000056969C18
C 294
R
P 0000000056969C18
P 0000000056F95768
C 362
R
P 0000000056969C18
C 294
R
P 0000000056969C18
P 0000000057020A18
C 407
R
P 0000000056969C18
C 294
R
P 0000000056969C18
P 0000000057020A18
C 407
R
P 0000000056969C18
C 294
R
P 0000000056969C18
P 0000000057020A18
U 0
C 408
= 0000000056F95AC8
R
P 0000000056969C18
C 294
R
P 0000000056969C18
P 0000000056F95AC8
C 351
R
P 0000000056969C18
C 294
R
P 0000000056969C18
P 0000000056F95AC8
C 362
R
P 0000000056969C18
C 294
R
P 0000000056969C18
I 1
I 1
I 0
C 350
= 0000000056F958E8
R
P 0000000056969C18
C 294
R
P 0000000056969C18
P 0000000056F958E8
C 351
R
P 0000000056969C18
C 294
R
P 0000000056969C18
S "x"
C 29
R
P 0000000056969C18
C 294
R
P 0000000056969C18
C 32
= 0000000056928128
R
P 0000000056969C18
C 294
R
P 0000000056969C18
P 0000000056928128
C 9
R
P 0000000056969C18
C 294
R
P 0000000056969C18
$ |x|
P 0000000056928128
C 49
= 0000000056928D68
R
P 0000000056969C18
C 294
R
P 0000000056969C18
P 0000000056928D68
C 207
R
P 0000000056969C18
C 294
R
P 0000000056969C18
P 0000000056928D68
C 204
= 0000000056928128
R
P 0000000056969C18
C 294
R
P 0000000056969C18
P 0000000056928128
C 165
R
P 0000000056969C18
C 294
R
P 0000000056969C18
P 0000000056928D68
C 210
R
P 0000000056969C18
C 294
R
P 0000000056969C18
P 0000000056928D68
C 209
R
P 0000000056969C18
C 294
R
P 0000000056969C18
P 0000000056928D68
C 9
R
P 0000000056969C18
C 294
R
P 0000000056969C18
S "y"
C 29
R
P 0000000056969C18
C 294
R
P 0000000056969C18
$ |y|
P 0000000056928128
C 49
= 0000000056928D88
R
P 0000000056969C18
C 294
R
P 0000000056969C18
P 0000000056928D88
C 207
R
P 0000000056969C18
C 294
R
P 0000000056969C18
P 0000000056928D88
C 204
= 0000000056928128
R
P 0000000056969C18
C 294
R
P 0000000056969C18
P 0000000056928128
C 165
R
P 0000000056969C18
C 294
R
P 0000000056969C18
P 0000000056928D88
C 210
R
P 0000000056969C18
C 294
R
P 0000000056969C18
P 0000000056928D88
C 209
R
P 0000000056969C18
C 294
R
P 0000000056969C18
P 0000000056928D88
C 9
R
P 0000000056969C18
C 294
R
P 0000000056969C18
I 1
P 0000000056928128
C 144
= 0000000056928C68
R
P 0000000056969C18
C 294
R
P 0000000056969C18
P 0000000056928C68
C 207
R
P 0000000056969C18
C 294
R
P 0000000056969C18
P 0000000056928C68
C 204
= 0000000056928128
R
P 0000000056969C18
C 294
R
P 0000000056969C18
P 0000000056928128
C 165
R
P 0000000056969C18
C 294
R
P 0000000056969C18
P 0000000056928C68
C 210
R
P 0000000056969C18
C 294
R
P 0000000056969C18
P 0000000056928C68
C 209
R
P 0000000056969C18
C 294
R
P 0000000056969C18
P 0000000056928C68
C 9
R
P 0000000056969C18
C 294
R
P 0000000056969C18
P 0000000056928D68
P 0000000056928C68
C 54
= 000000005692E7D0
R
P 0000000056969C18
C 294
R
P 0000000056969C18
P 000000005692E7D0
C 9
R
P 0000000056969C18
C 294
R
P 0000000056969C18
P 0000000056F958E8
P 000000005692E7D0
C 354
R
P 0000000056969C18
C 294
R
P 0000000056969C18
I 2
P 0000000056928128
C 144
= 0000000056928DA8
R
P 0000000056969C18
C 294
R
P 0000000056969C18
P 0000000056928DA8
C 207
R
P 0000000056969C18
C 294
R
P 0000000056969C18
P 0000000056928DA8
C 204
= 0000000056928128
R
P 0000000056969C18
C 294
R
P 0000000056969C18
P 0000000056928128
C 165
R
P 0000000056969C18
C 294
R
P 0000000056969C18
P 0000000056928DA8
C 210
R
P 0000000056969C18
C 294
R
P 0000000056969C18
P 0000000056928DA8
C 209
R
P 0000000056969C18
C 294
R
P 0000000056969C18
P 0000000056928DA8
C 9
R
P 0000000056969C18
C 294
R
P 0000000056969C18
P 0000000056928D88
P 0000000056928DA8
C 54
= 000000005692E808
R
P 0000000056969C18
C 294
R
P 0000000056969C18
P 000000005692E808
C 9
R
P 0000000056969C18
C 294
R
P 0000000056969C18
P 0000000056F958E8
P 000000005692E808
C 354
R
P 0000000056969C18
C 294
R
P 0000000056969C18
P 0000000056928D68
P 0000000056928D88
C 54
= 000000005692E840
R
P 0000000056969C18
C 294
R
P 0000000056969C18
P 000000005692E840
C 9
R
P 0000000056969C18
C 294
R
P 0000000056969C18
P 0000000056F958E8
P 000000005692E840
C 354
R
P 0000000056969C18
C 294
R
P 0000000056969C18
S "smt"
C 365
= 00000000569B5E68
R
P 0000000056969C18
C 294
R
P 0000000056969C18
P 00000000569B5E68
C 366
R
P 0000000056969C18
C 294
R
P 0000000056969C18
P 0000000056F958E8
C 364
R
P 0000000056969C18
C 294
R
P 0000000056969C18
P 00000000569B5E68
P 0000000056F958E8
C 402
= 000000005701F908
R
P 0000000056969C18
C 294
R
P 0000000056969C18
P 000000005701F908
C 404
R
P 0000000056969C18
C 294
R
P 0000000056969C18
P 000000005701F908
C 406
R
P 0000000056969C18
C 294
R
P 0000000056969C18
P 000000005701F908
C 407
R
P 0000000056969C18
C 294
R
P 0000000056969C18
P 000000005701F908
U 0
C 408
= 00000000569B5E98
R
P 0000000056969C18
C 294
R
P 0000000056969C18
P 00000000569B5E98
C 351
R
P 0000000056969C18
C 294
R
P 0000000056969C18
P 00000000569B5E98
C 361
R
P 0000000056969C18
C 294
R
P 0000000056969C18
P 00000000569B5E98
C 362
R
P 0000000056969C18
C 294
R
P 0000000056969C18
P 000000005701F908
C 407
R
P 0000000056969C18
C 294
R
P 0000000056969C18
P 000000005701F908
C 407
R
P 0000000056969C18
C 294
R
P 0000000056969C18
P 000000005701F908
U 0
C 408
= 00000000569B5DA8
R
P 0000000056969C18
C 294
R
P 0000000056969C18
P 00000000569B5DA8
C 351
R
P 0000000056969C18
C 294
R
P 0000000056969C18
P 00000000569B5DA8
C 362
R
P 0000000056969C18
C 294
R
P 0000000056969C18
S "x"
C 29
R
P 0000000056969C18
C 294
R
P 0000000056969C18
C 33
= 0000000056928108
R
P 0000000056969C18
C 294
R
P 0000000056969C18
P 0000000056928108
C 9
R
P 0000000056969C18
C 294
R
P 0000000056969C18
$ |x|
P 0000000056928108
C 49
= 0000000056928E08
R
P 0000000056969C18
C 294
R
P 0000000056969C18
P 0000000056928E08
C 207
R
P 0000000056969C18
C 294
R
P 0000000056969C18
P 0000000056928E08
C 204
= 0000000056928108
R
P 0000000056969C18
C 294
R
P 0000000056969C18
P 0000000056928108
C 165
R
P 0000000056969C18
C 294
R
P 0000000056969C18
P 0000000056928E08
C 210
R
P 0000000056969C18
C 294
R
P 0000000056969C18
P 0000000056928E08
C 209
R
P 0000000056969C18
C 294
R
P 0000000056969C18
P 0000000056928E08
C 9
R
P 0000000056969C18
C 294
R
P 0000000056969C18
S "y"
C 29
R
P 0000000056969C18
C 294
R
P 0000000056969C18
C 33
= 0000000056928108
R
P 0000000056969C18
C 294
R
P 0000000056969C18
P 0000000056928108
C 9
R
P 0000000056969C18
C 294
R
P 0000000056969C18
$ |y|
P 0000000056928108
C 49
= 0000000056928E28
R
P 0000000056969C18
C 294
R
P 0000000056969C18
P 0000000056928E28
C 207
R
P 0000000056969C18
C 294
R
P 0000000056969C18
P 0000000056928E28
C 204
= 0000000056928108
R
P 0000000056969C18
C 294
R
P 0000000056969C18
P 0000000056928108
C 165
R
P 0000000056969C18
C 294
R
P 0000000056969C18
P 0000000056928E28
C 210
R
P 0000000056969C18
C 294
R
P 0000000056969C18
P 0000000056928E28
C 209
R
P 0000000056969C18
C 294
R
P 0000000056969C18
P 0000000056928E28
C 9
R
P 0000000056969C18
C 294
R
P 0000000056969C18
I 1
I 0
I 0
C 350
= 00000000569B5C58
R
P 0000000056969C18
C 294
R
P 0000000056969C18
P 00000000569B5C58
C 351
R
P 0000000056969C18
C 294
R
P 0000000056969C18
I 10
I 1
C 143
= 0000000056928E48
R
P 0000000056969C18
C 294
R
P 0000000056969C18
P 0000000056928E48
C 9
R
P 0000000056969C18
C 294
R
P 0000000056969C18
P 0000000056928E08
P 0000000056928E48
C 73
= 000000005692E878
R
P 0000000056969C18
C 294
R
P 0000000056969C18
P 000000005692E878
C 9
R
P 0000000056969C18
C 294
R
P 0000000056969C18
P 00000000569B5C58
P 000000005692E878
C 354
R
P 0000000056969C18
C 294
R
P 0000000056969C18
I 1
I 1
C 143
= 0000000056928CA8
R
P 0000000056969C18
C 294
R
P 0000000056969C18
P 0000000056928CA8
C 9
R
P 0000000056969C18
C 294
R
P 0000000056969C18
U 2
P 0000000056928E08
P 0000000056928CA8
p 2
C 63
= 000000005692E8B0
R
P 0000000056969C18
C 294
R
P 0000000056969C18
P 000000005692E8B0
C 207
R
P 0000000056969C18
C 294
R
P 0000000056969C18
P 000000005692E8B0
C 204
= 0000000056928108
R
P 0000000056969C18
C 294
R
P 0000000056969C18
P 0000000056928108
C 165
R
P 0000000056969C18
C 294
R
P 0000000056969C18
P 000000005692E8B0
C 210
R
P 0000000056969C18
C 294
R
P 0000000056969C18
P 000000005692E8B0
C 209
R
P 0000000056969C18
C 294
R
P 0000000056969C18
P 000000005692E8B0
C 9
R
P 0000000056969C18
C 294
R
P 0000000056969C18
P 0000000056928E28
P 000000005692E8B0
C 54
= 000000005692E8E8
R
P 0000000056969C18
C 294
R
P 0000000056969C18
P 000000005692E8E8
C 9
R
P 0000000056969C18
C 294
R
P 0000000056969C18
P 00000000569B5C58
P 000000005692E8E8
C 354
R
P 0000000056969C18
C 294
R
P 0000000056969C18
I 1
I 1
C 143
= 0000000056928CA8
R
P 0000000056969C18
C 294
R
P 0000000056969C18
P 0000000056928CA8
C 9
R
P 0000000056969C18
C 294
R
P 0000000056969C18
P 0000000056928E28
P 0000000056928CA8
C 73
= 000000005692E920
R
P 0000000056969C18
C 294
R
P 0000000056969C18
P 000000005692E920
C 9
R
P 0000000056969C18
C 294
R
P 0000000056969C18
P 00000000569B5C58
P 000000005692E920
C 354
R
P 0000000056969C18
C 294
R
P 0000000056969C18
S "simplify"
C 365
= 0000000056F95C78
R
P 0000000056969C18
C 294
R
P 0000000056969C18
P 0000000056F95C78
C 366
R
P 0000000056969C18
C 294
R
P 0000000056969C18
P 00000000569B5C58
C 364
R
P 0000000056969C18
C 294
R
P 0000000056969C18
P 0000000056F95C78
P 00000000569B5C58
C 402
= 0000000057020BB8
R
P 0000000056969C18
C 294
R
P 0000000056969C18
P 0000000057020BB8
C 404
R
P 0000000056969C18
C 294
R
P 0000000056969C18
P 0000000057020BB8
C 406
R
P 0000000056969C18
C 294
R
P 0000000056969C18
P 0000000057020BB8
C 407
R
P 0000000056969C18
C 294
R
P 0000000056969C18
P 0000000057020BB8
U 0
C 408
= 0000000056F94B68
R
P 0000000056969C18
C 294
R
P 0000000056969C18
P 0000000056F94B68
C 351
R
P 0000000056969C18
C 294
R
P 0000000056969C18
P 0000000056F94B68
C 361
R
P 0000000056969C18
C 294
R
P 0000000056969C18
P 0000000056F94B68
C 362
R
P 0000000056969C18
C 294
R
P 0000000056969C18
P 0000000057020BB8
C 407
R
P 0000000056969C18
C 294
R
P 0000000056969C18
P 0000000057020BB8
C 407
R
P 0000000056969C18
C 294
R
P 0000000056969C18
P 0000000057020BB8
U 0
C 408
= 0000000056F95D08
R
P 0000000056969C18
C 294
R
P 0000000056969C18
P 0000000056F95D08
C 351
R
P 0000000056969C18
C 294
R
P 0000000056969C18
P 0000000056F95D08
C 361
R
P 0000000056969C18
C 294
R
P 0000000056969C18
P 0000000057020BB8
C 407
R
P 0000000056969C18
C 294
R
P 0000000056969C18
P 0000000057020BB8
U 0
C 408
= 0000000056F95CD8
R
P 0000000056969C18
C 294
R
P 0000000056969C18
P 0000000056F95CD8
C 351
R
P 0000000056969C18
C 294
R
P 0000000056969C18
P 0000000056F95CD8
C 362
R
P 0000000056969C18
C 294
R
P 0000000056969C18
S "simplify"
C 365
= 0000000056F95708
R
P 0000000056969C18
C 294
R
P 0000000056969C18
P 0000000056F95708
C 366
R
P 0000000056969C18
C 294
R
P 0000000056969C18
S "solve-eqs"
C 365
= 0000000056F95468
R
P 0000000056969C18
C 294
R
P 0000000056969C18
P 0000000056F95468
C 366
R
P 0000000056969C18
C 294
R
P 0000000056969C18
P 0000000056F95708
P 0000000056F95468
C 371
= 0000000056F954F8
R
P 0000000056969C18
C 294
R
P 0000000056969C18
P 0000000056F954F8
C 366
R
P 0000000056969C18
C 294
R
P 0000000056969C18
P 00000000569B5C58
C 364
R
P 0000000056969C18
C 294
R
P 0000000056969C18
P 0000000056F954F8
P 00000000569B5C58
C 402
= 0000000057021098
R
P 0000000056969C18
C 294
R
P 0000000056969C18
P 0000000057021098
C 404
R
P 0000000056969C18
C 294
R
P 0000000056969C18
P 0000000057021098
C 406
R
P 0000000056969C18
C 294
R
P 0000000056969C18
P 0000000057021098
C 407
R
P 0000000056969C18
C 294
R
P 0000000056969C18
P 0000000057021098
U 0
C 408
= 0000000056F959A8
R
P 0000000056969C18
C 294
R
P 0000000056969C18
P 0000000056F959A8
C 351
R
P 0000000056969C18
C 294
R
P 0000000056969C18
P 0000000056F959A8
C 361
R
P 0000000056969C18
C 294
R
P 0000000056969C18
P 0000000056F959A8
C 362
R
P 0000000056969C18
C 294
R
P 0000000056969C18
P 0000000057021098
C 407
R
P 0000000056969C18
C 294
R
P 0000000056969C18
P 0000000057021098
C 407
R
P 0000000056969C18
C 294
R
P 0000000056969C18
P 0000000057021098
U 0
C 408
= 0000000056F95F48
R
P 0000000056969C18
C 294
R
P 0000000056969C18
P 0000000056F95F48
C 351
R
P 0000000056969C18
C 294
R
P 0000000056969C18
P 0000000056F95F48
C 361
R
P 0000000056969C18
C 294
R
P 0000000056969C18
P 0000000057021098
C 407
R
P 0000000056969C18
C 294
R
P 0000000056969C18
P 0000000057021098
U 0
C 408
= 0000000056F96098
R
P 0000000056969C18
C 294
R
P 0000000056969C18
P 0000000056F96098
C 351
R
P 0000000056969C18
C 294
R
P 0000000056969C18
P 0000000056F96098
C 362
R
P 0000000056969C18
C 294
R
P 0000000056969C18
C 410
= 0000000057021308
R
P 0000000056969C18
C 294
R
P 0000000056969C18
P 0000000057021308
C 417
R
P 0000000056969C18
C 294
R
P 0000000056969C18
P 0000000057021098
C 407
R
P 0000000056969C18
C 294
R
P 0000000056969C18
P 0000000057021098
U 0
C 408
= 0000000056F95FA8
R
P 0000000056969C18
C 294
R
P 0000000056969C18
P 0000000056F95FA8
C 351
R
P 0000000056969C18
C 294
R
P 0000000056969C18
P 0000000056F95FA8
C 358
R
P 0000000056969C18
C 294
R
P 0000000056969C18
P 0000000056F95FA8
U 0
C 359
= 000000005692A5B8
R
P 0000000056969C18
C 294
R
P 0000000056969C18
P 000000005692A5B8
C 9
R
P 0000000056969C18
C 294
R
P 0000000056969C18
P 0000000056F95FA8
U 1
C 359
= 000000005692A618
R
P 0000000056969C18
C 294
R
P 0000000056969C18
P 000000005692A618
C 9
R
P 0000000056969C18
C 294
R
P 0000000056969C18
P 0000000057021308
P 000000005692A5B8
C 423
R
P 0000000056969C18
C 294
R
P 0000000056969C18
P 0000000057021308
P 000000005692A618
C 423
R
P 0000000056969C18
C 294
R
P 0000000056969C18
P 0000000057021308
C 426
R
P 0000000056969C18
C 294
R
P 0000000056969C18
P 0000000057021308
C 428
= 0000000056F95EE8
R
P 0000000056969C18
C 294
R
P 0000000056969C18
P 0000000056F95EE8
C 247
R
P 0000000056969C18
C 294
R
P 0000000056969C18
P 0000000056F95EE8
C 279
R
P 0000000056969C18
C 294
R
P 0000000056969C18
P 0000000057021308
C 428
= 0000000057258128
R
P 0000000056969C18
C 294
R
P 0000000056969C18
P 0000000057258128
C 247
R
P 0000000056969C18
C 294
R
P 0000000056969C18
P 0000000057021098
U 0
P 0000000057258128
C 409
= 0000000057258788
R
P 0000000056969C18
C 294
R
P 0000000056969C18
P 0000000057258788
C 247
R
P 0000000056969C18
C 294
R
P 0000000056969C18
P 0000000057258788
C 279
R
P 0000000056969C18
C 294
R
P 0000000056969C18
I 42
I 43
C 143
= 0000000056928EC8
R
P 0000000056969C18
C 294
R
P 0000000056969C18
P 0000000056928EC8
C 9
R
P 0000000056969C18
C 294
R
P 0000000056969C18
P 0000000056928EC8
C 215
= 0000000056928EE8
R
P 0000000056969C18
C 294
R
P 0000000056969C18
P 0000000056928EE8
C 9
R
P 0000000056969C18
C 294
R
P 0000000056969C18
P 0000000056928EC8
C 216
= 0000000056928F08
R
P 0000000056969C18
C 294
R
P 0000000056969C18
P 0000000056928F08
C 9
R
P 0000000056969C18
C 294
R
P 0000000056969C18
P 0000000056928EE8
C 213
R
P 0000000056969C18
C 294
R
P 0000000056969C18
P 0000000056928F08
C 213
R
P 0000000056969C18
C 294
R
P 0000000056969C18
P 0000000056928EE8
C 213
R
P 0000000056969C18
C 294
R
P 0000000056969C18
P 0000000056928F08
C 213
R
P 0000000056969C18
C 294
R
P 0000000056969C18
P 0000000056928EC8
U 3
C 214
R
P 0000000056969C18
C 294
R
P 0000000056969C18
C 33
= 0000000056928108
R
P 0000000056969C18
C 294
R
P 0000000056969C18
P 0000000056928108
C 9
R
P 0000000056969C18
C 294
R
P 0000000056969C18
S "-1231231232/234234333"
P 0000000056928108
C 142
= 0000000056928F28
R
P 0000000056969C18
C 294
R
P 0000000056969C18
P 0000000056928F28
C 9
R
P 0000000056969C18
C 294
R
P 0000000056969C18
P 0000000056928F28
C 215
= 0000000056928F48
R
P 0000000056969C18
C 294
R
P 0000000056969C18
P 0000000056928F48
C 9
R
P 0000000056969C18
C 294
R
P 0000000056969C18
P 0000000056928F48
C 213
R
P 0000000056969C18
C 294
R
P 0000000056969C18
P 0000000056928F28
C 216
= 0000000056928F68
R
P 0000000056969C18
C 294
R
P 0000000056969C18
P 0000000056928F68
C 9
R
P 0000000056969C18
C 294
R
P 0000000056969C18
P 0000000056928F68
C 213
R
P 0000000056969C18
C 294
R
P 0000000056969C18
S "-123123234234234234231232/234234333"
P 0000000056928108
C 142
= 0000000056928F88
R
P 0000000056969C18
C 294
R
P 0000000056969C18
P 0000000056928F88
C 9
R
P 0000000056969C18
C 294
R
P 0000000056969C18
P 0000000056928F88
C 215
= 0000000056928FA8
R
P 0000000056969C18
C 294
R
P 0000000056969C18
P 0000000056928FA8
C 9
R
P 0000000056969C18
C 294
R
P 0000000056969C18
P 0000000056928FA8
C 213
R
P 0000000056969C18
C 294
R
P 0000000056969C18
P 0000000056928F88
C 216
= 0000000056928F68
R
P 0000000056969C18
C 294
R
P 0000000056969C18
P 0000000056928F68
C 9
R
P 0000000056969C18
C 294
R
P 0000000056969C18
P 0000000056928F68
C 213
R
P 0000000056969C18
C 294
R
P 0000000056969C18
S "-234234333"
P 0000000056928108
C 142
= 0000000056928FC8
R
P 0000000056969C18
C 294
R
P 0000000056969C18
P 0000000056928FC8
C 9
R
P 0000000056969C18
C 294
R
P 0000000056969C18
P 0000000056928FC8
C 215
= 0000000056928FE8
R
P 0000000056969C18
C 294
R
P 0000000056969C18
P 0000000056928FE8
C 9
R
P 0000000056969C18
C 294
R
P 0000000056969C18
P 0000000056928FE8
C 213
R
P 0000000056969C18
C 294
R
P 0000000056969C18
P 0000000056928FC8
C 216
= 0000000056928C68
R
P 0000000056969C18
C 294
R
P 0000000056969C18
P 0000000056928C68
C 9
R
P 0000000056969C18
C 294
R
P 0000000056969C18
P 0000000056928C68
C 213
R
P 0000000056969C18
C 294
R
P 0000000056969C18
S "234234333/2"
P 0000000056928108
C 142
= 0000000056929008
R
P 0000000056969C18
C 294
R
P 0000000056969C18
P 0000000056929008
C 9
R
P 0000000056969C18
C 294
R
P 0000000056969C18
P 0000000056929008
C 215
= 0000000056928F68
R
P 0000000056969C18
C 294
R
P 0000000056969C18
P 0000000056928F68
C 9
R
P 0000000056969C18
C 294
R
P 0000000056969C18
P 0000000056928F68
C 213
R
P 0000000056969C18
C 294
R
P 0000000056969C18
P 0000000056929008
C 216
= 0000000056928DA8
R
P 0000000056969C18
C 294
R
P 0000000056969C18
P 0000000056928DA8
C 9
R
P 0000000056969C18
C 294
R
P 0000000056969C18
P 0000000056928DA8
C 213
R
P 0000000056969C18
C 294
R
P 0000000056969C18
S "1234567890987654321"
P 0000000056928128
C 142
= 0000000056929028
R
P 0000000056969C18
C 294
R
P 0000000056969C18
P 0000000056929028
C 9
R
P 0000000056969C18
C 294
R
P 0000000056969C18
P 0000000056929028
C 213
R
P 0000000056969C18
C 294
R
P 0000000056969C18
U 128
C 34
= 0000000056929048
R
P 0000000056969C18
C 294
R
P 0000000056969C18
P 0000000056929048
C 9
R
P 0000000056969C18
C 294
R
P 0000000056969C18
S "1234567890987654321"
P 0000000056929048
C 142
= 0000000056929068
R
P 0000000056969C18
C 294
R
P 0000000056969C18
P 0000000056929068
C 207
R
P 0000000056969C18
C 294
R
P 0000000056969C18
P 0000000056929068
C 204
= 0000000056929048
R
P 0000000056969C18
C 294
R
P 0000000056969C18
P 0000000056929048
C 165
R
P 0000000056969C18
C 294
R
P 0000000056969C18
P 0000000056929068
C 210
R
P 0000000056969C18
C 294
R
P 0000000056969C18
P 0000000056929068
C 209
R
P 0000000056969C18
C 294
R
P 0000000056969C18
P 0000000056929068
C 9
R
P 0000000056969C18
C 294
R
P 0000000056969C18
P 0000000056929068
C 213
R
P 0000000056969C18
C 294
R
P 0000000056969C18
U 32
C 34
= 00000000569285A8
R
P 0000000056969C18
C 294
R
P 0000000056969C18
P 00000000569285A8
C 9
R
P 0000000056969C18
C 294
R
P 0000000056969C18
S "1234567890987654321"
P 00000000569285A8
C 142
= 0000000056929088
R
P 0000000056969C18
C 294
R
P 0000000056969C18
P 0000000056929088
C 207
R
P 0000000056969C18
C 294
R
P 0000000056969C18
P 0000000056929088
C 204
= 00000000569285A8
R
P 0000000056969C18
C 294
R
P 0000000056969C18
P 00000000569285A8
C 165
R
P 0000000056969C18
C 294
R
P 0000000056969C18
P 0000000056929088
C 210
R
P 0000000056969C18
C 294
R
P 0000000056969C18
P 0000000056929088
C 209
R
P 0000000056969C18
C 294
R
P 0000000056969C18
P 0000000056929088
C 9
R
P 0000000056969C18
C 294
R
P 0000000056969C18
P 0000000056929088
C 213
R
P 0000000056969C18
C 294
R
P 0000000056969C18
S "1/2"
P 0000000056928128
C 142
R
P 0000000056969C18
C 294
R
P 0000000056969C18
U 12
C 297
R
P 0000000056969C18
C 31
= 0000000056928068
R
P 0000000056969C18
C 294
R
P 0000000056969C18
P 0000000056928068
C 9
R
P 0000000056969C18
C 294
R
P 0000000056969C18
S "f"
C 29
R
P 0000000056969C18
C 294
R
P 0000000056969C18
$ |f|
U 2
P 0000000056928068
P 0000000056928068
p 2
P 0000000056928068
C 47
= 000000005692C708
R
P 0000000056969C18
C 294
R
P 0000000056969C18
P 000000005692C708
C 9
R
P 0000000056969C18
C 294
R
P 0000000056969C18
S "q"
C 29
R
P 0000000056969C18
C 294
R
P 0000000056969C18
$ |q|
U 2
P 0000000056928068
P 0000000056928068
p 2
P 0000000056928068
C 47
= 000000005692C848
R
P 0000000056969C18
C 294
R
P 0000000056969C18
P 000000005692C848
C 9
R
P 0000000056969C18
C 294
R
P 0000000056969C18
I 42
C 28
R
P 0000000056969C18
C 294
R
P 0000000056969C18
S "abc"
C 29
R
P 0000000056969C18
C 294
R
P 0000000056969C18
U 32
C 34
= 00000000569285A8
R
P 0000000056969C18
C 294
R
P 0000000056969C18
P 00000000569285A8
C 9
R
P 0000000056969C18
C 294
R
P 0000000056969C18
P 00000000569285A8
C 166
R
P 0000000056969C18
C 294
R
P 0000000056969C18
I 1
P 0000000056928128
C 144
= 0000000056928C68
R
P 0000000056969C18
C 294
R
P 0000000056969C18
P 0000000056928C68
C 9
R
P 0000000056969C18
C 294
R
P 0000000056969C18
I 2
P 0000000056928128
C 144
= 0000000056928DA8
R
P 0000000056969C18
C 294
R
P 0000000056969C18
P 0000000056928DA8
C 9
R
P 0000000056969C18
C 294
R
P 0000000056969C18
U 2
P 0000000056928C68
P 0000000056928DA8
p 2
C 63
= 000000005692EA70
R
P 0000000056969C18
C 294
R
P 0000000056969C18
P 000000005692EA70
C 207
R
P 0000000056969C18
C 294
R
P 0000000056969C18
P 000000005692EA70
C 204
= 0000000056928128
R
P 0000000056969C18
C 294
R
P 0000000056969C18
P 0000000056928128
C 165
R
P 0000000056969C18
C 294
R
P 0000000056969C18
P 000000005692EA70
C 210
R
P 0000000056969C18
C 294
R
P 0000000056969C18
P 000000005692EA70
C 209
R
P 0000000056969C18
C 294
R
P 0000000056969C18
P 000000005692EA70
C 9
R
P 0000000056969C18
C 294
R
P 0000000056969C18
P 000000005692EA70
C 199
R
P 0000000056969C18
C 294
R
P 0000000056969C18
P 000000005692EA70
U 0
C 200
= 0000000056928C68
R
P 0000000056969C18
C 294
R
P 0000000056969C18
P 0000000056928C68
C 207
R
P 0000000056969C18
C 294
R
P 0000000056969C18
P 0000000056928C68
C 204
= 0000000056928128
R
P 0000000056969C18
C 294
R
P 0000000056969C18
P 0000000056928128
C 165
R
P 0000000056969C18
C 294
R
P 0000000056969C18
P 0000000056928C68
C 210
R
P 0000000056969C18
C 294
R
P 0000000056969C18
P 0000000056928C68
C 209
R
P 0000000056969C18
C 294
R
P 0000000056969C18
P 0000000056928C68
C 9
R
P 0000000056969C18
C 294
R
P 0000000056969C18
P 000000005692EA70
U 1
C 200
= 0000000056928DA8
R
P 0000000056969C18
C 294
R
P 0000000056969C18
P 0000000056928DA8
C 207
R
P 0000000056969C18
C 294
R
P 0000000056969C18
P 0000000056928DA8
C 204
= 0000000056928128
R
P 0000000056969C18
C 294
R
P 0000000056969C18
P 0000000056928128
C 165
R
P 0000000056969C18
C 294
R
P 0000000056969C18
P 0000000056928DA8
C 210
R
P 0000000056969C18
C 294
R
P 0000000056969C18
P 0000000056928DA8
C 209
R
P 0000000056969C18
C 294
R
P 0000000056969C18
P 0000000056928DA8
C 9
R
P 0000000056969C18
C 294
R
P 0000000056969C18
P 0000000056928DA8
C 204
= 0000000056928128
R
P 0000000056969C18
C 294
R
P 0000000056969C18
P 0000000056928128
C 165
R
P 0000000056969C18
C 294
R
P 0000000056969C18
P 0000000056928128
C 9
R
P 0000000056969C18
C 294
R
P 0000000056969C18
I 42
P 0000000056928128
C 144
= 0000000056928EE8
R
P 0000000056969C18
C 294
R
P 0000000056969C18
P 0000000056928EE8
C 9
R
P 0000000056969C18
C 294
R
P 0000000056969C18
C 52
= 00000000569280C8
R
P 0000000056969C18
C 294
R
P 0000000056969C18
P 00000000569280C8
C 9
R
P 0000000056969C18
C 294
R
P 0000000056969C18
C 52
= 00000000569280C8
R
P 0000000056969C18
C 294
R
P 0000000056969C18
P 00000000569280C8
C 9
R
P 0000000056969C18
C 294
R
P 0000000056969C18
C 53
= 00000000569280E8
R
P 0000000056969C18
C 294
R
P 0000000056969C18
P 00000000569280E8
C 9
R
P 0000000056969C18
C 294
R
P 0000000056969C18
C 53
= 00000000569280E8
R
P 0000000056969C18
C 294
R
P 0000000056969C18
P 00000000569280E8
C 9
R
P 0000000056969C18
C 294
R
P 0000000056969C18
P 00000000569280C8
C 56
= 000000005692A948
R
P 0000000056969C18
C 294
R
P 0000000056969C18
P 000000005692A948
C 9
R
P 0000000056969C18
C 294
R
P 0000000056969C18
P 00000000569280C8
C 56
= 000000005692A948
R
P 0000000056969C18
C 294
R
P 0000000056969C18
P 000000005692A948
C 9
R
P 0000000056969C18
C 294
R
P 0000000056969C18
P 00000000569280E8
C 56
= 000000005692A978
R
P 0000000056969C18
C 294
R
P 0000000056969C18
P 000000005692A978
C 9
R
P 0000000056969C18
C 294
R
P 0000000056969C18
P 00000000569280E8
C 56
= 000000005692A978
R
P 0000000056969C18
C 294
R
P 0000000056969C18
P 000000005692A978
C 9
R
P 0000000056969C18
C 294
M "SudokuExample"
R
P 0000000056969C18
S "x_1_1"
C 29
R
P 0000000056969C18
C 294
R
P 0000000056969C18
$ |x_1_1|
P 0000000056928128
C 49
= 00000000569290A8
R
P 0000000056969C18
C 294
R
P 0000000056969C18
P 00000000569290A8
C 207
R
P 0000000056969C18
C 294
R
P 0000000056969C18
P 00000000569290A8
C 204
= 0000000056928128
R
P 0000000056969C18
C 294
R
P 0000000056969C18
P 0000000056928128
C 165
R
P 0000000056969C18
C 294
R
P 0000000056969C18
P 00000000569290A8
C 210
R
P 0000000056969C18
C 294
R
P 0000000056969C18
P 00000000569290A8
C 209
R
P 0000000056969C18
C 294
R
P 0000000056969C18
P 00000000569290A8
C 9
R
P 0000000056969C18
C 294
R
P 0000000056969C18
S "x_1_2"
C 29
R
P 0000000056969C18
C 294
R
P 0000000056969C18
$ |x_1_2|
P 0000000056928128
C 49
= 00000000569290C8
R
P 0000000056969C18
C 294
R
P 0000000056969C18
P 00000000569290C8
C 207
R
P 0000000056969C18
C 294
R
P 0000000056969C18
P 00000000569290C8
C 204
= 0000000056928128
R
P 0000000056969C18
C 294
R
P 0000000056969C18
P 0000000056928128
C 165
R
P 0000000056969C18
C 294
R
P 0000000056969C18
P 00000000569290C8
C 210
R
P 0000000056969C18
C 294
R
P 0000000056969C18
P 00000000569290C8
C 209
R
P 0000000056969C18
C 294
R
P 0000000056969C18
P 00000000569290C8
C 9
R
P 0000000056969C18
C 294
R
P 0000000056969C18
S "x_1_3"
C 29
R
P 0000000056969C18
C 294
R
P 0000000056969C18
$ |x_1_3|
P 0000000056928128
C 49
= 00000000569290E8
R
P 0000000056969C18
C 294
R
P 0000000056969C18
P 00000000569290E8
C 207
R
P 0000000056969C18
C 294
R
P 0000000056969C18
P 00000000569290E8
C 204
= 0000000056928128
R
P 0000000056969C18
C 294
R
P 0000000056969C18
P 0000000056928128
C 165
R
P 0000000056969C18
C 294
R
P 0000000056969C18
P 00000000569290E8
C 210
R
P 0000000056969C18
C 294
R
P 0000000056969C18
P 00000000569290E8
C 209
R
P 0000000056969C18
C 294
R
P 0000000056969C18
P 00000000569290E8
C 9
R
P 0000000056969C18
C 294
R
P 0000000056969C18
S "x_1_4"
C 29
R
P 0000000056969C18
C 294
R
P 0000000056969C18
$ |x_1_4|
P 0000000056928128
C 49
= 0000000056929108
R
P 0000000056969C18
C 294
R
P 0000000056969C18
P 0000000056929108
C 207
R
P 0000000056969C18
C 294
R
P 0000000056969C18
P 0000000056929108
C 204
= 0000000056928128
R
P 0000000056969C18
C 294
R
P 0000000056969C18
P 0000000056928128
C 165
R
P 0000000056969C18
C 294
R
P 0000000056969C18
P 0000000056929108
C 210
R
P 0000000056969C18
C 294
R
P 0000000056969C18
P 0000000056929108
C 209
R
P 0000000056969C18
C 294
R
P 0000000056969C18
P 0000000056929108
C 9
R
P 0000000056969C18
C 294
R
P 0000000056969C18
S "x_1_5"
C 29
R
P 0000000056969C18
C 294
R
P 0000000056969C18
$ |x_1_5|
P 0000000056928128
C 49
= 0000000056929128
R
P 0000000056969C18
C 294
R
P 0000000056969C18
P 0000000056929128
C 207
R
P 0000000056969C18
C 294
R
P 0000000056969C18
P 0000000056929128
C 204
= 0000000056928128
R
P 0000000056969C18
C 294
R
P 0000000056969C18
P 0000000056928128
C 165
R
P 0000000056969C18
C 294
R
P 0000000056969C18
P 0000000056929128
C 210
R
P 0000000056969C18
C 294
R
P 0000000056969C18
P 0000000056929128
C 209
R
P 0000000056969C18
C 294
R
P 0000000056969C18
P 0000000056929128
C 9
R
P 0000000056969C18
C 294
R
P 0000000056969C18
S "x_1_6"
C 29
R
P 0000000056969C18
C 294
R
P 0000000056969C18
$ |x_1_6|
P 0000000056928128
C 49
= 0000000056929148
R
P 0000000056969C18
C 294
R
P 0000000056969C18
P 0000000056929148
C 207
R
P 0000000056969C18
C 294
R
P 0000000056969C18
P 0000000056929148
C 204
= 0000000056928128
R
P 0000000056969C18
C 294
R
P 0000000056969C18
P 0000000056928128
C 165
R
P 0000000056969C18
C 294
R
P 0000000056969C18
P 0000000056929148
C 210
R
P 0000000056969C18
C 294
R
P 0000000056969C18
P 0000000056929148
C 209
R
P 0000000056969C18
C 294
R
P 0000000056969C18
P 0000000056929148
C 9
R
P 0000000056969C18
C 294
R
P 0000000056969C18
S "x_1_7"
C 29
R
P 0000000056969C18
C 294
R
P 0000000056969C18
$ |x_1_7|
P 0000000056928128
C 49
= 0000000056929168
R
P 0000000056969C18
C 294
R
P 0000000056969C18
P 0000000056929168
C 207
R
P 0000000056969C18
C 294
R
P 0000000056969C18
P 0000000056929168
C 204
= 0000000056928128
R
P 0000000056969C18
C 294
R
P 0000000056969C18
P 0000000056928128
C 165
R
P 0000000056969C18
C 294
R
P 0000000056969C18
P 0000000056929168
C 210
R
P 0000000056969C18
C 294
R
P 0000000056969C18
P 0000000056929168
C 209
R
P 0000000056969C18
C 294
R
P 0000000056969C18
P 0000000056929168
C 9
R
P 0000000056969C18
C 294
R
P 0000000056969C18
S "x_1_8"
C 29
R
P 0000000056969C18
C 294
R
P 0000000056969C18
$ |x_1_8|
P 0000000056928128
C 49
= 0000000056929188
R
P 0000000056969C18
C 294
R
P 0000000056969C18
P 0000000056929188
C 207
R
P 0000000056969C18
C 294
R
P 0000000056969C18
P 0000000056929188
C 204
= 0000000056928128
R
P 0000000056969C18
C 294
R
P 0000000056969C18
P 0000000056928128
C 165
R
P 0000000056969C18
C 294
R
P 0000000056969C18
P 0000000056929188
C 210
R
P 0000000056969C18
C 294
R
P 0000000056969C18
P 0000000056929188
C 209
R
P 0000000056969C18
C 294
R
P 0000000056969C18
P 0000000056929188
C 9
R
P 0000000056969C18
C 294
R
P 0000000056969C18
S "x_1_9"
C 29
R
P 0000000056969C18
C 294
R
P 0000000056969C18
$ |x_1_9|
P 0000000056928128
C 49
= 00000000569291A8
R
P 0000000056969C18
C 294
R
P 0000000056969C18
P 00000000569291A8
C 207
R
P 0000000056969C18
C 294
R
P 0000000056969C18
P 00000000569291A8
C 204
= 0000000056928128
R
P 0000000056969C18
C 294
R
P 0000000056969C18
P 0000000056928128
C 165
R
P 0000000056969C18
C 294
R
P 0000000056969C18
P 00000000569291A8
C 210
R
P 0000000056969C18
C 294
R
P 0000000056969C18
P 00000000569291A8
C 209
R
P 0000000056969C18
C 294
R
P 0000000056969C18
P 00000000569291A8
C 9
R
P 0000000056969C18
C 294
R
P 0000000056969C18
S "x_2_1"
C 29
R
P 0000000056969C18
C 294
R
P 0000000056969C18
$ |x_2_1|
P 0000000056928128
C 49
= 00000000569291C8
R
P 0000000056969C18
C 294
R
P 0000000056969C18
P 00000000569291C8
C 207
R
P 0000000056969C18
C 294
R
P 0000000056969C18
P 00000000569291C8
C 204
= 0000000056928128
R
P 0000000056969C18
C 294
R
P 0000000056969C18
P 0000000056928128
C 165
R
P 0000000056969C18
C 294
R
P 0000000056969C18
P 00000000569291C8
C 210
R
P 0000000056969C18
C 294
R
P 0000000056969C18
P 00000000569291C8
C 209
R
P 0000000056969C18
C 294
R
P 0000000056969C18
P 00000000569291C8
C 9
R
P 0000000056969C18
C 294
R
P 0000000056969C18
S "x_2_2"
C 29
R
P 0000000056969C18
C 294
R
P 0000000056969C18
$ |x_2_2|
P 0000000056928128
C 49
= 00000000569291E8
R
P 0000000056969C18
C 294
R
P 0000000056969C18
P 00000000569291E8
C 207
R
P 0000000056969C18
C 294
R
P 0000000056969C18
P 00000000569291E8
C 204
= 0000000056928128
R
P 0000000056969C18
C 294
R
P 0000000056969C18
P 0000000056928128
C 165
R
P 0000000056969C18
C 294
R
P 0000000056969C18
P 00000000569291E8
C 210
R
P 0000000056969C18
C 294
R
P 0000000056969C18
P 00000000569291E8
C 209
R
P 0000000056969C18
C 294
R
P 0000000056969C18
P 00000000569291E8
C 9
R
P 0000000056969C18
C 294
R
P 0000000056969C18
S "x_2_3"
C 29
R
P 0000000056969C18
C 294
R
P 0000000056969C18
$ |x_2_3|
P 0000000056928128
C 49
= 0000000056929208
R
P 0000000056969C18
C 294
R
P 0000000056969C18
P 0000000056929208
C 207
R
P 0000000056969C18
C 294
R
P 0000000056969C18
P 0000000056929208
C 204
= 0000000056928128
R
P 0000000056969C18
C 294
R
P 0000000056969C18
P 0000000056928128
C 165
R
P 0000000056969C18
C 294
R
P 0000000056969C18
P 0000000056929208
C 210
R
P 0000000056969C18
C 294
R
P 0000000056969C18
P 0000000056929208
C 209
R
P 0000000056969C18
C 294
R
P 0000000056969C18
P 0000000056929208
C 9
R
P 0000000056969C18
C 294
R
P 0000000056969C18
S "x_2_4"
C 29
R
P 0000000056969C18
C 294
R
P 0000000056969C18
$ |x_2_4|
P 0000000056928128
C 49
= 0000000056929228
R
P 0000000056969C18
C 294
R
P 0000000056969C18
P 0000000056929228
C 207
R
P 0000000056969C18
C 294
R
P 0000000056969C18
P 0000000056929228
C 204
= 0000000056928128
R
P 0000000056969C18
C 294
R
P 0000000056969C18
P 0000000056928128
C 165
R
P 0000000056969C18
C 294
R
P 0000000056969C18
P 0000000056929228
C 210
R
P 0000000056969C18
C 294
R
P 0000000056969C18
P 0000000056929228
C 209
R
P 0000000056969C18
C 294
R
P 0000000056969C18
P 0000000056929228
C 9
R
P 0000000056969C18
C 294
R
P 0000000056969C18
S "x_2_5"
C 29
R
P 0000000056969C18
C 294
R
P 0000000056969C18
$ |x_2_5|
P 0000000056928128
C 49
= 0000000056929248
R
P 0000000056969C18
C 294
R
P 0000000056969C18
P 0000000056929248
C 207
R
P 0000000056969C18
C 294
R
P 0000000056969C18
P 0000000056929248
C 204
= 0000000056928128
R
P 0000000056969C18
C 294
R
P 0000000056969C18
P 0000000056928128
C 165
R
P 0000000056969C18
C 294
R
P 0000000056969C18
P 0000000056929248
C 210
R
P 0000000056969C18
C 294
R
P 0000000056969C18
P 0000000056929248
C 209
R
P 0000000056969C18
C 294
R
P 0000000056969C18
P 0000000056929248
C 9
R
P 0000000056969C18
C 294
R
P 0000000056969C18
S "x_2_6"
C 29
R
P 0000000056969C18
C 294
R
P 0000000056969C18
$ |x_2_6|
P 0000000056928128
C 49
= 0000000056929268
R
P 0000000056969C18
C 294
R
P 0000000056969C18
P 0000000056929268
C 207
R
P 0000000056969C18
C 294
R
P 0000000056969C18
P 0000000056929268
C 204
= 0000000056928128
R
P 0000000056969C18
C 294
R
P 0000000056969C18
P 0000000056928128
C 165
R
P 0000000056969C18
C 294
R
P 0000000056969C18
P 0000000056929268
C 210
R
P 0000000056969C18
C 294
R
P 0000000056969C18
P 0000000056929268
C 209
R
P 0000000056969C18
C 294
R
P 0000000056969C18
P 0000000056929268
C 9
R
P 0000000056969C18
C 294
R
P 0000000056969C18
S "x_2_7"
C 29
R
P 0000000056969C18
C 294
R
P 0000000056969C18
$ |x_2_7|
P 0000000056928128
C 49
= 0000000056929288
R
P 0000000056969C18
C 294
R
P 0000000056969C18
P 0000000056929288
C 207
R
P 0000000056969C18
C 294
R
P 0000000056969C18
P 0000000056929288
C 204
= 0000000056928128
R
P 0000000056969C18
C 294
R
P 0000000056969C18
P 0000000056928128
C 165
R
P 0000000056969C18
C 294
R
P 0000000056969C18
P 0000000056929288
C 210
R
P 0000000056969C18
C 294
R
P 0000000056969C18
P 0000000056929288
C 209
R
P 0000000056969C18
C 294
R
P 0000000056969C18
P 0000000056929288
C 9
R
P 0000000056969C18
C 294
R
P 0000000056969C18
S "x_2_8"
C 29
R
P 0000000056969C18
C 294
R
P 0000000056969C18
$ |x_2_8|
P 0000000056928128
C 49
= 00000000569292A8
R
P 0000000056969C18
C 294
R
P 0000000056969C18
P 00000000569292A8
C 207
R
P 0000000056969C18
C 294
R
P 0000000056969C18
P 00000000569292A8
C 204
= 0000000056928128
R
P 0000000056969C18
C 294
R
P 0000000056969C18
P 0000000056928128
C 165
R
P 0000000056969C18
C 294
R
P 0000000056969C18
P 00000000569292A8
C 210
R
P 0000000056969C18
C 294
R
P 0000000056969C18
P 00000000569292A8
C 209
R
P 0000000056969C18
C 294
R
P 0000000056969C18
P 00000000569292A8
C 9
R
P 0000000056969C18
C 294
R
P 0000000056969C18
S "x_2_9"
C 29
R
P 0000000056969C18
C 294
R
P 0000000056969C18
$ |x_2_9|
P 0000000056928128
C 49
= 00000000569292C8
R
P 0000000056969C18
C 294
R
P 0000000056969C18
P 00000000569292C8
C 207
R
P 0000000056969C18
C 294
R
P 0000000056969C18
P 00000000569292C8
C 204
= 0000000056928128
R
P 0000000056969C18
C 294
R
P 0000000056969C18
P 0000000056928128
C 165
R
P 0000000056969C18
C 294
R
P 0000000056969C18
P 00000000569292C8
C 210
R
P 0000000056969C18
C 294
R
P 0000000056969C18
P 00000000569292C8
C 209
R
P 0000000056969C18
C 294
R
P 0000000056969C18
P 00000000569292C8
C 9
R
P 0000000056969C18
C 294
R
P 0000000056969C18
S "x_3_1"
C 29
R
P 0000000056969C18
C 294
R
P 0000000056969C18
$ |x_3_1|
P 0000000056928128
C 49
= 00000000569292E8
R
P 0000000056969C18
C 294
R
P 0000000056969C18
P 00000000569292E8
C 207
R
P 0000000056969C18
C 294
R
P 0000000056969C18
P 00000000569292E8
C 204
= 0000000056928128
R
P 0000000056969C18
C 294
R
P 0000000056969C18
P 0000000056928128
C 165
R
P 0000000056969C18
C 294
R
P 0000000056969C18
P 00000000569292E8
C 210
R
P 0000000056969C18
C 294
R
P 0000000056969C18
P 00000000569292E8
C 209
R
P 0000000056969C18
C 294
R
P 0000000056969C18
P 00000000569292E8
C 9
R
P 0000000056969C18
C 294
R
P 0000000056969C18
S "x_3_2"
C 29
R
P 0000000056969C18
C 294
R
P 0000000056969C18
$ |x_3_2|
P 0000000056928128
C 49
= 0000000056929308
R
P 0000000056969C18
C 294
R
P 0000000056969C18
P 0000000056929308
C 207
R
P 0000000056969C18
C 294
R
P 0000000056969C18
P 0000000056929308
C 204
= 0000000056928128
R
P 0000000056969C18
C 294
R
P 0000000056969C18
P 0000000056928128
C 165
R
P 0000000056969C18
C 294
R
P 0000000056969C18
P 0000000056929308
C 210
R
P 0000000056969C18
C 294
R
P 0000000056969C18
P 0000000056929308
C 209
R
P 0000000056969C18
C 294
R
P 0000000056969C18
P 0000000056929308
C 9
R
P 0000000056969C18
C 294
R
P 0000000056969C18
S "x_3_3"
C 29
R
P 0000000056969C18
C 294
R
P 0000000056969C18
$ |x_3_3|
P 0000000056928128
C 49
= 0000000056929328
R
P 0000000056969C18
C 294
R
P 0000000056969C18
P 0000000056929328
C 207
R
P 0000000056969C18
C 294
R
P 0000000056969C18
P 0000000056929328
C 204
= 0000000056928128
R
P 0000000056969C18
C 294
R
P 0000000056969C18
P 0000000056928128
C 165
R
P 0000000056969C18
C 294
R
P 0000000056969C18
P 0000000056929328
C 210
R
P 0000000056969C18
C 294
R
P 0000000056969C18
P 0000000056929328
C 209
R
P 0000000056969C18
C 294
R
P 0000000056969C18
P 0000000056929328
C 9
R
P 0000000056969C18
C 294
R
P 0000000056969C18
S "x_3_4"
C 29
R
P 0000000056969C18
C 294
R
P 0000000056969C18
$ |x_3_4|
P 0000000056928128
C 49
= 0000000056929348
R
P 0000000056969C18
C 294
R
P 0000000056969C18
P 0000000056929348
C 207
R
P 0000000056969C18
C 294
R
P 0000000056969C18
P 0000000056929348
C 204
= 0000000056928128
R
P 0000000056969C18
C 294
R
P 0000000056969C18
P 0000000056928128
C 165
R
P 0000000056969C18
C 294
R
P 0000000056969C18
P 0000000056929348
C 210
R
P 0000000056969C18
C 294
R
P 0000000056969C18
P 0000000056929348
C 209
R
P 0000000056969C18
C 294
R
P 0000000056969C18
P 0000000056929348
C 9
R
P 0000000056969C18
C 294
R
P 0000000056969C18
S "x_3_5"
C 29
R
P 0000000056969C18
C 294
R
P 0000000056969C18
$ |x_3_5|
P 0000000056928128
C 49
= 0000000056929368
R
P 0000000056969C18
C 294
R
P 0000000056969C18
P 0000000056929368
C 207
R
P 0000000056969C18
C 294
R
P 0000000056969C18
P 0000000056929368
C 204
= 0000000056928128
R
P 0000000056969C18
C 294
R
P 0000000056969C18
P 0000000056928128
C 165
R
P 0000000056969C18
C 294
R
P 0000000056969C18
P 0000000056929368
C 210
R
P 0000000056969C18
C 294
R
P 0000000056969C18
P 0000000056929368
C 209
R
P 0000000056969C18
C 294
R
P 0000000056969C18
P 0000000056929368
C 9
R
P 0000000056969C18
C 294
R
P 0000000056969C18
S "x_3_6"
C 29
R
P 0000000056969C18
C 294
R
P 0000000056969C18
$ |x_3_6|
P 0000000056928128
C 49
= 0000000056929388
R
P 0000000056969C18
C 294
R
P 0000000056969C18
P 0000000056929388
C 207
R
P 0000000056969C18
C 294
R
P 0000000056969C18
P 0000000056929388
C 204
= 0000000056928128
R
P 0000000056969C18
C 294
R
P 0000000056969C18
P 0000000056928128
C 165
R
P 0000000056969C18
C 294
R
P 0000000056969C18
P 0000000056929388
C 210
R
P 0000000056969C18
C 294
R
P 0000000056969C18
P 0000000056929388
C 209
R
P 0000000056969C18
C 294
R
P 0000000056969C18
P 0000000056929388
C 9
R
P 0000000056969C18
C 294
R
P 0000000056969C18
S "x_3_7"
C 29
R
P 0000000056969C18
C 294
R
P 0000000056969C18
$ |x_3_7|
P 0000000056928128
C 49
= 00000000569293A8
R
P 0000000056969C18
C 294
R
P 0000000056969C18
P 00000000569293A8
C 207
R
P 0000000056969C18
C 294
R
P 0000000056969C18
P 00000000569293A8
C 204
= 0000000056928128
R
P 0000000056969C18
C 294
R
P 0000000056969C18
P 0000000056928128
C 165
R
P 0000000056969C18
C 294
R
P 0000000056969C18
P 00000000569293A8
C 210
R
P 0000000056969C18
C 294
R
P 0000000056969C18
P 00000000569293A8
C 209
R
P 0000000056969C18
C 294
R
P 0000000056969C18
P 00000000569293A8
C 9
R
P 0000000056969C18
C 294
R
P 0000000056969C18
S "x_3_8"
C 29
R
P 0000000056969C18
C 294
R
P 0000000056969C18
$ |x_3_8|
P 0000000056928128
C 49
= 00000000569293C8
R
P 0000000056969C18
C 294
R
P 0000000056969C18
P 00000000569293C8
C 207
R
P 0000000056969C18
C 294
R
P 0000000056969C18
P 00000000569293C8
C 204
= 0000000056928128
R
P 0000000056969C18
C 294
R
P 0000000056969C18
P 0000000056928128
C 165
R
P 0000000056969C18
C 294
R
P 0000000056969C18
P 00000000569293C8
C 210
R
P 0000000056969C18
C 294
R
P 0000000056969C18
P 00000000569293C8
C 209
R
P 0000000056969C18
C 294
R
P 0000000056969C18
P 00000000569293C8
C 9
R
P 0000000056969C18
C 294
R
P 0000000056969C18
S "x_3_9"
C 29
R
P 0000000056969C18
C 294
R
P 0000000056969C18
$ |x_3_9|
P 0000000056928128
C 49
= 00000000569293E8
R
P 0000000056969C18
C 294
R
P 0000000056969C18
P 00000000569293E8
C 207
R
P 0000000056969C18
C 294
R
P 0000000056969C18
P 00000000569293E8
C 204
= 0000000056928128
R
P 0000000056969C18
C 294
R
P 0000000056969C18
P 0000000056928128
C 165
R
P 0000000056969C18
C 294
R
P 0000000056969C18
P 00000000569293E8
C 210
R
P 0000000056969C18
C 294
R
P 0000000056969C18
P 00000000569293E8
C 209
R
P 0000000056969C18
C 294
R
P 0000000056969C18
P 00000000569293E8
C 9
R
P 0000000056969C18
C 294
R
P 0000000056969C18
S "x_4_1"
C 29
R
P 0000000056969C18
C 294
R
P 0000000056969C18
$ |x_4_1|
P 0000000056928128
C 49
= 0000000056929408
R
P 0000000056969C18
C 294
R
P 0000000056969C18
P 0000000056929408
C 207
R
P 0000000056969C18
C 294
R
P 0000000056969C18
P 0000000056929408
C 204
= 0000000056928128
R
P 0000000056969C18
C 294
R
P 0000000056969C18
P 0000000056928128
C 165
R
P 0000000056969C18
C 294
R
P 0000000056969C18
P 0000000056929408
C 210
R
P 0000000056969C18
C 294
R
P 0000000056969C18
P 0000000056929408
C 209
R
P 0000000056969C18
C 294
R
P 0000000056969C18
P 0000000056929408
C 9
R
P 0000000056969C18
C 294
R
P 0000000056969C18
S "x_4_2"
C 29
R
P 0000000056969C18
C 294
R
P 0000000056969C18
$ |x_4_2|
P 0000000056928128
C 49
= 0000000056929428
R
P 0000000056969C18
C 294
R
P 0000000056969C18
P 0000000056929428
C 207
R
P 0000000056969C18
C 294
R
P 0000000056969C18
P 0000000056929428
C 204
= 0000000056928128
R
P 0000000056969C18
C 294
R
P 0000000056969C18
P 0000000056928128
C 165
R
P 0000000056969C18
C 294
R
P 0000000056969C18
P 0000000056929428
C 210
R
P 0000000056969C18
C 294
R
P 0000000056969C18
P 0000000056929428
C 209
R
P 0000000056969C18
C 294
R
P 0000000056969C18
P 0000000056929428
C 9
R
P 0000000056969C18
C 294
R
P 0000000056969C18
S "x_4_3"
C 29
R
P 0000000056969C18
C 294
R
P 0000000056969C18
$ |x_4_3|
P 0000000056928128
C 49
= 0000000056929448
R
P 0000000056969C18
C 294
R
P 0000000056969C18
P 0000000056929448
C 207
R
P 0000000056969C18
C 294
R
P 0000000056969C18
P 0000000056929448
C 204
= 0000000056928128
R
P 0000000056969C18
C 294
R
P 0000000056969C18
P 0000000056928128
C 165
R
P 0000000056969C18
C 294
R
P 0000000056969C18
P 0000000056929448
C 210
R
P 0000000056969C18
C 294
R
P 0000000056969C18
P 0000000056929448
C 209
R
P 0000000056969C18
C 294
R
P 0000000056969C18
P 0000000056929448
C 9
R
P 0000000056969C18
C 294
R
P 0000000056969C18
S "x_4_4"
C 29
R
P 0000000056969C18
C 294
R
P 0000000056969C18
$ |x_4_4|
P 0000000056928128
C 49
= 0000000056929468
R
P 0000000056969C18
C 294
R
P 0000000056969C18
P 0000000056929468
C 207
R
P 0000000056969C18
C 294
R
P 0000000056969C18
P 0000000056929468
C 204
= 0000000056928128
R
P 0000000056969C18
C 294
R
P 0000000056969C18
P 0000000056928128
C 165
R
P 0000000056969C18
C 294
R
P 0000000056969C18
P 0000000056929468
C 210
R
P 0000000056969C18
C 294
R
P 0000000056969C18
P 0000000056929468
C 209
R
P 0000000056969C18
C 294
R
P 0000000056969C18
P 0000000056929468
C 9
R
P 0000000056969C18
C 294
R
P 0000000056969C18
S "x_4_5"
C 29
R
P 0000000056969C18
C 294
R
P 0000000056969C18
$ |x_4_5|
P 0000000056928128
C 49
= 0000000056929488
R
P 0000000056969C18
C 294
R
P 0000000056969C18
P 0000000056929488
C 207
R
P 0000000056969C18
C 294
R
P 0000000056969C18
P 0000000056929488
C 204
= 0000000056928128
R
P 0000000056969C18
C 294
R
P 0000000056969C18
P 0000000056928128
C 165
R
P 0000000056969C18
C 294
R
P 0000000056969C18
P 0000000056929488
C 210
R
P 0000000056969C18
C 294
R
P 0000000056969C18
P 0000000056929488
C 209
R
P 0000000056969C18
C 294
R
P 0000000056969C18
P 0000000056929488
C 9
R
P 0000000056969C18
C 294
R
P 0000000056969C18
S "x_4_6"
C 29
R
P 0000000056969C18
C 294
R
P 0000000056969C18
$ |x_4_6|
P 0000000056928128
C 49
= 00000000569294A8
R
P 0000000056969C18
C 294
R
P 0000000056969C18
P 00000000569294A8
C 207
R
P 0000000056969C18
C 294
R
P 0000000056969C18
P 00000000569294A8
C 204
= 0000000056928128
R
P 0000000056969C18
C 294
R
P 0000000056969C18
P 0000000056928128
C 165
R
P 0000000056969C18
C 294
R
P 0000000056969C18
P 00000000569294A8
C 210
R
P 0000000056969C18
C 294
R
P 0000000056969C18
P 00000000569294A8
C 209
R
P 0000000056969C18
C 294
R
P 0000000056969C18
P 00000000569294A8
C 9
R
P 0000000056969C18
C 294
R
P 0000000056969C18
S "x_4_7"
C 29
R
P 0000000056969C18
C 294
R
P 0000000056969C18
$ |x_4_7|
P 0000000056928128
C 49
= 00000000569294C8
R
P 0000000056969C18
C 294
R
P 0000000056969C18
P 00000000569294C8
C 207
R
P 0000000056969C18
C 294
R
P 0000000056969C18
P 00000000569294C8
C 204
= 0000000056928128
R
P 0000000056969C18
C 294
R
P 0000000056969C18
P 0000000056928128
C 165
R
P 0000000056969C18
C 294
R
P 0000000056969C18
P 00000000569294C8
C 210
R
P 0000000056969C18
C 294
R
P 0000000056969C18
P 00000000569294C8
C 209
R
P 0000000056969C18
C 294
R
P 0000000056969C18
P 00000000569294C8
C 9
R
P 0000000056969C18
C 294
R
P 0000000056969C18
S "x_4_8"
C 29
R
P 0000000056969C18
C 294
R
P 0000000056969C18
$ |x_4_8|
P 0000000056928128
C 49
= 00000000569294E8
R
P 0000000056969C18
C 294
R
P 0000000056969C18
P 00000000569294E8
C 207
R
P 0000000056969C18
C 294
R
P 0000000056969C18
P 00000000569294E8
C 204
= 0000000056928128
R
P 0000000056969C18
C 294
R
P 0000000056969C18
P 0000000056928128
C 165
R
P 0000000056969C18
C 294
R
P 0000000056969C18
P 00000000569294E8
C 210
R
P 0000000056969C18
C 294
R
P 0000000056969C18
P 00000000569294E8
C 209
R
P 0000000056969C18
C 294
R
P 0000000056969C18
P 00000000569294E8
C 9
R
P 0000000056969C18
C 294
R
P 0000000056969C18
S "x_4_9"
C 29
R
P 0000000056969C18
C 294
R
P 0000000056969C18
$ |x_4_9|
P 0000000056928128
C 49
= 0000000056929508
R
P 0000000056969C18
C 294
R
P 0000000056969C18
P 0000000056929508
C 207
R
P 0000000056969C18
C 294
R
P 0000000056969C18
P 0000000056929508
C 204
= 0000000056928128
R
P 0000000056969C18
C 294
R
P 0000000056969C18
P 0000000056928128
C 165
R
P 0000000056969C18
C 294
R
P 0000000056969C18
P 0000000056929508
C 210
R
P 0000000056969C18
C 294
R
P 0000000056969C18
P 0000000056929508
C 209
R
P 0000000056969C18
C 294
R
P 0000000056969C18
P 0000000056929508
C 9
R
P 0000000056969C18
C 294
R
P 0000000056969C18
S "x_5_1"
C 29
R
P 0000000056969C18
C 294
R
P 0000000056969C18
$ |x_5_1|
P 0000000056928128
C 49
= 0000000056929528
R
P 0000000056969C18
C 294
R
P 0000000056969C18
P 0000000056929528
C 207
R
P 0000000056969C18
C 294
R
P 0000000056969C18
P 0000000056929528
C 204
= 0000000056928128
R
P 0000000056969C18
C 294
R
P 0000000056969C18
P 0000000056928128
C 165
R
P 0000000056969C18
C 294
R
P 0000000056969C18
P 0000000056929528
C 210
R
P 0000000056969C18
C 294
R
P 0000000056969C18
P 0000000056929528
C 209
R
P 0000000056969C18
C 294
R
P 0000000056969C18
P 0000000056929528
C 9
R
P 0000000056969C18
C 294
R
P 0000000056969C18
S "x_5_2"
C 29
R
P 0000000056969C18
C 294
R
P 0000000056969C18
$ |x_5_2|
P 0000000056928128
C 49
= 0000000056929548
R
P 0000000056969C18
C 294
R
P 0000000056969C18
P 0000000056929548
C 207
R
P 0000000056969C18
C 294
R
P 0000000056969C18
P 0000000056929548
C 204
= 0000000056928128
R
P 0000000056969C18
C 294
R
P 0000000056969C18
P 0000000056928128
C 165
R
P 0000000056969C18
C 294
R
P 0000000056969C18
P 0000000056929548
C 210
R
P 0000000056969C18
C 294
R
P 0000000056969C18
P 0000000056929548
C 209
R
P 0000000056969C18
C 294
R
P 0000000056969C18
P 0000000056929548
C 9
R
P 0000000056969C18
C 294
R
P 0000000056969C18
S "x_5_3"
C 29
R
P 0000000056969C18
C 294
R
P 0000000056969C18
$ |x_5_3|
P 0000000056928128
C 49
= 0000000056929568
R
P 0000000056969C18
C 294
R
P 0000000056969C18
P 0000000056929568
C 207
R
P 0000000056969C18
C 294
R
P 0000000056969C18
P 0000000056929568
C 204
= 0000000056928128
R
P 0000000056969C18
C 294
R
P 0000000056969C18
P 0000000056928128
C 165
R
P 0000000056969C18
C 294
R
P 0000000056969C18
P 0000000056929568
C 210
R
P 0000000056969C18
C 294
R
P 0000000056969C18
P 0000000056929568
C 209
R
P 0000000056969C18
C 294
R
P 0000000056969C18
P 0000000056929568
C 9
R
P 0000000056969C18
C 294
R
P 0000000056969C18
S "x_5_4"
C 29
R
P 0000000056969C18
C 294
R
P 0000000056969C18
$ |x_5_4|
P 0000000056928128
C 49
= 0000000056929588
R
P 0000000056969C18
C 294
R
P 0000000056969C18
P 0000000056929588
C 207
R
P 0000000056969C18
C 294
R
P 0000000056969C18
P 0000000056929588
C 204
= 0000000056928128
R
P 0000000056969C18
C 294
R
P 0000000056969C18
P 0000000056928128
C 165
R
P 0000000056969C18
C 294
R
P 0000000056969C18
P 0000000056929588
C 210
R
P 0000000056969C18
C 294
R
P 0000000056969C18
P 0000000056929588
C 209
R
P 0000000056969C18
C 294
R
P 0000000056969C18
P 0000000056929588
C 9
R
P 0000000056969C18
C 294
R
P 0000000056969C18
S "x_5_5"
C 29
R
P 0000000056969C18
C 294
R
P 0000000056969C18
$ |x_5_5|
P 0000000056928128
C 49
= 00000000569295A8
R
P 0000000056969C18
C 294
R
P 0000000056969C18
P 00000000569295A8
C 207
R
P 0000000056969C18
C 294
R
P 0000000056969C18
P 00000000569295A8
C 204
= 0000000056928128
R
P 0000000056969C18
C 294
R
P 0000000056969C18
P 0000000056928128
C 165
R
P 0000000056969C18
C 294
R
P 0000000056969C18
P 00000000569295A8
C 210
R
P 0000000056969C18
C 294
R
P 0000000056969C18
P 00000000569295A8
C 209
R
P 0000000056969C18
C 294
R
P 0000000056969C18
P 00000000569295A8
C 9
R
P 0000000056969C18
C 294
R
P 0000000056969C18
S "x_5_6"
C 29
R
P 0000000056969C18
C 294
R
P 0000000056969C18
$ |x_5_6|
P 0000000056928128
C 49
= 00000000569295C8
R
P 0000000056969C18
C 294
R
P 0000000056969C18
P 00000000569295C8
C 207
R
P 0000000056969C18
C 294
R
P 0000000056969C18
P 00000000569295C8
C 204
= 0000000056928128
R
P 0000000056969C18
C 294
R
P 0000000056969C18
P 0000000056928128
C 165
R
P 0000000056969C18
C 294
R
P 0000000056969C18
P 00000000569295C8
C 210
R
P 0000000056969C18
C 294
R
P 0000000056969C18
P 00000000569295C8
C 209
R
P 0000000056969C18
C 294
R
P 0000000056969C18
P 00000000569295C8
C 9
R
P 0000000056969C18
C 294
R
P 0000000056969C18
S "x_5_7"
C 29
R
P 0000000056969C18
C 294
R
P 0000000056969C18
$ |x_5_7|
P 0000000056928128
C 49
= 00000000569295E8
R
P 0000000056969C18
C 294
R
P 0000000056969C18
P 00000000569295E8
C 207
R
P 0000000056969C18
C 294
R
P 0000000056969C18
P 00000000569295E8
C 204
= 0000000056928128
R
P 0000000056969C18
C 294
R
P 0000000056969C18
P 0000000056928128
C 165
R
P 0000000056969C18
C 294
R
P 0000000056969C18
P 00000000569295E8
C 210
R
P 0000000056969C18
C 294
R
P 0000000056969C18
P 00000000569295E8
C 209
R
P 0000000056969C18
C 294
R
P 0000000056969C18
P 00000000569295E8
C 9
R
P 0000000056969C18
C 294
R
P 0000000056969C18
S "x_5_8"
C 29
R
P 0000000056969C18
C 294
R
P 0000000056969C18
$ |x_5_8|
P 0000000056928128
C 49
= 0000000056929608
R
P 0000000056969C18
C 294
R
P 0000000056969C18
P 0000000056929608
C 207
R
P 0000000056969C18
C 294
R
P 0000000056969C18
P 0000000056929608
C 204
= 0000000056928128
R
P 0000000056969C18
C 294
R
P 0000000056969C18
P 0000000056928128
C 165
R
P 0000000056969C18
C 294
R
P 0000000056969C18
P 0000000056929608
C 210
R
P 0000000056969C18
C 294
R
P 0000000056969C18
P 0000000056929608
C 209
R
P 0000000056969C18
C 294
R
P 0000000056969C18
P 0000000056929608
C 9
R
P 0000000056969C18
C 294
R
P 0000000056969C18
S "x_5_9"
C 29
R
P 0000000056969C18
C 294
R
P 0000000056969C18
$ |x_5_9|
P 0000000056928128
C 49
= 0000000056929628
R
P 0000000056969C18
C 294
R
P 0000000056969C18
P 0000000056929628
C 207
R
P 0000000056969C18
C 294
R
P 0000000056969C18
P 0000000056929628
C 204
= 0000000056928128
R
P 0000000056969C18
C 294
R
P 0000000056969C18
P 0000000056928128
C 165
R
P 0000000056969C18
C 294
R
P 0000000056969C18
P 0000000056929628
C 210
R
P 0000000056969C18
C 294
R
P 0000000056969C18
P 0000000056929628
C 209
R
P 0000000056969C18
C 294
R
P 0000000056969C18
P 0000000056929628
C 9
R
P 0000000056969C18
C 294
R
P 0000000056969C18
S "x_6_1"
C 29
R
P 0000000056969C18
C 294
R
P 0000000056969C18
$ |x_6_1|
P 0000000056928128
C 49
= 0000000056929648
R
P 0000000056969C18
C 294
R
P 0000000056969C18
P 0000000056929648
C 207
R
P 0000000056969C18
C 294
R
P 0000000056969C18
P 0000000056929648
C 204
= 0000000056928128
R
P 0000000056969C18
C 294
R
P 0000000056969C18
P 0000000056928128
C 165
R
P 0000000056969C18
C 294
R
P 0000000056969C18
P 0000000056929648
C 210
R
P 0000000056969C18
C 294
R
P 0000000056969C18
P 0000000056929648
C 209
R
P 0000000056969C18
C 294
R
P 0000000056969C18
P 0000000056929648
C 9
R
P 0000000056969C18
C 294
R
P 0000000056969C18
S "x_6_2"
C 29
R
P 0000000056969C18
C 294
R
P 0000000056969C18
$ |x_6_2|
P 0000000056928128
C 49
= 0000000056929668
R
P 0000000056969C18
C 294
R
P 0000000056969C18
P 0000000056929668
C 207
R
P 0000000056969C18
C 294
R
P 0000000056969C18
P 0000000056929668
C 204
= 0000000056928128
R
P 0000000056969C18
C 294
R
P 0000000056969C18
P 0000000056928128
C 165
R
P 0000000056969C18
C 294
R
P 0000000056969C18
P 0000000056929668
C 210
R
P 0000000056969C18
C 294
R
P 0000000056969C18
P 0000000056929668
C 209
R
P 0000000056969C18
C 294
R
P 0000000056969C18
P 0000000056929668
C 9
R
P 0000000056969C18
C 294
R
P 0000000056969C18
S "x_6_3"
C 29
R
P 0000000056969C18
C 294
R
P 0000000056969C18
$ |x_6_3|
P 0000000056928128
C 49
= 0000000056929688
R
P 0000000056969C18
C 294
R
P 0000000056969C18
P 0000000056929688
C 207
R
P 0000000056969C18
C 294
R
P 0000000056969C18
P 0000000056929688
C 204
= 0000000056928128
R
P 0000000056969C18
C 294
R
P 0000000056969C18
P 0000000056928128
C 165
R
P 0000000056969C18
C 294
R
P 0000000056969C18
P 0000000056929688
C 210
R
P 0000000056969C18
C 294
R
P 0000000056969C18
P 0000000056929688
C 209
R
P 0000000056969C18
C 294
R
P 0000000056969C18
P 0000000056929688
C 9
R
P 0000000056969C18
C 294
R
P 0000000056969C18
S "x_6_4"
C 29
R
P 0000000056969C18
C 294
R
P 0000000056969C18
$ |x_6_4|
P 0000000056928128
C 49
= 00000000569296A8
R
P 0000000056969C18
C 294
R
P 0000000056969C18
P 00000000569296A8
C 207
R
P 0000000056969C18
C 294
R
P 0000000056969C18
P 00000000569296A8
C 204
= 0000000056928128
R
P 0000000056969C18
C 294
R
P 0000000056969C18
P 0000000056928128
C 165
R
P 0000000056969C18
C 294
R
P 0000000056969C18
P 00000000569296A8
C 210
R
P 0000000056969C18
C 294
R
P 0000000056969C18
P 00000000569296A8
C 209
R
P 0000000056969C18
C 294
R
P 0000000056969C18
P 00000000569296A8
C 9
R
P 0000000056969C18
C 294
R
P 0000000056969C18
S "x_6_5"
C 29
R
P 0000000056969C18
C 294
R
P 0000000056969C18
$ |x_6_5|
P 0000000056928128
C 49
= 00000000569296C8
R
P 0000000056969C18
C 294
R
P 0000000056969C18
P 00000000569296C8
C 207
R
P 0000000056969C18
C 294
R
P 0000000056969C18
P 00000000569296C8
C 204
= 0000000056928128
R
P 0000000056969C18
C 294
R
P 0000000056969C18
P 0000000056928128
C 165
R
P 0000000056969C18
C 294
R
P 0000000056969C18
P 00000000569296C8
C 210
R
P 0000000056969C18
C 294
R
P 0000000056969C18
P 00000000569296C8
C 209
R
P 0000000056969C18
C 294
R
P 0000000056969C18
P 00000000569296C8
C 9
R
P 0000000056969C18
C 294
R
P 0000000056969C18
S "x_6_6"
C 29
R
P 0000000056969C18
C 294
R
P 0000000056969C18
$ |x_6_6|
P 0000000056928128
C 49
= 00000000569296E8
R
P 0000000056969C18
C 294
R
P 0000000056969C18
P 00000000569296E8
C 207
R
P 0000000056969C18
C 294
R
P 0000000056969C18
P 00000000569296E8
C 204
= 0000000056928128
R
P 0000000056969C18
C 294
R
P 0000000056969C18
P 0000000056928128
C 165
R
P 0000000056969C18
C 294
R
P 0000000056969C18
P 00000000569296E8
C 210
R
P 0000000056969C18
C 294
R
P 0000000056969C18
P 00000000569296E8
C 209
R
P 0000000056969C18
C 294
R
P 0000000056969C18
P 00000000569296E8
C 9
R
P 0000000056969C18
C 294
R
P 0000000056969C18
S "x_6_7"
C 29
R
P 0000000056969C18
C 294
R
P 0000000056969C18
$ |x_6_7|
P 0000000056928128
C 49
= 0000000056929708
R
P 0000000056969C18
C 294
R
P 0000000056969C18
P 0000000056929708
C 207
R
P 0000000056969C18
C 294
R
P 0000000056969C18
P 0000000056929708
C 204
= 0000000056928128
R
P 0000000056969C18
C 294
R
P 0000000056969C18
P 0000000056928128
C 165
R
P 0000000056969C18
C 294
R
P 0000000056969C18
P 0000000056929708
C 210
R
P 0000000056969C18
C 294
R
P 0000000056969C18
P 0000000056929708
C 209
R
P 0000000056969C18
C 294
R
P 0000000056969C18
P 0000000056929708
C 9
R
P 0000000056969C18
C 294
R
P 0000000056969C18
S "x_6_8"
C 29
R
P 0000000056969C18
C 294
R
P 0000000056969C18
$ |x_6_8|
P 0000000056928128
C 49
= 0000000056929728
R
P 0000000056969C18
C 294
R
P 0000000056969C18
P 0000000056929728
C 207
R
P 0000000056969C18
C 294
R
P 0000000056969C18
P 0000000056929728
C 204
= 0000000056928128
R
P 0000000056969C18
C 294
R
P 0000000056969C18
P 0000000056928128
C 165
R
P 0000000056969C18
C 294
R
P 0000000056969C18
P 0000000056929728
C 210
R
P 0000000056969C18
C 294
R
P 0000000056969C18
P 0000000056929728
C 209
R
P 0000000056969C18
C 294
R
P 0000000056969C18
P 0000000056929728
C 9
R
P 0000000056969C18
C 294
R
P 0000000056969C18
S "x_6_9"
C 29
R
P 0000000056969C18
C 294
R
P 0000000056969C18
$ |x_6_9|
P 0000000056928128
C 49
= 0000000056929748
R
P 0000000056969C18
C 294
R
P 0000000056969C18
P 0000000056929748
C 207
R
P 0000000056969C18
C 294
R
P 0000000056969C18
P 0000000056929748
C 204
= 0000000056928128
R
P 0000000056969C18
C 294
R
P 0000000056969C18
P 0000000056928128
C 165
R
P 0000000056969C18
C 294
R
P 0000000056969C18
P 0000000056929748
C 210
R
P 0000000056969C18
C 294
R
P 0000000056969C18
P 0000000056929748
C 209
R
P 0000000056969C18
C 294
R
P 0000000056969C18
P 0000000056929748
C 9
R
P 0000000056969C18
C 294
R
P 0000000056969C18
S "x_7_1"
C 29
R
P 0000000056969C18
C 294
R
P 0000000056969C18
$ |x_7_1|
P 0000000056928128
C 49
= 0000000056929768
R
P 0000000056969C18
C 294
R
P 0000000056969C18
P 0000000056929768
C 207
R
P 0000000056969C18
C 294
R
P 0000000056969C18
P 0000000056929768
C 204
= 0000000056928128
R
P 0000000056969C18
C 294
R
P 0000000056969C18
P 0000000056928128
C 165
R
P 0000000056969C18
C 294
R
P 0000000056969C18
P 0000000056929768
C 210
R
P 0000000056969C18
C 294
R
P 0000000056969C18
P 0000000056929768
C 209
R
P 0000000056969C18
C 294
R
P 0000000056969C18
P 0000000056929768
C 9
R
P 0000000056969C18
C 294
R
P 0000000056969C18
S "x_7_2"
C 29
R
P 0000000056969C18
C 294
R
P 0000000056969C18
$ |x_7_2|
P 0000000056928128
C 49
= 0000000056929788
R
P 0000000056969C18
C 294
R
P 0000000056969C18
P 0000000056929788
C 207
R
P 0000000056969C18
C 294
R
P 0000000056969C18
P 0000000056929788
C 204
= 0000000056928128
R
P 0000000056969C18
C 294
R
P 0000000056969C18
P 0000000056928128
C 165
R
P 0000000056969C18
C 294
R
P 0000000056969C18
P 0000000056929788
C 210
R
P 0000000056969C18
C 294
R
P 0000000056969C18
P 0000000056929788
C 209
R
P 0000000056969C18
C 294
R
P 0000000056969C18
P 0000000056929788
C 9
R
P 0000000056969C18
C 294
R
P 0000000056969C18
S "x_7_3"
C 29
R
P 0000000056969C18
C 294
R
P 0000000056969C18
$ |x_7_3|
P 0000000056928128
C 49
= 00000000569297A8
R
P 0000000056969C18
C 294
R
P 0000000056969C18
P 00000000569297A8
C 207
R
P 0000000056969C18
C 294
R
P 0000000056969C18
P 00000000569297A8
C 204
= 0000000056928128
R
P 0000000056969C18
C 294
R
P 0000000056969C18
P 0000000056928128
C 165
R
P 0000000056969C18
C 294
R
P 0000000056969C18
P 00000000569297A8
C 210
R
P 0000000056969C18
C 294
R
P 0000000056969C18
P 00000000569297A8
C 209
R
P 0000000056969C18
C 294
R
P 0000000056969C18
P 00000000569297A8
C 9
R
P 0000000056969C18
C 294
R
P 0000000056969C18
S "x_7_4"
C 29
R
P 0000000056969C18
C 294
R
P 0000000056969C18
$ |x_7_4|
P 0000000056928128
C 49
= 00000000569297C8
R
P 0000000056969C18
C 294
R
P 0000000056969C18
P 00000000569297C8
C 207
R
P 0000000056969C18
C 294
R
P 0000000056969C18
P 00000000569297C8
C 204
= 0000000056928128
R
P 0000000056969C18
C 294
R
P 0000000056969C18
P 0000000056928128
C 165
R
P 0000000056969C18
C 294
R
P 0000000056969C18
P 00000000569297C8
C 210
R
P 0000000056969C18
C 294
R
P 0000000056969C18
P 00000000569297C8
C 209
R
P 0000000056969C18
C 294
R
P 0000000056969C18
P 00000000569297C8
C 9
R
P 0000000056969C18
C 294
R
P 0000000056969C18
S "x_7_5"
C 29
R
P 0000000056969C18
C 294
R
P 0000000056969C18
$ |x_7_5|
P 0000000056928128
C 49
= 00000000569297E8
R
P 0000000056969C18
C 294
R
P 0000000056969C18
P 00000000569297E8
C 207
R
P 0000000056969C18
C 294
R
P 0000000056969C18
P 00000000569297E8
C 204
= 0000000056928128
R
P 0000000056969C18
C 294
R
P 0000000056969C18
P 0000000056928128
C 165
R
P 0000000056969C18
C 294
R
P 0000000056969C18
P 00000000569297E8
C 210
R
P 0000000056969C18
C 294
R
P 0000000056969C18
P 00000000569297E8
C 209
R
P 0000000056969C18
C 294
R
P 0000000056969C18
P 00000000569297E8
C 9
R
P 0000000056969C18
C 294
R
P 0000000056969C18
S "x_7_6"
C 29
R
P 0000000056969C18
C 294
R
P 0000000056969C18
$ |x_7_6|
P 0000000056928128
C 49
= 0000000056929808
R
P 0000000056969C18
C 294
R
P 0000000056969C18
P 0000000056929808
C 207
R
P 0000000056969C18
C 294
R
P 0000000056969C18
P 0000000056929808
C 204
= 0000000056928128
R
P 0000000056969C18
C 294
R
P 0000000056969C18
P 0000000056928128
C 165
R
P 0000000056969C18
C 294
R
P 0000000056969C18
P 0000000056929808
C 210
R
P 0000000056969C18
C 294
R
P 0000000056969C18
P 0000000056929808
C 209
R
P 0000000056969C18
C 294
R
P 0000000056969C18
P 0000000056929808
C 9
R
P 0000000056969C18
C 294
R
P 0000000056969C18
S "x_7_7"
C 29
R
P 0000000056969C18
C 294
R
P 0000000056969C18
$ |x_7_7|
P 0000000056928128
C 49
= 0000000056929828
R
P 0000000056969C18
C 294
R
P 0000000056969C18
P 0000000056929828
C 207
R
P 0000000056969C18
C 294
R
P 0000000056969C18
P 0000000056929828
C 204
= 0000000056928128
R
P 0000000056969C18
C 294
R
P 0000000056969C18
P 0000000056928128
C 165
R
P 0000000056969C18
C 294
R
P 0000000056969C18
P 0000000056929828
C 210
R
P 0000000056969C18
C 294
R
P 0000000056969C18
P 0000000056929828
C 209
R
P 0000000056969C18
C 294
R
P 0000000056969C18
P 0000000056929828
C 9
R
P 0000000056969C18
C 294
R
P 0000000056969C18
S "x_7_8"
C 29
R
P 0000000056969C18
C 294
R
P 0000000056969C18
$ |x_7_8|
P 0000000056928128
C 49
= 0000000056929848
R
P 0000000056969C18
C 294
R
P 0000000056969C18
P 0000000056929848
C 207
R
P 0000000056969C18
C 294
R
P 0000000056969C18
P 0000000056929848
C 204
= 0000000056928128
R
P 0000000056969C18
C 294
R
P 0000000056969C18
P 0000000056928128
C 165
R
P 0000000056969C18
C 294
R
P 0000000056969C18
P 0000000056929848
C 210
R
P 0000000056969C18
C 294
R
P 0000000056969C18
P 0000000056929848
C 209
R
P 0000000056969C18
C 294
R
P 0000000056969C18
P 0000000056929848
C 9
R
P 0000000056969C18
C 294
R
P 0000000056969C18
S "x_7_9"
C 29
R
P 0000000056969C18
C 294
R
P 0000000056969C18
$ |x_7_9|
P 0000000056928128
C 49
= 0000000056929868
R
P 0000000056969C18
C 294
R
P 0000000056969C18
P 0000000056929868
C 207
R
P 0000000056969C18
C 294
R
P 0000000056969C18
P 0000000056929868
C 204
= 0000000056928128
R
P 0000000056969C18
C 294
R
P 0000000056969C18
P 0000000056928128
C 165
R
P 0000000056969C18
C 294
R
P 0000000056969C18
P 0000000056929868
C 210
R
P 0000000056969C18
C 294
R
P 0000000056969C18
P 0000000056929868
C 209
R
P 0000000056969C18
C 294
R
P 0000000056969C18
P 0000000056929868
C 9
R
P 0000000056969C18
C 294
R
P 0000000056969C18
S "x_8_1"
C 29
R
P 0000000056969C18
C 294
R
P 0000000056969C18
$ |x_8_1|
P 0000000056928128
C 49
= 0000000056929888
R
P 0000000056969C18
C 294
R
P 0000000056969C18
P 0000000056929888
C 207
R
P 0000000056969C18
C 294
R
P 0000000056969C18
P 0000000056929888
C 204
= 0000000056928128
R
P 0000000056969C18
C 294
R
P 0000000056969C18
P 0000000056928128
C 165
R
P 0000000056969C18
C 294
R
P 0000000056969C18
P 0000000056929888
C 210
R
P 0000000056969C18
C 294
R
P 0000000056969C18
P 0000000056929888
C 209
R
P 0000000056969C18
C 294
R
P 0000000056969C18
P 0000000056929888
C 9
R
P 0000000056969C18
C 294
R
P 0000000056969C18
S "x_8_2"
C 29
R
P 0000000056969C18
C 294
R
P 0000000056969C18
$ |x_8_2|
P 0000000056928128
C 49
= 00000000569298A8
R
P 0000000056969C18
C 294
R
P 0000000056969C18
P 00000000569298A8
C 207
R
P 0000000056969C18
C 294
R
P 0000000056969C18
P 00000000569298A8
C 204
= 0000000056928128
R
P 0000000056969C18
C 294
R
P 0000000056969C18
P 0000000056928128
C 165
R
P 0000000056969C18
C 294
R
P 0000000056969C18
P 00000000569298A8
C 210
R
P 0000000056969C18
C 294
R
P 0000000056969C18
P 00000000569298A8
C 209
R
P 0000000056969C18
C 294
R
P 0000000056969C18
P 00000000569298A8
C 9
R
P 0000000056969C18
C 294
R
P 0000000056969C18
S "x_8_3"
C 29
R
P 0000000056969C18
C 294
R
P 0000000056969C18
$ |x_8_3|
P 0000000056928128
C 49
= 00000000569298C8
R
P 0000000056969C18
C 294
R
P 0000000056969C18
P 00000000569298C8
C 207
R
P 0000000056969C18
C 294
R
P 0000000056969C18
P 00000000569298C8
C 204
= 0000000056928128
R
P 0000000056969C18
C 294
R
P 0000000056969C18
P 0000000056928128
C 165
R
P 0000000056969C18
C 294
R
P 0000000056969C18
P 00000000569298C8
C 210
R
P 0000000056969C18
C 294
R
P 0000000056969C18
P 00000000569298C8
C 209
R
P 0000000056969C18
C 294
R
P 0000000056969C18
P 00000000569298C8
C 9
R
P 0000000056969C18
C 294
R
P 0000000056969C18
S "x_8_4"
C 29
R
P 0000000056969C18
C 294
R
P 0000000056969C18
$ |x_8_4|
P 0000000056928128
C 49
= 00000000569298E8
R
P 0000000056969C18
C 294
R
P 0000000056969C18
P 00000000569298E8
C 207
R
P 0000000056969C18
C 294
R
P 0000000056969C18
P 00000000569298E8
C 204
= 0000000056928128
R
P 0000000056969C18
C 294
R
P 0000000056969C18
P 0000000056928128
C 165
R
P 0000000056969C18
C 294
R
P 0000000056969C18
P 00000000569298E8
C 210
R
P 0000000056969C18
C 294
R
P 0000000056969C18
P 00000000569298E8
C 209
R
P 0000000056969C18
C 294
R
P 0000000056969C18
P 00000000569298E8
C 9
R
P 0000000056969C18
C 294
R
P 0000000056969C18
S "x_8_5"
C 29
R
P 0000000056969C18
C 294
R
P 0000000056969C18
$ |x_8_5|
P 0000000056928128
C 49
= 0000000056929908
R
P 0000000056969C18
C 294
R
P 0000000056969C18
P 0000000056929908
C 207
R
P 0000000056969C18
C 294
R
P 0000000056969C18
P 0000000056929908
C 204
= 0000000056928128
R
P 0000000056969C18
C 294
R
P 0000000056969C18
P 0000000056928128
C 165
R
P 0000000056969C18
C 294
R
P 0000000056969C18
P 0000000056929908
C 210
R
P 0000000056969C18
C 294
R
P 0000000056969C18
P 0000000056929908
C 209
R
P 0000000056969C18
C 294
R
P 0000000056969C18
P 0000000056929908
C 9
R
P 0000000056969C18
C 294
R
P 0000000056969C18
S "x_8_6"
C 29
R
P 0000000056969C18
C 294
R
P 0000000056969C18
$ |x_8_6|
P 0000000056928128
C 49
= 0000000056929928
R
P 0000000056969C18
C 294
R
P 0000000056969C18
P 0000000056929928
C 207
R
P 0000000056969C18
C 294
R
P 0000000056969C18
P 0000000056929928
C 204
= 0000000056928128
R
P 0000000056969C18
C 294
R
P 0000000056969C18
P 0000000056928128
C 165
R
P 0000000056969C18
C 294
R
P 0000000056969C18
P 0000000056929928
C 210
R
P 0000000056969C18
C 294
R
P 0000000056969C18
P 0000000056929928
C 209
R
P 0000000056969C18
C 294
R
P 0000000056969C18
P 0000000056929928
C 9
R
P 0000000056969C18
C 294
R
P 0000000056969C18
S "x_8_7"
C 29
R
P 0000000056969C18
C 294
R
P 0000000056969C18
$ |x_8_7|
P 0000000056928128
C 49
= 0000000056929948
R
P 0000000056969C18
C 294
R
P 0000000056969C18
P 0000000056929948
C 207
R
P 0000000056969C18
C 294
R
P 0000000056969C18
P 0000000056929948
C 204
= 0000000056928128
R
P 0000000056969C18
C 294
R
P 0000000056969C18
P 0000000056928128
C 165
R
P 0000000056969C18
C 294
R
P 0000000056969C18
P 0000000056929948
C 210
R
P 0000000056969C18
C 294
R
P 0000000056969C18
P 0000000056929948
C 209
R
P 0000000056969C18
C 294
R
P 0000000056969C18
P 0000000056929948
C 9
R
P 0000000056969C18
C 294
R
P 0000000056969C18
S "x_8_8"
C 29
R
P 0000000056969C18
C 294
R
P 0000000056969C18
$ |x_8_8|
P 0000000056928128
C 49
= 0000000056929968
R
P 0000000056969C18
C 294
R
P 0000000056969C18
P 0000000056929968
C 207
R
P 0000000056969C18
C 294
R
P 0000000056969C18
P 0000000056929968
C 204
= 0000000056928128
R
P 0000000056969C18
C 294
R
P 0000000056969C18
P 0000000056928128
C 165
R
P 0000000056969C18
C 294
R
P 0000000056969C18
P 0000000056929968
C 210
R
P 0000000056969C18
C 294
R
P 0000000056969C18
P 0000000056929968
C 209
R
P 0000000056969C18
C 294
R
P 0000000056969C18
P 0000000056929968
C 9
R
P 0000000056969C18
C 294
R
P 0000000056969C18
S "x_8_9"
C 29
R
P 0000000056969C18
C 294
R
P 0000000056969C18
$ |x_8_9|
P 0000000056928128
C 49
= 0000000056929988
R
P 0000000056969C18
C 294
R
P 0000000056969C18
P 0000000056929988
C 207
R
P 0000000056969C18
C 294
R
P 0000000056969C18
P 0000000056929988
C 204
= 0000000056928128
R
P 0000000056969C18
C 294
R
P 0000000056969C18
P 0000000056928128
C 165
R
P 0000000056969C18
C 294
R
P 0000000056969C18
P 0000000056929988
C 210
R
P 0000000056969C18
C 294
R
P 0000000056969C18
P 0000000056929988
C 209
R
P 0000000056969C18
C 294
R
P 0000000056969C18
P 0000000056929988
C 9
R
P 0000000056969C18
C 294
R
P 0000000056969C18
S "x_9_1"
C 29
R
P 0000000056969C18
C 294
R
P 0000000056969C18
$ |x_9_1|
P 0000000056928128
C 49
= 00000000569299A8
R
P 0000000056969C18
C 294
R
P 0000000056969C18
P 00000000569299A8
C 207
R
P 0000000056969C18
C 294
R
P 0000000056969C18
P 00000000569299A8
C 204
= 0000000056928128
R
P 0000000056969C18
C 294
R
P 0000000056969C18
P 0000000056928128
C 165
R
P 0000000056969C18
C 294
R
P 0000000056969C18
P 00000000569299A8
C 210
R
P 0000000056969C18
C 294
R
P 0000000056969C18
P 00000000569299A8
C 209
R
P 0000000056969C18
C 294
R
P 0000000056969C18
P 00000000569299A8
C 9
R
P 0000000056969C18
C 294
R
P 0000000056969C18
S "x_9_2"
C 29
R
P 0000000056969C18
C 294
R
P 0000000056969C18
$ |x_9_2|
P 0000000056928128
C 49
= 00000000569299C8
R
P 0000000056969C18
C 294
R
P 0000000056969C18
P 00000000569299C8
C 207
R
P 0000000056969C18
C 294
R
P 0000000056969C18
P 00000000569299C8
C 204
= 0000000056928128
R
P 0000000056969C18
C 294
R
P 0000000056969C18
P 0000000056928128
C 165
R
P 0000000056969C18
C 294
R
P 0000000056969C18
P 00000000569299C8
C 210
R
P 0000000056969C18
C 294
R
P 0000000056969C18
P 00000000569299C8
C 209
R
P 0000000056969C18
C 294
R
P 0000000056969C18
P 00000000569299C8
C 9
R
P 0000000056969C18
C 294
R
P 0000000056969C18
S "x_9_3"
C 29
R
P 0000000056969C18
C 294
R
P 0000000056969C18
$ |x_9_3|
P 0000000056928128
C 49
= 00000000569299E8
R
P 0000000056969C18
C 294
R
P 0000000056969C18
P 00000000569299E8
C 207
R
P 0000000056969C18
C 294
R
P 0000000056969C18
P 00000000569299E8
C 204
= 0000000056928128
R
P 0000000056969C18
C 294
R
P 0000000056969C18
P 0000000056928128
C 165
R
P 0000000056969C18
C 294
R
P 0000000056969C18
P 00000000569299E8
C 210
R
P 0000000056969C18
C 294
R
P 0000000056969C18
P 00000000569299E8
C 209
R
P 0000000056969C18
C 294
R
P 0000000056969C18
P 00000000569299E8
C 9
R
P 0000000056969C18
C 294
R
P 0000000056969C18
S "x_9_4"
C 29
R
P 0000000056969C18
C 294
R
P 0000000056969C18
$ |x_9_4|
P 0000000056928128
C 49
= 0000000056929A08
R
P 0000000056969C18
C 294
R
P 0000000056969C18
P 0000000056929A08
C 207
R
P 0000000056969C18
C 294
R
P 0000000056969C18
P 0000000056929A08
C 204
= 0000000056928128
R
P 0000000056969C18
C 294
R
P 0000000056969C18
P 0000000056928128
C 165
R
P 0000000056969C18
C 294
R
P 0000000056969C18
P 0000000056929A08
C 210
R
P 0000000056969C18
C 294
R
P 0000000056969C18
P 0000000056929A08
C 209
R
P 0000000056969C18
C 294
R
P 0000000056969C18
P 0000000056929A08
C 9
R
P 0000000056969C18
C 294
R
P 0000000056969C18
S "x_9_5"
C 29
R
P 0000000056969C18
C 294
R
P 0000000056969C18
$ |x_9_5|
P 0000000056928128
C 49
= 0000000056929A28
R
P 0000000056969C18
C 294
R
P 0000000056969C18
P 0000000056929A28
C 207
R
P 0000000056969C18
C 294
R
P 0000000056969C18
P 0000000056929A28
C 204
= 0000000056928128
R
P 0000000056969C18
C 294
R
P 0000000056969C18
P 0000000056928128
C 165
R
P 0000000056969C18
C 294
R
P 0000000056969C18
P 0000000056929A28
C 210
R
P 0000000056969C18
C 294
R
P 0000000056969C18
P 0000000056929A28
C 209
R
P 0000000056969C18
C 294
R
P 0000000056969C18
P 0000000056929A28
C 9
R
P 0000000056969C18
C 294
R
P 0000000056969C18
S "x_9_6"
C 29
R
P 0000000056969C18
C 294
R
P 0000000056969C18
$ |x_9_6|
P 0000000056928128
C 49
= 0000000056929A48
R
P 0000000056969C18
C 294
R
P 0000000056969C18
P 0000000056929A48
C 207
R
P 0000000056969C18
C 294
R
P 0000000056969C18
P 0000000056929A48
C 204
= 0000000056928128
R
P 0000000056969C18
C 294
R
P 0000000056969C18
P 0000000056928128
C 165
R
P 0000000056969C18
C 294
R
P 0000000056969C18
P 0000000056929A48
C 210
R
P 0000000056969C18
C 294
R
P 0000000056969C18
P 0000000056929A48
C 209
R
P 0000000056969C18
C 294
R
P 0000000056969C18
P 0000000056929A48
C 9
R
P 0000000056969C18
C 294
R
P 0000000056969C18
S "x_9_7"
C 29
R
P 0000000056969C18
C 294
R
P 0000000056969C18
$ |x_9_7|
P 0000000056928128
C 49
= 0000000056929A68
R
P 0000000056969C18
C 294
R
P 0000000056969C18
P 0000000056929A68
C 207
R
P 0000000056969C18
C 294
R
P 0000000056969C18
P 0000000056929A68
C 204
= 0000000056928128
R
P 0000000056969C18
C 294
R
P 0000000056969C18
P 0000000056928128
C 165
R
P 0000000056969C18
C 294
R
P 0000000056969C18
P 0000000056929A68
C 210
R
P 0000000056969C18
C 294
R
P 0000000056969C18
P 0000000056929A68
C 209
R
P 0000000056969C18
C 294
R
P 0000000056969C18
P 0000000056929A68
C 9
R
P 0000000056969C18
C 294
R
P 0000000056969C18
S "x_9_8"
C 29
R
P 0000000056969C18
C 294
R
P 0000000056969C18
$ |x_9_8|
P 0000000056928128
C 49
= 0000000056929A88
R
P 0000000056969C18
C 294
R
P 0000000056969C18
P 0000000056929A88
C 207
R
P 0000000056969C18
C 294
R
P 0000000056969C18
P 0000000056929A88
C 204
= 0000000056928128
R
P 0000000056969C18
C 294
R
P 0000000056969C18
P 0000000056928128
C 165
R
P 0000000056969C18
C 294
R
P 0000000056969C18
P 0000000056929A88
C 210
R
P 0000000056969C18
C 294
R
P 0000000056969C18
P 0000000056929A88
C 209
R
P 0000000056969C18
C 294
R
P 0000000056969C18
P 0000000056929A88
C 9
R
P 0000000056969C18
C 294
R
P 0000000056969C18
S "x_9_9"
C 29
R
P 0000000056969C18
C 294
R
P 0000000056969C18
$ |x_9_9|
P 0000000056928128
C 49
= 0000000056929AA8
R
P 0000000056969C18
C 294
R
P 0000000056969C18
P 0000000056929AA8
C 207
R
P 0000000056969C18
C 294
R
P 0000000056969C18
P 0000000056929AA8
C 204
= 0000000056928128
R
P 0000000056969C18
C 294
R
P 0000000056969C18
P 0000000056928128
C 165
R
P 0000000056969C18
C 294
R
P 0000000056969C18
P 0000000056929AA8
C 210
R
P 0000000056969C18
C 294
R
P 0000000056969C18
P 0000000056929AA8
C 209
R
P 0000000056969C18
C 294
R
P 0000000056969C18
P 0000000056929AA8
C 9
R
P 0000000056969C18
C 294
R
P 0000000056969C18
I 1
P 0000000056928128
C 144
= 0000000056928C68
R
P 0000000056969C18
C 294
R
P 0000000056969C18
P 0000000056928C68
C 9
R
P 0000000056969C18
C 294
R
P 0000000056969C18
P 0000000056928C68
P 00000000569290A8
C 72
= 000000005692EAA8
R
P 0000000056969C18
C 294
R
P 0000000056969C18
P 000000005692EAA8
C 9
R
P 0000000056969C18
C 294
R
P 0000000056969C18
I 9
P 0000000056928128
C 144
= 0000000056929AC8
R
P 0000000056969C18
C 294
R
P 0000000056969C18
P 0000000056929AC8
C 9
R
P 0000000056969C18
C 294
R
P 0000000056969C18
P 00000000569290A8
P 0000000056929AC8
C 72
= 000000005692EAE0
R
P 0000000056969C18
C 294
R
P 0000000056969C18
P 000000005692EAE0
C 9
R
P 0000000056969C18
C 294
R
P 0000000056969C18
U 2
P 000000005692EAA8
P 000000005692EAE0
p 2
C 61
= 000000005692EB18
R
P 0000000056969C18
C 294
R
P 0000000056969C18
P 000000005692EB18
C 9
R
P 0000000056969C18
C 294
R
P 0000000056969C18
I 1
P 0000000056928128
C 144
= 0000000056928C68
R
P 0000000056969C18
C 294
R
P 0000000056969C18
P 0000000056928C68
C 9
R
P 0000000056969C18
C 294
R
P 0000000056969C18
P 0000000056928C68
P 00000000569290C8
C 72
= 000000005692EB50
R
P 0000000056969C18
C 294
R
P 0000000056969C18
P 000000005692EB50
C 9
R
P 0000000056969C18
C 294
R
P 0000000056969C18
I 9
P 0000000056928128
C 144
= 0000000056929AC8
R
P 0000000056969C18
C 294
R
P 0000000056969C18
P 0000000056929AC8
C 9
R
P 0000000056969C18
C 294
R
P 0000000056969C18
P 00000000569290C8
P 0000000056929AC8
C 72
= 000000005692EB88
R
P 0000000056969C18
C 294
R
P 0000000056969C18
P 000000005692EB88
C 9
R
P 0000000056969C18
C 294
R
P 0000000056969C18
U 2
P 000000005692EB50
P 000000005692EB88
p 2
C 61
= 000000005692EBC0
R
P 0000000056969C18
C 294
R
P 0000000056969C18
P 000000005692EBC0
C 9
R
P 0000000056969C18
C 294
R
P 0000000056969C18
I 1
P 0000000056928128
C 144
= 0000000056928C68
R
P 0000000056969C18
C 294
R
P 0000000056969C18
P 0000000056928C68
C 9
R
P 0000000056969C18
C 294
R
P 0000000056969C18
P 0000000056928C68
P 00000000569290E8
C 72
= 000000005692EBF8
R
P 0000000056969C18
C 294
R
P 0000000056969C18
P 000000005692EBF8
C 9
R
P 0000000056969C18
C 294
R
P 0000000056969C18
I 9
P 0000000056928128
C 144
= 0000000056929AC8
R
P 0000000056969C18
C 294
R
P 0000000056969C18
P 0000000056929AC8
C 9
R
P 0000000056969C18
C 294
R
P 0000000056969C18
P 00000000569290E8
P 0000000056929AC8
C 72
= 000000005692EC30
R
P 0000000056969C18
C 294
R
P 0000000056969C18
P 000000005692EC30
C 9
R
P 0000000056969C18
C 294
R
P 0000000056969C18
U 2
P 000000005692EBF8
P 000000005692EC30
p 2
C 61
= 000000005692EC68
R
P 0000000056969C18
C 294
R
P 0000000056969C18
P 000000005692EC68
C 9
R
P 0000000056969C18
C 294
R
P 0000000056969C18
I 1
P 0000000056928128
C 144
= 0000000056928C68
R
P 0000000056969C18
C 294
R
P 0000000056969C18
P 0000000056928C68
C 9
R
P 0000000056969C18
C 294
R
P 0000000056969C18
P 0000000056928C68
P 0000000056929108
C 72
= 000000005692ECA0
R
P 0000000056969C18
C 294
R
P 0000000056969C18
P 000000005692ECA0
C 9
R
P 0000000056969C18
C 294
R
P 0000000056969C18
I 9
P 0000000056928128
C 144
= 0000000056929AC8
R
P 0000000056969C18
C 294
R
P 0000000056969C18
P 0000000056929AC8
C 9
R
P 0000000056969C18
C 294
R
P 0000000056969C18
P 0000000056929108
P 0000000056929AC8
C 72
= 000000005692ECD8
R
P 0000000056969C18
C 294
R
P 0000000056969C18
P 000000005692ECD8
C 9
R
P 0000000056969C18
C 294
R
P 0000000056969C18
U 2
P 000000005692ECA0
P 000000005692ECD8
p 2
C 61
= 000000005692ED10
R
P 0000000056969C18
C 294
R
P 0000000056969C18
P 000000005692ED10
C 9
R
P 0000000056969C18
C 294
R
P 0000000056969C18
I 1
P 0000000056928128
C 144
= 0000000056928C68
R
P 0000000056969C18
C 294
R
P 0000000056969C18
P 0000000056928C68
C 9
R
P 0000000056969C18
C 294
R
P 0000000056969C18
P 0000000056928C68
P 0000000056929128
C 72
= 000000005692ED48
R
P 0000000056969C18
C 294
R
P 0000000056969C18
P 000000005692ED48
C 9
R
P 0000000056969C18
C 294
R
P 0000000056969C18
I 9
P 0000000056928128
C 144
= 0000000056929AC8
R
P 0000000056969C18
C 294
R
P 0000000056969C18
P 0000000056929AC8
C 9
R
P 0000000056969C18
C 294
R
P 0000000056969C18
P 0000000056929128
P 0000000056929AC8
C 72
= 000000005692ED80
R
P 0000000056969C18
C 294
R
P 0000000056969C18
P 000000005692ED80
C 9
R
P 0000000056969C18
C 294
R
P 0000000056969C18
U 2
P 000000005692ED48
P 000000005692ED80
p 2
C 61
= 000000005692EDB8
R
P 0000000056969C18
C 294
R
P 0000000056969C18
P 000000005692EDB8
C 9
R
P 0000000056969C18
C 294
R
P 0000000056969C18
I 1
P 0000000056928128
C 144
= 0000000056928C68
R
P 0000000056969C18
C 294
R
P 0000000056969C18
P 0000000056928C68
C 9
R
P 0000000056969C18
C 294
R
P 0000000056969C18
P 0000000056928C68
P 0000000056929148
C 72
= 000000005692EDF0
R
P 0000000056969C18
C 294
R
P 0000000056969C18
P 000000005692EDF0
C 9
R
P 0000000056969C18
C 294
R
P 0000000056969C18
I 9
P 0000000056928128
C 144
= 0000000056929AC8
R
P 0000000056969C18
C 294
R
P 0000000056969C18
P 0000000056929AC8
C 9
R
P 0000000056969C18
C 294
R
P 0000000056969C18
P 0000000056929148
P 0000000056929AC8
C 72
= 000000005692EE28
R
P 0000000056969C18
C 294
R
P 0000000056969C18
P 000000005692EE28
C 9
R
P 0000000056969C18
C 294
R
P 0000000056969C18
U 2
P 000000005692EDF0
P 000000005692EE28
p 2
C 61
= 000000005692EE60
R
P 0000000056969C18
C 294
R
P 0000000056969C18
P 000000005692EE60
C 9
R
P 0000000056969C18
C 294
R
P 0000000056969C18
I 1
P 0000000056928128
C 144
= 0000000056928C68
R
P 0000000056969C18
C 294
R
P 0000000056969C18
P 0000000056928C68
C 9
R
P 0000000056969C18
C 294
R
P 0000000056969C18
P 0000000056928C68
P 0000000056929168
C 72
= 000000005692EE98
R
P 0000000056969C18
C 294
R
P 0000000056969C18
P 000000005692EE98
C 9
R
P 0000000056969C18
C 294
R
P 0000000056969C18
I 9
P 0000000056928128
C 144
= 0000000056929AC8
R
P 0000000056969C18
C 294
R
P 0000000056969C18
P 0000000056929AC8
C 9
R
P 0000000056969C18
C 294
R
P 0000000056969C18
P 0000000056929168
P 0000000056929AC8
C 72
= 000000005692EED0
R
P 0000000056969C18
C 294
R
P 0000000056969C18
P 000000005692EED0
C 9
R
P 0000000056969C18
C 294
R
P 0000000056969C18
U 2
P 000000005692EE98
P 000000005692EED0
p 2
C 61
= 000000005692EF08
R
P 0000000056969C18
C 294
R
P 0000000056969C18
P 000000005692EF08
C 9
R
P 0000000056969C18
C 294
R
P 0000000056969C18
I 1
P 0000000056928128
C 144
= 0000000056928C68
R
P 0000000056969C18
C 294
R
P 0000000056969C18
P 0000000056928C68
C 9
R
P 0000000056969C18
C 294
R
P 0000000056969C18
P 0000000056928C68
P 0000000056929188
C 72
= 000000005692EF40
R
P 0000000056969C18
C 294
R
P 0000000056969C18
P 000000005692EF40
C 9
R
P 0000000056969C18
C 294
R
P 0000000056969C18
I 9
P 0000000056928128
C 144
= 0000000056929AC8
R
P 0000000056969C18
C 294
R
P 0000000056969C18
P 0000000056929AC8
C 9
R
P 0000000056969C18
C 294
R
P 0000000056969C18
P 0000000056929188
P 0000000056929AC8
C 72
= 000000005692EF78
R
P 0000000056969C18
C 294
R
P 0000000056969C18
P 000000005692EF78
C 9
R
P 0000000056969C18
C 294
R
P 0000000056969C18
U 2
P 000000005692EF40
P 000000005692EF78
p 2
C 61
= 000000005692EFB0
R
P 0000000056969C18
C 294
R
P 0000000056969C18
P 000000005692EFB0
C 9
R
P 0000000056969C18
C 294
R
P 0000000056969C18
I 1
P 0000000056928128
C 144
= 0000000056928C68
R
P 0000000056969C18
C 294
R
P 0000000056969C18
P 0000000056928C68
C 9
R
P 0000000056969C18
C 294
R
P 0000000056969C18
P 0000000056928C68
P 00000000569291A8
C 72
= 000000005692EFE8
R
P 0000000056969C18
C 294
R
P 0000000056969C18
P 000000005692EFE8
C 9
R
P 0000000056969C18
C 294
R
P 0000000056969C18
I 9
P 0000000056928128
C 144
= 0000000056929AC8
R
P 0000000056969C18
C 294
R
P 0000000056969C18
P 0000000056929AC8
C 9
R
P 0000000056969C18
C 294
R
P 0000000056969C18
P 00000000569291A8
P 0000000056929AC8
C 72
= 000000005692F020
R
P 0000000056969C18
C 294
R
P 0000000056969C18
P 000000005692F020
C 9
R
P 0000000056969C18
C 294
R
P 0000000056969C18
U 2
P 000000005692EFE8
P 000000005692F020
p 2
C 61
= 000000005692F058
R
P 0000000056969C18
C 294
R
P 0000000056969C18
P 000000005692F058
C 9
R
P 0000000056969C18
C 294
R
P 0000000056969C18
I 1
P 0000000056928128
C 144
= 0000000056928C68
R
P 0000000056969C18
C 294
R
P 0000000056969C18
P 0000000056928C68
C 9
R
P 0000000056969C18
C 294
R
P 0000000056969C18
P 0000000056928C68
P 00000000569291C8
C 72
= 000000005692F090
R
P 0000000056969C18
C 294
R
P 0000000056969C18
P 000000005692F090
C 9
R
P 0000000056969C18
C 294
R
P 0000000056969C18
I 9
P 0000000056928128
C 144
= 0000000056929AC8
R
P 0000000056969C18
C 294
R
P 0000000056969C18
P 0000000056929AC8
C 9
R
P 0000000056969C18
C 294
R
P 0000000056969C18
P 00000000569291C8
P 0000000056929AC8
C 72
= 000000005692F0C8
R
P 0000000056969C18
C 294
R
P 0000000056969C18
P 000000005692F0C8
C 9
R
P 0000000056969C18
C 294
R
P 0000000056969C18
U 2
P 000000005692F090
P 000000005692F0C8
p 2
C 61
= 000000005692F100
R
P 0000000056969C18
C 294
R
P 0000000056969C18
P 000000005692F100
C 9
R
P 0000000056969C18
C 294
R
P 0000000056969C18
I 1
P 0000000056928128
C 144
= 0000000056928C68
R
P 0000000056969C18
C 294
R
P 0000000056969C18
P 0000000056928C68
C 9
R
P 0000000056969C18
C 294
R
P 0000000056969C18
P 0000000056928C68
P 00000000569291E8
C 72
= 000000005692F138
R
P 0000000056969C18
C 294
R
P 0000000056969C18
P 000000005692F138
C 9
R
P 0000000056969C18
C 294
R
P 0000000056969C18
I 9
P 0000000056928128
C 144
= 0000000056929AC8
R
P 0000000056969C18
C 294
R
P 0000000056969C18
P 0000000056929AC8
C 9
R
P 0000000056969C18
C 294
R
P 0000000056969C18
P 00000000569291E8
P 0000000056929AC8
C 72
= 000000005692F170
R
P 0000000056969C18
C 294
R
P 0000000056969C18
P 000000005692F170
C 9
R
P 0000000056969C18
C 294
R
P 0000000056969C18
U 2
P 000000005692F138
P 000000005692F170
p 2
C 61
= 000000005692F1A8
R
P 0000000056969C18
C 294
R
P 0000000056969C18
P 000000005692F1A8
C 9
R
P 0000000056969C18
C 294
R
P 0000000056969C18
I 1
P 0000000056928128
C 144
= 0000000056928C68
R
P 0000000056969C18
C 294
R
P 0000000056969C18
P 0000000056928C68
C 9
R
P 0000000056969C18
C 294
R
P 0000000056969C18
P 0000000056928C68
P 0000000056929208
C 72
= 000000005692F1E0
R
P 0000000056969C18
C 294
R
P 0000000056969C18
P 000000005692F1E0
C 9
R
P 0000000056969C18
C 294
R
P 0000000056969C18
I 9
P 0000000056928128
C 144
= 0000000056929AC8
R
P 0000000056969C18
C 294
R
P 0000000056969C18
P 0000000056929AC8
C 9
R
P 0000000056969C18
C 294
R
P 0000000056969C18
P 0000000056929208
P 0000000056929AC8
C 72
= 000000005692F218
R
P 0000000056969C18
C 294
R
P 0000000056969C18
P 000000005692F218
C 9
R
P 0000000056969C18
C 294
R
P 0000000056969C18
U 2
P 000000005692F1E0
P 000000005692F218
p 2
C 61
= 000000005692F250
R
P 0000000056969C18
C 294
R
P 0000000056969C18
P 000000005692F250
C 9
R
P 0000000056969C18
C 294
R
P 0000000056969C18
I 1
P 0000000056928128
C 144
= 0000000056928C68
R
P 0000000056969C18
C 294
R
P 0000000056969C18
P 0000000056928C68
C 9
R
P 0000000056969C18
C 294
R
P 0000000056969C18
P 0000000056928C68
P 0000000056929228
C 72
= 000000005692F288
R
P 0000000056969C18
C 294
R
P 0000000056969C18
P 000000005692F288
C 9
R
P 0000000056969C18
C 294
R
P 0000000056969C18
I 9
P 0000000056928128
C 144
= 0000000056929AC8
R
P 0000000056969C18
C 294
R
P 0000000056969C18
P 0000000056929AC8
C 9
R
P 0000000056969C18
C 294
R
P 0000000056969C18
P 0000000056929228
P 0000000056929AC8
C 72
= 000000005692F2C0
R
P 0000000056969C18
C 294
R
P 0000000056969C18
P 000000005692F2C0
C 9
R
P 0000000056969C18
C 294
R
P 0000000056969C18
U 2
P 000000005692F288
P 000000005692F2C0
p 2
C 61
= 000000005692F2F8
R
P 0000000056969C18
C 294
R
P 0000000056969C18
P 000000005692F2F8
C 9
R
P 0000000056969C18
C 294
R
P 0000000056969C18
I 1
P 0000000056928128
C 144
= 0000000056928C68
R
P 0000000056969C18
C 294
R
P 0000000056969C18
P 0000000056928C68
C 9
R
P 0000000056969C18
C 294
R
P 0000000056969C18
P 0000000056928C68
P 0000000056929248
C 72
= 000000005692F330
R
P 0000000056969C18
C 294
R
P 0000000056969C18
P 000000005692F330
C 9
R
P 0000000056969C18
C 294
R
P 0000000056969C18
I 9
P 0000000056928128
C 144
= 0000000056929AC8
R
P 0000000056969C18
C 294
R
P 0000000056969C18
P 0000000056929AC8
C 9
R
P 0000000056969C18
C 294
R
P 0000000056969C18
P 0000000056929248
P 0000000056929AC8
C 72
= 000000005692F368
R
P 0000000056969C18
C 294
R
P 0000000056969C18
P 000000005692F368
C 9
R
P 0000000056969C18
C 294
R
P 0000000056969C18
U 2
P 000000005692F330
P 000000005692F368
p 2
C 61
= 000000005692F3A0
R
P 0000000056969C18
C 294
R
P 0000000056969C18
P 000000005692F3A0
C 9
R
P 0000000056969C18
C 294
R
P 0000000056969C18
I 1
P 0000000056928128
C 144
= 0000000056928C68
R
P 0000000056969C18
C 294
R
P 0000000056969C18
P 0000000056928C68
C 9
R
P 0000000056969C18
C 294
R
P 0000000056969C18
P 0000000056928C68
P 0000000056929268
C 72
= 000000005692F3D8
R
P 0000000056969C18
C 294
R
P 0000000056969C18
P 000000005692F3D8
C 9
R
P 0000000056969C18
C 294
R
P 0000000056969C18
I 9
P 0000000056928128
C 144
= 0000000056929AC8
R
P 0000000056969C18
C 294
R
P 0000000056969C18
P 0000000056929AC8
C 9
R
P 0000000056969C18
C 294
R
P 0000000056969C18
P 0000000056929268
P 0000000056929AC8
C 72
= 000000005692F410
R
P 0000000056969C18
C 294
R
P 0000000056969C18
P 000000005692F410
C 9
R
P 0000000056969C18
C 294
R
P 0000000056969C18
U 2
P 000000005692F3D8
P 000000005692F410
p 2
C 61
= 000000005692F448
R
P 0000000056969C18
C 294
R
P 0000000056969C18
P 000000005692F448
C 9
R
P 0000000056969C18
C 294
R
P 0000000056969C18
I 1
P 0000000056928128
C 144
= 0000000056928C68
R
P 0000000056969C18
C 294
R
P 0000000056969C18
P 0000000056928C68
C 9
R
P 0000000056969C18
C 294
R
P 0000000056969C18
P 0000000056928C68
P 0000000056929288
C 72
= 000000005692F480
R
P 0000000056969C18
C 294
R
P 0000000056969C18
P 000000005692F480
C 9
R
P 0000000056969C18
C 294
R
P 0000000056969C18
I 9
P 0000000056928128
C 144
= 0000000056929AC8
R
P 0000000056969C18
C 294
R
P 0000000056969C18
P 0000000056929AC8
C 9
R
P 0000000056969C18
C 294
R
P 0000000056969C18
P 0000000056929288
P 0000000056929AC8
C 72
= 000000005692F4B8
R
P 0000000056969C18
C 294
R
P 0000000056969C18
P 000000005692F4B8
C 9
R
P 0000000056969C18
C 294
R
P 0000000056969C18
U 2
P 000000005692F480
P 000000005692F4B8
p 2
C 61
= 000000005692F4F0
R
P 0000000056969C18
C 294
R
P 0000000056969C18
P 000000005692F4F0
C 9
R
P 0000000056969C18
C 294
R
P 0000000056969C18
I 1
P 0000000056928128
C 144
= 0000000056928C68
R
P 0000000056969C18
C 294
R
P 0000000056969C18
P 0000000056928C68
C 9
R
P 0000000056969C18
C 294
R
P 0000000056969C18
P 0000000056928C68
P 00000000569292A8
C 72
= 000000005692F528
R
P 0000000056969C18
C 294
R
P 0000000056969C18
P 000000005692F528
C 9
R
P 0000000056969C18
C 294
R
P 0000000056969C18
I 9
P 0000000056928128
C 144
= 0000000056929AC8
R
P 0000000056969C18
C 294
R
P 0000000056969C18
P 0000000056929AC8
C 9
R
P 0000000056969C18
C 294
R
P 0000000056969C18
P 00000000569292A8
P 0000000056929AC8
C 72
= 000000005692F560
R
P 0000000056969C18
C 294
R
P 0000000056969C18
P 000000005692F560
C 9
R
P 0000000056969C18
C 294
R
P 0000000056969C18
U 2
P 000000005692F528
P 000000005692F560
p 2
C 61
= 000000005692F598
R
P 0000000056969C18
C 294
R
P 0000000056969C18
P 000000005692F598
C 9
R
P 0000000056969C18
C 294
R
P 0000000056969C18
I 1
P 0000000056928128
C 144
= 0000000056928C68
R
P 0000000056969C18
C 294
R
P 0000000056969C18
P 0000000056928C68
C 9
R
P 0000000056969C18
C 294
R
P 0000000056969C18
P 0000000056928C68
P 00000000569292C8
C 72
= 000000005692F5D0
R
P 0000000056969C18
C 294
R
P 0000000056969C18
P 000000005692F5D0
C 9
R
P 0000000056969C18
C 294
R
P 0000000056969C18
I 9
P 0000000056928128
C 144
= 0000000056929AC8
R
P 0000000056969C18
C 294
R
P 0000000056969C18
P 0000000056929AC8
C 9
R
P 0000000056969C18
C 294
R
P 0000000056969C18
P 00000000569292C8
P 0000000056929AC8
C 72
= 000000005692F608
R
P 0000000056969C18
C 294
R
P 0000000056969C18
P 000000005692F608
C 9
R
P 0000000056969C18
C 294
R
P 0000000056969C18
U 2
P 000000005692F5D0
P 000000005692F608
p 2
C 61
= 000000005692F640
R
P 0000000056969C18
C 294
R
P 0000000056969C18
P 000000005692F640
C 9
R
P 0000000056969C18
C 294
R
P 0000000056969C18
I 1
P 0000000056928128
C 144
= 0000000056928C68
R
P 0000000056969C18
C 294
R
P 0000000056969C18
P 0000000056928C68
C 9
R
P 0000000056969C18
C 294
R
P 0000000056969C18
P 0000000056928C68
P 00000000569292E8
C 72
= 000000005692F678
R
P 0000000056969C18
C 294
R
P 0000000056969C18
P 000000005692F678
C 9
R
P 0000000056969C18
C 294
R
P 0000000056969C18
I 9
P 0000000056928128
C 144
= 0000000056929AC8
R
P 0000000056969C18
C 294
R
P 0000000056969C18
P 0000000056929AC8
C 9
R
P 0000000056969C18
C 294
R
P 0000000056969C18
P 00000000569292E8
P 0000000056929AC8
C 72
= 000000005692F6B0
R
P 0000000056969C18
C 294
R
P 0000000056969C18
P 000000005692F6B0
C 9
R
P 0000000056969C18
C 294
R
P 0000000056969C18
U 2
P 000000005692F678
P 000000005692F6B0
p 2
C 61
= 000000005692F6E8
R
P 0000000056969C18
C 294
R
P 0000000056969C18
P 000000005692F6E8
C 9
R
P 0000000056969C18
C 294
R
P 0000000056969C18
I 1
P 0000000056928128
C 144
= 0000000056928C68
R
P 0000000056969C18
C 294
R
P 0000000056969C18
P 0000000056928C68
C 9
R
P 0000000056969C18
C 294
R
P 0000000056969C18
P 0000000056928C68
P 0000000056929308
C 72
= 000000005692F720
R
P 0000000056969C18
C 294
R
P 0000000056969C18
P 000000005692F720
C 9
R
P 0000000056969C18
C 294
R
P 0000000056969C18
I 9
P 0000000056928128
C 144
= 0000000056929AC8
R
P 0000000056969C18
C 294
R
P 0000000056969C18
P 0000000056929AC8
C 9
R
P 0000000056969C18
C 294
R
P 0000000056969C18
P 0000000056929308
P 0000000056929AC8
C 72
= 000000005692F758
R
P 0000000056969C18
C 294
R
P 0000000056969C18
P 000000005692F758
C 9
R
P 0000000056969C18
C 294
R
P 0000000056969C18
U 2
P 000000005692F720
P 000000005692F758
p 2
C 61
= 000000005692F790
R
P 0000000056969C18
C 294
R
P 0000000056969C18
P 000000005692F790
C 9
R
P 0000000056969C18
C 294
R
P 0000000056969C18
I 1
P 0000000056928128
C 144
= 0000000056928C68
R
P 0000000056969C18
C 294
R
P 0000000056969C18
P 0000000056928C68
C 9
R
P 0000000056969C18
C 294
R
P 0000000056969C18
P 0000000056928C68
P 0000000056929328
C 72
= 000000005692F7C8
R
P 0000000056969C18
C 294
R
P 0000000056969C18
P 000000005692F7C8
C 9
R
P 0000000056969C18
C 294
R
P 0000000056969C18
I 9
P 0000000056928128
C 144
= 0000000056929AC8
R
P 0000000056969C18
C 294
R
P 0000000056969C18
P 0000000056929AC8
C 9
R
P 0000000056969C18
C 294
R
P 0000000056969C18
P 0000000056929328
P 0000000056929AC8
C 72
= 000000005692F800
R
P 0000000056969C18
C 294
R
P 0000000056969C18
P 000000005692F800
C 9
R
P 0000000056969C18
C 294
R
P 0000000056969C18
U 2
P 000000005692F7C8
P 000000005692F800
p 2
C 61
= 000000005692F838
R
P 0000000056969C18
C 294
R
P 0000000056969C18
P 000000005692F838
C 9
R
P 0000000056969C18
C 294
R
P 0000000056969C18
I 1
P 0000000056928128
C 144
= 0000000056928C68
R
P 0000000056969C18
C 294
R
P 0000000056969C18
P 0000000056928C68
C 9
R
P 0000000056969C18
C 294
R
P 0000000056969C18
P 0000000056928C68
P 0000000056929348
C 72
= 000000005692F870
R
P 0000000056969C18
C 294
R
P 0000000056969C18
P 000000005692F870
C 9
R
P 0000000056969C18
C 294
R
P 0000000056969C18
I 9
P 0000000056928128
C 144
= 0000000056929AC8
R
P 0000000056969C18
C 294
R
P 0000000056969C18
P 0000000056929AC8
C 9
R
P 0000000056969C18
C 294
R
P 0000000056969C18
P 0000000056929348
P 0000000056929AC8
C 72
= 000000005692F8A8
R
P 0000000056969C18
C 294
R
P 0000000056969C18
P 000000005692F8A8
C 9
R
P 0000000056969C18
C 294
R
P 0000000056969C18
U 2
P 000000005692F870
P 000000005692F8A8
p 2
C 61
= 000000005692F8E0
R
P 0000000056969C18
C 294
R
P 0000000056969C18
P 000000005692F8E0
C 9
R
P 0000000056969C18
C 294
R
P 0000000056969C18
I 1
P 0000000056928128
C 144
= 0000000056928C68
R
P 0000000056969C18
C 294
R
P 0000000056969C18
P 0000000056928C68
C 9
R
P 0000000056969C18
C 294
R
P 0000000056969C18
P 0000000056928C68
P 0000000056929368
C 72
= 000000005692F918
R
P 0000000056969C18
C 294
R
P 0000000056969C18
P 000000005692F918
C 9
R
P 0000000056969C18
C 294
R
P 0000000056969C18
I 9
P 0000000056928128
C 144
= 0000000056929AC8
R
P 0000000056969C18
C 294
R
P 0000000056969C18
P 0000000056929AC8
C 9
R
P 0000000056969C18
C 294
R
P 0000000056969C18
P 0000000056929368
P 0000000056929AC8
C 72
= 000000005692F950
R
P 0000000056969C18
C 294
R
P 0000000056969C18
P 000000005692F950
C 9
R
P 0000000056969C18
C 294
R
P 0000000056969C18
U 2
P 000000005692F918
P 000000005692F950
p 2
C 61
= 000000005692F988
R
P 0000000056969C18
C 294
R
P 0000000056969C18
P 000000005692F988
C 9
R
P 0000000056969C18
C 294
R
P 0000000056969C18
I 1
P 0000000056928128
C 144
= 0000000056928C68
R
P 0000000056969C18
C 294
R
P 0000000056969C18
P 0000000056928C68
C 9
R
P 0000000056969C18
C 294
R
P 0000000056969C18
P 0000000056928C68
P 0000000056929388
C 72
= 000000005692F9C0
R
P 0000000056969C18
C 294
R
P 0000000056969C18
P 000000005692F9C0
C 9
R
P 0000000056969C18
C 294
R
P 0000000056969C18
I 9
P 0000000056928128
C 144
= 0000000056929AC8
R
P 0000000056969C18
C 294
R
P 0000000056969C18
P 0000000056929AC8
C 9
R
P 0000000056969C18
C 294
R
P 0000000056969C18
P 0000000056929388
P 0000000056929AC8
C 72
= 000000005692F9F8
R
P 0000000056969C18
C 294
R
P 0000000056969C18
P 000000005692F9F8
C 9
R
P 0000000056969C18
C 294
R
P 0000000056969C18
U 2
P 000000005692F9C0
P 000000005692F9F8
p 2
C 61
= 000000005692FA30
R
P 0000000056969C18
C 294
R
P 0000000056969C18
P 000000005692FA30
C 9
R
P 0000000056969C18
C 294
R
P 0000000056969C18
I 1
P 0000000056928128
C 144
= 0000000056928C68
R
P 0000000056969C18
C 294
R
P 0000000056969C18
P 0000000056928C68
C 9
R
P 0000000056969C18
C 294
R
P 0000000056969C18
P 0000000056928C68
P 00000000569293A8
C 72
= 000000005692FA68
R
P 0000000056969C18
C 294
R
P 0000000056969C18
P 000000005692FA68
C 9
R
P 0000000056969C18
C 294
R
P 0000000056969C18
I 9
P 0000000056928128
C 144
= 0000000056929AC8
R
P 0000000056969C18
C 294
R
P 0000000056969C18
P 0000000056929AC8
C 9
R
P 0000000056969C18
C 294
R
P 0000000056969C18
P 00000000569293A8
P 0000000056929AC8
C 72
= 000000005692FAA0
R
P 0000000056969C18
C 294
R
P 0000000056969C18
P 000000005692FAA0
C 9
R
P 0000000056969C18
C 294
R
P 0000000056969C18
U 2
P 000000005692FA68
P 000000005692FAA0
p 2
C 61
= 000000005692FAD8
R
P 0000000056969C18
C 294
R
P 0000000056969C18
P 000000005692FAD8
C 9
R
P 0000000056969C18
C 294
R
P 0000000056969C18
I 1
P 0000000056928128
C 144
= 0000000056928C68
R
P 0000000056969C18
C 294
R
P 0000000056969C18
P 0000000056928C68
C 9
R
P 0000000056969C18
C 294
R
P 0000000056969C18
P 0000000056928C68
P 00000000569293C8
C 72
= 000000005692FB10
R
P 0000000056969C18
C 294
R
P 0000000056969C18
P 000000005692FB10
C 9
R
P 0000000056969C18
C 294
R
P 0000000056969C18
I 9
P 0000000056928128
C 144
= 0000000056929AC8
R
P 0000000056969C18
C 294
R
P 0000000056969C18
P 0000000056929AC8
C 9
R
P 0000000056969C18
C 294
R
P 0000000056969C18
P 00000000569293C8
P 0000000056929AC8
C 72
= 000000005692FB48
R
P 0000000056969C18
C 294
R
P 0000000056969C18
P 000000005692FB48
C 9
R
P 0000000056969C18
C 294
R
P 0000000056969C18
U 2
P 000000005692FB10
P 000000005692FB48
p 2
C 61
= 000000005692FB80
R
P 0000000056969C18
C 294
R
P 0000000056969C18
P 000000005692FB80
C 9
R
P 0000000056969C18
C 294
R
P 0000000056969C18
I 1
P 0000000056928128
C 144
= 0000000056928C68
R
P 0000000056969C18
C 294
R
P 0000000056969C18
P 0000000056928C68
C 9
R
P 0000000056969C18
C 294
R
P 0000000056969C18
P 0000000056928C68
P 00000000569293E8
C 72
= 000000005692FBB8
R
P 0000000056969C18
C 294
R
P 0000000056969C18
P 000000005692FBB8
C 9
R
P 0000000056969C18
C 294
R
P 0000000056969C18
I 9
P 0000000056928128
C 144
= 0000000056929AC8
R
P 0000000056969C18
C 294
R
P 0000000056969C18
P 0000000056929AC8
C 9
R
P 0000000056969C18
C 294
R
P 0000000056969C18
P 00000000569293E8
P 0000000056929AC8
C 72
= 000000005692FBF0
R
P 0000000056969C18
C 294
R
P 0000000056969C18
P 000000005692FBF0
C 9
R
P 0000000056969C18
C 294
R
P 0000000056969C18
U 2
P 000000005692FBB8
P 000000005692FBF0
p 2
C 61
= 000000005692FC28
R
P 0000000056969C18
C 294
R
P 0000000056969C18
P 000000005692FC28
C 9
R
P 0000000056969C18
C 294
R
P 0000000056969C18
I 1
P 0000000056928128
C 144
= 0000000056928C68
R
P 0000000056969C18
C 294
R
P 0000000056969C18
P 0000000056928C68
C 9
R
P 0000000056969C18
C 294
R
P 0000000056969C18
P 0000000056928C68
P 0000000056929408
C 72
= 000000005692FC60
R
P 0000000056969C18
C 294
R
P 0000000056969C18
P 000000005692FC60
C 9
R
P 0000000056969C18
C 294
R
P 0000000056969C18
I 9
P 0000000056928128
C 144
= 0000000056929AC8
R
P 0000000056969C18
C 294
R
P 0000000056969C18
P 0000000056929AC8
C 9
R
P 0000000056969C18
C 294
R
P 0000000056969C18
P 0000000056929408
P 0000000056929AC8
C 72
= 000000005692FC98
R
P 0000000056969C18
C 294
R
P 0000000056969C18
P 000000005692FC98
C 9
R
P 0000000056969C18
C 294
R
P 0000000056969C18
U 2
P 000000005692FC60
P 000000005692FC98
p 2
C 61
= 000000005692FCD0
R
P 0000000056969C18
C 294
R
P 0000000056969C18
P 000000005692FCD0
C 9
R
P 0000000056969C18
C 294
R
P 0000000056969C18
I 1
P 0000000056928128
C 144
= 0000000056928C68
R
P 0000000056969C18
C 294
R
P 0000000056969C18
P 0000000056928C68
C 9
R
P 0000000056969C18
C 294
R
P 0000000056969C18
P 0000000056928C68
P 0000000056929428
C 72
= 000000005692FD08
R
P 0000000056969C18
C 294
R
P 0000000056969C18
P 000000005692FD08
C 9
R
P 0000000056969C18
C 294
R
P 0000000056969C18
I 9
P 0000000056928128
C 144
= 0000000056929AC8
R
P 0000000056969C18
C 294
R
P 0000000056969C18
P 0000000056929AC8
C 9
R
P 0000000056969C18
C 294
R
P 0000000056969C18
P 0000000056929428
P 0000000056929AC8
C 72
= 000000005692FD40
R
P 0000000056969C18
C 294
R
P 0000000056969C18
P 000000005692FD40
C 9
R
P 0000000056969C18
C 294
R
P 0000000056969C18
U 2
P 000000005692FD08
P 000000005692FD40
p 2
C 61
= 000000005692FD78
R
P 0000000056969C18
C 294
R
P 0000000056969C18
P 000000005692FD78
C 9
R
P 0000000056969C18
C 294
R
P 0000000056969C18
I 1
P 0000000056928128
C 144
= 0000000056928C68
R
P 0000000056969C18
C 294
R
P 0000000056969C18
P 0000000056928C68
C 9
R
P 0000000056969C18
C 294
R
P 0000000056969C18
P 0000000056928C68
P 0000000056929448
C 72
= 000000005692FDB0
R
P 0000000056969C18
C 294
R
P 0000000056969C18
P 000000005692FDB0
C 9
R
P 0000000056969C18
C 294
R
P 0000000056969C18
I 9
P 0000000056928128
C 144
= 0000000056929AC8
R
P 0000000056969C18
C 294
R
P 0000000056969C18
P 0000000056929AC8
C 9
R
P 0000000056969C18
C 294
R
P 0000000056969C18
P 0000000056929448
P 0000000056929AC8
C 72
= 000000005692FDE8
R
P 0000000056969C18
C 294
R
P 0000000056969C18
P 000000005692FDE8
C 9
R
P 0000000056969C18
C 294
R
P 0000000056969C18
U 2
P 000000005692FDB0
P 000000005692FDE8
p 2
C 61
= 000000005692FE20
R
P 0000000056969C18
C 294
R
P 0000000056969C18
P 000000005692FE20
C 9
R
P 0000000056969C18
C 294
R
P 0000000056969C18
I 1
P 0000000056928128
C 144
= 0000000056928C68
R
P 0000000056969C18
C 294
R
P 0000000056969C18
P 0000000056928C68
C 9
R
P 0000000056969C18
C 294
R
P 0000000056969C18
P 0000000056928C68
P 0000000056929468
C 72
= 000000005692FE58
R
P 0000000056969C18
C 294
R
P 0000000056969C18
P 000000005692FE58
C 9
R
P 0000000056969C18
C 294
R
P 0000000056969C18
I 9
P 0000000056928128
C 144
= 0000000056929AC8
R
P 0000000056969C18
C 294
R
P 0000000056969C18
P 0000000056929AC8
C 9
R
P 0000000056969C18
C 294
R
P 0000000056969C18
P 0000000056929468
P 0000000056929AC8
C 72
= 000000005692FE90
R
P 0000000056969C18
C 294
R
P 0000000056969C18
P 000000005692FE90
C 9
R
P 0000000056969C18
C 294
R
P 0000000056969C18
U 2
P 000000005692FE58
P 000000005692FE90
p 2
C 61
= 000000005692FEC8
R
P 0000000056969C18
C 294
R
P 0000000056969C18
P 000000005692FEC8
C 9
R
P 0000000056969C18
C 294
R
P 0000000056969C18
I 1
P 0000000056928128
C 144
= 0000000056928C68
R
P 0000000056969C18
C 294
R
P 0000000056969C18
P 0000000056928C68
C 9
R
P 0000000056969C18
C 294
R
P 0000000056969C18
P 0000000056928C68
P 0000000056929488
C 72
= 000000005692FF00
R
P 0000000056969C18
C 294
R
P 0000000056969C18
P 000000005692FF00
C 9
R
P 0000000056969C18
C 294
R
P 0000000056969C18
I 9
P 0000000056928128
C 144
= 0000000056929AC8
R
P 0000000056969C18
C 294
R
P 0000000056969C18
P 0000000056929AC8
C 9
R
P 0000000056969C18
C 294
R
P 0000000056969C18
P 0000000056929488
P 0000000056929AC8
C 72
= 000000005692FF38
R
P 0000000056969C18
C 294
R
P 0000000056969C18
P 000000005692FF38
C 9
R
P 0000000056969C18
C 294
R
P 0000000056969C18
U 2
P 000000005692FF00
P 000000005692FF38
p 2
C 61
= 000000005692FF70
R
P 0000000056969C18
C 294
R
P 0000000056969C18
P 000000005692FF70
C 9
R
P 0000000056969C18
C 294
R
P 0000000056969C18
I 1
P 0000000056928128
C 144
= 0000000056928C68
R
P 0000000056969C18
C 294
R
P 0000000056969C18
P 0000000056928C68
C 9
R
P 0000000056969C18
C 294
R
P 0000000056969C18
P 0000000056928C68
P 00000000569294A8
C 72
= 000000005692FFA8
R
P 0000000056969C18
C 294
R
P 0000000056969C18
P 000000005692FFA8
C 9
R
P 0000000056969C18
C 294
R
P 0000000056969C18
I 9
P 0000000056928128
C 144
= 0000000056929AC8
R
P 0000000056969C18
C 294
R
P 0000000056969C18
P 0000000056929AC8
C 9
R
P 0000000056969C18
C 294
R
P 0000000056969C18
P 00000000569294A8
P 0000000056929AC8
C 72
= 000000005692FFE0
R
P 0000000056969C18
C 294
R
P 0000000056969C18
P 000000005692FFE0
C 9
R
P 0000000056969C18
C 294
R
P 0000000056969C18
U 2
P 000000005692FFA8
P 000000005692FFE0
p 2
C 61
= 0000000056930018
R
P 0000000056969C18
C 294
R
P 0000000056969C18
P 0000000056930018
C 9
R
P 0000000056969C18
C 294
R
P 0000000056969C18
I 1
P 0000000056928128
C 144
= 0000000056928C68
R
P 0000000056969C18
C 294
R
P 0000000056969C18
P 0000000056928C68
C 9
R
P 0000000056969C18
C 294
R
P 0000000056969C18
P 0000000056928C68
P 00000000569294C8
C 72
= 000000005729BE78
R
P 0000000056969C18
C 294
R
P 0000000056969C18
P 000000005729BE78
C 9
R
P 0000000056969C18
C 294
R
P 0000000056969C18
I 9
P 0000000056928128
C 144
= 0000000056929AC8
R
P 0000000056969C18
C 294
R
P 0000000056969C18
P 0000000056929AC8
C 9
R
P 0000000056969C18
C 294
R
P 0000000056969C18
P 00000000569294C8
P 0000000056929AC8
C 72
= 000000005729BEB0
R
P 0000000056969C18
C 294
R
P 0000000056969C18
P 000000005729BEB0
C 9
R
P 0000000056969C18
C 294
R
P 0000000056969C18
U 2
P 000000005729BE78
P 000000005729BEB0
p 2
C 61
= 000000005729BEE8
R
P 0000000056969C18
C 294
R
P 0000000056969C18
P 000000005729BEE8
C 9
R
P 0000000056969C18
C 294
R
P 0000000056969C18
I 1
P 0000000056928128
C 144
= 0000000056928C68
R
P 0000000056969C18
C 294
R
P 0000000056969C18
P 0000000056928C68
C 9
R
P 0000000056969C18
C 294
R
P 0000000056969C18
P 0000000056928C68
P 00000000569294E8
C 72
= 000000005729BF20
R
P 0000000056969C18
C 294
R
P 0000000056969C18
P 000000005729BF20
C 9
R
P 0000000056969C18
C 294
R
P 0000000056969C18
I 9
P 0000000056928128
C 144
= 0000000056929AC8
R
P 0000000056969C18
C 294
R
P 0000000056969C18
P 0000000056929AC8
C 9
R
P 0000000056969C18
C 294
R
P 0000000056969C18
P 00000000569294E8
P 0000000056929AC8
C 72
= 000000005729BF58
R
P 0000000056969C18
C 294
R
P 0000000056969C18
P 000000005729BF58
C 9
R
P 0000000056969C18
C 294
R
P 0000000056969C18
U 2
P 000000005729BF20
P 000000005729BF58
p 2
C 61
= 000000005729BF90
R
P 0000000056969C18
C 294
R
P 0000000056969C18
P 000000005729BF90
C 9
R
P 0000000056969C18
C 294
R
P 0000000056969C18
I 1
P 0000000056928128
C 144
= 0000000056928C68
R
P 0000000056969C18
C 294
R
P 0000000056969C18
P 0000000056928C68
C 9
R
P 0000000056969C18
C 294
R
P 0000000056969C18
P 0000000056928C68
P 0000000056929508
C 72
= 000000005729BFC8
R
P 0000000056969C18
C 294
R
P 0000000056969C18
P 000000005729BFC8
C 9
R
P 0000000056969C18
C 294
R
P 0000000056969C18
I 9
P 0000000056928128
C 144
= 0000000056929AC8
R
P 0000000056969C18
C 294
R
P 0000000056969C18
P 0000000056929AC8
C 9
R
P 0000000056969C18
C 294
R
P 0000000056969C18
P 0000000056929508
P 0000000056929AC8
C 72
= 000000005729C000
R
P 0000000056969C18
C 294
R
P 0000000056969C18
P 000000005729C000
C 9
R
P 0000000056969C18
C 294
R
P 0000000056969C18
U 2
P 000000005729BFC8
P 000000005729C000
p 2
C 61
= 000000005729C038
R
P 0000000056969C18
C 294
R
P 0000000056969C18
P 000000005729C038
C 9
R
P 0000000056969C18
C 294
R
P 0000000056969C18
I 1
P 0000000056928128
C 144
= 0000000056928C68
R
P 0000000056969C18
C 294
R
P 0000000056969C18
P 0000000056928C68
C 9
R
P 0000000056969C18
C 294
R
P 0000000056969C18
P 0000000056928C68
P 0000000056929528
C 72
= 000000005729C070
R
P 0000000056969C18
C 294
R
P 0000000056969C18
P 000000005729C070
C 9
R
P 0000000056969C18
C 294
R
P 0000000056969C18
I 9
P 0000000056928128
C 144
= 0000000056929AC8
R
P 0000000056969C18
C 294
R
P 0000000056969C18
P 0000000056929AC8
C 9
R
P 0000000056969C18
C 294
R
P 0000000056969C18
P 0000000056929528
P 0000000056929AC8
C 72
= 000000005729C0A8
R
P 0000000056969C18
C 294
R
P 0000000056969C18
P 000000005729C0A8
C 9
R
P 0000000056969C18
C 294
R
P 0000000056969C18
U 2
P 000000005729C070
P 000000005729C0A8
p 2
C 61
= 000000005729C0E0
R
P 0000000056969C18
C 294
R
P 0000000056969C18
P 000000005729C0E0
C 9
R
P 0000000056969C18
C 294
R
P 0000000056969C18
I 1
P 0000000056928128
C 144
= 0000000056928C68
R
P 0000000056969C18
C 294
R
P 0000000056969C18
P 0000000056928C68
C 9
R
P 0000000056969C18
C 294
R
P 0000000056969C18
P 0000000056928C68
P 0000000056929548
C 72
= 000000005729C118
R
P 0000000056969C18
C 294
R
P 0000000056969C18
P 000000005729C118
C 9
R
P 0000000056969C18
C 294
R
P 0000000056969C18
I 9
P 0000000056928128
C 144
= 0000000056929AC8
R
P 0000000056969C18
C 294
R
P 0000000056969C18
P 0000000056929AC8
C 9
R
P 0000000056969C18
C 294
R
P 0000000056969C18
P 0000000056929548
P 0000000056929AC8
C 72
= 000000005729C150
R
P 0000000056969C18
C 294
R
P 0000000056969C18
P 000000005729C150
C 9
R
P 0000000056969C18
C 294
R
P 0000000056969C18
U 2
P 000000005729C118
P 000000005729C150
p 2
C 61
= 000000005729C188
R
P 0000000056969C18
C 294
R
P 0000000056969C18
P 000000005729C188
C 9
R
P 0000000056969C18
C 294
R
P 0000000056969C18
I 1
P 0000000056928128
C 144
= 0000000056928C68
R
P 0000000056969C18
C 294
R
P 0000000056969C18
P 0000000056928C68
C 9
R
P 0000000056969C18
C 294
R
P 0000000056969C18
P 0000000056928C68
P 0000000056929568
C 72
= 000000005729C1C0
R
P 0000000056969C18
C 294
R
P 0000000056969C18
P 000000005729C1C0
C 9
R
P 0000000056969C18
C 294
R
P 0000000056969C18
I 9
P 0000000056928128
C 144
= 0000000056929AC8
R
P 0000000056969C18
C 294
R
P 0000000056969C18
P 0000000056929AC8
C 9
R
P 0000000056969C18
C 294
R
P 0000000056969C18
P 0000000056929568
P 0000000056929AC8
C 72
= 000000005729C1F8
R
P 0000000056969C18
C 294
R
P 0000000056969C18
P 000000005729C1F8
C 9
R
P 0000000056969C18
C 294
R
P 0000000056969C18
U 2
P 000000005729C1C0
P 000000005729C1F8
p 2
C 61
= 000000005729C230
R
P 0000000056969C18
C 294
R
P 0000000056969C18
P 000000005729C230
C 9
R
P 0000000056969C18
C 294
R
P 0000000056969C18
I 1
P 0000000056928128
C 144
= 0000000056928C68
R
P 0000000056969C18
C 294
R
P 0000000056969C18
P 0000000056928C68
C 9
R
P 0000000056969C18
C 294
R
P 0000000056969C18
P 0000000056928C68
P 0000000056929588
C 72
= 000000005729C268
R
P 0000000056969C18
C 294
R
P 0000000056969C18
P 000000005729C268
C 9
R
P 0000000056969C18
C 294
R
P 0000000056969C18
I 9
P 0000000056928128
C 144
= 0000000056929AC8
R
P 0000000056969C18
C 294
R
P 0000000056969C18
P 0000000056929AC8
C 9
R
P 0000000056969C18
C 294
R
P 0000000056969C18
P 0000000056929588
P 0000000056929AC8
C 72
= 000000005729C2A0
R
P 0000000056969C18
C 294
R
P 0000000056969C18
P 000000005729C2A0
C 9
R
P 0000000056969C18
C 294
R
P 0000000056969C18
U 2
P 000000005729C268
P 000000005729C2A0
p 2
C 61
= 000000005729C2D8
R
P 0000000056969C18
C 294
R
P 0000000056969C18
P 000000005729C2D8
C 9
R
P 0000000056969C18
C 294
R
P 0000000056969C18
I 1
P 0000000056928128
C 144
= 0000000056928C68
R
P 0000000056969C18
C 294
R
P 0000000056969C18
P 0000000056928C68
C 9
R
P 0000000056969C18
C 294
R
P 0000000056969C18
P 0000000056928C68
P 00000000569295A8
C 72
= 000000005729C310
R
P 0000000056969C18
C 294
R
P 0000000056969C18
P 000000005729C310
C 9
R
P 0000000056969C18
C 294
R
P 0000000056969C18
I 9
P 0000000056928128
C 144
= 0000000056929AC8
R
P 0000000056969C18
C 294
R
P 0000000056969C18
P 0000000056929AC8
C 9
R
P 0000000056969C18
C 294
R
P 0000000056969C18
P 00000000569295A8
P 0000000056929AC8
C 72
= 000000005729C348
R
P 0000000056969C18
C 294
R
P 0000000056969C18
P 000000005729C348
C 9
R
P 0000000056969C18
C 294
R
P 0000000056969C18
U 2
P 000000005729C310
P 000000005729C348
p 2
C 61
= 000000005729C380
R
P 0000000056969C18
C 294
R
P 0000000056969C18
P 000000005729C380
C 9
R
P 0000000056969C18
C 294
R
P 0000000056969C18
I 1
P 0000000056928128
C 144
= 0000000056928C68
R
P 0000000056969C18
C 294
R
P 0000000056969C18
P 0000000056928C68
C 9
R
P 0000000056969C18
C 294
R
P 0000000056969C18
P 0000000056928C68
P 00000000569295C8
C 72
= 000000005729C3B8
R
P 0000000056969C18
C 294
R
P 0000000056969C18
P 000000005729C3B8
C 9
R
P 0000000056969C18
C 294
R
P 0000000056969C18
I 9
P 0000000056928128
C 144
= 0000000056929AC8
R
P 0000000056969C18
C 294
R
P 0000000056969C18
P 0000000056929AC8
C 9
R
P 0000000056969C18
C 294
R
P 0000000056969C18
P 00000000569295C8
P 0000000056929AC8
C 72
= 000000005729C3F0
R
P 0000000056969C18
C 294
R
P 0000000056969C18
P 000000005729C3F0
C 9
R
P 0000000056969C18
C 294
R
P 0000000056969C18
U 2
P 000000005729C3B8
P 000000005729C3F0
p 2
C 61
= 000000005729C428
R
P 0000000056969C18
C 294
R
P 0000000056969C18
P 000000005729C428
C 9
R
P 0000000056969C18
C 294
R
P 0000000056969C18
I 1
P 0000000056928128
C 144
= 0000000056928C68
R
P 0000000056969C18
C 294
R
P 0000000056969C18
P 0000000056928C68
C 9
R
P 0000000056969C18
C 294
R
P 0000000056969C18
P 0000000056928C68
P 00000000569295E8
C 72
= 000000005729C460
R
P 0000000056969C18
C 294
R
P 0000000056969C18
P 000000005729C460
C 9
R
P 0000000056969C18
C 294
R
P 0000000056969C18
I 9
P 0000000056928128
C 144
= 0000000056929AC8
R
P 0000000056969C18
C 294
R
P 0000000056969C18
P 0000000056929AC8
C 9
R
P 0000000056969C18
C 294
R
P 0000000056969C18
P 00000000569295E8
P 0000000056929AC8
C 72
= 000000005729C498
R
P 0000000056969C18
C 294
R
P 0000000056969C18
P 000000005729C498
C 9
R
P 0000000056969C18
C 294
R
P 0000000056969C18
U 2
P 000000005729C460
P 000000005729C498
p 2
C 61
= 000000005729C4D0
R
P 0000000056969C18
C 294
R
P 0000000056969C18
P 000000005729C4D0
C 9
R
P 0000000056969C18
C 294
R
P 0000000056969C18
I 1
P 0000000056928128
C 144
= 0000000056928C68
R
P 0000000056969C18
C 294
R
P 0000000056969C18
P 0000000056928C68
C 9
R
P 0000000056969C18
C 294
R
P 0000000056969C18
P 0000000056928C68
P 0000000056929608
C 72
= 000000005729C508
R
P 0000000056969C18
C 294
R
P 0000000056969C18
P 000000005729C508
C 9
R
P 0000000056969C18
C 294
R
P 0000000056969C18
I 9
P 0000000056928128
C 144
= 0000000056929AC8
R
P 0000000056969C18
C 294
R
P 0000000056969C18
P 0000000056929AC8
C 9
R
P 0000000056969C18
C 294
R
P 0000000056969C18
P 0000000056929608
P 0000000056929AC8
C 72
= 000000005729C540
R
P 0000000056969C18
C 294
R
P 0000000056969C18
P 000000005729C540
C 9
R
P 0000000056969C18
C 294
R
P 0000000056969C18
U 2
P 000000005729C508
P 000000005729C540
p 2
C 61
= 000000005729C578
R
P 0000000056969C18
C 294
R
P 0000000056969C18
P 000000005729C578
C 9
R
P 0000000056969C18
C 294
R
P 0000000056969C18
I 1
P 0000000056928128
C 144
= 0000000056928C68
R
P 0000000056969C18
C 294
R
P 0000000056969C18
P 0000000056928C68
C 9
R
P 0000000056969C18
C 294
R
P 0000000056969C18
P 0000000056928C68
P 0000000056929628
C 72
= 000000005729C5B0
R
P 0000000056969C18
C 294
R
P 0000000056969C18
P 000000005729C5B0
C 9
R
P 0000000056969C18
C 294
R
P 0000000056969C18
I 9
P 0000000056928128
C 144
= 0000000056929AC8
R
P 0000000056969C18
C 294
R
P 0000000056969C18
P 0000000056929AC8
C 9
R
P 0000000056969C18
C 294
R
P 0000000056969C18
P 0000000056929628
P 0000000056929AC8
C 72
= 000000005729C5E8
R
P 0000000056969C18
C 294
R
P 0000000056969C18
P 000000005729C5E8
C 9
R
P 0000000056969C18
C 294
R
P 0000000056969C18
U 2
P 000000005729C5B0
P 000000005729C5E8
p 2
C 61
= 000000005729C620
R
P 0000000056969C18
C 294
R
P 0000000056969C18
P 000000005729C620
C 9
R
P 0000000056969C18
C 294
R
P 0000000056969C18
I 1
P 0000000056928128
C 144
= 0000000056928C68
R
P 0000000056969C18
C 294
R
P 0000000056969C18
P 0000000056928C68
C 9
R
P 0000000056969C18
C 294
R
P 0000000056969C18
P 0000000056928C68
P 0000000056929648
C 72
= 000000005729C658
R
P 0000000056969C18
C 294
R
P 0000000056969C18
P 000000005729C658
C 9
R
P 0000000056969C18
C 294
R
P 0000000056969C18
I 9
P 0000000056928128
C 144
= 0000000056929AC8
R
P 0000000056969C18
C 294
R
P 0000000056969C18
P 0000000056929AC8
C 9
R
P 0000000056969C18
C 294
R
P 0000000056969C18
P 0000000056929648
P 0000000056929AC8
C 72
= 000000005729C690
R
P 0000000056969C18
C 294
R
P 0000000056969C18
P 000000005729C690
C 9
R
P 0000000056969C18
C 294
R
P 0000000056969C18
U 2
P 000000005729C658
P 000000005729C690
p 2
C 61
= 000000005729C6C8
R
P 0000000056969C18
C 294
R
P 0000000056969C18
P 000000005729C6C8
C 9
R
P 0000000056969C18
C 294
R
P 0000000056969C18
I 1
P 0000000056928128
C 144
= 0000000056928C68
R
P 0000000056969C18
C 294
R
P 0000000056969C18
P 0000000056928C68
C 9
R
P 0000000056969C18
C 294
R
P 0000000056969C18
P 0000000056928C68
P 0000000056929668
C 72
= 000000005729C700
R
P 0000000056969C18
C 294
R
P 0000000056969C18
P 000000005729C700
C 9
R
P 0000000056969C18
C 294
R
P 0000000056969C18
I 9
P 0000000056928128
C 144
= 0000000056929AC8
R
P 0000000056969C18
C 294
R
P 0000000056969C18
P 0000000056929AC8
C 9
R
P 0000000056969C18
C 294
R
P 0000000056969C18
P 0000000056929668
P 0000000056929AC8
C 72
= 000000005729C738
R
P 0000000056969C18
C 294
R
P 0000000056969C18
P 000000005729C738
C 9
R
P 0000000056969C18
C 294
R
P 0000000056969C18
U 2
P 000000005729C700
P 000000005729C738
p 2
C 61
= 000000005729C770
R
P 0000000056969C18
C 294
R
P 0000000056969C18
P 000000005729C770
C 9
R
P 0000000056969C18
C 294
R
P 0000000056969C18
I 1
P 0000000056928128
C 144
= 0000000056928C68
R
P 0000000056969C18
C 294
R
P 0000000056969C18
P 0000000056928C68
C 9
R
P 0000000056969C18
C 294
R
P 0000000056969C18
P 0000000056928C68
P 0000000056929688
C 72
= 000000005729C7A8
R
P 0000000056969C18
C 294
R
P 0000000056969C18
P 000000005729C7A8
C 9
R
P 0000000056969C18
C 294
R
P 0000000056969C18
I 9
P 0000000056928128
C 144
= 0000000056929AC8
R
P 0000000056969C18
C 294
R
P 0000000056969C18
P 0000000056929AC8
C 9
R
P 0000000056969C18
C 294
R
P 0000000056969C18
P 0000000056929688
P 0000000056929AC8
C 72
= 000000005729C7E0
R
P 0000000056969C18
C 294
R
P 0000000056969C18
P 000000005729C7E0
C 9
R
P 0000000056969C18
C 294
R
P 0000000056969C18
U 2
P 000000005729C7A8
P 000000005729C7E0
p 2
C 61
= 000000005729C818
R
P 0000000056969C18
C 294
R
P 0000000056969C18
P 000000005729C818
C 9
R
P 0000000056969C18
C 294
R
P 0000000056969C18
I 1
P 0000000056928128
C 144
= 0000000056928C68
R
P 0000000056969C18
C 294
R
P 0000000056969C18
P 0000000056928C68
C 9
R
P 0000000056969C18
C 294
R
P 0000000056969C18
P 0000000056928C68
P 00000000569296A8
C 72
= 000000005729C850
R
P 0000000056969C18
C 294
R
P 0000000056969C18
P 000000005729C850
C 9
R
P 0000000056969C18
C 294
R
P 0000000056969C18
I 9
P 0000000056928128
C 144
= 0000000056929AC8
R
P 0000000056969C18
C 294
R
P 0000000056969C18
P 0000000056929AC8
C 9
R
P 0000000056969C18
C 294
R
P 0000000056969C18
P 00000000569296A8
P 0000000056929AC8
C 72
= 000000005729C888
R
P 0000000056969C18
C 294
R
P 0000000056969C18
P 000000005729C888
C 9
R
P 0000000056969C18
C 294
R
P 0000000056969C18
U 2
P 000000005729C850
P 000000005729C888
p 2
C 61
= 000000005729C8C0
R
P 0000000056969C18
C 294
R
P 0000000056969C18
P 000000005729C8C0
C 9
R
P 0000000056969C18
C 294
R
P 0000000056969C18
I 1
P 0000000056928128
C 144
= 0000000056928C68
R
P 0000000056969C18
C 294
R
P 0000000056969C18
P 0000000056928C68
C 9
R
P 0000000056969C18
C 294
R
P 0000000056969C18
P 0000000056928C68
P 00000000569296C8
C 72
= 000000005729C8F8
R
P 0000000056969C18
C 294
R
P 0000000056969C18
P 000000005729C8F8
C 9
R
P 0000000056969C18
C 294
R
P 0000000056969C18
I 9
P 0000000056928128
C 144
= 0000000056929AC8
R
P 0000000056969C18
C 294
R
P 0000000056969C18
P 0000000056929AC8
C 9
R
P 0000000056969C18
C 294
R
P 0000000056969C18
P 00000000569296C8
P 0000000056929AC8
C 72
= 000000005729C930
R
P 0000000056969C18
C 294
R
P 0000000056969C18
P 000000005729C930
C 9
R
P 0000000056969C18
C 294
R
P 0000000056969C18
U 2
P 000000005729C8F8
P 000000005729C930
p 2
C 61
= 000000005729C968
R
P 0000000056969C18
C 294
R
P 0000000056969C18
P 000000005729C968
C 9
R
P 0000000056969C18
C 294
R
P 0000000056969C18
I 1
P 0000000056928128
C 144
= 0000000056928C68
R
P 0000000056969C18
C 294
R
P 0000000056969C18
P 0000000056928C68
C 9
R
P 0000000056969C18
C 294
R
P 0000000056969C18
P 0000000056928C68
P 00000000569296E8
C 72
= 000000005729C9A0
R
P 0000000056969C18
C 294
R
P 0000000056969C18
P 000000005729C9A0
C 9
R
P 0000000056969C18
C 294
R
P 0000000056969C18
I 9
P 0000000056928128
C 144
= 0000000056929AC8
R
P 0000000056969C18
C 294
R
P 0000000056969C18
P 0000000056929AC8
C 9
R
P 0000000056969C18
C 294
R
P 0000000056969C18
P 00000000569296E8
P 0000000056929AC8
C 72
= 000000005729C9D8
R
P 0000000056969C18
C 294
R
P 0000000056969C18
P 000000005729C9D8
C 9
R
P 0000000056969C18
C 294
R
P 0000000056969C18
U 2
P 000000005729C9A0
P 000000005729C9D8
p 2
C 61
= 000000005729CA10
R
P 0000000056969C18
C 294
R
P 0000000056969C18
P 000000005729CA10
C 9
R
P 0000000056969C18
C 294
R
P 0000000056969C18
I 1
P 0000000056928128
C 144
= 0000000056928C68
R
P 0000000056969C18
C 294
R
P 0000000056969C18
P 0000000056928C68
C 9
R
P 0000000056969C18
C 294
R
P 0000000056969C18
P 0000000056928C68
P 0000000056929708
C 72
= 000000005729CA48
R
P 0000000056969C18
C 294
R
P 0000000056969C18
P 000000005729CA48
C 9
R
P 0000000056969C18
C 294
R
P 0000000056969C18
I 9
P 0000000056928128
C 144
= 0000000056929AC8
R
P 0000000056969C18
C 294
R
P 0000000056969C18
P 0000000056929AC8
C 9
R
P 0000000056969C18
C 294
R
P 0000000056969C18
P 0000000056929708
P 0000000056929AC8
C 72
= 000000005729CA80
R
P 0000000056969C18
C 294
R
P 0000000056969C18
P 000000005729CA80
C 9
R
P 0000000056969C18
C 294
R
P 0000000056969C18
U 2
P 000000005729CA48
P 000000005729CA80
p 2
C 61
= 000000005729CAB8
R
P 0000000056969C18
C 294
R
P 0000000056969C18
P 000000005729CAB8
C 9
R
P 0000000056969C18
C 294
R
P 0000000056969C18
I 1
P 0000000056928128
C 144
= 0000000056928C68
R
P 0000000056969C18
C 294
R
P 0000000056969C18
P 0000000056928C68
C 9
R
P 0000000056969C18
C 294
R
P 0000000056969C18
P 0000000056928C68
P 0000000056929728
C 72
= 000000005729CAF0
R
P 0000000056969C18
C 294
R
P 0000000056969C18
P 000000005729CAF0
C 9
R
P 0000000056969C18
C 294
R
P 0000000056969C18
I 9
P 0000000056928128
C 144
= 0000000056929AC8
R
P 0000000056969C18
C 294
R
P 0000000056969C18
P 0000000056929AC8
C 9
R
P 0000000056969C18
C 294
R
P 0000000056969C18
P 0000000056929728
P 0000000056929AC8
C 72
= 000000005729CB28
R
P 0000000056969C18
C 294
R
P 0000000056969C18
P 000000005729CB28
C 9
R
P 0000000056969C18
C 294
R
P 0000000056969C18
U 2
P 000000005729CAF0
P 000000005729CB28
p 2
C 61
= 000000005729CB60
R
P 0000000056969C18
C 294
R
P 0000000056969C18
P 000000005729CB60
C 9
R
P 0000000056969C18
C 294
R
P 0000000056969C18
I 1
P 0000000056928128
C 144
= 0000000056928C68
R
P 0000000056969C18
C 294
R
P 0000000056969C18
P 0000000056928C68
C 9
R
P 0000000056969C18
C 294
R
P 0000000056969C18
P 0000000056928C68
P 0000000056929748
C 72
= 000000005729CB98
R
P 0000000056969C18
C 294
R
P 0000000056969C18
P 000000005729CB98
C 9
R
P 0000000056969C18
C 294
R
P 0000000056969C18
I 9
P 0000000056928128
C 144
= 0000000056929AC8
R
P 0000000056969C18
C 294
R
P 0000000056969C18
P 0000000056929AC8
C 9
R
P 0000000056969C18
C 294
R
P 0000000056969C18
P 0000000056929748
P 0000000056929AC8
C 72
= 000000005729CBD0
R
P 0000000056969C18
C 294
R
P 0000000056969C18
P 000000005729CBD0
C 9
R
P 0000000056969C18
C 294
R
P 0000000056969C18
U 2
P 000000005729CB98
P 000000005729CBD0
p 2
C 61
= 000000005729CC08
R
P 0000000056969C18
C 294
R
P 0000000056969C18
P 000000005729CC08
C 9
R
P 0000000056969C18
C 294
R
P 0000000056969C18
I 1
P 0000000056928128
C 144
= 0000000056928C68
R
P 0000000056969C18
C 294
R
P 0000000056969C18
P 0000000056928C68
C 9
R
P 0000000056969C18
C 294
R
P 0000000056969C18
P 0000000056928C68
P 0000000056929768
C 72
= 000000005729CC40
R
P 0000000056969C18
C 294
R
P 0000000056969C18
P 000000005729CC40
C 9
R
P 0000000056969C18
C 294
R
P 0000000056969C18
I 9
P 0000000056928128
C 144
= 0000000056929AC8
R
P 0000000056969C18
C 294
R
P 0000000056969C18
P 0000000056929AC8
C 9
R
P 0000000056969C18
C 294
R
P 0000000056969C18
P 0000000056929768
P 0000000056929AC8
C 72
= 000000005729CC78
R
P 0000000056969C18
C 294
R
P 0000000056969C18
P 000000005729CC78
C 9
R
P 0000000056969C18
C 294
R
P 0000000056969C18
U 2
P 000000005729CC40
P 000000005729CC78
p 2
C 61
= 000000005729CCB0
R
P 0000000056969C18
C 294
R
P 0000000056969C18
P 000000005729CCB0
C 9
R
P 0000000056969C18
C 294
R
P 0000000056969C18
I 1
P 0000000056928128
C 144
= 0000000056928C68
R
P 0000000056969C18
C 294
R
P 0000000056969C18
P 0000000056928C68
C 9
R
P 0000000056969C18
C 294
R
P 0000000056969C18
P 0000000056928C68
P 0000000056929788
C 72
= 000000005729CCE8
R
P 0000000056969C18
C 294
R
P 0000000056969C18
P 000000005729CCE8
C 9
R
P 0000000056969C18
C 294
R
P 0000000056969C18
I 9
P 0000000056928128
C 144
= 0000000056929AC8
R
P 0000000056969C18
C 294
R
P 0000000056969C18
P 0000000056929AC8
C 9
R
P 0000000056969C18
C 294
R
P 0000000056969C18
P 0000000056929788
P 0000000056929AC8
C 72
= 000000005729CD20
R
P 0000000056969C18
C 294
R
P 0000000056969C18
P 000000005729CD20
C 9
R
P 0000000056969C18
C 294
R
P 0000000056969C18
U 2
P 000000005729CCE8
P 000000005729CD20
p 2
C 61
= 000000005729CD58
R
P 0000000056969C18
C 294
R
P 0000000056969C18
P 000000005729CD58
C 9
R
P 0000000056969C18
C 294
R
P 0000000056969C18
I 1
P 0000000056928128
C 144
= 0000000056928C68
R
P 0000000056969C18
C 294
R
P 0000000056969C18
P 0000000056928C68
C 9
R
P 0000000056969C18
C 294
R
P 0000000056969C18
P 0000000056928C68
P 00000000569297A8
C 72
= 000000005729CD90
R
P 0000000056969C18
C 294
R
P 0000000056969C18
P 000000005729CD90
C 9
R
P 0000000056969C18
C 294
R
P 0000000056969C18
I 9
P 0000000056928128
C 144
= 0000000056929AC8
R
P 0000000056969C18
C 294
R
P 0000000056969C18
P 0000000056929AC8
C 9
R
P 0000000056969C18
C 294
R
P 0000000056969C18
P 00000000569297A8
P 0000000056929AC8
C 72
= 000000005729CDC8
R
P 0000000056969C18
C 294
R
P 0000000056969C18
P 000000005729CDC8
C 9
R
P 0000000056969C18
C 294
R
P 0000000056969C18
U 2
P 000000005729CD90
P 000000005729CDC8
p 2
C 61
= 000000005729CE00
R
P 0000000056969C18
C 294
R
P 0000000056969C18
P 000000005729CE00
C 9
R
P 0000000056969C18
C 294
R
P 0000000056969C18
I 1
P 0000000056928128
C 144
= 0000000056928C68
R
P 0000000056969C18
C 294
R
P 0000000056969C18
P 0000000056928C68
C 9
R
P 0000000056969C18
C 294
R
P 0000000056969C18
P 0000000056928C68
P 00000000569297C8
C 72
= 000000005729CE38
R
P 0000000056969C18
C 294
R
P 0000000056969C18
P 000000005729CE38
C 9
R
P 0000000056969C18
C 294
R
P 0000000056969C18
I 9
P 0000000056928128
C 144
= 0000000056929AC8
R
P 0000000056969C18
C 294
R
P 0000000056969C18
P 0000000056929AC8
C 9
R
P 0000000056969C18
C 294
R
P 0000000056969C18
P 00000000569297C8
P 0000000056929AC8
C 72
= 000000005729CE70
R
P 0000000056969C18
C 294
R
P 0000000056969C18
P 000000005729CE70
C 9
R
P 0000000056969C18
C 294
R
P 0000000056969C18
U 2
P 000000005729CE38
P 000000005729CE70
p 2
C 61
= 000000005729CEA8
R
P 0000000056969C18
C 294
R
P 0000000056969C18
P 000000005729CEA8
C 9
R
P 0000000056969C18
C 294
R
P 0000000056969C18
I 1
P 0000000056928128
C 144
= 0000000056928C68
R
P 0000000056969C18
C 294
R
P 0000000056969C18
P 0000000056928C68
C 9
R
P 0000000056969C18
C 294
R
P 0000000056969C18
P 0000000056928C68
P 00000000569297E8
C 72
= 000000005729CEE0
R
P 0000000056969C18
C 294
R
P 0000000056969C18
P 000000005729CEE0
C 9
R
P 0000000056969C18
C 294
R
P 0000000056969C18
I 9
P 0000000056928128
C 144
= 0000000056929AC8
R
P 0000000056969C18
C 294
R
P 0000000056969C18
P 0000000056929AC8
C 9
R
P 0000000056969C18
C 294
R
P 0000000056969C18
P 00000000569297E8
P 0000000056929AC8
C 72
= 000000005729CF18
R
P 0000000056969C18
C 294
R
P 0000000056969C18
P 000000005729CF18
C 9
R
P 0000000056969C18
C 294
R
P 0000000056969C18
U 2
P 000000005729CEE0
P 000000005729CF18
p 2
C 61
= 000000005729CF50
R
P 0000000056969C18
C 294
R
P 0000000056969C18
P 000000005729CF50
C 9
R
P 0000000056969C18
C 294
R
P 0000000056969C18
I 1
P 0000000056928128
C 144
= 0000000056928C68
R
P 0000000056969C18
C 294
R
P 0000000056969C18
P 0000000056928C68
C 9
R
P 0000000056969C18
C 294
R
P 0000000056969C18
P 0000000056928C68
P 0000000056929808
C 72
= 000000005729CF88
R
P 0000000056969C18
C 294
R
P 0000000056969C18
P 000000005729CF88
C 9
R
P 0000000056969C18
C 294
R
P 0000000056969C18
I 9
P 0000000056928128
C 144
= 0000000056929AC8
R
P 0000000056969C18
C 294
R
P 0000000056969C18
P 0000000056929AC8
C 9
R
P 0000000056969C18
C 294
R
P 0000000056969C18
P 0000000056929808
P 0000000056929AC8
C 72
= 000000005729CFC0
R
P 0000000056969C18
C 294
R
P 0000000056969C18
P 000000005729CFC0
C 9
R
P 0000000056969C18
C 294
R
P 0000000056969C18
U 2
P 000000005729CF88
P 000000005729CFC0
p 2
C 61
= 000000005729CFF8
R
P 0000000056969C18
C 294
R
P 0000000056969C18
P 000000005729CFF8
C 9
R
P 0000000056969C18
C 294
R
P 0000000056969C18
I 1
P 0000000056928128
C 144
= 0000000056928C68
R
P 0000000056969C18
C 294
R
P 0000000056969C18
P 0000000056928C68
C 9
R
P 0000000056969C18
C 294
R
P 0000000056969C18
P 0000000056928C68
P 0000000056929828
C 72
= 000000005729D030
R
P 0000000056969C18
C 294
R
P 0000000056969C18
P 000000005729D030
C 9
R
P 0000000056969C18
C 294
R
P 0000000056969C18
I 9
P 0000000056928128
C 144
= 0000000056929AC8
R
P 0000000056969C18
C 294
R
P 0000000056969C18
P 0000000056929AC8
C 9
R
P 0000000056969C18
C 294
R
P 0000000056969C18
P 0000000056929828
P 0000000056929AC8
C 72
= 000000005729D068
R
P 0000000056969C18
C 294
R
P 0000000056969C18
P 000000005729D068
C 9
R
P 0000000056969C18
C 294
R
P 0000000056969C18
U 2
P 000000005729D030
P 000000005729D068
p 2
C 61
= 000000005729D0A0
R
P 0000000056969C18
C 294
R
P 0000000056969C18
P 000000005729D0A0
C 9
R
P 0000000056969C18
C 294
R
P 0000000056969C18
I 1
P 0000000056928128
C 144
= 0000000056928C68
R
P 0000000056969C18
C 294
R
P 0000000056969C18
P 0000000056928C68
C 9
R
P 0000000056969C18
C 294
R
P 0000000056969C18
P 0000000056928C68
P 0000000056929848
C 72
= 000000005729D0D8
R
P 0000000056969C18
C 294
R
P 0000000056969C18
P 000000005729D0D8
C 9
R
P 0000000056969C18
C 294
R
P 0000000056969C18
I 9
P 0000000056928128
C 144
= 0000000056929AC8
R
P 0000000056969C18
C 294
R
P 0000000056969C18
P 0000000056929AC8
C 9
R
P 0000000056969C18
C 294
R
P 0000000056969C18
P 0000000056929848
P 0000000056929AC8
C 72
= 000000005729D110
R
P 0000000056969C18
C 294
R
P 0000000056969C18
P 000000005729D110
C 9
R
P 0000000056969C18
C 294
R
P 0000000056969C18
U 2
P 000000005729D0D8
P 000000005729D110
p 2
C 61
= 000000005729D148
R
P 0000000056969C18
C 294
R
P 0000000056969C18
P 000000005729D148
C 9
R
P 0000000056969C18
C 294
R
P 0000000056969C18
I 1
P 0000000056928128
C 144
= 0000000056928C68
R
P 0000000056969C18
C 294
R
P 0000000056969C18
P 0000000056928C68
C 9
R
P 0000000056969C18
C 294
R
P 0000000056969C18
P 0000000056928C68
P 0000000056929868
C 72
= 000000005729D180
R
P 0000000056969C18
C 294
R
P 0000000056969C18
P 000000005729D180
C 9
R
P 0000000056969C18
C 294
R
P 0000000056969C18
I 9
P 0000000056928128
C 144
= 0000000056929AC8
R
P 0000000056969C18
C 294
R
P 0000000056969C18
P 0000000056929AC8
C 9
R
P 0000000056969C18
C 294
R
P 0000000056969C18
P 0000000056929868
P 0000000056929AC8
C 72
= 000000005729D1B8
R
P 0000000056969C18
C 294
R
P 0000000056969C18
P 000000005729D1B8
C 9
R
P 0000000056969C18
C 294
R
P 0000000056969C18
U 2
P 000000005729D180
P 000000005729D1B8
p 2
C 61
= 000000005729D1F0
R
P 0000000056969C18
C 294
R
P 0000000056969C18
P 000000005729D1F0
C 9
R
P 0000000056969C18
C 294
R
P 0000000056969C18
I 1
P 0000000056928128
C 144
= 0000000056928C68
R
P 0000000056969C18
C 294
R
P 0000000056969C18
P 0000000056928C68
C 9
R
P 0000000056969C18
C 294
R
P 0000000056969C18
P 0000000056928C68
P 0000000056929888
C 72
= 000000005729D228
R
P 0000000056969C18
C 294
R
P 0000000056969C18
P 000000005729D228
C 9
R
P 0000000056969C18
C 294
R
P 0000000056969C18
I 9
P 0000000056928128
C 144
= 0000000056929AC8
R
P 0000000056969C18
C 294
R
P 0000000056969C18
P 0000000056929AC8
C 9
R
P 0000000056969C18
C 294
R
P 0000000056969C18
P 0000000056929888
P 0000000056929AC8
C 72
= 000000005729D260
R
P 0000000056969C18
C 294
R
P 0000000056969C18
P 000000005729D260
C 9
R
P 0000000056969C18
C 294
R
P 0000000056969C18
U 2
P 000000005729D228
P 000000005729D260
p 2
C 61
= 000000005729D298
R
P 0000000056969C18
C 294
R
P 0000000056969C18
P 000000005729D298
C 9
R
P 0000000056969C18
C 294
R
P 0000000056969C18
I 1
P 0000000056928128
C 144
= 0000000056928C68
R
P 0000000056969C18
C 294
R
P 0000000056969C18
P 0000000056928C68
C 9
R
P 0000000056969C18
C 294
R
P 0000000056969C18
P 0000000056928C68
P 00000000569298A8
C 72
= 000000005729D2D0
R
P 0000000056969C18
C 294
R
P 0000000056969C18
P 000000005729D2D0
C 9
R
P 0000000056969C18
C 294
R
P 0000000056969C18
I 9
P 0000000056928128
C 144
= 0000000056929AC8
R
P 0000000056969C18
C 294
R
P 0000000056969C18
P 0000000056929AC8
C 9
R
P 0000000056969C18
C 294
R
P 0000000056969C18
P 00000000569298A8
P 0000000056929AC8
C 72
= 000000005729D308
R
P 0000000056969C18
C 294
R
P 0000000056969C18
P 000000005729D308
C 9
R
P 0000000056969C18
C 294
R
P 0000000056969C18
U 2
P 000000005729D2D0
P 000000005729D308
p 2
C 61
= 000000005729D340
R
P 0000000056969C18
C 294
R
P 0000000056969C18
P 000000005729D340
C 9
R
P 0000000056969C18
C 294
R
P 0000000056969C18
I 1
P 0000000056928128
C 144
= 0000000056928C68
R
P 0000000056969C18
C 294
R
P 0000000056969C18
P 0000000056928C68
C 9
R
P 0000000056969C18
C 294
R
P 0000000056969C18
P 0000000056928C68
P 00000000569298C8
C 72
= 000000005729D378
R
P 0000000056969C18
C 294
R
P 0000000056969C18
P 000000005729D378
C 9
R
P 0000000056969C18
C 294
R
P 0000000056969C18
I 9
P 0000000056928128
C 144
= 0000000056929AC8
R
P 0000000056969C18
C 294
R
P 0000000056969C18
P 0000000056929AC8
C 9
R
P 0000000056969C18
C 294
R
P 0000000056969C18
P 00000000569298C8
P 0000000056929AC8
C 72
= 000000005729D3B0
R
P 0000000056969C18
C 294
R
P 0000000056969C18
P 000000005729D3B0
C 9
R
P 0000000056969C18
C 294
R
P 0000000056969C18
U 2
P 000000005729D378
P 000000005729D3B0
p 2
C 61
= 000000005729D3E8
R
P 0000000056969C18
C 294
R
P 0000000056969C18
P 000000005729D3E8
C 9
R
P 0000000056969C18
C 294
R
P 0000000056969C18
I 1
P 0000000056928128
C 144
= 0000000056928C68
R
P 0000000056969C18
C 294
R
P 0000000056969C18
P 0000000056928C68
C 9
R
P 0000000056969C18
C 294
R
P 0000000056969C18
P 0000000056928C68
P 00000000569298E8
C 72
= 000000005729D420
R
P 0000000056969C18
C 294
R
P 0000000056969C18
P 000000005729D420
C 9
R
P 0000000056969C18
C 294
R
P 0000000056969C18
I 9
P 0000000056928128
C 144
= 0000000056929AC8
R
P 0000000056969C18
C 294
R
P 0000000056969C18
P 0000000056929AC8
C 9
R
P 0000000056969C18
C 294
R
P 0000000056969C18
P 00000000569298E8
P 0000000056929AC8
C 72
= 000000005729D458
R
P 0000000056969C18
C 294
R
P 0000000056969C18
P 000000005729D458
C 9
R
P 0000000056969C18
C 294
R
P 0000000056969C18
U 2
P 000000005729D420
P 000000005729D458
p 2
C 61
= 000000005729D490
R
P 0000000056969C18
C 294
R
P 0000000056969C18
P 000000005729D490
C 9
R
P 0000000056969C18
C 294
R
P 0000000056969C18
I 1
P 0000000056928128
C 144
= 0000000056928C68
R
P 0000000056969C18
C 294
R
P 0000000056969C18
P 0000000056928C68
C 9
R
P 0000000056969C18
C 294
R
P 0000000056969C18
P 0000000056928C68
P 0000000056929908
C 72
= 000000005729D4C8
R
P 0000000056969C18
C 294
R
P 0000000056969C18
P 000000005729D4C8
C 9
R
P 0000000056969C18
C 294
R
P 0000000056969C18
I 9
P 0000000056928128
C 144
= 0000000056929AC8
R
P 0000000056969C18
C 294
R
P 0000000056969C18
P 0000000056929AC8
C 9
R
P 0000000056969C18
C 294
R
P 0000000056969C18
P 0000000056929908
P 0000000056929AC8
C 72
= 000000005729D500
R
P 0000000056969C18
C 294
R
P 0000000056969C18
P 000000005729D500
C 9
R
P 0000000056969C18
C 294
R
P 0000000056969C18
U 2
P 000000005729D4C8
P 000000005729D500
p 2
C 61
= 000000005729D538
R
P 0000000056969C18
C 294
R
P 0000000056969C18
P 000000005729D538
C 9
R
P 0000000056969C18
C 294
R
P 0000000056969C18
I 1
P 0000000056928128
C 144
= 0000000056928C68
R
P 0000000056969C18
C 294
R
P 0000000056969C18
P 0000000056928C68
C 9
R
P 0000000056969C18
C 294
R
P 0000000056969C18
P 0000000056928C68
P 0000000056929928
C 72
= 000000005729D570
R
P 0000000056969C18
C 294
R
P 0000000056969C18
P 000000005729D570
C 9
R
P 0000000056969C18
C 294
R
P 0000000056969C18
I 9
P 0000000056928128
C 144
= 0000000056929AC8
R
P 0000000056969C18
C 294
R
P 0000000056969C18
P 0000000056929AC8
C 9
R
P 0000000056969C18
C 294
R
P 0000000056969C18
P 0000000056929928
P 0000000056929AC8
C 72
= 000000005729D5A8
R
P 0000000056969C18
C 294
R
P 0000000056969C18
P 000000005729D5A8
C 9
R
P 0000000056969C18
C 294
R
P 0000000056969C18
U 2
P 000000005729D570
P 000000005729D5A8
p 2
C 61
= 000000005729D5E0
R
P 0000000056969C18
C 294
R
P 0000000056969C18
P 000000005729D5E0
C 9
R
P 0000000056969C18
C 294
R
P 0000000056969C18
I 1
P 0000000056928128
C 144
= 0000000056928C68
R
P 0000000056969C18
C 294
R
P 0000000056969C18
P 0000000056928C68
C 9
R
P 0000000056969C18
C 294
R
P 0000000056969C18
P 0000000056928C68
P 0000000056929948
C 72
= 000000005729D618
R
P 0000000056969C18
C 294
R
P 0000000056969C18
P 000000005729D618
C 9
R
P 0000000056969C18
C 294
R
P 0000000056969C18
I 9
P 0000000056928128
C 144
= 0000000056929AC8
R
P 0000000056969C18
C 294
R
P 0000000056969C18
P 0000000056929AC8
C 9
R
P 0000000056969C18
C 294
R
P 0000000056969C18
P 0000000056929948
P 0000000056929AC8
C 72
= 000000005729D650
R
P 0000000056969C18
C 294
R
P 0000000056969C18
P 000000005729D650
C 9
R
P 0000000056969C18
C 294
R
P 0000000056969C18
U 2
P 000000005729D618
P 000000005729D650
p 2
C 61
= 000000005729D688
R
P 0000000056969C18
C 294
R
P 0000000056969C18
P 000000005729D688
C 9
R
P 0000000056969C18
C 294
R
P 0000000056969C18
I 1
P 0000000056928128
C 144
= 0000000056928C68
R
P 0000000056969C18
C 294
R
P 0000000056969C18
P 0000000056928C68
C 9
R
P 0000000056969C18
C 294
R
P 0000000056969C18
P 0000000056928C68
P 0000000056929968
C 72
= 000000005729D6C0
R
P 0000000056969C18
C 294
R
P 0000000056969C18
P 000000005729D6C0
C 9
R
P 0000000056969C18
C 294
R
P 0000000056969C18
I 9
P 0000000056928128
C 144
= 0000000056929AC8
R
P 0000000056969C18
C 294
R
P 0000000056969C18
P 0000000056929AC8
C 9
R
P 0000000056969C18
C 294
R
P 0000000056969C18
P 0000000056929968
P 0000000056929AC8
C 72
= 000000005729D6F8
R
P 0000000056969C18
C 294
R
P 0000000056969C18
P 000000005729D6F8
C 9
R
P 0000000056969C18
C 294
R
P 0000000056969C18
U 2
P 000000005729D6C0
P 000000005729D6F8
p 2
C 61
= 000000005729D730
R
P 0000000056969C18
C 294
R
P 0000000056969C18
P 000000005729D730
C 9
R
P 0000000056969C18
C 294
R
P 0000000056969C18
I 1
P 0000000056928128
C 144
= 0000000056928C68
R
P 0000000056969C18
C 294
R
P 0000000056969C18
P 0000000056928C68
C 9
R
P 0000000056969C18
C 294
R
P 0000000056969C18
P 0000000056928C68
P 0000000056929988
C 72
= 000000005729D768
R
P 0000000056969C18
C 294
R
P 0000000056969C18
P 000000005729D768
C 9
R
P 0000000056969C18
C 294
R
P 0000000056969C18
I 9
P 0000000056928128
C 144
= 0000000056929AC8
R
P 0000000056969C18
C 294
R
P 0000000056969C18
P 0000000056929AC8
C 9
R
P 0000000056969C18
C 294
R
P 0000000056969C18
P 0000000056929988
P 0000000056929AC8
C 72
= 000000005729D7A0
R
P 0000000056969C18
C 294
R
P 0000000056969C18
P 000000005729D7A0
C 9
R
P 0000000056969C18
C 294
R
P 0000000056969C18
U 2
P 000000005729D768
P 000000005729D7A0
p 2
C 61
= 000000005729D7D8
R
P 0000000056969C18
C 294
R
P 0000000056969C18
P 000000005729D7D8
C 9
R
P 0000000056969C18
C 294
R
P 0000000056969C18
I 1
P 0000000056928128
C 144
= 0000000056928C68
R
P 0000000056969C18
C 294
R
P 0000000056969C18
P 0000000056928C68
C 9
R
P 0000000056969C18
C 294
R
P 0000000056969C18
P 0000000056928C68
P 00000000569299A8
C 72
= 000000005729D810
R
P 0000000056969C18
C 294
R
P 0000000056969C18
P 000000005729D810
C 9
R
P 0000000056969C18
C 294
R
P 0000000056969C18
I 9
P 0000000056928128
C 144
= 0000000056929AC8
R
P 0000000056969C18
C 294
R
P 0000000056969C18
P 0000000056929AC8
C 9
R
P 0000000056969C18
C 294
R
P 0000000056969C18
P 00000000569299A8
P 0000000056929AC8
C 72
= 000000005729D848
R
P 0000000056969C18
C 294
R
P 0000000056969C18
P 000000005729D848
C 9
R
P 0000000056969C18
C 294
R
P 0000000056969C18
U 2
P 000000005729D810
P 000000005729D848
p 2
C 61
= 000000005729D880
R
P 0000000056969C18
C 294
R
P 0000000056969C18
P 000000005729D880
C 9
R
P 0000000056969C18
C 294
R
P 0000000056969C18
I 1
P 0000000056928128
C 144
= 0000000056928C68
R
P 0000000056969C18
C 294
R
P 0000000056969C18
P 0000000056928C68
C 9
R
P 0000000056969C18
C 294
R
P 0000000056969C18
P 0000000056928C68
P 00000000569299C8
C 72
= 000000005729D8B8
R
P 0000000056969C18
C 294
R
P 0000000056969C18
P 000000005729D8B8
C 9
R
P 0000000056969C18
C 294
R
P 0000000056969C18
I 9
P 0000000056928128
C 144
= 0000000056929AC8
R
P 0000000056969C18
C 294
R
P 0000000056969C18
P 0000000056929AC8
C 9
R
P 0000000056969C18
C 294
R
P 0000000056969C18
P 00000000569299C8
P 0000000056929AC8
C 72
= 000000005729D8F0
R
P 0000000056969C18
C 294
R
P 0000000056969C18
P 000000005729D8F0
C 9
R
P 0000000056969C18
C 294
R
P 0000000056969C18
U 2
P 000000005729D8B8
P 000000005729D8F0
p 2
C 61
= 000000005729D928
R
P 0000000056969C18
C 294
R
P 0000000056969C18
P 000000005729D928
C 9
R
P 0000000056969C18
C 294
R
P 0000000056969C18
I 1
P 0000000056928128
C 144
= 0000000056928C68
R
P 0000000056969C18
C 294
R
P 0000000056969C18
P 0000000056928C68
C 9
R
P 0000000056969C18
C 294
R
P 0000000056969C18
P 0000000056928C68
P 00000000569299E8
C 72
= 000000005729D960
R
P 0000000056969C18
C 294
R
P 0000000056969C18
P 000000005729D960
C 9
R
P 0000000056969C18
C 294
R
P 0000000056969C18
I 9
P 0000000056928128
C 144
= 0000000056929AC8
R
P 0000000056969C18
C 294
R
P 0000000056969C18
P 0000000056929AC8
C 9
R
P 0000000056969C18
C 294
R
P 0000000056969C18
P 00000000569299E8
P 0000000056929AC8
C 72
= 000000005729D998
R
P 0000000056969C18
C 294
R
P 0000000056969C18
P 000000005729D998
C 9
R
P 0000000056969C18
C 294
R
P 0000000056969C18
U 2
P 000000005729D960
P 000000005729D998
p 2
C 61
= 000000005729D9D0
R
P 0000000056969C18
C 294
R
P 0000000056969C18
P 000000005729D9D0
C 9
R
P 0000000056969C18
C 294
R
P 0000000056969C18
I 1
P 0000000056928128
C 144
= 0000000056928C68
R
P 0000000056969C18
C 294
R
P 0000000056969C18
P 0000000056928C68
C 9
R
P 0000000056969C18
C 294
R
P 0000000056969C18
P 0000000056928C68
P 0000000056929A08
C 72
= 000000005729DA08
R
P 0000000056969C18
C 294
R
P 0000000056969C18
P 000000005729DA08
C 9
R
P 0000000056969C18
C 294
R
P 0000000056969C18
I 9
P 0000000056928128
C 144
= 0000000056929AC8
R
P 0000000056969C18
C 294
R
P 0000000056969C18
P 0000000056929AC8
C 9
R
P 0000000056969C18
C 294
R
P 0000000056969C18
P 0000000056929A08
P 0000000056929AC8
C 72
= 000000005729DA40
R
P 0000000056969C18
C 294
R
P 0000000056969C18
P 000000005729DA40
C 9
R
P 0000000056969C18
C 294
R
P 0000000056969C18
U 2
P 000000005729DA08
P 000000005729DA40
p 2
C 61
= 000000005729DA78
R
P 0000000056969C18
C 294
R
P 0000000056969C18
P 000000005729DA78
C 9
R
P 0000000056969C18
C 294
R
P 0000000056969C18
I 1
P 0000000056928128
C 144
= 0000000056928C68
R
P 0000000056969C18
C 294
R
P 0000000056969C18
P 0000000056928C68
C 9
R
P 0000000056969C18
C 294
R
P 0000000056969C18
P 0000000056928C68
P 0000000056929A28
C 72
= 000000005729DAB0
R
P 0000000056969C18
C 294
R
P 0000000056969C18
P 000000005729DAB0
C 9
R
P 0000000056969C18
C 294
R
P 0000000056969C18
I 9
P 0000000056928128
C 144
= 0000000056929AC8
R
P 0000000056969C18
C 294
R
P 0000000056969C18
P 0000000056929AC8
C 9
R
P 0000000056969C18
C 294
R
P 0000000056969C18
P 0000000056929A28
P 0000000056929AC8
C 72
= 000000005729DAE8
R
P 0000000056969C18
C 294
R
P 0000000056969C18
P 000000005729DAE8
C 9
R
P 0000000056969C18
C 294
R
P 0000000056969C18
U 2
P 000000005729DAB0
P 000000005729DAE8
p 2
C 61
= 000000005729DB20
R
P 0000000056969C18
C 294
R
P 0000000056969C18
P 000000005729DB20
C 9
R
P 0000000056969C18
C 294
R
P 0000000056969C18
I 1
P 0000000056928128
C 144
= 0000000056928C68
R
P 0000000056969C18
C 294
R
P 0000000056969C18
P 0000000056928C68
C 9
R
P 0000000056969C18
C 294
R
P 0000000056969C18
P 0000000056928C68
P 0000000056929A48
C 72
= 000000005729DB58
R
P 0000000056969C18
C 294
R
P 0000000056969C18
P 000000005729DB58
C 9
R
P 0000000056969C18
C 294
R
P 0000000056969C18
I 9
P 0000000056928128
C 144
= 0000000056929AC8
R
P 0000000056969C18
C 294
R
P 0000000056969C18
P 0000000056929AC8
C 9
R
P 0000000056969C18
C 294
R
P 0000000056969C18
P 0000000056929A48
P 0000000056929AC8
C 72
= 000000005729DB90
R
P 0000000056969C18
C 294
R
P 0000000056969C18
P 000000005729DB90
C 9
R
P 0000000056969C18
C 294
R
P 0000000056969C18
U 2
P 000000005729DB58
P 000000005729DB90
p 2
C 61
= 000000005729DBC8
R
P 0000000056969C18
C 294
R
P 0000000056969C18
P 000000005729DBC8
C 9
R
P 0000000056969C18
C 294
R
P 0000000056969C18
I 1
P 0000000056928128
C 144
= 0000000056928C68
R
P 0000000056969C18
C 294
R
P 0000000056969C18
P 0000000056928C68
C 9
R
P 0000000056969C18
C 294
R
P 0000000056969C18
P 0000000056928C68
P 0000000056929A68
C 72
= 000000005729DC00
R
P 0000000056969C18
C 294
R
P 0000000056969C18
P 000000005729DC00
C 9
R
P 0000000056969C18
C 294
R
P 0000000056969C18
I 9
P 0000000056928128
C 144
= 0000000056929AC8
R
P 0000000056969C18
C 294
R
P 0000000056969C18
P 0000000056929AC8
C 9
R
P 0000000056969C18
C 294
R
P 0000000056969C18
P 0000000056929A68
P 0000000056929AC8
C 72
= 000000005729DC38
R
P 0000000056969C18
C 294
R
P 0000000056969C18
P 000000005729DC38
C 9
R
P 0000000056969C18
C 294
R
P 0000000056969C18
U 2
P 000000005729DC00
P 000000005729DC38
p 2
C 61
= 000000005729DC70
R
P 0000000056969C18
C 294
R
P 0000000056969C18
P 000000005729DC70
C 9
R
P 0000000056969C18
C 294
R
P 0000000056969C18
I 1
P 0000000056928128
C 144
= 0000000056928C68
R
P 0000000056969C18
C 294
R
P 0000000056969C18
P 0000000056928C68
C 9
R
P 0000000056969C18
C 294
R
P 0000000056969C18
P 0000000056928C68
P 0000000056929A88
C 72
= 000000005729DCA8
R
P 0000000056969C18
C 294
R
P 0000000056969C18
P 000000005729DCA8
C 9
R
P 0000000056969C18
C 294
R
P 0000000056969C18
I 9
P 0000000056928128
C 144
= 0000000056929AC8
R
P 0000000056969C18
C 294
R
P 0000000056969C18
P 0000000056929AC8
C 9
R
P 0000000056969C18
C 294
R
P 0000000056969C18
P 0000000056929A88
P 0000000056929AC8
C 72
= 000000005729DCE0
R
P 0000000056969C18
C 294
R
P 0000000056969C18
P 000000005729DCE0
C 9
R
P 0000000056969C18
C 294
R
P 0000000056969C18
U 2
P 000000005729DCA8
P 000000005729DCE0
p 2
C 61
= 000000005729DD18
R
P 0000000056969C18
C 294
R
P 0000000056969C18
P 000000005729DD18
C 9
R
P 0000000056969C18
C 294
R
P 0000000056969C18
I 1
P 0000000056928128
C 144
= 0000000056928C68
R
P 0000000056969C18
C 294
R
P 0000000056969C18
P 0000000056928C68
C 9
R
P 0000000056969C18
C 294
R
P 0000000056969C18
P 0000000056928C68
P 0000000056929AA8
C 72
= 000000005729DD50
R
P 0000000056969C18
C 294
R
P 0000000056969C18
P 000000005729DD50
C 9
R
P 0000000056969C18
C 294
R
P 0000000056969C18
I 9
P 0000000056928128
C 144
= 0000000056929AC8
R
P 0000000056969C18
C 294
R
P 0000000056969C18
P 0000000056929AC8
C 9
R
P 0000000056969C18
C 294
R
P 0000000056969C18
P 0000000056929AA8
P 0000000056929AC8
C 72
= 000000005729DD88
R
P 0000000056969C18
C 294
R
P 0000000056969C18
P 000000005729DD88
C 9
R
P 0000000056969C18
C 294
R
P 0000000056969C18
U 2
P 000000005729DD50
P 000000005729DD88
p 2
C 61
= 000000005729DDC0
R
P 0000000056969C18
C 294
R
P 0000000056969C18
P 000000005729DDC0
C 9
R
P 0000000056969C18
C 294
R
P 0000000056969C18
U 9
P 00000000569290A8
P 00000000569290C8
P 00000000569290E8
P 0000000056929108
P 0000000056929128
P 0000000056929148
P 0000000056929168
P 0000000056929188
P 00000000569291A8
p 9
C 55
= 000000005729FE98
R
P 0000000056969C18
C 294
R
P 0000000056969C18
P 000000005729FE98
C 9
R
P 0000000056969C18
C 294
R
P 0000000056969C18
U 9
P 00000000569291C8
P 00000000569291E8
P 0000000056929208
P 0000000056929228
P 0000000056929248
P 0000000056929268
P 0000000056929288
P 00000000569292A8
P 00000000569292C8
p 9
C 55
= 000000005729FF08
R
P 0000000056969C18
C 294
R
P 0000000056969C18
P 000000005729FF08
C 9
R
P 0000000056969C18
C 294
R
P 0000000056969C18
U 9
P 00000000569292E8
P 0000000056929308
P 0000000056929328
P 0000000056929348
P 0000000056929368
P 0000000056929388
P 00000000569293A8
P 00000000569293C8
P 00000000569293E8
p 9
C 55
= 000000005729FF78
R
P 0000000056969C18
C 294
R
P 0000000056969C18
P 000000005729FF78
C 9
R
P 0000000056969C18
C 294
R
P 0000000056969C18
U 9
P 0000000056929408
P 0000000056929428
P 0000000056929448
P 0000000056929468
P 0000000056929488
P 00000000569294A8
P 00000000569294C8
P 00000000569294E8
P 0000000056929508
p 9
C 55
= 000000005729FFE8
R
P 0000000056969C18
C 294
R
P 0000000056969C18
P 000000005729FFE8
C 9
R
P 0000000056969C18
C 294
R
P 0000000056969C18
U 9
P 0000000056929528
P 0000000056929548
P 0000000056929568
P 0000000056929588
P 00000000569295A8
P 00000000569295C8
P 00000000569295E8
P 0000000056929608
P 0000000056929628
p 9
C 55
= 00000000572A0058
R
P 0000000056969C18
C 294
R
P 0000000056969C18
P 00000000572A0058
C 9
R
P 0000000056969C18
C 294
R
P 0000000056969C18
U 9
P 0000000056929648
P 0000000056929668
P 0000000056929688
P 00000000569296A8
P 00000000569296C8
P 00000000569296E8
P 0000000056929708
P 0000000056929728
P 0000000056929748
p 9
C 55
= 00000000572A00C8
R
P 0000000056969C18
C 294
R
P 0000000056969C18
P 00000000572A00C8
C 9
R
P 0000000056969C18
C 294
R
P 0000000056969C18
U 9
P 0000000056929768
P 0000000056929788
P 00000000569297A8
P 00000000569297C8
P 00000000569297E8
P 0000000056929808
P 0000000056929828
P 0000000056929848
P 0000000056929868
p 9
C 55
= 00000000572A0138
R
P 0000000056969C18
C 294
R
P 0000000056969C18
P 00000000572A0138
C 9
R
P 0000000056969C18
C 294
R
P 0000000056969C18
U 9
P 0000000056929888
P 00000000569298A8
P 00000000569298C8
P 00000000569298E8
P 0000000056929908
P 0000000056929928
P 0000000056929948
P 0000000056929968
P 0000000056929988
p 9
C 55
= 00000000572A01A8
R
P 0000000056969C18
C 294
R
P 0000000056969C18
P 00000000572A01A8
C 9
R
P 0000000056969C18
C 294
R
P 0000000056969C18
U 9
P 00000000569299A8
P 00000000569299C8
P 00000000569299E8
P 0000000056929A08
P 0000000056929A28
P 0000000056929A48
P 0000000056929A68
P 0000000056929A88
P 0000000056929AA8
p 9
C 55
= 00000000572A0218
R
P 0000000056969C18
C 294
R
P 0000000056969C18
P 00000000572A0218
C 9
R
P 0000000056969C18
C 294
R
P 0000000056969C18
U 9
P 00000000569290A8
P 00000000569290C8
P 00000000569290E8
P 0000000056929108
P 0000000056929128
P 0000000056929148
P 0000000056929168
P 0000000056929188
P 00000000569291A8
p 9
C 55
= 000000005729FE98
R
P 0000000056969C18
C 294
R
P 0000000056969C18
P 000000005729FE98
C 9
R
P 0000000056969C18
C 294
R
P 0000000056969C18
U 9
P 00000000569291C8
P 00000000569291E8
P 0000000056929208
P 0000000056929228
P 0000000056929248
P 0000000056929268
P 0000000056929288
P 00000000569292A8
P 00000000569292C8
p 9
C 55
= 000000005729FF08
R
P 0000000056969C18
C 294
R
P 0000000056969C18
P 000000005729FF08
C 9
R
P 0000000056969C18
C 294
R
P 0000000056969C18
U 9
P 00000000569292E8
P 0000000056929308
P 0000000056929328
P 0000000056929348
P 0000000056929368
P 0000000056929388
P 00000000569293A8
P 00000000569293C8
P 00000000569293E8
p 9
C 55
= 000000005729FF78
R
P 0000000056969C18
C 294
R
P 0000000056969C18
P 000000005729FF78
C 9
R
P 0000000056969C18
C 294
R
P 0000000056969C18
U 9
P 0000000056929408
P 0000000056929428
P 0000000056929448
P 0000000056929468
P 0000000056929488
P 00000000569294A8
P 00000000569294C8
P 00000000569294E8
P 0000000056929508
p 9
C 55
= 000000005729FFE8
R
P 0000000056969C18
C 294
R
P 0000000056969C18
P 000000005729FFE8
C 9
R
P 0000000056969C18
C 294
R
P 0000000056969C18
U 9
P 0000000056929528
P 0000000056929548
P 0000000056929568
P 0000000056929588
P 00000000569295A8
P 00000000569295C8
P 00000000569295E8
P 0000000056929608
P 0000000056929628
p 9
C 55
= 00000000572A0058
R
P 0000000056969C18
C 294
R
P 0000000056969C18
P 00000000572A0058
C 9
R
P 0000000056969C18
C 294
R
P 0000000056969C18
U 9
P 0000000056929648
P 0000000056929668
P 0000000056929688
P 00000000569296A8
P 00000000569296C8
P 00000000569296E8
P 0000000056929708
P 0000000056929728
P 0000000056929748
p 9
C 55
= 00000000572A00C8
R
P 0000000056969C18
C 294
R
P 0000000056969C18
P 00000000572A00C8
C 9
R
P 0000000056969C18
C 294
R
P 0000000056969C18
U 9
P 0000000056929768
P 0000000056929788
P 00000000569297A8
P 00000000569297C8
P 00000000569297E8
P 0000000056929808
P 0000000056929828
P 0000000056929848
P 0000000056929868
p 9
C 55
= 00000000572A0138
R
P 0000000056969C18
C 294
R
P 0000000056969C18
P 00000000572A0138
C 9
R
P 0000000056969C18
C 294
R
P 0000000056969C18
U 9
P 0000000056929888
P 00000000569298A8
P 00000000569298C8
P 00000000569298E8
P 0000000056929908
P 0000000056929928
P 0000000056929948
P 0000000056929968
P 0000000056929988
p 9
C 55
= 00000000572A01A8
R
P 0000000056969C18
C 294
R
P 0000000056969C18
P 00000000572A01A8
C 9
R
P 0000000056969C18
C 294
R
P 0000000056969C18
U 9
P 00000000569299A8
P 00000000569299C8
P 00000000569299E8
P 0000000056929A08
P 0000000056929A28
P 0000000056929A48
P 0000000056929A68
P 0000000056929A88
P 0000000056929AA8
p 9
C 55
= 00000000572A0218
R
P 0000000056969C18
C 294
R
P 0000000056969C18
P 00000000572A0218
C 9
R
P 0000000056969C18
C 294
R
P 0000000056969C18
U 9
P 00000000569290A8
P 00000000569290C8
P 00000000569290E8
P 00000000569291C8
P 00000000569291E8
P 0000000056929208
P 00000000569292E8
P 0000000056929308
P 0000000056929328
p 9
C 55
= 00000000572A0288
R
P 0000000056969C18
C 294
R
P 0000000056969C18
P 00000000572A0288
C 9
R
P 0000000056969C18
C 294
R
P 0000000056969C18
U 9
P 0000000056929108
P 0000000056929128
P 0000000056929148
P 0000000056929228
P 0000000056929248
P 0000000056929268
P 0000000056929348
P 0000000056929368
P 0000000056929388
p 9
C 55
= 00000000572A02F8
R
P 0000000056969C18
C 294
R
P 0000000056969C18
P 00000000572A02F8
C 9
R
P 0000000056969C18
C 294
R
P 0000000056969C18
U 9
P 0000000056929168
P 0000000056929188
P 00000000569291A8
P 0000000056929288
P 00000000569292A8
P 00000000569292C8
P 00000000569293A8
P 00000000569293C8
P 00000000569293E8
p 9
C 55
= 00000000572A0368
R
P 0000000056969C18
C 294
R
P 0000000056969C18
P 00000000572A0368
C 9
R
P 0000000056969C18
C 294
R
P 0000000056969C18
U 9
P 0000000056929408
P 0000000056929428
P 0000000056929448
P 0000000056929528
P 0000000056929548
P 0000000056929568
P 0000000056929648
P 0000000056929668
P 0000000056929688
p 9
C 55
= 00000000572A03D8
R
P 0000000056969C18
C 294
R
P 0000000056969C18
P 00000000572A03D8
C 9
R
P 0000000056969C18
C 294
R
P 0000000056969C18
U 9
P 0000000056929468
P 0000000056929488
P 00000000569294A8
P 0000000056929588
P 00000000569295A8
P 00000000569295C8
P 00000000569296A8
P 00000000569296C8
P 00000000569296E8
p 9
C 55
= 00000000572A0448
R
P 0000000056969C18
C 294
R
P 0000000056969C18
P 00000000572A0448
C 9
R
P 0000000056969C18
C 294
R
P 0000000056969C18
U 9
P 00000000569294C8
P 00000000569294E8
P 0000000056929508
P 00000000569295E8
P 0000000056929608
P 0000000056929628
P 0000000056929708
P 0000000056929728
P 0000000056929748
p 9
C 55
= 00000000572A04B8
R
P 0000000056969C18
C 294
R
P 0000000056969C18
P 00000000572A04B8
C 9
R
P 0000000056969C18
C 294
R
P 0000000056969C18
U 9
P 0000000056929768
P 0000000056929788
P 00000000569297A8
P 0000000056929888
P 00000000569298A8
P 00000000569298C8
P 00000000569299A8
P 00000000569299C8
P 00000000569299E8
p 9
C 55
= 00000000572A0528
R
P 0000000056969C18
C 294
R
P 0000000056969C18
P 00000000572A0528
C 9
R
P 0000000056969C18
C 294
R
P 0000000056969C18
U 9
P 00000000569297C8
P 00000000569297E8
P 0000000056929808
P 00000000569298E8
P 0000000056929908
P 0000000056929928
P 0000000056929A08
P 0000000056929A28
P 0000000056929A48
p 9
C 55
= 00000000572A0598
R
P 0000000056969C18
C 294
R
P 0000000056969C18
P 00000000572A0598
C 9
R
P 0000000056969C18
C 294
R
P 0000000056969C18
U 9
P 0000000056929828
P 0000000056929848
P 0000000056929868
P 0000000056929948
P 0000000056929968
P 0000000056929988
P 0000000056929A68
P 0000000056929A88
P 0000000056929AA8
p 9
C 55
= 00000000572A0608
R
P 0000000056969C18
C 294
R
P 0000000056969C18
P 00000000572A0608
C 9
R
P 0000000056969C18
C 294
R
P 0000000056969C18
C 52
= 00000000569280C8
R
P 0000000056969C18
C 294
R
P 0000000056969C18
P 00000000569280C8
C 9
R
P 0000000056969C18
C 294
R
P 0000000056969C18
U 9
P 000000005692EB18
P 000000005692EBC0
P 000000005692EC68
P 000000005692ED10
P 000000005692EDB8
P 000000005692EE60
P 000000005692EF08
P 000000005692EFB0
P 000000005692F058
p 9
C 61
= 00000000572A0678
R
P 0000000056969C18
C 294
R
P 0000000056969C18
P 00000000572A0678
C 9
R
P 0000000056969C18
C 294
R
P 0000000056969C18
U 2
P 00000000572A0678
P 00000000569280C8
p 2
C 61
= 000000005729DDF8
R
P 0000000056969C18
C 294
R
P 0000000056969C18
P 000000005729DDF8
C 9
R
P 0000000056969C18
C 294
R
P 0000000056969C18
U 9
P 000000005692F100
P 000000005692F1A8
P 000000005692F250
P 000000005692F2F8
P 000000005692F3A0
P 000000005692F448
P 000000005692F4F0
P 000000005692F598
P 000000005692F640
p 9
C 61
= 00000000572A06E8
R
P 0000000056969C18
C 294
R
P 0000000056969C18
P 00000000572A06E8
C 9
R
P 0000000056969C18
C 294
R
P 0000000056969C18
U 2
P 00000000572A06E8
P 000000005729DDF8
p 2
C 61
= 000000005728FE18
R
P 0000000056969C18
C 294
R
P 0000000056969C18
P 000000005728FE18
C 9
R
P 0000000056969C18
C 294
R
P 0000000056969C18
U 9
P 000000005692F6E8
P 000000005692F790
P 000000005692F838
P 000000005692F8E0
P 000000005692F988
P 000000005692FA30
P 000000005692FAD8
P 000000005692FB80
P 000000005692FC28
p 9
C 61
= 00000000572A0758
R
P 0000000056969C18
C 294
R
P 0000000056969C18
P 00000000572A0758
C 9
R
P 0000000056969C18
C 294
R
P 0000000056969C18
U 2
P 00000000572A0758
P 000000005728FE18
p 2
C 61
= 000000005728FE50
R
P 0000000056969C18
C 294
R
P 0000000056969C18
P 000000005728FE50
C 9
R
P 0000000056969C18
C 294
R
P 0000000056969C18
U 9
P 000000005692FCD0
P 000000005692FD78
P 000000005692FE20
P 000000005692FEC8
P 000000005692FF70
P 0000000056930018
P 000000005729BEE8
P 000000005729BF90
P 000000005729C038
p 9
C 61
= 00000000572A07C8
R
P 0000000056969C18
C 294
R
P 0000000056969C18
P 00000000572A07C8
C 9
R
P 0000000056969C18
C 294
R
P 0000000056969C18
U 2
P 00000000572A07C8
P 000000005728FE50
p 2
C 61
= 000000005728FE88
R
P 0000000056969C18
C 294
R
P 0000000056969C18
P 000000005728FE88
C 9
R
P 0000000056969C18
C 294
R
P 0000000056969C18
U 9
P 000000005729C0E0
P 000000005729C188
P 000000005729C230
P 000000005729C2D8
P 000000005729C380
P 000000005729C428
P 000000005729C4D0
P 000000005729C578
P 000000005729C620
p 9
C 61
= 00000000572A0838
R
P 0000000056969C18
C 294
R
P 0000000056969C18
P 00000000572A0838
C 9
R
P 0000000056969C18
C 294
R
P 0000000056969C18
U 2
P 00000000572A0838
P 000000005728FE88
p 2
C 61
= 000000005728FEC0
R
P 0000000056969C18
C 294
R
P 0000000056969C18
P 000000005728FEC0
C 9
R
P 0000000056969C18
C 294
R
P 0000000056969C18
U 9
P 000000005729C6C8
P 000000005729C770
P 000000005729C818
P 000000005729C8C0
P 000000005729C968
P 000000005729CA10
P 000000005729CAB8
P 000000005729CB60
P 000000005729CC08
p 9
C 61
= 00000000572A08A8
R
P 0000000056969C18
C 294
R
P 0000000056969C18
P 00000000572A08A8
C 9
R
P 0000000056969C18
C 294
R
P 0000000056969C18
U 2
P 00000000572A08A8
P 000000005728FEC0
p 2
C 61
= 000000005728FEF8
R
P 0000000056969C18
C 294
R
P 0000000056969C18
P 000000005728FEF8
C 9
R
P 0000000056969C18
C 294
R
P 0000000056969C18
U 9
P 000000005729CCB0
P 000000005729CD58
P 000000005729CE00
P 000000005729CEA8
P 000000005729CF50
P 000000005729CFF8
P 000000005729D0A0
P 000000005729D148
P 000000005729D1F0
p 9
C 61
= 00000000572A0918
R
P 0000000056969C18
C 294
R
P 0000000056969C18
P 00000000572A0918
C 9
R
P 0000000056969C18
C 294
R
P 0000000056969C18
U 2
P 00000000572A0918
P 000000005728FEF8
p 2
C 61
= 000000005728FF30
R
P 0000000056969C18
C 294
R
P 0000000056969C18
P 000000005728FF30
C 9
R
P 0000000056969C18
C 294
R
P 0000000056969C18
U 9
P 000000005729D298
P 000000005729D340
P 000000005729D3E8
P 000000005729D490
P 000000005729D538
P 000000005729D5E0
P 000000005729D688
P 000000005729D730
P 000000005729D7D8
p 9
C 61
= 00000000572A0988
R
P 0000000056969C18
C 294
R
P 0000000056969C18
P 00000000572A0988
C 9
R
P 0000000056969C18
C 294
R
P 0000000056969C18
U 2
P 00000000572A0988
P 000000005728FF30
p 2
C 61
= 000000005728FF68
R
P 0000000056969C18
C 294
R
P 0000000056969C18
P 000000005728FF68
C 9
R
P 0000000056969C18
C 294
R
P 0000000056969C18
U 9
P 000000005729D880
P 000000005729D928
P 000000005729D9D0
P 000000005729DA78
P 000000005729DB20
P 000000005729DBC8
P 000000005729DC70
P 000000005729DD18
P 000000005729DDC0
p 9
C 61
= 00000000572A09F8
R
P 0000000056969C18
C 294
R
P 0000000056969C18
P 00000000572A09F8
C 9
R
P 0000000056969C18
C 294
R
P 0000000056969C18
U 2
P 00000000572A09F8
P 000000005728FF68
p 2
C 61
= 000000005728FFA0
R
P 0000000056969C18
C 294
R
P 0000000056969C18
P 000000005728FFA0
C 9
R
P 0000000056969C18
C 294
R
P 0000000056969C18
U 9
P 000000005729FE98
P 000000005729FF08
P 000000005729FF78
P 000000005729FFE8
P 00000000572A0058
P 00000000572A00C8
P 00000000572A0138
P 00000000572A01A8
P 00000000572A0218
p 9
C 61
= 00000000572A0A68
R
P 0000000056969C18
C 294
R
P 0000000056969C18
P 00000000572A0A68
C 9
R
P 0000000056969C18
C 294
R
P 0000000056969C18
U 2
P 00000000572A0A68
P 000000005728FFA0
p 2
C 61
= 000000005728FFD8
R
P 0000000056969C18
C 294
R
P 0000000056969C18
P 000000005728FFD8
C 9
R
P 0000000056969C18
C 294
R
P 0000000056969C18
U 9
P 000000005729FE98
P 000000005729FF08
P 000000005729FF78
P 000000005729FFE8
P 00000000572A0058
P 00000000572A00C8
P 00000000572A0138
P 00000000572A01A8
P 00000000572A0218
p 9
C 61
= 00000000572A0A68
R
P 0000000056969C18
C 294
R
P 0000000056969C18
P 00000000572A0A68
C 9
R
P 0000000056969C18
C 294
R
P 0000000056969C18
U 2
P 00000000572A0A68
P 000000005728FFD8
p 2
C 61
= 0000000057290010
R
P 0000000056969C18
C 294
R
P 0000000056969C18
P 0000000057290010
C 9
R
P 0000000056969C18
C 294
R
P 0000000056969C18
U 3
P 00000000572A0288
P 00000000572A02F8
P 00000000572A0368
p 3
C 61
= 000000005692C888
R
P 0000000056969C18
C 294
R
P 0000000056969C18
P 000000005692C888
C 9
R
P 0000000056969C18
C 294
R
P 0000000056969C18
U 2
P 000000005692C888
P 0000000057290010
p 2
C 61
= 0000000057290048
R
P 0000000056969C18
C 294
R
P 0000000056969C18
P 0000000057290048
C 9
R
P 0000000056969C18
C 294
R
P 0000000056969C18
U 3
P 00000000572A03D8
P 00000000572A0448
P 00000000572A04B8
p 3
C 61
= 000000005692C8C8
R
P 0000000056969C18
C 294
R
P 0000000056969C18
P 000000005692C8C8
C 9
R
P 0000000056969C18
C 294
R
P 0000000056969C18
U 2
P 000000005692C8C8
P 0000000057290048
p 2
C 61
= 0000000057290080
R
P 0000000056969C18
C 294
R
P 0000000056969C18
P 0000000057290080
C 9
R
P 0000000056969C18
C 294
R
P 0000000056969C18
U 3
P 00000000572A0528
P 00000000572A0598
P 00000000572A0608
p 3
C 61
= 000000005692C908
R
P 0000000056969C18
C 294
R
P 0000000056969C18
P 000000005692C908
C 9
R
P 0000000056969C18
C 294
R
P 0000000056969C18
U 2
P 000000005692C908
P 0000000057290080
p 2
C 61
= 00000000572900B8
R
P 0000000056969C18
C 294
R
P 0000000056969C18
P 00000000572900B8
C 9
R
P 0000000056969C18
C 294
R
P 0000000056969C18
C 52
= 00000000569280C8
R
P 0000000056969C18
C 294
R
P 0000000056969C18
P 00000000569280C8
C 9
R
P 0000000056969C18
C 294
R
P 0000000056969C18
I 0
P 0000000056928128
C 144
= 0000000056928A48
R
P 0000000056969C18
C 294
R
P 0000000056969C18
P 0000000056928A48
C 9
R
P 0000000056969C18
C 294
R
P 0000000056969C18
I 0
P 0000000056928128
C 144
= 0000000056928A48
R
P 0000000056969C18
C 294
R
P 0000000056969C18
P 0000000056928A48
C 9
R
P 0000000056969C18
C 294
R
P 0000000056969C18
P 0000000056928A48
P 0000000056928A48
C 54
= 00000000572900F0
R
P 0000000056969C18
C 294
R
P 0000000056969C18
P 00000000572900F0
C 9
R
P 0000000056969C18
C 294
R
P 0000000056969C18
C 52
= 00000000569280C8
R
P 0000000056969C18
C 294
R
P 0000000056969C18
P 00000000569280C8
C 9
R
P 0000000056969C18
C 294
R
P 0000000056969C18
I 0
P 0000000056928128
C 144
= 0000000056928A48
R
P 0000000056969C18
C 294
R
P 0000000056969C18
P 0000000056928A48
C 9
R
P 0000000056969C18
C 294
R
P 0000000056969C18
P 00000000569290A8
P 0000000056928A48
C 54
= 0000000057290128
R
P 0000000056969C18
C 294
R
P 0000000056969C18
P 0000000057290128
C 9
R
P 0000000056969C18
C 294
R
P 0000000056969C18
P 00000000572900F0
P 00000000569280C8
P 0000000057290128
C 57
= 000000005692C948
R
P 0000000056969C18
C 294
R
P 0000000056969C18
P 000000005692C948
C 207
R
P 0000000056969C18
C 294
R
P 0000000056969C18
P 000000005692C948
C 204
= 0000000056928068
R
P 0000000056969C18
C 294
R
P 0000000056969C18
P 0000000056928068
C 165
R
P 0000000056969C18
C 294
R
P 0000000056969C18
P 000000005692C948
C 210
R
P 0000000056969C18
C 294
R
P 0000000056969C18
P 000000005692C948
C 209
R
P 0000000056969C18
C 294
R
P 0000000056969C18
P 000000005692C948
C 9
R
P 0000000056969C18
C 294
R
P 0000000056969C18
U 2
P 00000000569280C8
P 000000005692C948
p 2
C 61
= 0000000057290160
R
P 0000000056969C18
C 294
R
P 0000000056969C18
P 0000000057290160
C 9
R
P 0000000056969C18
C 294
R
P 0000000056969C18
I 0
P 0000000056928128
C 144
= 0000000056928A48
R
P 0000000056969C18
C 294
R
P 0000000056969C18
P 0000000056928A48
C 9
R
P 0000000056969C18
C 294
R
P 0000000056969C18
I 0
P 0000000056928128
C 144
= 0000000056928A48
R
P 0000000056969C18
C 294
R
P 0000000056969C18
P 0000000056928A48
C 9
R
P 0000000056969C18
C 294
R
P 0000000056969C18
P 0000000056928A48
P 0000000056928A48
C 54
= 00000000572900F0
R
P 0000000056969C18
C 294
R
P 0000000056969C18
P 00000000572900F0
C 9
R
P 0000000056969C18
C 294
R
P 0000000056969C18
C 52
= 00000000569280C8
R
P 0000000056969C18
C 294
R
P 0000000056969C18
P 00000000569280C8
C 9
R
P 0000000056969C18
C 294
R
P 0000000056969C18
I 0
P 0000000056928128
C 144
= 0000000056928A48
R
P 0000000056969C18
C 294
R
P 0000000056969C18
P 0000000056928A48
C 9
R
P 0000000056969C18
C 294
R
P 0000000056969C18
P 00000000569290C8
P 0000000056928A48
C 54
= 0000000057290198
R
P 0000000056969C18
C 294
R
P 0000000056969C18
P 0000000057290198
C 9
R
P 0000000056969C18
C 294
R
P 0000000056969C18
P 00000000572900F0
P 00000000569280C8
P 0000000057290198
C 57
= 000000005692C988
R
P 0000000056969C18
C 294
R
P 0000000056969C18
P 000000005692C988
C 207
R
P 0000000056969C18
C 294
R
P 0000000056969C18
P 000000005692C988
C 204
= 0000000056928068
R
P 0000000056969C18
C 294
R
P 0000000056969C18
P 0000000056928068
C 165
R
P 0000000056969C18
C 294
R
P 0000000056969C18
P 000000005692C988
C 210
R
P 0000000056969C18
C 294
R
P 0000000056969C18
P 000000005692C988
C 209
R
P 0000000056969C18
C 294
R
P 0000000056969C18
P 000000005692C988
C 9
R
P 0000000056969C18
C 294
R
P 0000000056969C18
U 2
P 0000000057290160
P 000000005692C988
p 2
C 61
= 00000000572901D0
R
P 0000000056969C18
C 294
R
P 0000000056969C18
P 00000000572901D0
C 9
R
P 0000000056969C18
C 294
R
P 0000000056969C18
I 0
P 0000000056928128
C 144
= 0000000056928A48
R
P 0000000056969C18
C 294
R
P 0000000056969C18
P 0000000056928A48
C 9
R
P 0000000056969C18
C 294
R
P 0000000056969C18
I 0
P 0000000056928128
C 144
= 0000000056928A48
R
P 0000000056969C18
C 294
R
P 0000000056969C18
P 0000000056928A48
C 9
R
P 0000000056969C18
C 294
R
P 0000000056969C18
P 0000000056928A48
P 0000000056928A48
C 54
= 00000000572900F0
R
P 0000000056969C18
C 294
R
P 0000000056969C18
P 00000000572900F0
C 9
R
P 0000000056969C18
C 294
R
P 0000000056969C18
C 52
= 00000000569280C8
R
P 0000000056969C18
C 294
R
P 0000000056969C18
P 00000000569280C8
C 9
R
P 0000000056969C18
C 294
R
P 0000000056969C18
I 0
P 0000000056928128
C 144
= 0000000056928A48
R
P 0000000056969C18
C 294
R
P 0000000056969C18
P 0000000056928A48
C 9
R
P 0000000056969C18
C 294
R
P 0000000056969C18
P 00000000569290E8
P 0000000056928A48
C 54
= 0000000057290208
R
P 0000000056969C18
C 294
R
P 0000000056969C18
P 0000000057290208
C 9
R
P 0000000056969C18
C 294
R
P 0000000056969C18
P 00000000572900F0
P 00000000569280C8
P 0000000057290208
C 57
= 000000005692C9C8
R
P 0000000056969C18
C 294
R
P 0000000056969C18
P 000000005692C9C8
C 207
R
P 0000000056969C18
C 294
R
P 0000000056969C18
P 000000005692C9C8
C 204
= 0000000056928068
R
P 0000000056969C18
C 294
R
P 0000000056969C18
P 0000000056928068
C 165
R
P 0000000056969C18
C 294
R
P 0000000056969C18
P 000000005692C9C8
C 210
R
P 0000000056969C18
C 294
R
P 0000000056969C18
P 000000005692C9C8
C 209
R
P 0000000056969C18
C 294
R
P 0000000056969C18
P 000000005692C9C8
C 9
R
P 0000000056969C18
C 294
R
P 0000000056969C18
U 2
P 00000000572901D0
P 000000005692C9C8
p 2
C 61
= 0000000057290240
R
P 0000000056969C18
C 294
R
P 0000000056969C18
P 0000000057290240
C 9
R
P 0000000056969C18
C 294
R
P 0000000056969C18
I 0
P 0000000056928128
C 144
= 0000000056928A48
R
P 0000000056969C18
C 294
R
P 0000000056969C18
P 0000000056928A48
C 9
R
P 0000000056969C18
C 294
R
P 0000000056969C18
I 0
P 0000000056928128
C 144
= 0000000056928A48
R
P 0000000056969C18
C 294
R
P 0000000056969C18
P 0000000056928A48
C 9
R
P 0000000056969C18
C 294
R
P 0000000056969C18
P 0000000056928A48
P 0000000056928A48
C 54
= 00000000572900F0
R
P 0000000056969C18
C 294
R
P 0000000056969C18
P 00000000572900F0
C 9
R
P 0000000056969C18
C 294
R
P 0000000056969C18
C 52
= 00000000569280C8
R
P 0000000056969C18
C 294
R
P 0000000056969C18
P 00000000569280C8
C 9
R
P 0000000056969C18
C 294
R
P 0000000056969C18
I 0
P 0000000056928128
C 144
= 0000000056928A48
R
P 0000000056969C18
C 294
R
P 0000000056969C18
P 0000000056928A48
C 9
R
P 0000000056969C18
C 294
R
P 0000000056969C18
P 0000000056929108
P 0000000056928A48
C 54
= 0000000057290278
R
P 0000000056969C18
C 294
R
P 0000000056969C18
P 0000000057290278
C 9
R
P 0000000056969C18
C 294
R
P 0000000056969C18
P 00000000572900F0
P 00000000569280C8
P 0000000057290278
C 57
= 000000005692CA08
R
P 0000000056969C18
C 294
R
P 0000000056969C18
P 000000005692CA08
C 207
R
P 0000000056969C18
C 294
R
P 0000000056969C18
P 000000005692CA08
C 204
= 0000000056928068
R
P 0000000056969C18
C 294
R
P 0000000056969C18
P 0000000056928068
C 165
R
P 0000000056969C18
C 294
R
P 0000000056969C18
P 000000005692CA08
C 210
R
P 0000000056969C18
C 294
R
P 0000000056969C18
P 000000005692CA08
C 209
R
P 0000000056969C18
C 294
R
P 0000000056969C18
P 000000005692CA08
C 9
R
P 0000000056969C18
C 294
R
P 0000000056969C18
U 2
P 0000000057290240
P 000000005692CA08
p 2
C 61
= 00000000572902B0
R
P 0000000056969C18
C 294
R
P 0000000056969C18
P 00000000572902B0
C 9
R
P 0000000056969C18
C 294
R
P 0000000056969C18
I 9
P 0000000056928128
C 144
= 0000000056929AC8
R
P 0000000056969C18
C 294
R
P 0000000056969C18
P 0000000056929AC8
C 9
R
P 0000000056969C18
C 294
R
P 0000000056969C18
I 0
P 0000000056928128
C 144
= 0000000056928A48
R
P 0000000056969C18
C 294
R
P 0000000056969C18
P 0000000056928A48
C 9
R
P 0000000056969C18
C 294
R
P 0000000056969C18
P 0000000056929AC8
P 0000000056928A48
C 54
= 00000000572902E8
R
P 0000000056969C18
C 294
R
P 0000000056969C18
P 00000000572902E8
C 9
R
P 0000000056969C18
C 294
R
P 0000000056969C18
C 52
= 00000000569280C8
R
P 0000000056969C18
C 294
R
P 0000000056969C18
P 00000000569280C8
C 9
R
P 0000000056969C18
C 294
R
P 0000000056969C18
I 9
P 0000000056928128
C 144
= 0000000056929AC8
R
P 0000000056969C18
C 294
R
P 0000000056969C18
P 0000000056929AC8
C 9
R
P 0000000056969C18
C 294
R
P 0000000056969C18
P 0000000056929128
P 0000000056929AC8
C 54
= 0000000057290320
R
P 0000000056969C18
C 294
R
P 0000000056969C18
P 0000000057290320
C 9
R
P 0000000056969C18
C 294
R
P 0000000056969C18
P 00000000572902E8
P 00000000569280C8
P 0000000057290320
C 57
= 000000005692CA48
R
P 0000000056969C18
C 294
R
P 0000000056969C18
P 000000005692CA48
C 207
R
P 0000000056969C18
C 294
R
P 0000000056969C18
P 000000005692CA48
C 204
= 0000000056928068
R
P 0000000056969C18
C 294
R
P 0000000056969C18
P 0000000056928068
C 165
R
P 0000000056969C18
C 294
R
P 0000000056969C18
P 000000005692CA48
C 210
R
P 0000000056969C18
C 294
R
P 0000000056969C18
P 000000005692CA48
C 209
R
P 0000000056969C18
C 294
R
P 0000000056969C18
P 000000005692CA48
C 9
R
P 0000000056969C18
C 294
R
P 0000000056969C18
U 2
P 00000000572902B0
P 000000005692CA48
p 2
C 61
= 0000000057290358
R
P 0000000056969C18
C 294
R
P 0000000056969C18
P 0000000057290358
C 9
R
P 0000000056969C18
C 294
R
P 0000000056969C18
I 4
P 0000000056928128
C 144
= 0000000056929AE8
R
P 0000000056969C18
C 294
R
P 0000000056969C18
P 0000000056929AE8
C 9
R
P 0000000056969C18
C 294
R
P 0000000056969C18
I 0
P 0000000056928128
C 144
= 0000000056928A48
R
P 0000000056969C18
C 294
R
P 0000000056969C18
P 0000000056928A48
C 9
R
P 0000000056969C18
C 294
R
P 0000000056969C18
P 0000000056929AE8
P 0000000056928A48
C 54
= 0000000057290390
R
P 0000000056969C18
C 294
R
P 0000000056969C18
P 0000000057290390
C 9
R
P 0000000056969C18
C 294
R
P 0000000056969C18
C 52
= 00000000569280C8
R
P 0000000056969C18
C 294
R
P 0000000056969C18
P 00000000569280C8
C 9
R
P 0000000056969C18
C 294
R
P 0000000056969C18
I 4
P 0000000056928128
C 144
= 0000000056929AE8
R
P 0000000056969C18
C 294
R
P 0000000056969C18
P 0000000056929AE8
C 9
R
P 0000000056969C18
C 294
R
P 0000000056969C18
P 0000000056929148
P 0000000056929AE8
C 54
= 00000000572903C8
R
P 0000000056969C18
C 294
R
P 0000000056969C18
P 00000000572903C8
C 9
R
P 0000000056969C18
C 294
R
P 0000000056969C18
P 0000000057290390
P 00000000569280C8
P 00000000572903C8
C 57
= 000000005692CA88
R
P 0000000056969C18
C 294
R
P 0000000056969C18
P 000000005692CA88
C 207
R
P 0000000056969C18
C 294
R
P 0000000056969C18
P 000000005692CA88
C 204
= 0000000056928068
R
P 0000000056969C18
C 294
R
P 0000000056969C18
P 0000000056928068
C 165
R
P 0000000056969C18
C 294
R
P 0000000056969C18
P 000000005692CA88
C 210
R
P 0000000056969C18
C 294
R
P 0000000056969C18
P 000000005692CA88
C 209
R
P 0000000056969C18
C 294
R
P 0000000056969C18
P 000000005692CA88
C 9
R
P 0000000056969C18
C 294
R
P 0000000056969C18
U 2
P 0000000057290358
P 000000005692CA88
p 2
C 61
= 0000000057290400
R
P 0000000056969C18
C 294
R
P 0000000056969C18
P 0000000057290400
C 9
R
P 0000000056969C18
C 294
R
P 0000000056969C18
I 0
P 0000000056928128
C 144
= 0000000056928A48
R
P 0000000056969C18
C 294
R
P 0000000056969C18
P 0000000056928A48
C 9
R
P 0000000056969C18
C 294
R
P 0000000056969C18
I 0
P 0000000056928128
C 144
= 0000000056928A48
R
P 0000000056969C18
C 294
R
P 0000000056969C18
P 0000000056928A48
C 9
R
P 0000000056969C18
C 294
R
P 0000000056969C18
P 0000000056928A48
P 0000000056928A48
C 54
= 00000000572900F0
R
P 0000000056969C18
C 294
R
P 0000000056969C18
P 00000000572900F0
C 9
R
P 0000000056969C18
C 294
R
P 0000000056969C18
C 52
= 00000000569280C8
R
P 0000000056969C18
C 294
R
P 0000000056969C18
P 00000000569280C8
C 9
R
P 0000000056969C18
C 294
R
P 0000000056969C18
I 0
P 0000000056928128
C 144
= 0000000056928A48
R
P 0000000056969C18
C 294
R
P 0000000056969C18
P 0000000056928A48
C 9
R
P 0000000056969C18
C 294
R
P 0000000056969C18
P 0000000056929168
P 0000000056928A48
C 54
= 0000000057290438
R
P 0000000056969C18
C 294
R
P 0000000056969C18
P 0000000057290438
C 9
R
P 0000000056969C18
C 294
R
P 0000000056969C18
P 00000000572900F0
P 00000000569280C8
P 0000000057290438
C 57
= 000000005692CAC8
R
P 0000000056969C18
C 294
R
P 0000000056969C18
P 000000005692CAC8
C 207
R
P 0000000056969C18
C 294
R
P 0000000056969C18
P 000000005692CAC8
C 204
= 0000000056928068
R
P 0000000056969C18
C 294
R
P 0000000056969C18
P 0000000056928068
C 165
R
P 0000000056969C18
C 294
R
P 0000000056969C18
P 000000005692CAC8
C 210
R
P 0000000056969C18
C 294
R
P 0000000056969C18
P 000000005692CAC8
C 209
R
P 0000000056969C18
C 294
R
P 0000000056969C18
P 000000005692CAC8
C 9
R
P 0000000056969C18
C 294
R
P 0000000056969C18
U 2
P 0000000057290400
P 000000005692CAC8
p 2
C 61
= 0000000057290470
R
P 0000000056969C18
C 294
R
P 0000000056969C18
P 0000000057290470
C 9
R
P 0000000056969C18
C 294
R
P 0000000056969C18
I 3
P 0000000056928128
C 144
= 0000000056929B08
R
P 0000000056969C18
C 294
R
P 0000000056969C18
P 0000000056929B08
C 9
R
P 0000000056969C18
C 294
R
P 0000000056969C18
I 0
P 0000000056928128
C 144
= 0000000056928A48
R
P 0000000056969C18
C 294
R
P 0000000056969C18
P 0000000056928A48
C 9
R
P 0000000056969C18
C 294
R
P 0000000056969C18
P 0000000056929B08
P 0000000056928A48
C 54
= 00000000572904A8
R
P 0000000056969C18
C 294
R
P 0000000056969C18
P 00000000572904A8
C 9
R
P 0000000056969C18
C 294
R
P 0000000056969C18
C 52
= 00000000569280C8
R
P 0000000056969C18
C 294
R
P 0000000056969C18
P 00000000569280C8
C 9
R
P 0000000056969C18
C 294
R
P 0000000056969C18
I 3
P 0000000056928128
C 144
= 0000000056929B08
R
P 0000000056969C18
C 294
R
P 0000000056969C18
P 0000000056929B08
C 9
R
P 0000000056969C18
C 294
R
P 0000000056969C18
P 0000000056929188
P 0000000056929B08
C 54
= 00000000572904E0
R
P 0000000056969C18
C 294
R
P 0000000056969C18
P 00000000572904E0
C 9
R
P 0000000056969C18
C 294
R
P 0000000056969C18
P 00000000572904A8
P 00000000569280C8
P 00000000572904E0
C 57
= 000000005692CB08
R
P 0000000056969C18
C 294
R
P 0000000056969C18
P 000000005692CB08
C 207
R
P 0000000056969C18
C 294
R
P 0000000056969C18
P 000000005692CB08
C 204
= 0000000056928068
R
P 0000000056969C18
C 294
R
P 0000000056969C18
P 0000000056928068
C 165
R
P 0000000056969C18
C 294
R
P 0000000056969C18
P 000000005692CB08
C 210
R
P 0000000056969C18
C 294
R
P 0000000056969C18
P 000000005692CB08
C 209
R
P 0000000056969C18
C 294
R
P 0000000056969C18
P 000000005692CB08
C 9
R
P 0000000056969C18
C 294
R
P 0000000056969C18
U 2
P 0000000057290470
P 000000005692CB08
p 2
C 61
= 0000000057290518
R
P 0000000056969C18
C 294
R
P 0000000056969C18
P 0000000057290518
C 9
R
P 0000000056969C18
C 294
R
P 0000000056969C18
I 0
P 0000000056928128
C 144
= 0000000056928A48
R
P 0000000056969C18
C 294
R
P 0000000056969C18
P 0000000056928A48
C 9
R
P 0000000056969C18
C 294
R
P 0000000056969C18
I 0
P 0000000056928128
C 144
= 0000000056928A48
R
P 0000000056969C18
C 294
R
P 0000000056969C18
P 0000000056928A48
C 9
R
P 0000000056969C18
C 294
R
P 0000000056969C18
P 0000000056928A48
P 0000000056928A48
C 54
= 00000000572900F0
R
P 0000000056969C18
C 294
R
P 0000000056969C18
P 00000000572900F0
C 9
R
P 0000000056969C18
C 294
R
P 0000000056969C18
C 52
= 00000000569280C8
R
P 0000000056969C18
C 294
R
P 0000000056969C18
P 00000000569280C8
C 9
R
P 0000000056969C18
C 294
R
P 0000000056969C18
I 0
P 0000000056928128
C 144
= 0000000056928A48
R
P 0000000056969C18
C 294
R
P 0000000056969C18
P 0000000056928A48
C 9
R
P 0000000056969C18
C 294
R
P 0000000056969C18
P 00000000569291A8
P 0000000056928A48
C 54
= 0000000057290550
R
P 0000000056969C18
C 294
R
P 0000000056969C18
P 0000000057290550
C 9
R
P 0000000056969C18
C 294
R
P 0000000056969C18
P 00000000572900F0
P 00000000569280C8
P 0000000057290550
C 57
= 000000005692CB48
R
P 0000000056969C18
C 294
R
P 0000000056969C18
P 000000005692CB48
C 207
R
P 0000000056969C18
C 294
R
P 0000000056969C18
P 000000005692CB48
C 204
= 0000000056928068
R
P 0000000056969C18
C 294
R
P 0000000056969C18
P 0000000056928068
C 165
R
P 0000000056969C18
C 294
R
P 0000000056969C18
P 000000005692CB48
C 210
R
P 0000000056969C18
C 294
R
P 0000000056969C18
P 000000005692CB48
C 209
R
P 0000000056969C18
C 294
R
P 0000000056969C18
P 000000005692CB48
C 9
R
P 0000000056969C18
C 294
R
P 0000000056969C18
U 2
P 0000000057290518
P 000000005692CB48
p 2
C 61
= 0000000057290588
R
P 0000000056969C18
C 294
R
P 0000000056969C18
P 0000000057290588
C 9
R
P 0000000056969C18
C 294
R
P 0000000056969C18
I 0
P 0000000056928128
C 144
= 0000000056928A48
R
P 0000000056969C18
C 294
R
P 0000000056969C18
P 0000000056928A48
C 9
R
P 0000000056969C18
C 294
R
P 0000000056969C18
I 0
P 0000000056928128
C 144
= 0000000056928A48
R
P 0000000056969C18
C 294
R
P 0000000056969C18
P 0000000056928A48
C 9
R
P 0000000056969C18
C 294
R
P 0000000056969C18
P 0000000056928A48
P 0000000056928A48
C 54
= 00000000572900F0
R
P 0000000056969C18
C 294
R
P 0000000056969C18
P 00000000572900F0
C 9
R
P 0000000056969C18
C 294
R
P 0000000056969C18
C 52
= 00000000569280C8
R
P 0000000056969C18
C 294
R
P 0000000056969C18
P 00000000569280C8
C 9
R
P 0000000056969C18
C 294
R
P 0000000056969C18
I 0
P 0000000056928128
C 144
= 0000000056928A48
R
P 0000000056969C18
C 294
R
P 0000000056969C18
P 0000000056928A48
C 9
R
P 0000000056969C18
C 294
R
P 0000000056969C18
P 00000000569291C8
P 0000000056928A48
C 54
= 00000000572905C0
R
P 0000000056969C18
C 294
R
P 0000000056969C18
P 00000000572905C0
C 9
R
P 0000000056969C18
C 294
R
P 0000000056969C18
P 00000000572900F0
P 00000000569280C8
P 00000000572905C0
C 57
= 000000005692CB88
R
P 0000000056969C18
C 294
R
P 0000000056969C18
P 000000005692CB88
C 207
R
P 0000000056969C18
C 294
R
P 0000000056969C18
P 000000005692CB88
C 204
= 0000000056928068
R
P 0000000056969C18
C 294
R
P 0000000056969C18
P 0000000056928068
C 165
R
P 0000000056969C18
C 294
R
P 0000000056969C18
P 000000005692CB88
C 210
R
P 0000000056969C18
C 294
R
P 0000000056969C18
P 000000005692CB88
C 209
R
P 0000000056969C18
C 294
R
P 0000000056969C18
P 000000005692CB88
C 9
R
P 0000000056969C18
C 294
R
P 0000000056969C18
U 2
P 0000000057290588
P 000000005692CB88
p 2
C 61
= 00000000572905F8
R
P 0000000056969C18
C 294
R
P 0000000056969C18
P 00000000572905F8
C 9
R
P 0000000056969C18
C 294
R
P 0000000056969C18
I 0
P 0000000056928128
C 144
= 0000000056928A48
R
P 0000000056969C18
C 294
R
P 0000000056969C18
P 0000000056928A48
C 9
R
P 0000000056969C18
C 294
R
P 0000000056969C18
I 0
P 0000000056928128
C 144
= 0000000056928A48
R
P 0000000056969C18
C 294
R
P 0000000056969C18
P 0000000056928A48
C 9
R
P 0000000056969C18
C 294
R
P 0000000056969C18
P 0000000056928A48
P 0000000056928A48
C 54
= 00000000572900F0
R
P 0000000056969C18
C 294
R
P 0000000056969C18
P 00000000572900F0
C 9
R
P 0000000056969C18
C 294
R
P 0000000056969C18
C 52
= 00000000569280C8
R
P 0000000056969C18
C 294
R
P 0000000056969C18
P 00000000569280C8
C 9
R
P 0000000056969C18
C 294
R
P 0000000056969C18
I 0
P 0000000056928128
C 144
= 0000000056928A48
R
P 0000000056969C18
C 294
R
P 0000000056969C18
P 0000000056928A48
C 9
R
P 0000000056969C18
C 294
R
P 0000000056969C18
P 00000000569291E8
P 0000000056928A48
C 54
= 0000000057290630
R
P 0000000056969C18
C 294
R
P 0000000056969C18
P 0000000057290630
C 9
R
P 0000000056969C18
C 294
R
P 0000000056969C18
P 00000000572900F0
P 00000000569280C8
P 0000000057290630
C 57
= 000000005692CBC8
R
P 0000000056969C18
C 294
R
P 0000000056969C18
P 000000005692CBC8
C 207
R
P 0000000056969C18
C 294
R
P 0000000056969C18
P 000000005692CBC8
C 204
= 0000000056928068
R
P 0000000056969C18
C 294
R
P 0000000056969C18
P 0000000056928068
C 165
R
P 0000000056969C18
C 294
R
P 0000000056969C18
P 000000005692CBC8
C 210
R
P 0000000056969C18
C 294
R
P 0000000056969C18
P 000000005692CBC8
C 209
R
P 0000000056969C18
C 294
R
P 0000000056969C18
P 000000005692CBC8
C 9
R
P 0000000056969C18
C 294
R
P 0000000056969C18
U 2
P 00000000572905F8
P 000000005692CBC8
p 2
C 61
= 0000000057290668
R
P 0000000056969C18
C 294
R
P 0000000056969C18
P 0000000057290668
C 9
R
P 0000000056969C18
C 294
R
P 0000000056969C18
I 0
P 0000000056928128
C 144
= 0000000056928A48
R
P 0000000056969C18
C 294
R
P 0000000056969C18
P 0000000056928A48
C 9
R
P 0000000056969C18
C 294
R
P 0000000056969C18
I 0
P 0000000056928128
C 144
= 0000000056928A48
R
P 0000000056969C18
C 294
R
P 0000000056969C18
P 0000000056928A48
C 9
R
P 0000000056969C18
C 294
R
P 0000000056969C18
P 0000000056928A48
P 0000000056928A48
C 54
= 00000000572900F0
R
P 0000000056969C18
C 294
R
P 0000000056969C18
P 00000000572900F0
C 9
R
P 0000000056969C18
C 294
R
P 0000000056969C18
C 52
= 00000000569280C8
R
P 0000000056969C18
C 294
R
P 0000000056969C18
P 00000000569280C8
C 9
R
P 0000000056969C18
C 294
R
P 0000000056969C18
I 0
P 0000000056928128
C 144
= 0000000056928A48
R
P 0000000056969C18
C 294
R
P 0000000056969C18
P 0000000056928A48
C 9
R
P 0000000056969C18
C 294
R
P 0000000056969C18
P 0000000056929208
P 0000000056928A48
C 54
= 00000000572906A0
R
P 0000000056969C18
C 294
R
P 0000000056969C18
P 00000000572906A0
C 9
R
P 0000000056969C18
C 294
R
P 0000000056969C18
P 00000000572900F0
P 00000000569280C8
P 00000000572906A0
C 57
= 000000005692CC08
R
P 0000000056969C18
C 294
R
P 0000000056969C18
P 000000005692CC08
C 207
R
P 0000000056969C18
C 294
R
P 0000000056969C18
P 000000005692CC08
C 204
= 0000000056928068
R
P 0000000056969C18
C 294
R
P 0000000056969C18
P 0000000056928068
C 165
R
P 0000000056969C18
C 294
R
P 0000000056969C18
P 000000005692CC08
C 210
R
P 0000000056969C18
C 294
R
P 0000000056969C18
P 000000005692CC08
C 209
R
P 0000000056969C18
C 294
R
P 0000000056969C18
P 000000005692CC08
C 9
R
P 0000000056969C18
C 294
R
P 0000000056969C18
U 2
P 0000000057290668
P 000000005692CC08
p 2
C 61
= 00000000572906D8
R
P 0000000056969C18
C 294
R
P 0000000056969C18
P 00000000572906D8
C 9
R
P 0000000056969C18
C 294
R
P 0000000056969C18
I 5
P 0000000056928128
C 144
= 0000000056929B28
R
P 0000000056969C18
C 294
R
P 0000000056969C18
P 0000000056929B28
C 9
R
P 0000000056969C18
C 294
R
P 0000000056969C18
I 0
P 0000000056928128
C 144
= 0000000056928A48
R
P 0000000056969C18
C 294
R
P 0000000056969C18
P 0000000056928A48
C 9
R
P 0000000056969C18
C 294
R
P 0000000056969C18
P 0000000056929B28
P 0000000056928A48
C 54
= 0000000057290710
R
P 0000000056969C18
C 294
R
P 0000000056969C18
P 0000000057290710
C 9
R
P 0000000056969C18
C 294
R
P 0000000056969C18
C 52
= 00000000569280C8
R
P 0000000056969C18
C 294
R
P 0000000056969C18
P 00000000569280C8
C 9
R
P 0000000056969C18
C 294
R
P 0000000056969C18
I 5
P 0000000056928128
C 144
= 0000000056929B28
R
P 0000000056969C18
C 294
R
P 0000000056969C18
P 0000000056929B28
C 9
R
P 0000000056969C18
C 294
R
P 0000000056969C18
P 0000000056929228
P 0000000056929B28
C 54
= 0000000057290748
R
P 0000000056969C18
C 294
R
P 0000000056969C18
P 0000000057290748
C 9
R
P 0000000056969C18
C 294
R
P 0000000056969C18
P 0000000057290710
P 00000000569280C8
P 0000000057290748
C 57
= 000000005692CC48
R
P 0000000056969C18
C 294
R
P 0000000056969C18
P 000000005692CC48
C 207
R
P 0000000056969C18
C 294
R
P 0000000056969C18
P 000000005692CC48
C 204
= 0000000056928068
R
P 0000000056969C18
C 294
R
P 0000000056969C18
P 0000000056928068
C 165
R
P 0000000056969C18
C 294
R
P 0000000056969C18
P 000000005692CC48
C 210
R
P 0000000056969C18
C 294
R
P 0000000056969C18
P 000000005692CC48
C 209
R
P 0000000056969C18
C 294
R
P 0000000056969C18
P 000000005692CC48
C 9
R
P 0000000056969C18
C 294
R
P 0000000056969C18
U 2
P 00000000572906D8
P 000000005692CC48
p 2
C 61
= 0000000057290780
R
P 0000000056969C18
C 294
R
P 0000000056969C18
P 0000000057290780
C 9
R
P 0000000056969C18
C 294
R
P 0000000056969C18
I 1
P 0000000056928128
C 144
= 0000000056928C68
R
P 0000000056969C18
C 294
R
P 0000000056969C18
P 0000000056928C68
C 9
R
P 0000000056969C18
C 294
R
P 0000000056969C18
I 0
P 0000000056928128
C 144
= 0000000056928A48
R
P 0000000056969C18
C 294
R
P 0000000056969C18
P 0000000056928A48
C 9
R
P 0000000056969C18
C 294
R
P 0000000056969C18
P 0000000056928C68
P 0000000056928A48
C 54
= 00000000572907B8
R
P 0000000056969C18
C 294
R
P 0000000056969C18
P 00000000572907B8
C 9
R
P 0000000056969C18
C 294
R
P 0000000056969C18
C 52
= 00000000569280C8
R
P 0000000056969C18
C 294
R
P 0000000056969C18
P 00000000569280C8
C 9
R
P 0000000056969C18
C 294
R
P 0000000056969C18
I 1
P 0000000056928128
C 144
= 0000000056928C68
R
P 0000000056969C18
C 294
R
P 0000000056969C18
P 0000000056928C68
C 9
R
P 0000000056969C18
C 294
R
P 0000000056969C18
P 0000000056929248
P 0000000056928C68
C 54
= 00000000572907F0
R
P 0000000056969C18
C 294
R
P 0000000056969C18
P 00000000572907F0
C 9
R
P 0000000056969C18
C 294
R
P 0000000056969C18
P 00000000572907B8
P 00000000569280C8
P 00000000572907F0
C 57
= 000000005692CC88
R
P 0000000056969C18
C 294
R
P 0000000056969C18
P 000000005692CC88
C 207
R
P 0000000056969C18
C 294
R
P 0000000056969C18
P 000000005692CC88
C 204
= 0000000056928068
R
P 0000000056969C18
C 294
R
P 0000000056969C18
P 0000000056928068
C 165
R
P 0000000056969C18
C 294
R
P 0000000056969C18
P 000000005692CC88
C 210
R
P 0000000056969C18
C 294
R
P 0000000056969C18
P 000000005692CC88
C 209
R
P 0000000056969C18
C 294
R
P 0000000056969C18
P 000000005692CC88
C 9
R
P 0000000056969C18
C 294
R
P 0000000056969C18
U 2
P 0000000057290780
P 000000005692CC88
p 2
C 61
= 0000000057290828
R
P 0000000056969C18
C 294
R
P 0000000056969C18
P 0000000057290828
C 9
R
P 0000000056969C18
C 294
R
P 0000000056969C18
I 0
P 0000000056928128
C 144
= 0000000056928A48
R
P 0000000056969C18
C 294
R
P 0000000056969C18
P 0000000056928A48
C 9
R
P 0000000056969C18
C 294
R
P 0000000056969C18
I 0
P 0000000056928128
C 144
= 0000000056928A48
R
P 0000000056969C18
C 294
R
P 0000000056969C18
P 0000000056928A48
C 9
R
P 0000000056969C18
C 294
R
P 0000000056969C18
P 0000000056928A48
P 0000000056928A48
C 54
= 00000000572900F0
R
P 0000000056969C18
C 294
R
P 0000000056969C18
P 00000000572900F0
C 9
R
P 0000000056969C18
C 294
R
P 0000000056969C18
C 52
= 00000000569280C8
R
P 0000000056969C18
C 294
R
P 0000000056969C18
P 00000000569280C8
C 9
R
P 0000000056969C18
C 294
R
P 0000000056969C18
I 0
P 0000000056928128
C 144
= 0000000056928A48
R
P 0000000056969C18
C 294
R
P 0000000056969C18
P 0000000056928A48
C 9
R
P 0000000056969C18
C 294
R
P 0000000056969C18
P 0000000056929268
P 0000000056928A48
C 54
= 0000000057290860
R
P 0000000056969C18
C 294
R
P 0000000056969C18
P 0000000057290860
C 9
R
P 0000000056969C18
C 294
R
P 0000000056969C18
P 00000000572900F0
P 00000000569280C8
P 0000000057290860
C 57
= 000000005692CCC8
R
P 0000000056969C18
C 294
R
P 0000000056969C18
P 000000005692CCC8
C 207
R
P 0000000056969C18
C 294
R
P 0000000056969C18
P 000000005692CCC8
C 204
= 0000000056928068
R
P 0000000056969C18
C 294
R
P 0000000056969C18
P 0000000056928068
C 165
R
P 0000000056969C18
C 294
R
P 0000000056969C18
P 000000005692CCC8
C 210
R
P 0000000056969C18
C 294
R
P 0000000056969C18
P 000000005692CCC8
C 209
R
P 0000000056969C18
C 294
R
P 0000000056969C18
P 000000005692CCC8
C 9
R
P 0000000056969C18
C 294
R
P 0000000056969C18
U 2
P 0000000057290828
P 000000005692CCC8
p 2
C 61
= 0000000057290898
R
P 0000000056969C18
C 294
R
P 0000000056969C18
P 0000000057290898
C 9
R
P 0000000056969C18
C 294
R
P 0000000056969C18
I 0
P 0000000056928128
C 144
= 0000000056928A48
R
P 0000000056969C18
C 294
R
P 0000000056969C18
P 0000000056928A48
C 9
R
P 0000000056969C18
C 294
R
P 0000000056969C18
I 0
P 0000000056928128
C 144
= 0000000056928A48
R
P 0000000056969C18
C 294
R
P 0000000056969C18
P 0000000056928A48
C 9
R
P 0000000056969C18
C 294
R
P 0000000056969C18
P 0000000056928A48
P 0000000056928A48
C 54
= 00000000572900F0
R
P 0000000056969C18
C 294
R
P 0000000056969C18
P 00000000572900F0
C 9
R
P 0000000056969C18
C 294
R
P 0000000056969C18
C 52
= 00000000569280C8
R
P 0000000056969C18
C 294
R
P 0000000056969C18
P 00000000569280C8
C 9
R
P 0000000056969C18
C 294
R
P 0000000056969C18
I 0
P 0000000056928128
C 144
= 0000000056928A48
R
P 0000000056969C18
C 294
R
P 0000000056969C18
P 0000000056928A48
C 9
R
P 0000000056969C18
C 294
R
P 0000000056969C18
P 0000000056929288
P 0000000056928A48
C 54
= 00000000572908D0
R
P 0000000056969C18
C 294
R
P 0000000056969C18
P 00000000572908D0
C 9
R
P 0000000056969C18
C 294
R
P 0000000056969C18
P 00000000572900F0
P 00000000569280C8
P 00000000572908D0
C 57
= 000000005692CD08
R
P 0000000056969C18
C 294
R
P 0000000056969C18
P 000000005692CD08
C 207
R
P 0000000056969C18
C 294
R
P 0000000056969C18
P 000000005692CD08
C 204
= 0000000056928068
R
P 0000000056969C18
C 294
R
P 0000000056969C18
P 0000000056928068
C 165
R
P 0000000056969C18
C 294
R
P 0000000056969C18
P 000000005692CD08
C 210
R
P 0000000056969C18
C 294
R
P 0000000056969C18
P 000000005692CD08
C 209
R
P 0000000056969C18
C 294
R
P 0000000056969C18
P 000000005692CD08
C 9
R
P 0000000056969C18
C 294
R
P 0000000056969C18
U 2
P 0000000057290898
P 000000005692CD08
p 2
C 61
= 0000000057290908
R
P 0000000056969C18
C 294
R
P 0000000056969C18
P 0000000057290908
C 9
R
P 0000000056969C18
C 294
R
P 0000000056969C18
I 0
P 0000000056928128
C 144
= 0000000056928A48
R
P 0000000056969C18
C 294
R
P 0000000056969C18
P 0000000056928A48
C 9
R
P 0000000056969C18
C 294
R
P 0000000056969C18
I 0
P 0000000056928128
C 144
= 0000000056928A48
R
P 0000000056969C18
C 294
R
P 0000000056969C18
P 0000000056928A48
C 9
R
P 0000000056969C18
C 294
R
P 0000000056969C18
P 0000000056928A48
P 0000000056928A48
C 54
= 00000000572900F0
R
P 0000000056969C18
C 294
R
P 0000000056969C18
P 00000000572900F0
C 9
R
P 0000000056969C18
C 294
R
P 0000000056969C18
C 52
= 00000000569280C8
R
P 0000000056969C18
C 294
R
P 0000000056969C18
P 00000000569280C8
C 9
R
P 0000000056969C18
C 294
R
P 0000000056969C18
I 0
P 0000000056928128
C 144
= 0000000056928A48
R
P 0000000056969C18
C 294
R
P 0000000056969C18
P 0000000056928A48
C 9
R
P 0000000056969C18
C 294
R
P 0000000056969C18
P 00000000569292A8
P 0000000056928A48
C 54
= 0000000057290940
R
P 0000000056969C18
C 294
R
P 0000000056969C18
P 0000000057290940
C 9
R
P 0000000056969C18
C 294
R
P 0000000056969C18
P 00000000572900F0
P 00000000569280C8
P 0000000057290940
C 57
= 000000005692CD48
R
P 0000000056969C18
C 294
R
P 0000000056969C18
P 000000005692CD48
C 207
R
P 0000000056969C18
C 294
R
P 0000000056969C18
P 000000005692CD48
C 204
= 0000000056928068
R
P 0000000056969C18
C 294
R
P 0000000056969C18
P 0000000056928068
C 165
R
P 0000000056969C18
C 294
R
P 0000000056969C18
P 000000005692CD48
C 210
R
P 0000000056969C18
C 294
R
P 0000000056969C18
P 000000005692CD48
C 209
R
P 0000000056969C18
C 294
R
P 0000000056969C18
P 000000005692CD48
C 9
R
P 0000000056969C18
C 294
R
P 0000000056969C18
U 2
P 0000000057290908
P 000000005692CD48
p 2
C 61
= 0000000057290978
R
P 0000000056969C18
C 294
R
P 0000000056969C18
P 0000000057290978
C 9
R
P 0000000056969C18
C 294
R
P 0000000056969C18
I 7
P 0000000056928128
C 144
= 0000000056929B48
R
P 0000000056969C18
C 294
R
P 0000000056969C18
P 0000000056929B48
C 9
R
P 0000000056969C18
C 294
R
P 0000000056969C18
I 0
P 0000000056928128
C 144
= 0000000056928A48
R
P 0000000056969C18
C 294
R
P 0000000056969C18
P 0000000056928A48
C 9
R
P 0000000056969C18
C 294
R
P 0000000056969C18
P 0000000056929B48
P 0000000056928A48
C 54
= 00000000572909B0
R
P 0000000056969C18
C 294
R
P 0000000056969C18
P 00000000572909B0
C 9
R
P 0000000056969C18
C 294
R
P 0000000056969C18
C 52
= 00000000569280C8
R
P 0000000056969C18
C 294
R
P 0000000056969C18
P 00000000569280C8
C 9
R
P 0000000056969C18
C 294
R
P 0000000056969C18
I 7
P 0000000056928128
C 144
= 0000000056929B48
R
P 0000000056969C18
C 294
R
P 0000000056969C18
P 0000000056929B48
C 9
R
P 0000000056969C18
C 294
R
P 0000000056969C18
P 00000000569292C8
P 0000000056929B48
C 54
= 00000000572909E8
R
P 0000000056969C18
C 294
R
P 0000000056969C18
P 00000000572909E8
C 9
R
P 0000000056969C18
C 294
R
P 0000000056969C18
P 00000000572909B0
P 00000000569280C8
P 00000000572909E8
C 57
= 000000005692CD88
R
P 0000000056969C18
C 294
R
P 0000000056969C18
P 000000005692CD88
C 207
R
P 0000000056969C18
C 294
R
P 0000000056969C18
P 000000005692CD88
C 204
= 0000000056928068
R
P 0000000056969C18
C 294
R
P 0000000056969C18
P 0000000056928068
C 165
R
P 0000000056969C18
C 294
R
P 0000000056969C18
P 000000005692CD88
C 210
R
P 0000000056969C18
C 294
R
P 0000000056969C18
P 000000005692CD88
C 209
R
P 0000000056969C18
C 294
R
P 0000000056969C18
P 000000005692CD88
C 9
R
P 0000000056969C18
C 294
R
P 0000000056969C18
U 2
P 0000000057290978
P 000000005692CD88
p 2
C 61
= 0000000057290A20
R
P 0000000056969C18
C 294
R
P 0000000056969C18
P 0000000057290A20
C 9
R
P 0000000056969C18
C 294
R
P 0000000056969C18
I 0
P 0000000056928128
C 144
= 0000000056928A48
R
P 0000000056969C18
C 294
R
P 0000000056969C18
P 0000000056928A48
C 9
R
P 0000000056969C18
C 294
R
P 0000000056969C18
I 0
P 0000000056928128
C 144
= 0000000056928A48
R
P 0000000056969C18
C 294
R
P 0000000056969C18
P 0000000056928A48
C 9
R
P 0000000056969C18
C 294
R
P 0000000056969C18
P 0000000056928A48
P 0000000056928A48
C 54
= 00000000572900F0
R
P 0000000056969C18
C 294
R
P 0000000056969C18
P 00000000572900F0
C 9
R
P 0000000056969C18
C 294
R
P 0000000056969C18
C 52
= 00000000569280C8
R
P 0000000056969C18
C 294
R
P 0000000056969C18
P 00000000569280C8
C 9
R
P 0000000056969C18
C 294
R
P 0000000056969C18
I 0
P 0000000056928128
C 144
= 0000000056928A48
R
P 0000000056969C18
C 294
R
P 0000000056969C18
P 0000000056928A48
C 9
R
P 0000000056969C18
C 294
R
P 0000000056969C18
P 00000000569292E8
P 0000000056928A48
C 54
= 0000000057290A58
R
P 0000000056969C18
C 294
R
P 0000000056969C18
P 0000000057290A58
C 9
R
P 0000000056969C18
C 294
R
P 0000000056969C18
P 00000000572900F0
P 00000000569280C8
P 0000000057290A58
C 57
= 000000005692CDC8
R
P 0000000056969C18
C 294
R
P 0000000056969C18
P 000000005692CDC8
C 207
R
P 0000000056969C18
C 294
R
P 0000000056969C18
P 000000005692CDC8
C 204
= 0000000056928068
R
P 0000000056969C18
C 294
R
P 0000000056969C18
P 0000000056928068
C 165
R
P 0000000056969C18
C 294
R
P 0000000056969C18
P 000000005692CDC8
C 210
R
P 0000000056969C18
C 294
R
P 0000000056969C18
P 000000005692CDC8
C 209
R
P 0000000056969C18
C 294
R
P 0000000056969C18
P 000000005692CDC8
C 9
R
P 0000000056969C18
C 294
R
P 0000000056969C18
U 2
P 0000000057290A20
P 000000005692CDC8
p 2
C 61
= 0000000057290A90
R
P 0000000056969C18
C 294
R
P 0000000056969C18
P 0000000057290A90
C 9
R
P 0000000056969C18
C 294
R
P 0000000056969C18
I 8
P 0000000056928128
C 144
= 0000000056929B68
R
P 0000000056969C18
C 294
R
P 0000000056969C18
P 0000000056929B68
C 9
R
P 0000000056969C18
C 294
R
P 0000000056969C18
I 0
P 0000000056928128
C 144
= 0000000056928A48
R
P 0000000056969C18
C 294
R
P 0000000056969C18
P 0000000056928A48
C 9
R
P 0000000056969C18
C 294
R
P 0000000056969C18
P 0000000056929B68
P 0000000056928A48
C 54
= 0000000057290AC8
R
P 0000000056969C18
C 294
R
P 0000000056969C18
P 0000000057290AC8
C 9
R
P 0000000056969C18
C 294
R
P 0000000056969C18
C 52
= 00000000569280C8
R
P 0000000056969C18
C 294
R
P 0000000056969C18
P 00000000569280C8
C 9
R
P 0000000056969C18
C 294
R
P 0000000056969C18
I 8
P 0000000056928128
C 144
= 0000000056929B68
R
P 0000000056969C18
C 294
R
P 0000000056969C18
P 0000000056929B68
C 9
R
P 0000000056969C18
C 294
R
P 0000000056969C18
P 0000000056929308
P 0000000056929B68
C 54
= 0000000057290B00
R
P 0000000056969C18
C 294
R
P 0000000056969C18
P 0000000057290B00
C 9
R
P 0000000056969C18
C 294
R
P 0000000056969C18
P 0000000057290AC8
P 00000000569280C8
P 0000000057290B00
C 57
= 000000005692CE08
R
P 0000000056969C18
C 294
R
P 0000000056969C18
P 000000005692CE08
C 207
R
P 0000000056969C18
C 294
R
P 0000000056969C18
P 000000005692CE08
C 204
= 0000000056928068
R
P 0000000056969C18
C 294
R
P 0000000056969C18
P 0000000056928068
C 165
R
P 0000000056969C18
C 294
R
P 0000000056969C18
P 000000005692CE08
C 210
R
P 0000000056969C18
C 294
R
P 0000000056969C18
P 000000005692CE08
C 209
R
P 0000000056969C18
C 294
R
P 0000000056969C18
P 000000005692CE08
C 9
R
P 0000000056969C18
C 294
R
P 0000000056969C18
U 2
P 0000000057290A90
P 000000005692CE08
p 2
C 61
= 0000000057290B38
R
P 0000000056969C18
C 294
R
P 0000000056969C18
P 0000000057290B38
C 9
R
P 0000000056969C18
C 294
R
P 0000000056969C18
I 9
P 0000000056928128
C 144
= 0000000056929AC8
R
P 0000000056969C18
C 294
R
P 0000000056969C18
P 0000000056929AC8
C 9
R
P 0000000056969C18
C 294
R
P 0000000056969C18
I 0
P 0000000056928128
C 144
= 0000000056928A48
R
P 0000000056969C18
C 294
R
P 0000000056969C18
P 0000000056928A48
C 9
R
P 0000000056969C18
C 294
R
P 0000000056969C18
P 0000000056929AC8
P 0000000056928A48
C 54
= 00000000572902E8
R
P 0000000056969C18
C 294
R
P 0000000056969C18
P 00000000572902E8
C 9
R
P 0000000056969C18
C 294
R
P 0000000056969C18
C 52
= 00000000569280C8
R
P 0000000056969C18
C 294
R
P 0000000056969C18
P 00000000569280C8
C 9
R
P 0000000056969C18
C 294
R
P 0000000056969C18
I 9
P 0000000056928128
C 144
= 0000000056929AC8
R
P 0000000056969C18
C 294
R
P 0000000056969C18
P 0000000056929AC8
C 9
R
P 0000000056969C18
C 294
R
P 0000000056969C18
P 0000000056929328
P 0000000056929AC8
C 54
= 0000000057290B70
R
P 0000000056969C18
C 294
R
P 0000000056969C18
P 0000000057290B70
C 9
R
P 0000000056969C18
C 294
R
P 0000000056969C18
P 00000000572902E8
P 00000000569280C8
P 0000000057290B70
C 57
= 000000005692CE48
R
P 0000000056969C18
C 294
R
P 0000000056969C18
P 000000005692CE48
C 207
R
P 0000000056969C18
C 294
R
P 0000000056969C18
P 000000005692CE48
C 204
= 0000000056928068
R
P 0000000056969C18
C 294
R
P 0000000056969C18
P 0000000056928068
C 165
R
P 0000000056969C18
C 294
R
P 0000000056969C18
P 000000005692CE48
C 210
R
P 0000000056969C18
C 294
R
P 0000000056969C18
P 000000005692CE48
C 209
R
P 0000000056969C18
C 294
R
P 0000000056969C18
P 000000005692CE48
C 9
R
P 0000000056969C18
C 294
R
P 0000000056969C18
U 2
P 0000000057290B38
P 000000005692CE48
p 2
C 61
= 0000000057290BA8
R
P 0000000056969C18
C 294
R
P 0000000056969C18
P 0000000057290BA8
C 9
R
P 0000000056969C18
C 294
R
P 0000000056969C18
I 0
P 0000000056928128
C 144
= 0000000056928A48
R
P 0000000056969C18
C 294
R
P 0000000056969C18
P 0000000056928A48
C 9
R
P 0000000056969C18
C 294
R
P 0000000056969C18
I 0
P 0000000056928128
C 144
= 0000000056928A48
R
P 0000000056969C18
C 294
R
P 0000000056969C18
P 0000000056928A48
C 9
R
P 0000000056969C18
C 294
R
P 0000000056969C18
P 0000000056928A48
P 0000000056928A48
C 54
= 00000000572900F0
R
P 0000000056969C18
C 294
R
P 0000000056969C18
P 00000000572900F0
C 9
R
P 0000000056969C18
C 294
R
P 0000000056969C18
C 52
= 00000000569280C8
R
P 0000000056969C18
C 294
R
P 0000000056969C18
P 00000000569280C8
C 9
R
P 0000000056969C18
C 294
R
P 0000000056969C18
I 0
P 0000000056928128
C 144
= 0000000056928A48
R
P 0000000056969C18
C 294
R
P 0000000056969C18
P 0000000056928A48
C 9
R
P 0000000056969C18
C 294
R
P 0000000056969C18
P 0000000056929348
P 0000000056928A48
C 54
= 0000000057290BE0
R
P 0000000056969C18
C 294
R
P 0000000056969C18
P 0000000057290BE0
C 9
R
P 0000000056969C18
C 294
R
P 0000000056969C18
P 00000000572900F0
P 00000000569280C8
P 0000000057290BE0
C 57
= 000000005692CE88
R
P 0000000056969C18
C 294
R
P 0000000056969C18
P 000000005692CE88
C 207
R
P 0000000056969C18
C 294
R
P 0000000056969C18
P 000000005692CE88
C 204
= 0000000056928068
R
P 0000000056969C18
C 294
R
P 0000000056969C18
P 0000000056928068
C 165
R
P 0000000056969C18
C 294
R
P 0000000056969C18
P 000000005692CE88
C 210
R
P 0000000056969C18
C 294
R
P 0000000056969C18
P 000000005692CE88
C 209
R
P 0000000056969C18
C 294
R
P 0000000056969C18
P 000000005692CE88
C 9
R
P 0000000056969C18
C 294
R
P 0000000056969C18
U 2
P 0000000057290BA8
P 000000005692CE88
p 2
C 61
= 0000000057290C18
R
P 0000000056969C18
C 294
R
P 0000000056969C18
P 0000000057290C18
C 9
R
P 0000000056969C18
C 294
R
P 0000000056969C18
I 0
P 0000000056928128
C 144
= 0000000056928A48
R
P 0000000056969C18
C 294
R
P 0000000056969C18
P 0000000056928A48
C 9
R
P 0000000056969C18
C 294
R
P 0000000056969C18
I 0
P 0000000056928128
C 144
= 0000000056928A48
R
P 0000000056969C18
C 294
R
P 0000000056969C18
P 0000000056928A48
C 9
R
P 0000000056969C18
C 294
R
P 0000000056969C18
P 0000000056928A48
P 0000000056928A48
C 54
= 00000000572900F0
R
P 0000000056969C18
C 294
R
P 0000000056969C18
P 00000000572900F0
C 9
R
P 0000000056969C18
C 294
R
P 0000000056969C18
C 52
= 00000000569280C8
R
P 0000000056969C18
C 294
R
P 0000000056969C18
P 00000000569280C8
C 9
R
P 0000000056969C18
C 294
R
P 0000000056969C18
I 0
P 0000000056928128
C 144
= 0000000056928A48
R
P 0000000056969C18
C 294
R
P 0000000056969C18
P 0000000056928A48
C 9
R
P 0000000056969C18
C 294
R
P 0000000056969C18
P 0000000056929368
P 0000000056928A48
C 54
= 0000000057290C50
R
P 0000000056969C18
C 294
R
P 0000000056969C18
P 0000000057290C50
C 9
R
P 0000000056969C18
C 294
R
P 0000000056969C18
P 00000000572900F0
P 00000000569280C8
P 0000000057290C50
C 57
= 000000005692CEC8
R
P 0000000056969C18
C 294
R
P 0000000056969C18
P 000000005692CEC8
C 207
R
P 0000000056969C18
C 294
R
P 0000000056969C18
P 000000005692CEC8
C 204
= 0000000056928068
R
P 0000000056969C18
C 294
R
P 0000000056969C18
P 0000000056928068
C 165
R
P 0000000056969C18
C 294
R
P 0000000056969C18
P 000000005692CEC8
C 210
R
P 0000000056969C18
C 294
R
P 0000000056969C18
P 000000005692CEC8
C 209
R
P 0000000056969C18
C 294
R
P 0000000056969C18
P 000000005692CEC8
C 9
R
P 0000000056969C18
C 294
R
P 0000000056969C18
U 2
P 0000000057290C18
P 000000005692CEC8
p 2
C 61
= 0000000057290C88
R
P 0000000056969C18
C 294
R
P 0000000056969C18
P 0000000057290C88
C 9
R
P 0000000056969C18
C 294
R
P 0000000056969C18
I 0
P 0000000056928128
C 144
= 0000000056928A48
R
P 0000000056969C18
C 294
R
P 0000000056969C18
P 0000000056928A48
C 9
R
P 0000000056969C18
C 294
R
P 0000000056969C18
I 0
P 0000000056928128
C 144
= 0000000056928A48
R
P 0000000056969C18
C 294
R
P 0000000056969C18
P 0000000056928A48
C 9
R
P 0000000056969C18
C 294
R
P 0000000056969C18
P 0000000056928A48
P 0000000056928A48
C 54
= 00000000572900F0
R
P 0000000056969C18
C 294
R
P 0000000056969C18
P 00000000572900F0
C 9
R
P 0000000056969C18
C 294
R
P 0000000056969C18
C 52
= 00000000569280C8
R
P 0000000056969C18
C 294
R
P 0000000056969C18
P 00000000569280C8
C 9
R
P 0000000056969C18
C 294
R
P 0000000056969C18
I 0
P 0000000056928128
C 144
= 0000000056928A48
R
P 0000000056969C18
C 294
R
P 0000000056969C18
P 0000000056928A48
C 9
R
P 0000000056969C18
C 294
R
P 0000000056969C18
P 0000000056929388
P 0000000056928A48
C 54
= 0000000057290CC0
R
P 0000000056969C18
C 294
R
P 0000000056969C18
P 0000000057290CC0
C 9
R
P 0000000056969C18
C 294
R
P 0000000056969C18
P 00000000572900F0
P 00000000569280C8
P 0000000057290CC0
C 57
= 000000005692CF08
R
P 0000000056969C18
C 294
R
P 0000000056969C18
P 000000005692CF08
C 207
R
P 0000000056969C18
C 294
R
P 0000000056969C18
P 000000005692CF08
C 204
= 0000000056928068
R
P 0000000056969C18
C 294
R
P 0000000056969C18
P 0000000056928068
C 165
R
P 0000000056969C18
C 294
R
P 0000000056969C18
P 000000005692CF08
C 210
R
P 0000000056969C18
C 294
R
P 0000000056969C18
P 000000005692CF08
C 209
R
P 0000000056969C18
C 294
R
P 0000000056969C18
P 000000005692CF08
C 9
R
P 0000000056969C18
C 294
R
P 0000000056969C18
U 2
P 0000000057290C88
P 000000005692CF08
p 2
C 61
= 0000000057290CF8
R
P 0000000056969C18
C 294
R
P 0000000056969C18
P 0000000057290CF8
C 9
R
P 0000000056969C18
C 294
R
P 0000000056969C18
I 0
P 0000000056928128
C 144
= 0000000056928A48
R
P 0000000056969C18
C 294
R
P 0000000056969C18
P 0000000056928A48
C 9
R
P 0000000056969C18
C 294
R
P 0000000056969C18
I 0
P 0000000056928128
C 144
= 0000000056928A48
R
P 0000000056969C18
C 294
R
P 0000000056969C18
P 0000000056928A48
C 9
R
P 0000000056969C18
C 294
R
P 0000000056969C18
P 0000000056928A48
P 0000000056928A48
C 54
= 00000000572900F0
R
P 0000000056969C18
C 294
R
P 0000000056969C18
P 00000000572900F0
C 9
R
P 0000000056969C18
C 294
R
P 0000000056969C18
C 52
= 00000000569280C8
R
P 0000000056969C18
C 294
R
P 0000000056969C18
P 00000000569280C8
C 9
R
P 0000000056969C18
C 294
R
P 0000000056969C18
I 0
P 0000000056928128
C 144
= 0000000056928A48
R
P 0000000056969C18
C 294
R
P 0000000056969C18
P 0000000056928A48
C 9
R
P 0000000056969C18
C 294
R
P 0000000056969C18
P 00000000569293A8
P 0000000056928A48
C 54
= 0000000057290D30
R
P 0000000056969C18
C 294
R
P 0000000056969C18
P 0000000057290D30
C 9
R
P 0000000056969C18
C 294
R
P 0000000056969C18
P 00000000572900F0
P 00000000569280C8
P 0000000057290D30
C 57
= 000000005692CF48
R
P 0000000056969C18
C 294
R
P 0000000056969C18
P 000000005692CF48
C 207
R
P 0000000056969C18
C 294
R
P 0000000056969C18
P 000000005692CF48
C 204
= 0000000056928068
R
P 0000000056969C18
C 294
R
P 0000000056969C18
P 0000000056928068
C 165
R
P 0000000056969C18
C 294
R
P 0000000056969C18
P 000000005692CF48
C 210
R
P 0000000056969C18
C 294
R
P 0000000056969C18
P 000000005692CF48
C 209
R
P 0000000056969C18
C 294
R
P 0000000056969C18
P 000000005692CF48
C 9
R
P 0000000056969C18
C 294
R
P 0000000056969C18
U 2
P 0000000057290CF8
P 000000005692CF48
p 2
C 61
= 0000000057290D68
R
P 0000000056969C18
C 294
R
P 0000000056969C18
P 0000000057290D68
C 9
R
P 0000000056969C18
C 294
R
P 0000000056969C18
I 4
P 0000000056928128
C 144
= 0000000056929AE8
R
P 0000000056969C18
C 294
R
P 0000000056969C18
P 0000000056929AE8
C 9
R
P 0000000056969C18
C 294
R
P 0000000056969C18
I 0
P 0000000056928128
C 144
= 0000000056928A48
R
P 0000000056969C18
C 294
R
P 0000000056969C18
P 0000000056928A48
C 9
R
P 0000000056969C18
C 294
R
P 0000000056969C18
P 0000000056929AE8
P 0000000056928A48
C 54
= 0000000057290390
R
P 0000000056969C18
C 294
R
P 0000000056969C18
P 0000000057290390
C 9
R
P 0000000056969C18
C 294
R
P 0000000056969C18
C 52
= 00000000569280C8
R
P 0000000056969C18
C 294
R
P 0000000056969C18
P 00000000569280C8
C 9
R
P 0000000056969C18
C 294
R
P 0000000056969C18
I 4
P 0000000056928128
C 144
= 0000000056929AE8
R
P 0000000056969C18
C 294
R
P 0000000056969C18
P 0000000056929AE8
C 9
R
P 0000000056969C18
C 294
R
P 0000000056969C18
P 00000000569293C8
P 0000000056929AE8
C 54
= 0000000057290DA0
R
P 0000000056969C18
C 294
R
P 0000000056969C18
P 0000000057290DA0
C 9
R
P 0000000056969C18
C 294
R
P 0000000056969C18
P 0000000057290390
P 00000000569280C8
P 0000000057290DA0
C 57
= 000000005692CF88
R
P 0000000056969C18
C 294
R
P 0000000056969C18
P 000000005692CF88
C 207
R
P 0000000056969C18
C 294
R
P 0000000056969C18
P 000000005692CF88
C 204
= 0000000056928068
R
P 0000000056969C18
C 294
R
P 0000000056969C18
P 0000000056928068
C 165
R
P 0000000056969C18
C 294
R
P 0000000056969C18
P 000000005692CF88
C 210
R
P 0000000056969C18
C 294
R
P 0000000056969C18
P 000000005692CF88
C 209
R
P 0000000056969C18
C 294
R
P 0000000056969C18
P 000000005692CF88
C 9
R
P 0000000056969C18
C 294
R
P 0000000056969C18
U 2
P 0000000057290D68
P 000000005692CF88
p 2
C 61
= 0000000057290DD8
R
P 0000000056969C18
C 294
R
P 0000000056969C18
P 0000000057290DD8
C 9
R
P 0000000056969C18
C 294
R
P 0000000056969C18
I 0
P 0000000056928128
C 144
= 0000000056928A48
R
P 0000000056969C18
C 294
R
P 0000000056969C18
P 0000000056928A48
C 9
R
P 0000000056969C18
C 294
R
P 0000000056969C18
I 0
P 0000000056928128
C 144
= 0000000056928A48
R
P 0000000056969C18
C 294
R
P 0000000056969C18
P 0000000056928A48
C 9
R
P 0000000056969C18
C 294
R
P 0000000056969C18
P 0000000056928A48
P 0000000056928A48
C 54
= 00000000572900F0
R
P 0000000056969C18
C 294
R
P 0000000056969C18
P 00000000572900F0
C 9
R
P 0000000056969C18
C 294
R
P 0000000056969C18
C 52
= 00000000569280C8
R
P 0000000056969C18
C 294
R
P 0000000056969C18
P 00000000569280C8
C 9
R
P 0000000056969C18
C 294
R
P 0000000056969C18
I 0
P 0000000056928128
C 144
= 0000000056928A48
R
P 0000000056969C18
C 294
R
P 0000000056969C18
P 0000000056928A48
C 9
R
P 0000000056969C18
C 294
R
P 0000000056969C18
P 00000000569293E8
P 0000000056928A48
C 54
= 0000000057290E10
R
P 0000000056969C18
C 294
R
P 0000000056969C18
P 0000000057290E10
C 9
R
P 0000000056969C18
C 294
R
P 0000000056969C18
P 00000000572900F0
P 00000000569280C8
P 0000000057290E10
C 57
= 000000005692CFC8
R
P 0000000056969C18
C 294
R
P 0000000056969C18
P 000000005692CFC8
C 207
R
P 0000000056969C18
C 294
R
P 0000000056969C18
P 000000005692CFC8
C 204
= 0000000056928068
R
P 0000000056969C18
C 294
R
P 0000000056969C18
P 0000000056928068
C 165
R
P 0000000056969C18
C 294
R
P 0000000056969C18
P 000000005692CFC8
C 210
R
P 0000000056969C18
C 294
R
P 0000000056969C18
P 000000005692CFC8
C 209
R
P 0000000056969C18
C 294
R
P 0000000056969C18
P 000000005692CFC8
C 9
R
P 0000000056969C18
C 294
R
P 0000000056969C18
U 2
P 0000000057290DD8
P 000000005692CFC8
p 2
C 61
= 0000000057290E48
R
P 0000000056969C18
C 294
R
P 0000000056969C18
P 0000000057290E48
C 9
R
P 0000000056969C18
C 294
R
P 0000000056969C18
I 0
P 0000000056928128
C 144
= 0000000056928A48
R
P 0000000056969C18
C 294
R
P 0000000056969C18
P 0000000056928A48
C 9
R
P 0000000056969C18
C 294
R
P 0000000056969C18
I 0
P 0000000056928128
C 144
= 0000000056928A48
R
P 0000000056969C18
C 294
R
P 0000000056969C18
P 0000000056928A48
C 9
R
P 0000000056969C18
C 294
R
P 0000000056969C18
P 0000000056928A48
P 0000000056928A48
C 54
= 00000000572900F0
R
P 0000000056969C18
C 294
R
P 0000000056969C18
P 00000000572900F0
C 9
R
P 0000000056969C18
C 294
R
P 0000000056969C18
C 52
= 00000000569280C8
R
P 0000000056969C18
C 294
R
P 0000000056969C18
P 00000000569280C8
C 9
R
P 0000000056969C18
C 294
R
P 0000000056969C18
I 0
P 0000000056928128
C 144
= 0000000056928A48
R
P 0000000056969C18
C 294
R
P 0000000056969C18
P 0000000056928A48
C 9
R
P 0000000056969C18
C 294
R
P 0000000056969C18
P 0000000056929408
P 0000000056928A48
C 54
= 0000000057290E80
R
P 0000000056969C18
C 294
R
P 0000000056969C18
P 0000000057290E80
C 9
R
P 0000000056969C18
C 294
R
P 0000000056969C18
P 00000000572900F0
P 00000000569280C8
P 0000000057290E80
C 57
= 000000005692D008
R
P 0000000056969C18
C 294
R
P 0000000056969C18
P 000000005692D008
C 207
R
P 0000000056969C18
C 294
R
P 0000000056969C18
P 000000005692D008
C 204
= 0000000056928068
R
P 0000000056969C18
C 294
R
P 0000000056969C18
P 0000000056928068
C 165
R
P 0000000056969C18
C 294
R
P 0000000056969C18
P 000000005692D008
C 210
R
P 0000000056969C18
C 294
R
P 0000000056969C18
P 000000005692D008
C 209
R
P 0000000056969C18
C 294
R
P 0000000056969C18
P 000000005692D008
C 9
R
P 0000000056969C18
C 294
R
P 0000000056969C18
U 2
P 0000000057290E48
P 000000005692D008
p 2
C 61
= 0000000057290EB8
R
P 0000000056969C18
C 294
R
P 0000000056969C18
P 0000000057290EB8
C 9
R
P 0000000056969C18
C 294
R
P 0000000056969C18
I 0
P 0000000056928128
C 144
= 0000000056928A48
R
P 0000000056969C18
C 294
R
P 0000000056969C18
P 0000000056928A48
C 9
R
P 0000000056969C18
C 294
R
P 0000000056969C18
I 0
P 0000000056928128
C 144
= 0000000056928A48
R
P 0000000056969C18
C 294
R
P 0000000056969C18
P 0000000056928A48
C 9
R
P 0000000056969C18
C 294
R
P 0000000056969C18
P 0000000056928A48
P 0000000056928A48
C 54
= 00000000572900F0
R
P 0000000056969C18
C 294
R
P 0000000056969C18
P 00000000572900F0
C 9
R
P 0000000056969C18
C 294
R
P 0000000056969C18
C 52
= 00000000569280C8
R
P 0000000056969C18
C 294
R
P 0000000056969C18
P 00000000569280C8
C 9
R
P 0000000056969C18
C 294
R
P 0000000056969C18
I 0
P 0000000056928128
C 144
= 0000000056928A48
R
P 0000000056969C18
C 294
R
P 0000000056969C18
P 0000000056928A48
C 9
R
P 0000000056969C18
C 294
R
P 0000000056969C18
P 0000000056929428
P 0000000056928A48
C 54
= 0000000057290EF0
R
P 0000000056969C18
C 294
R
P 0000000056969C18
P 0000000057290EF0
C 9
R
P 0000000056969C18
C 294
R
P 0000000056969C18
P 00000000572900F0
P 00000000569280C8
P 0000000057290EF0
C 57
= 000000005692D048
R
P 0000000056969C18
C 294
R
P 0000000056969C18
P 000000005692D048
C 207
R
P 0000000056969C18
C 294
R
P 0000000056969C18
P 000000005692D048
C 204
= 0000000056928068
R
P 0000000056969C18
C 294
R
P 0000000056969C18
P 0000000056928068
C 165
R
P 0000000056969C18
C 294
R
P 0000000056969C18
P 000000005692D048
C 210
R
P 0000000056969C18
C 294
R
P 0000000056969C18
P 000000005692D048
C 209
R
P 0000000056969C18
C 294
R
P 0000000056969C18
P 000000005692D048
C 9
R
P 0000000056969C18
C 294
R
P 0000000056969C18
U 2
P 0000000057290EB8
P 000000005692D048
p 2
C 61
= 0000000057290F28
R
P 0000000056969C18
C 294
R
P 0000000056969C18
P 0000000057290F28
C 9
R
P 0000000056969C18
C 294
R
P 0000000056969C18
I 0
P 0000000056928128
C 144
= 0000000056928A48
R
P 0000000056969C18
C 294
R
P 0000000056969C18
P 0000000056928A48
C 9
R
P 0000000056969C18
C 294
R
P 0000000056969C18
I 0
P 0000000056928128
C 144
= 0000000056928A48
R
P 0000000056969C18
C 294
R
P 0000000056969C18
P 0000000056928A48
C 9
R
P 0000000056969C18
C 294
R
P 0000000056969C18
P 0000000056928A48
P 0000000056928A48
C 54
= 00000000572900F0
R
P 0000000056969C18
C 294
R
P 0000000056969C18
P 00000000572900F0
C 9
R
P 0000000056969C18
C 294
R
P 0000000056969C18
C 52
= 00000000569280C8
R
P 0000000056969C18
C 294
R
P 0000000056969C18
P 00000000569280C8
C 9
R
P 0000000056969C18
C 294
R
P 0000000056969C18
I 0
P 0000000056928128
C 144
= 0000000056928A48
R
P 0000000056969C18
C 294
R
P 0000000056969C18
P 0000000056928A48
C 9
R
P 0000000056969C18
C 294
R
P 0000000056969C18
P 0000000056929448
P 0000000056928A48
C 54
= 0000000057290F60
R
P 0000000056969C18
C 294
R
P 0000000056969C18
P 0000000057290F60
C 9
R
P 0000000056969C18
C 294
R
P 0000000056969C18
P 00000000572900F0
P 00000000569280C8
P 0000000057290F60
C 57
= 000000005692D088
R
P 0000000056969C18
C 294
R
P 0000000056969C18
P 000000005692D088
C 207
R
P 0000000056969C18
C 294
R
P 0000000056969C18
P 000000005692D088
C 204
= 0000000056928068
R
P 0000000056969C18
C 294
R
P 0000000056969C18
P 0000000056928068
C 165
R
P 0000000056969C18
C 294
R
P 0000000056969C18
P 000000005692D088
C 210
R
P 0000000056969C18
C 294
R
P 0000000056969C18
P 000000005692D088
C 209
R
P 0000000056969C18
C 294
R
P 0000000056969C18
P 000000005692D088
C 9
R
P 0000000056969C18
C 294
R
P 0000000056969C18
U 2
P 0000000057290F28
P 000000005692D088
p 2
C 61
= 0000000057290F98
R
P 0000000056969C18
C 294
R
P 0000000056969C18
P 0000000057290F98
C 9
R
P 0000000056969C18
C 294
R
P 0000000056969C18
I 0
P 0000000056928128
C 144
= 0000000056928A48
R
P 0000000056969C18
C 294
R
P 0000000056969C18
P 0000000056928A48
C 9
R
P 0000000056969C18
C 294
R
P 0000000056969C18
I 0
P 0000000056928128
C 144
= 0000000056928A48
R
P 0000000056969C18
C 294
R
P 0000000056969C18
P 0000000056928A48
C 9
R
P 0000000056969C18
C 294
R
P 0000000056969C18
P 0000000056928A48
P 0000000056928A48
C 54
= 00000000572900F0
R
P 0000000056969C18
C 294
R
P 0000000056969C18
P 00000000572900F0
C 9
R
P 0000000056969C18
C 294
R
P 0000000056969C18
C 52
= 00000000569280C8
R
P 0000000056969C18
C 294
R
P 0000000056969C18
P 00000000569280C8
C 9
R
P 0000000056969C18
C 294
R
P 0000000056969C18
I 0
P 0000000056928128
C 144
= 0000000056928A48
R
P 0000000056969C18
C 294
R
P 0000000056969C18
P 0000000056928A48
C 9
R
P 0000000056969C18
C 294
R
P 0000000056969C18
P 0000000056929468
P 0000000056928A48
C 54
= 0000000057290FD0
R
P 0000000056969C18
C 294
R
P 0000000056969C18
P 0000000057290FD0
C 9
R
P 0000000056969C18
C 294
R
P 0000000056969C18
P 00000000572900F0
P 00000000569280C8
P 0000000057290FD0
C 57
= 000000005692D0C8
R
P 0000000056969C18
C 294
R
P 0000000056969C18
P 000000005692D0C8
C 207
R
P 0000000056969C18
C 294
R
P 0000000056969C18
P 000000005692D0C8
C 204
= 0000000056928068
R
P 0000000056969C18
C 294
R
P 0000000056969C18
P 0000000056928068
C 165
R
P 0000000056969C18
C 294
R
P 0000000056969C18
P 000000005692D0C8
C 210
R
P 0000000056969C18
C 294
R
P 0000000056969C18
P 000000005692D0C8
C 209
R
P 0000000056969C18
C 294
R
P 0000000056969C18
P 000000005692D0C8
C 9
R
P 0000000056969C18
C 294
R
P 0000000056969C18
U 2
P 0000000057290F98
P 000000005692D0C8
p 2
C 61
= 0000000057291008
R
P 0000000056969C18
C 294
R
P 0000000056969C18
P 0000000057291008
C 9
R
P 0000000056969C18
C 294
R
P 0000000056969C18
I 0
P 0000000056928128
C 144
= 0000000056928A48
R
P 0000000056969C18
C 294
R
P 0000000056969C18
P 0000000056928A48
C 9
R
P 0000000056969C18
C 294
R
P 0000000056969C18
I 0
P 0000000056928128
C 144
= 0000000056928A48
R
P 0000000056969C18
C 294
R
P 0000000056969C18
P 0000000056928A48
C 9
R
P 0000000056969C18
C 294
R
P 0000000056969C18
P 0000000056928A48
P 0000000056928A48
C 54
= 00000000572900F0
R
P 0000000056969C18
C 294
R
P 0000000056969C18
P 00000000572900F0
C 9
R
P 0000000056969C18
C 294
R
P 0000000056969C18
C 52
= 00000000569280C8
R
P 0000000056969C18
C 294
R
P 0000000056969C18
P 00000000569280C8
C 9
R
P 0000000056969C18
C 294
R
P 0000000056969C18
I 0
P 0000000056928128
C 144
= 0000000056928A48
R
P 0000000056969C18
C 294
R
P 0000000056969C18
P 0000000056928A48
C 9
R
P 0000000056969C18
C 294
R
P 0000000056969C18
P 0000000056929488
P 0000000056928A48
C 54
= 0000000057291040
R
P 0000000056969C18
C 294
R
P 0000000056969C18
P 0000000057291040
C 9
R
P 0000000056969C18
C 294
R
P 0000000056969C18
P 00000000572900F0
P 00000000569280C8
P 0000000057291040
C 57
= 000000005692D108
R
P 0000000056969C18
C 294
R
P 0000000056969C18
P 000000005692D108
C 207
R
P 0000000056969C18
C 294
R
P 0000000056969C18
P 000000005692D108
C 204
= 0000000056928068
R
P 0000000056969C18
C 294
R
P 0000000056969C18
P 0000000056928068
C 165
R
P 0000000056969C18
C 294
R
P 0000000056969C18
P 000000005692D108
C 210
R
P 0000000056969C18
C 294
R
P 0000000056969C18
P 000000005692D108
C 209
R
P 0000000056969C18
C 294
R
P 0000000056969C18
P 000000005692D108
C 9
R
P 0000000056969C18
C 294
R
P 0000000056969C18
U 2
P 0000000057291008
P 000000005692D108
p 2
C 61
= 0000000057291078
R
P 0000000056969C18
C 294
R
P 0000000056969C18
P 0000000057291078
C 9
R
P 0000000056969C18
C 294
R
P 0000000056969C18
I 0
P 0000000056928128
C 144
= 0000000056928A48
R
P 0000000056969C18
C 294
R
P 0000000056969C18
P 0000000056928A48
C 9
R
P 0000000056969C18
C 294
R
P 0000000056969C18
I 0
P 0000000056928128
C 144
= 0000000056928A48
R
P 0000000056969C18
C 294
R
P 0000000056969C18
P 0000000056928A48
C 9
R
P 0000000056969C18
C 294
R
P 0000000056969C18
P 0000000056928A48
P 0000000056928A48
C 54
= 00000000572900F0
R
P 0000000056969C18
C 294
R
P 0000000056969C18
P 00000000572900F0
C 9
R
P 0000000056969C18
C 294
R
P 0000000056969C18
C 52
= 00000000569280C8
R
P 0000000056969C18
C 294
R
P 0000000056969C18
P 00000000569280C8
C 9
R
P 0000000056969C18
C 294
R
P 0000000056969C18
I 0
P 0000000056928128
C 144
= 0000000056928A48
R
P 0000000056969C18
C 294
R
P 0000000056969C18
P 0000000056928A48
C 9
R
P 0000000056969C18
C 294
R
P 0000000056969C18
P 00000000569294A8
P 0000000056928A48
C 54
= 00000000572910B0
R
P 0000000056969C18
C 294
R
P 0000000056969C18
P 00000000572910B0
C 9
R
P 0000000056969C18
C 294
R
P 0000000056969C18
P 00000000572900F0
P 00000000569280C8
P 00000000572910B0
C 57
= 000000005692D148
R
P 0000000056969C18
C 294
R
P 0000000056969C18
P 000000005692D148
C 207
R
P 0000000056969C18
C 294
R
P 0000000056969C18
P 000000005692D148
C 204
= 0000000056928068
R
P 0000000056969C18
C 294
R
P 0000000056969C18
P 0000000056928068
C 165
R
P 0000000056969C18
C 294
R
P 0000000056969C18
P 000000005692D148
C 210
R
P 0000000056969C18
C 294
R
P 0000000056969C18
P 000000005692D148
C 209
R
P 0000000056969C18
C 294
R
P 0000000056969C18
P 000000005692D148
C 9
R
P 0000000056969C18
C 294
R
P 0000000056969C18
U 2
P 0000000057291078
P 000000005692D148
p 2
C 61
= 00000000572910E8
R
P 0000000056969C18
C 294
R
P 0000000056969C18
P 00000000572910E8
C 9
R
P 0000000056969C18
C 294
R
P 0000000056969C18
I 2
P 0000000056928128
C 144
= 0000000056928DA8
R
P 0000000056969C18
C 294
R
P 0000000056969C18
P 0000000056928DA8
C 9
R
P 0000000056969C18
C 294
R
P 0000000056969C18
I 0
P 0000000056928128
C 144
= 0000000056928A48
R
P 0000000056969C18
C 294
R
P 0000000056969C18
P 0000000056928A48
C 9
R
P 0000000056969C18
C 294
R
P 0000000056969C18
P 0000000056928DA8
P 0000000056928A48
C 54
= 0000000057291120
R
P 0000000056969C18
C 294
R
P 0000000056969C18
P 0000000057291120
C 9
R
P 0000000056969C18
C 294
R
P 0000000056969C18
C 52
= 00000000569280C8
R
P 0000000056969C18
C 294
R
P 0000000056969C18
P 00000000569280C8
C 9
R
P 0000000056969C18
C 294
R
P 0000000056969C18
I 2
P 0000000056928128
C 144
= 0000000056928DA8
R
P 0000000056969C18
C 294
R
P 0000000056969C18
P 0000000056928DA8
C 9
R
P 0000000056969C18
C 294
R
P 0000000056969C18
P 00000000569294C8
P 0000000056928DA8
C 54
= 0000000057291158
R
P 0000000056969C18
C 294
R
P 0000000056969C18
P 0000000057291158
C 9
R
P 0000000056969C18
C 294
R
P 0000000056969C18
P 0000000057291120
P 00000000569280C8
P 0000000057291158
C 57
= 000000005692D188
R
P 0000000056969C18
C 294
R
P 0000000056969C18
P 000000005692D188
C 207
R
P 0000000056969C18
C 294
R
P 0000000056969C18
P 000000005692D188
C 204
= 0000000056928068
R
P 0000000056969C18
C 294
R
P 0000000056969C18
P 0000000056928068
C 165
R
P 0000000056969C18
C 294
R
P 0000000056969C18
P 000000005692D188
C 210
R
P 0000000056969C18
C 294
R
P 0000000056969C18
P 000000005692D188
C 209
R
P 0000000056969C18
C 294
R
P 0000000056969C18
P 000000005692D188
C 9
R
P 0000000056969C18
C 294
R
P 0000000056969C18
U 2
P 00000000572910E8
P 000000005692D188
p 2
C 61
= 0000000057291190
R
P 0000000056969C18
C 294
R
P 0000000056969C18
P 0000000057291190
C 9
R
P 0000000056969C18
C 294
R
P 0000000056969C18
I 0
P 0000000056928128
C 144
= 0000000056928A48
R
P 0000000056969C18
C 294
R
P 0000000056969C18
P 0000000056928A48
C 9
R
P 0000000056969C18
C 294
R
P 0000000056969C18
I 0
P 0000000056928128
C 144
= 0000000056928A48
R
P 0000000056969C18
C 294
R
P 0000000056969C18
P 0000000056928A48
C 9
R
P 0000000056969C18
C 294
R
P 0000000056969C18
P 0000000056928A48
P 0000000056928A48
C 54
= 00000000572900F0
R
P 0000000056969C18
C 294
R
P 0000000056969C18
P 00000000572900F0
C 9
R
P 0000000056969C18
C 294
R
P 0000000056969C18
C 52
= 00000000569280C8
R
P 0000000056969C18
C 294
R
P 0000000056969C18
P 00000000569280C8
C 9
R
P 0000000056969C18
C 294
R
P 0000000056969C18
I 0
P 0000000056928128
C 144
= 0000000056928A48
R
P 0000000056969C18
C 294
R
P 0000000056969C18
P 0000000056928A48
C 9
R
P 0000000056969C18
C 294
R
P 0000000056969C18
P 00000000569294E8
P 0000000056928A48
C 54
= 00000000572911C8
R
P 0000000056969C18
C 294
R
P 0000000056969C18
P 00000000572911C8
C 9
R
P 0000000056969C18
C 294
R
P 0000000056969C18
P 00000000572900F0
P 00000000569280C8
P 00000000572911C8
C 57
= 000000005692D1C8
R
P 0000000056969C18
C 294
R
P 0000000056969C18
P 000000005692D1C8
C 207
R
P 0000000056969C18
C 294
R
P 0000000056969C18
P 000000005692D1C8
C 204
= 0000000056928068
R
P 0000000056969C18
C 294
R
P 0000000056969C18
P 0000000056928068
C 165
R
P 0000000056969C18
C 294
R
P 0000000056969C18
P 000000005692D1C8
C 210
R
P 0000000056969C18
C 294
R
P 0000000056969C18
P 000000005692D1C8
C 209
R
P 0000000056969C18
C 294
R
P 0000000056969C18
P 000000005692D1C8
C 9
R
P 0000000056969C18
C 294
R
P 0000000056969C18
U 2
P 0000000057291190
P 000000005692D1C8
p 2
C 61
= 0000000057291200
R
P 0000000056969C18
C 294
R
P 0000000056969C18
P 0000000057291200
C 9
R
P 0000000056969C18
C 294
R
P 0000000056969C18
I 8
P 0000000056928128
C 144
= 0000000056929B68
R
P 0000000056969C18
C 294
R
P 0000000056969C18
P 0000000056929B68
C 9
R
P 0000000056969C18
C 294
R
P 0000000056969C18
I 0
P 0000000056928128
C 144
= 0000000056928A48
R
P 0000000056969C18
C 294
R
P 0000000056969C18
P 0000000056928A48
C 9
R
P 0000000056969C18
C 294
R
P 0000000056969C18
P 0000000056929B68
P 0000000056928A48
C 54
= 0000000057290AC8
R
P 0000000056969C18
C 294
R
P 0000000056969C18
P 0000000057290AC8
C 9
R
P 0000000056969C18
C 294
R
P 0000000056969C18
C 52
= 00000000569280C8
R
P 0000000056969C18
C 294
R
P 0000000056969C18
P 00000000569280C8
C 9
R
P 0000000056969C18
C 294
R
P 0000000056969C18
I 8
P 0000000056928128
C 144
= 0000000056929B68
R
P 0000000056969C18
C 294
R
P 0000000056969C18
P 0000000056929B68
C 9
R
P 0000000056969C18
C 294
R
P 0000000056969C18
P 0000000056929508
P 0000000056929B68
C 54
= 0000000057291238
R
P 0000000056969C18
C 294
R
P 0000000056969C18
P 0000000057291238
C 9
R
P 0000000056969C18
C 294
R
P 0000000056969C18
P 0000000057290AC8
P 00000000569280C8
P 0000000057291238
C 57
= 000000005692D208
R
P 0000000056969C18
C 294
R
P 0000000056969C18
P 000000005692D208
C 207
R
P 0000000056969C18
C 294
R
P 0000000056969C18
P 000000005692D208
C 204
= 0000000056928068
R
P 0000000056969C18
C 294
R
P 0000000056969C18
P 0000000056928068
C 165
R
P 0000000056969C18
C 294
R
P 0000000056969C18
P 000000005692D208
C 210
R
P 0000000056969C18
C 294
R
P 0000000056969C18
P 000000005692D208
C 209
R
P 0000000056969C18
C 294
R
P 0000000056969C18
P 000000005692D208
C 9
R
P 0000000056969C18
C 294
R
P 0000000056969C18
U 2
P 0000000057291200
P 000000005692D208
p 2
C 61
= 0000000057291270
R
P 0000000056969C18
C 294
R
P 0000000056969C18
P 0000000057291270
C 9
R
P 0000000056969C18
C 294
R
P 0000000056969C18
I 0
P 0000000056928128
C 144
= 0000000056928A48
R
P 0000000056969C18
C 294
R
P 0000000056969C18
P 0000000056928A48
C 9
R
P 0000000056969C18
C 294
R
P 0000000056969C18
I 0
P 0000000056928128
C 144
= 0000000056928A48
R
P 0000000056969C18
C 294
R
P 0000000056969C18
P 0000000056928A48
C 9
R
P 0000000056969C18
C 294
R
P 0000000056969C18
P 0000000056928A48
P 0000000056928A48
C 54
= 00000000572900F0
R
P 0000000056969C18
C 294
R
P 0000000056969C18
P 00000000572900F0
C 9
R
P 0000000056969C18
C 294
R
P 0000000056969C18
C 52
= 00000000569280C8
R
P 0000000056969C18
C 294
R
P 0000000056969C18
P 00000000569280C8
C 9
R
P 0000000056969C18
C 294
R
P 0000000056969C18
I 0
P 0000000056928128
C 144
= 0000000056928A48
R
P 0000000056969C18
C 294
R
P 0000000056969C18
P 0000000056928A48
C 9
R
P 0000000056969C18
C 294
R
P 0000000056969C18
P 0000000056929528
P 0000000056928A48
C 54
= 00000000572912A8
R
P 0000000056969C18
C 294
R
P 0000000056969C18
P 00000000572912A8
C 9
R
P 0000000056969C18
C 294
R
P 0000000056969C18
P 00000000572900F0
P 00000000569280C8
P 00000000572912A8
C 57
= 000000005692D248
R
P 0000000056969C18
C 294
R
P 0000000056969C18
P 000000005692D248
C 207
R
P 0000000056969C18
C 294
R
P 0000000056969C18
P 000000005692D248
C 204
= 0000000056928068
R
P 0000000056969C18
C 294
R
P 0000000056969C18
P 0000000056928068
C 165
R
P 0000000056969C18
C 294
R
P 0000000056969C18
P 000000005692D248
C 210
R
P 0000000056969C18
C 294
R
P 0000000056969C18
P 000000005692D248
C 209
R
P 0000000056969C18
C 294
R
P 0000000056969C18
P 000000005692D248
C 9
R
P 0000000056969C18
C 294
R
P 0000000056969C18
U 2
P 0000000057291270
P 000000005692D248
p 2
C 61
= 00000000572912E0
R
P 0000000056969C18
C 294
R
P 0000000056969C18
P 00000000572912E0
C 9
R
P 0000000056969C18
C 294
R
P 0000000056969C18
I 6
P 0000000056928128
C 144
= 0000000056929B88
R
P 0000000056969C18
C 294
R
P 0000000056969C18
P 0000000056929B88
C 9
R
P 0000000056969C18
C 294
R
P 0000000056969C18
I 0
P 0000000056928128
C 144
= 0000000056928A48
R
P 0000000056969C18
C 294
R
P 0000000056969C18
P 0000000056928A48
C 9
R
P 0000000056969C18
C 294
R
P 0000000056969C18
P 0000000056929B88
P 0000000056928A48
C 54
= 0000000057291318
R
P 0000000056969C18
C 294
R
P 0000000056969C18
P 0000000057291318
C 9
R
P 0000000056969C18
C 294
R
P 0000000056969C18
C 52
= 00000000569280C8
R
P 0000000056969C18
C 294
R
P 0000000056969C18
P 00000000569280C8
C 9
R
P 0000000056969C18
C 294
R
P 0000000056969C18
I 6
P 0000000056928128
C 144
= 0000000056929B88
R
P 0000000056969C18
C 294
R
P 0000000056969C18
P 0000000056929B88
C 9
R
P 0000000056969C18
C 294
R
P 0000000056969C18
P 0000000056929548
P 0000000056929B88
C 54
= 0000000057291350
R
P 0000000056969C18
C 294
R
P 0000000056969C18
P 0000000057291350
C 9
R
P 0000000056969C18
C 294
R
P 0000000056969C18
P 0000000057291318
P 00000000569280C8
P 0000000057291350
C 57
= 000000005692D288
R
P 0000000056969C18
C 294
R
P 0000000056969C18
P 000000005692D288
C 207
R
P 0000000056969C18
C 294
R
P 0000000056969C18
P 000000005692D288
C 204
= 0000000056928068
R
P 0000000056969C18
C 294
R
P 0000000056969C18
P 0000000056928068
C 165
R
P 0000000056969C18
C 294
R
P 0000000056969C18
P 000000005692D288
C 210
R
P 0000000056969C18
C 294
R
P 0000000056969C18
P 000000005692D288
C 209
R
P 0000000056969C18
C 294
R
P 0000000056969C18
P 000000005692D288
C 9
R
P 0000000056969C18
C 294
R
P 0000000056969C18
U 2
P 00000000572912E0
P 000000005692D288
p 2
C 61
= 0000000057291388
R
P 0000000056969C18
C 294
R
P 0000000056969C18
P 0000000057291388
C 9
R
P 0000000056969C18
C 294
R
P 0000000056969C18
I 0
P 0000000056928128
C 144
= 0000000056928A48
R
P 0000000056969C18
C 294
R
P 0000000056969C18
P 0000000056928A48
C 9
R
P 0000000056969C18
C 294
R
P 0000000056969C18
I 0
P 0000000056928128
C 144
= 0000000056928A48
R
P 0000000056969C18
C 294
R
P 0000000056969C18
P 0000000056928A48
C 9
R
P 0000000056969C18
C 294
R
P 0000000056969C18
P 0000000056928A48
P 0000000056928A48
C 54
= 00000000572900F0
R
P 0000000056969C18
C 294
R
P 0000000056969C18
P 00000000572900F0
C 9
R
P 0000000056969C18
C 294
R
P 0000000056969C18
C 52
= 00000000569280C8
R
P 0000000056969C18
C 294
R
P 0000000056969C18
P 00000000569280C8
C 9
R
P 0000000056969C18
C 294
R
P 0000000056969C18
I 0
P 0000000056928128
C 144
= 0000000056928A48
R
P 0000000056969C18
C 294
R
P 0000000056969C18
P 0000000056928A48
C 9
R
P 0000000056969C18
C 294
R
P 0000000056969C18
P 0000000056929568
P 0000000056928A48
C 54
= 00000000572913C0
R
P 0000000056969C18
C 294
R
P 0000000056969C18
P 00000000572913C0
C 9
R
P 0000000056969C18
C 294
R
P 0000000056969C18
P 00000000572900F0
P 00000000569280C8
P 00000000572913C0
C 57
= 000000005692D2C8
R
P 0000000056969C18
C 294
R
P 0000000056969C18
P 000000005692D2C8
C 207
R
P 0000000056969C18
C 294
R
P 0000000056969C18
P 000000005692D2C8
C 204
= 0000000056928068
R
P 0000000056969C18
C 294
R
P 0000000056969C18
P 0000000056928068
C 165
R
P 0000000056969C18
C 294
R
P 0000000056969C18
P 000000005692D2C8
C 210
R
P 0000000056969C18
C 294
R
P 0000000056969C18
P 000000005692D2C8
C 209
R
P 0000000056969C18
C 294
R
P 0000000056969C18
P 000000005692D2C8
C 9
R
P 0000000056969C18
C 294
R
P 0000000056969C18
U 2
P 0000000057291388
P 000000005692D2C8
p 2
C 61
= 00000000572913F8
R
P 0000000056969C18
C 294
R
P 0000000056969C18
P 00000000572913F8
C 9
R
P 0000000056969C18
C 294
R
P 0000000056969C18
I 2
P 0000000056928128
C 144
= 0000000056928DA8
R
P 0000000056969C18
C 294
R
P 0000000056969C18
P 0000000056928DA8
C 9
R
P 0000000056969C18
C 294
R
P 0000000056969C18
I 0
P 0000000056928128
C 144
= 0000000056928A48
R
P 0000000056969C18
C 294
R
P 0000000056969C18
P 0000000056928A48
C 9
R
P 0000000056969C18
C 294
R
P 0000000056969C18
P 0000000056928DA8
P 0000000056928A48
C 54
= 0000000057291120
R
P 0000000056969C18
C 294
R
P 0000000056969C18
P 0000000057291120
C 9
R
P 0000000056969C18
C 294
R
P 0000000056969C18
C 52
= 00000000569280C8
R
P 0000000056969C18
C 294
R
P 0000000056969C18
P 00000000569280C8
C 9
R
P 0000000056969C18
C 294
R
P 0000000056969C18
I 2
P 0000000056928128
C 144
= 0000000056928DA8
R
P 0000000056969C18
C 294
R
P 0000000056969C18
P 0000000056928DA8
C 9
R
P 0000000056969C18
C 294
R
P 0000000056969C18
P 0000000056929588
P 0000000056928DA8
C 54
= 0000000057291430
R
P 0000000056969C18
C 294
R
P 0000000056969C18
P 0000000057291430
C 9
R
P 0000000056969C18
C 294
R
P 0000000056969C18
P 0000000057291120
P 00000000569280C8
P 0000000057291430
C 57
= 000000005692D308
R
P 0000000056969C18
C 294
R
P 0000000056969C18
P 000000005692D308
C 207
R
P 0000000056969C18
C 294
R
P 0000000056969C18
P 000000005692D308
C 204
= 0000000056928068
R
P 0000000056969C18
C 294
R
P 0000000056969C18
P 0000000056928068
C 165
R
P 0000000056969C18
C 294
R
P 0000000056969C18
P 000000005692D308
C 210
R
P 0000000056969C18
C 294
R
P 0000000056969C18
P 000000005692D308
C 209
R
P 0000000056969C18
C 294
R
P 0000000056969C18
P 000000005692D308
C 9
R
P 0000000056969C18
C 294
R
P 0000000056969C18
U 2
P 00000000572913F8
P 000000005692D308
p 2
C 61
= 0000000057291468
R
P 0000000056969C18
C 294
R
P 0000000056969C18
P 0000000057291468
C 9
R
P 0000000056969C18
C 294
R
P 0000000056969C18
I 0
P 0000000056928128
C 144
= 0000000056928A48
R
P 0000000056969C18
C 294
R
P 0000000056969C18
P 0000000056928A48
C 9
R
P 0000000056969C18
C 294
R
P 0000000056969C18
I 0
P 0000000056928128
C 144
= 0000000056928A48
R
P 0000000056969C18
C 294
R
P 0000000056969C18
P 0000000056928A48
C 9
R
P 0000000056969C18
C 294
R
P 0000000056969C18
P 0000000056928A48
P 0000000056928A48
C 54
= 00000000572900F0
R
P 0000000056969C18
C 294
R
P 0000000056969C18
P 00000000572900F0
C 9
R
P 0000000056969C18
C 294
R
P 0000000056969C18
C 52
= 00000000569280C8
R
P 0000000056969C18
C 294
R
P 0000000056969C18
P 00000000569280C8
C 9
R
P 0000000056969C18
C 294
R
P 0000000056969C18
I 0
P 0000000056928128
C 144
= 0000000056928A48
R
P 0000000056969C18
C 294
R
P 0000000056969C18
P 0000000056928A48
C 9
R
P 0000000056969C18
C 294
R
P 0000000056969C18
P 00000000569295A8
P 0000000056928A48
C 54
= 00000000572914A0
R
P 0000000056969C18
C 294
R
P 0000000056969C18
P 00000000572914A0
C 9
R
P 0000000056969C18
C 294
R
P 0000000056969C18
P 00000000572900F0
P 00000000569280C8
P 00000000572914A0
C 57
= 000000005692D348
R
P 0000000056969C18
C 294
R
P 0000000056969C18
P 000000005692D348
C 207
R
P 0000000056969C18
C 294
R
P 0000000056969C18
P 000000005692D348
C 204
= 0000000056928068
R
P 0000000056969C18
C 294
R
P 0000000056969C18
P 0000000056928068
C 165
R
P 0000000056969C18
C 294
R
P 0000000056969C18
P 000000005692D348
C 210
R
P 0000000056969C18
C 294
R
P 0000000056969C18
P 000000005692D348
C 209
R
P 0000000056969C18
C 294
R
P 0000000056969C18
P 000000005692D348
C 9
R
P 0000000056969C18
C 294
R
P 0000000056969C18
U 2
P 0000000057291468
P 000000005692D348
p 2
C 61
= 00000000572914D8
R
P 0000000056969C18
C 294
R
P 0000000056969C18
P 00000000572914D8
C 9
R
P 0000000056969C18
C 294
R
P 0000000056969C18
I 1
P 0000000056928128
C 144
= 0000000056928C68
R
P 0000000056969C18
C 294
R
P 0000000056969C18
P 0000000056928C68
C 9
R
P 0000000056969C18
C 294
R
P 0000000056969C18
I 0
P 0000000056928128
C 144
= 0000000056928A48
R
P 0000000056969C18
C 294
R
P 0000000056969C18
P 0000000056928A48
C 9
R
P 0000000056969C18
C 294
R
P 0000000056969C18
P 0000000056928C68
P 0000000056928A48
C 54
= 00000000572907B8
R
P 0000000056969C18
C 294
R
P 0000000056969C18
P 00000000572907B8
C 9
R
P 0000000056969C18
C 294
R
P 0000000056969C18
C 52
= 00000000569280C8
R
P 0000000056969C18
C 294
R
P 0000000056969C18
P 00000000569280C8
C 9
R
P 0000000056969C18
C 294
R
P 0000000056969C18
I 1
P 0000000056928128
C 144
= 0000000056928C68
R
P 0000000056969C18
C 294
R
P 0000000056969C18
P 0000000056928C68
C 9
R
P 0000000056969C18
C 294
R
P 0000000056969C18
P 00000000569295C8
P 0000000056928C68
C 54
= 0000000057291510
R
P 0000000056969C18
C 294
R
P 0000000056969C18
P 0000000057291510
C 9
R
P 0000000056969C18
C 294
R
P 0000000056969C18
P 00000000572907B8
P 00000000569280C8
P 0000000057291510
C 57
= 000000005692D388
R
P 0000000056969C18
C 294
R
P 0000000056969C18
P 000000005692D388
C 207
R
P 0000000056969C18
C 294
R
P 0000000056969C18
P 000000005692D388
C 204
= 0000000056928068
R
P 0000000056969C18
C 294
R
P 0000000056969C18
P 0000000056928068
C 165
R
P 0000000056969C18
C 294
R
P 0000000056969C18
P 000000005692D388
C 210
R
P 0000000056969C18
C 294
R
P 0000000056969C18
P 000000005692D388
C 209
R
P 0000000056969C18
C 294
R
P 0000000056969C18
P 000000005692D388
C 9
R
P 0000000056969C18
C 294
R
P 0000000056969C18
U 2
P 00000000572914D8
P 000000005692D388
p 2
C 61
= 0000000057291548
R
P 0000000056969C18
C 294
R
P 0000000056969C18
P 0000000057291548
C 9
R
P 0000000056969C18
C 294
R
P 0000000056969C18
I 0
P 0000000056928128
C 144
= 0000000056928A48
R
P 0000000056969C18
C 294
R
P 0000000056969C18
P 0000000056928A48
C 9
R
P 0000000056969C18
C 294
R
P 0000000056969C18
I 0
P 0000000056928128
C 144
= 0000000056928A48
R
P 0000000056969C18
C 294
R
P 0000000056969C18
P 0000000056928A48
C 9
R
P 0000000056969C18
C 294
R
P 0000000056969C18
P 0000000056928A48
P 0000000056928A48
C 54
= 00000000572900F0
R
P 0000000056969C18
C 294
R
P 0000000056969C18
P 00000000572900F0
C 9
R
P 0000000056969C18
C 294
R
P 0000000056969C18
C 52
= 00000000569280C8
R
P 0000000056969C18
C 294
R
P 0000000056969C18
P 00000000569280C8
C 9
R
P 0000000056969C18
C 294
R
P 0000000056969C18
I 0
P 0000000056928128
C 144
= 0000000056928A48
R
P 0000000056969C18
C 294
R
P 0000000056969C18
P 0000000056928A48
C 9
R
P 0000000056969C18
C 294
R
P 0000000056969C18
P 00000000569295E8
P 0000000056928A48
C 54
= 0000000057291580
R
P 0000000056969C18
C 294
R
P 0000000056969C18
P 0000000057291580
C 9
R
P 0000000056969C18
C 294
R
P 0000000056969C18
P 00000000572900F0
P 00000000569280C8
P 0000000057291580
C 57
= 000000005692D3C8
R
P 0000000056969C18
C 294
R
P 0000000056969C18
P 000000005692D3C8
C 207
R
P 0000000056969C18
C 294
R
P 0000000056969C18
P 000000005692D3C8
C 204
= 0000000056928068
R
P 0000000056969C18
C 294
R
P 0000000056969C18
P 0000000056928068
C 165
R
P 0000000056969C18
C 294
R
P 0000000056969C18
P 000000005692D3C8
C 210
R
P 0000000056969C18
C 294
R
P 0000000056969C18
P 000000005692D3C8
C 209
R
P 0000000056969C18
C 294
R
P 0000000056969C18
P 000000005692D3C8
C 9
R
P 0000000056969C18
C 294
R
P 0000000056969C18
U 2
P 0000000057291548
P 000000005692D3C8
p 2
C 61
= 00000000572915B8
R
P 0000000056969C18
C 294
R
P 0000000056969C18
P 00000000572915B8
C 9
R
P 0000000056969C18
C 294
R
P 0000000056969C18
I 5
P 0000000056928128
C 144
= 0000000056929B28
R
P 0000000056969C18
C 294
R
P 0000000056969C18
P 0000000056929B28
C 9
R
P 0000000056969C18
C 294
R
P 0000000056969C18
I 0
P 0000000056928128
C 144
= 0000000056928A48
R
P 0000000056969C18
C 294
R
P 0000000056969C18
P 0000000056928A48
C 9
R
P 0000000056969C18
C 294
R
P 0000000056969C18
P 0000000056929B28
P 0000000056928A48
C 54
= 0000000057290710
R
P 0000000056969C18
C 294
R
P 0000000056969C18
P 0000000057290710
C 9
R
P 0000000056969C18
C 294
R
P 0000000056969C18
C 52
= 00000000569280C8
R
P 0000000056969C18
C 294
R
P 0000000056969C18
P 00000000569280C8
C 9
R
P 0000000056969C18
C 294
R
P 0000000056969C18
I 5
P 0000000056928128
C 144
= 0000000056929B28
R
P 0000000056969C18
C 294
R
P 0000000056969C18
P 0000000056929B28
C 9
R
P 0000000056969C18
C 294
R
P 0000000056969C18
P 0000000056929608
P 0000000056929B28
C 54
= 00000000572915F0
R
P 0000000056969C18
C 294
R
P 0000000056969C18
P 00000000572915F0
C 9
R
P 0000000056969C18
C 294
R
P 0000000056969C18
P 0000000057290710
P 00000000569280C8
P 00000000572915F0
C 57
= 000000005692D408
R
P 0000000056969C18
C 294
R
P 0000000056969C18
P 000000005692D408
C 207
R
P 0000000056969C18
C 294
R
P 0000000056969C18
P 000000005692D408
C 204
= 0000000056928068
R
P 0000000056969C18
C 294
R
P 0000000056969C18
P 0000000056928068
C 165
R
P 0000000056969C18
C 294
R
P 0000000056969C18
P 000000005692D408
C 210
R
P 0000000056969C18
C 294
R
P 0000000056969C18
P 000000005692D408
C 209
R
P 0000000056969C18
C 294
R
P 0000000056969C18
P 000000005692D408
C 9
R
P 0000000056969C18
C 294
R
P 0000000056969C18
U 2
P 00000000572915B8
P 000000005692D408
p 2
C 61
= 0000000057291628
R
P 0000000056969C18
C 294
R
P 0000000056969C18
P 0000000057291628
C 9
R
P 0000000056969C18
C 294
R
P 0000000056969C18
I 0
P 0000000056928128
C 144
= 0000000056928A48
R
P 0000000056969C18
C 294
R
P 0000000056969C18
P 0000000056928A48
C 9
R
P 0000000056969C18
C 294
R
P 0000000056969C18
I 0
P 0000000056928128
C 144
= 0000000056928A48
R
P 0000000056969C18
C 294
R
P 0000000056969C18
P 0000000056928A48
C 9
R
P 0000000056969C18
C 294
R
P 0000000056969C18
P 0000000056928A48
P 0000000056928A48
C 54
= 00000000572900F0
R
P 0000000056969C18
C 294
R
P 0000000056969C18
P 00000000572900F0
C 9
R
P 0000000056969C18
C 294
R
P 0000000056969C18
C 52
= 00000000569280C8
R
P 0000000056969C18
C 294
R
P 0000000056969C18
P 00000000569280C8
C 9
R
P 0000000056969C18
C 294
R
P 0000000056969C18
I 0
P 0000000056928128
C 144
= 0000000056928A48
R
P 0000000056969C18
C 294
R
P 0000000056969C18
P 0000000056928A48
C 9
R
P 0000000056969C18
C 294
R
P 0000000056969C18
P 0000000056929628
P 0000000056928A48
C 54
= 0000000057291660
R
P 0000000056969C18
C 294
R
P 0000000056969C18
P 0000000057291660
C 9
R
P 0000000056969C18
C 294
R
P 0000000056969C18
P 00000000572900F0
P 00000000569280C8
P 0000000057291660
C 57
= 000000005692D448
R
P 0000000056969C18
C 294
R
P 0000000056969C18
P 000000005692D448
C 207
R
P 0000000056969C18
C 294
R
P 0000000056969C18
P 000000005692D448
C 204
= 0000000056928068
R
P 0000000056969C18
C 294
R
P 0000000056969C18
P 0000000056928068
C 165
R
P 0000000056969C18
C 294
R
P 0000000056969C18
P 000000005692D448
C 210
R
P 0000000056969C18
C 294
R
P 0000000056969C18
P 000000005692D448
C 209
R
P 0000000056969C18
C 294
R
P 0000000056969C18
P 000000005692D448
C 9
R
P 0000000056969C18
C 294
R
P 0000000056969C18
U 2
P 0000000057291628
P 000000005692D448
p 2
C 61
= 0000000057291698
R
P 0000000056969C18
C 294
R
P 0000000056969C18
P 0000000057291698
C 9
R
P 0000000056969C18
C 294
R
P 0000000056969C18
I 1
P 0000000056928128
C 144
= 0000000056928C68
R
P 0000000056969C18
C 294
R
P 0000000056969C18
P 0000000056928C68
C 9
R
P 0000000056969C18
C 294
R
P 0000000056969C18
I 0
P 0000000056928128
C 144
= 0000000056928A48
R
P 0000000056969C18
C 294
R
P 0000000056969C18
P 0000000056928A48
C 9
R
P 0000000056969C18
C 294
R
P 0000000056969C18
P 0000000056928C68
P 0000000056928A48
C 54
= 00000000572907B8
R
P 0000000056969C18
C 294
R
P 0000000056969C18
P 00000000572907B8
C 9
R
P 0000000056969C18
C 294
R
P 0000000056969C18
C 52
= 00000000569280C8
R
P 0000000056969C18
C 294
R
P 0000000056969C18
P 00000000569280C8
C 9
R
P 0000000056969C18
C 294
R
P 0000000056969C18
I 1
P 0000000056928128
C 144
= 0000000056928C68
R
P 0000000056969C18
C 294
R
P 0000000056969C18
P 0000000056928C68
C 9
R
P 0000000056969C18
C 294
R
P 0000000056969C18
P 0000000056929648
P 0000000056928C68
C 54
= 00000000572916D0
R
P 0000000056969C18
C 294
R
P 0000000056969C18
P 00000000572916D0
C 9
R
P 0000000056969C18
C 294
R
P 0000000056969C18
P 00000000572907B8
P 00000000569280C8
P 00000000572916D0
C 57
= 000000005692D488
R
P 0000000056969C18
C 294
R
P 0000000056969C18
P 000000005692D488
C 207
R
P 0000000056969C18
C 294
R
P 0000000056969C18
P 000000005692D488
C 204
= 0000000056928068
R
P 0000000056969C18
C 294
R
P 0000000056969C18
P 0000000056928068
C 165
R
P 0000000056969C18
C 294
R
P 0000000056969C18
P 000000005692D488
C 210
R
P 0000000056969C18
C 294
R
P 0000000056969C18
P 000000005692D488
C 209
R
P 0000000056969C18
C 294
R
P 0000000056969C18
P 000000005692D488
C 9
R
P 0000000056969C18
C 294
R
P 0000000056969C18
U 2
P 0000000057291698
P 000000005692D488
p 2
C 61
= 0000000057291708
R
P 0000000056969C18
C 294
R
P 0000000056969C18
P 0000000057291708
C 9
R
P 0000000056969C18
C 294
R
P 0000000056969C18
I 0
P 0000000056928128
C 144
= 0000000056928A48
R
P 0000000056969C18
C 294
R
P 0000000056969C18
P 0000000056928A48
C 9
R
P 0000000056969C18
C 294
R
P 0000000056969C18
I 0
P 0000000056928128
C 144
= 0000000056928A48
R
P 0000000056969C18
C 294
R
P 0000000056969C18
P 0000000056928A48
C 9
R
P 0000000056969C18
C 294
R
P 0000000056969C18
P 0000000056928A48
P 0000000056928A48
C 54
= 00000000572900F0
R
P 0000000056969C18
C 294
R
P 0000000056969C18
P 00000000572900F0
C 9
R
P 0000000056969C18
C 294
R
P 0000000056969C18
C 52
= 00000000569280C8
R
P 0000000056969C18
C 294
R
P 0000000056969C18
P 00000000569280C8
C 9
R
P 0000000056969C18
C 294
R
P 0000000056969C18
I 0
P 0000000056928128
C 144
= 0000000056928A48
R
P 0000000056969C18
C 294
R
P 0000000056969C18
P 0000000056928A48
C 9
R
P 0000000056969C18
C 294
R
P 0000000056969C18
P 0000000056929668
P 0000000056928A48
C 54
= 0000000057291740
R
P 0000000056969C18
C 294
R
P 0000000056969C18
P 0000000057291740
C 9
R
P 0000000056969C18
C 294
R
P 0000000056969C18
P 00000000572900F0
P 00000000569280C8
P 0000000057291740
C 57
= 000000005692D4C8
R
P 0000000056969C18
C 294
R
P 0000000056969C18
P 000000005692D4C8
C 207
R
P 0000000056969C18
C 294
R
P 0000000056969C18
P 000000005692D4C8
C 204
= 0000000056928068
R
P 0000000056969C18
C 294
R
P 0000000056969C18
P 0000000056928068
C 165
R
P 0000000056969C18
C 294
R
P 0000000056969C18
P 000000005692D4C8
C 210
R
P 0000000056969C18
C 294
R
P 0000000056969C18
P 000000005692D4C8
C 209
R
P 0000000056969C18
C 294
R
P 0000000056969C18
P 000000005692D4C8
C 9
R
P 0000000056969C18
C 294
R
P 0000000056969C18
U 2
P 0000000057291708
P 000000005692D4C8
p 2
C 61
= 0000000057291778
R
P 0000000056969C18
C 294
R
P 0000000056969C18
P 0000000057291778
C 9
R
P 0000000056969C18
C 294
R
P 0000000056969C18
I 2
P 0000000056928128
C 144
= 0000000056928DA8
R
P 0000000056969C18
C 294
R
P 0000000056969C18
P 0000000056928DA8
C 9
R
P 0000000056969C18
C 294
R
P 0000000056969C18
I 0
P 0000000056928128
C 144
= 0000000056928A48
R
P 0000000056969C18
C 294
R
P 0000000056969C18
P 0000000056928A48
C 9
R
P 0000000056969C18
C 294
R
P 0000000056969C18
P 0000000056928DA8
P 0000000056928A48
C 54
= 0000000057291120
R
P 0000000056969C18
C 294
R
P 0000000056969C18
P 0000000057291120
C 9
R
P 0000000056969C18
C 294
R
P 0000000056969C18
C 52
= 00000000569280C8
R
P 0000000056969C18
C 294
R
P 0000000056969C18
P 00000000569280C8
C 9
R
P 0000000056969C18
C 294
R
P 0000000056969C18
I 2
P 0000000056928128
C 144
= 0000000056928DA8
R
P 0000000056969C18
C 294
R
P 0000000056969C18
P 0000000056928DA8
C 9
R
P 0000000056969C18
C 294
R
P 0000000056969C18
P 0000000056929688
P 0000000056928DA8
C 54
= 00000000572917B0
R
P 0000000056969C18
C 294
R
P 0000000056969C18
P 00000000572917B0
C 9
R
P 0000000056969C18
C 294
R
P 0000000056969C18
P 0000000057291120
P 00000000569280C8
P 00000000572917B0
C 57
= 000000005692D508
R
P 0000000056969C18
C 294
R
P 0000000056969C18
P 000000005692D508
C 207
R
P 0000000056969C18
C 294
R
P 0000000056969C18
P 000000005692D508
C 204
= 0000000056928068
R
P 0000000056969C18
C 294
R
P 0000000056969C18
P 0000000056928068
C 165
R
P 0000000056969C18
C 294
R
P 0000000056969C18
P 000000005692D508
C 210
R
P 0000000056969C18
C 294
R
P 0000000056969C18
P 000000005692D508
C 209
R
P 0000000056969C18
C 294
R
P 0000000056969C18
P 000000005692D508
C 9
R
P 0000000056969C18
C 294
R
P 0000000056969C18
U 2
P 0000000057291778
P 000000005692D508
p 2
C 61
= 00000000572917E8
R
P 0000000056969C18
C 294
R
P 0000000056969C18
P 00000000572917E8
C 9
R
P 0000000056969C18
C 294
R
P 0000000056969C18
I 0
P 0000000056928128
C 144
= 0000000056928A48
R
P 0000000056969C18
C 294
R
P 0000000056969C18
P 0000000056928A48
C 9
R
P 0000000056969C18
C 294
R
P 0000000056969C18
I 0
P 0000000056928128
C 144
= 0000000056928A48
R
P 0000000056969C18
C 294
R
P 0000000056969C18
P 0000000056928A48
C 9
R
P 0000000056969C18
C 294
R
P 0000000056969C18
P 0000000056928A48
P 0000000056928A48
C 54
= 00000000572900F0
R
P 0000000056969C18
C 294
R
P 0000000056969C18
P 00000000572900F0
C 9
R
P 0000000056969C18
C 294
R
P 0000000056969C18
C 52
= 00000000569280C8
R
P 0000000056969C18
C 294
R
P 0000000056969C18
P 00000000569280C8
C 9
R
P 0000000056969C18
C 294
R
P 0000000056969C18
I 0
P 0000000056928128
C 144
= 0000000056928A48
R
P 0000000056969C18
C 294
R
P 0000000056969C18
P 0000000056928A48
C 9
R
P 0000000056969C18
C 294
R
P 0000000056969C18
P 00000000569296A8
P 0000000056928A48
C 54
= 0000000057291820
R
P 0000000056969C18
C 294
R
P 0000000056969C18
P 0000000057291820
C 9
R
P 0000000056969C18
C 294
R
P 0000000056969C18
P 00000000572900F0
P 00000000569280C8
P 0000000057291820
C 57
= 000000005692D548
R
P 0000000056969C18
C 294
R
P 0000000056969C18
P 000000005692D548
C 207
R
P 0000000056969C18
C 294
R
P 0000000056969C18
P 000000005692D548
C 204
= 0000000056928068
R
P 0000000056969C18
C 294
R
P 0000000056969C18
P 0000000056928068
C 165
R
P 0000000056969C18
C 294
R
P 0000000056969C18
P 000000005692D548
C 210
R
P 0000000056969C18
C 294
R
P 0000000056969C18
P 000000005692D548
C 209
R
P 0000000056969C18
C 294
R
P 0000000056969C18
P 000000005692D548
C 9
R
P 0000000056969C18
C 294
R
P 0000000056969C18
U 2
P 00000000572917E8
P 000000005692D548
p 2
C 61
= 0000000057291858
R
P 0000000056969C18
C 294
R
P 0000000056969C18
P 0000000057291858
C 9
R
P 0000000056969C18
C 294
R
P 0000000056969C18
I 0
P 0000000056928128
C 144
= 0000000056928A48
R
P 0000000056969C18
C 294
R
P 0000000056969C18
P 0000000056928A48
C 9
R
P 0000000056969C18
C 294
R
P 0000000056969C18
I 0
P 0000000056928128
C 144
= 0000000056928A48
R
P 0000000056969C18
C 294
R
P 0000000056969C18
P 0000000056928A48
C 9
R
P 0000000056969C18
C 294
R
P 0000000056969C18
P 0000000056928A48
P 0000000056928A48
C 54
= 00000000572900F0
R
P 0000000056969C18
C 294
R
P 0000000056969C18
P 00000000572900F0
C 9
R
P 0000000056969C18
C 294
R
P 0000000056969C18
C 52
= 00000000569280C8
R
P 0000000056969C18
C 294
R
P 0000000056969C18
P 00000000569280C8
C 9
R
P 0000000056969C18
C 294
R
P 0000000056969C18
I 0
P 0000000056928128
C 144
= 0000000056928A48
R
P 0000000056969C18
C 294
R
P 0000000056969C18
P 0000000056928A48
C 9
R
P 0000000056969C18
C 294
R
P 0000000056969C18
P 00000000569296C8
P 0000000056928A48
C 54
= 0000000057291890
R
P 0000000056969C18
C 294
R
P 0000000056969C18
P 0000000057291890
C 9
R
P 0000000056969C18
C 294
R
P 0000000056969C18
P 00000000572900F0
P 00000000569280C8
P 0000000057291890
C 57
= 000000005692D588
R
P 0000000056969C18
C 294
R
P 0000000056969C18
P 000000005692D588
C 207
R
P 0000000056969C18
C 294
R
P 0000000056969C18
P 000000005692D588
C 204
= 0000000056928068
R
P 0000000056969C18
C 294
R
P 0000000056969C18
P 0000000056928068
C 165
R
P 0000000056969C18
C 294
R
P 0000000056969C18
P 000000005692D588
C 210
R
P 0000000056969C18
C 294
R
P 0000000056969C18
P 000000005692D588
C 209
R
P 0000000056969C18
C 294
R
P 0000000056969C18
P 000000005692D588
C 9
R
P 0000000056969C18
C 294
R
P 0000000056969C18
U 2
P 0000000057291858
P 000000005692D588
p 2
C 61
= 00000000572918C8
R
P 0000000056969C18
C 294
R
P 0000000056969C18
P 00000000572918C8
C 9
R
P 0000000056969C18
C 294
R
P 0000000056969C18
I 0
P 0000000056928128
C 144
= 0000000056928A48
R
P 0000000056969C18
C 294
R
P 0000000056969C18
P 0000000056928A48
C 9
R
P 0000000056969C18
C 294
R
P 0000000056969C18
I 0
P 0000000056928128
C 144
= 0000000056928A48
R
P 0000000056969C18
C 294
R
P 0000000056969C18
P 0000000056928A48
C 9
R
P 0000000056969C18
C 294
R
P 0000000056969C18
P 0000000056928A48
P 0000000056928A48
C 54
= 00000000572900F0
R
P 0000000056969C18
C 294
R
P 0000000056969C18
P 00000000572900F0
C 9
R
P 0000000056969C18
C 294
R
P 0000000056969C18
C 52
= 00000000569280C8
R
P 0000000056969C18
C 294
R
P 0000000056969C18
P 00000000569280C8
C 9
R
P 0000000056969C18
C 294
R
P 0000000056969C18
I 0
P 0000000056928128
C 144
= 0000000056928A48
R
P 0000000056969C18
C 294
R
P 0000000056969C18
P 0000000056928A48
C 9
R
P 0000000056969C18
C 294
R
P 0000000056969C18
P 00000000569296E8
P 0000000056928A48
C 54
= 0000000057291900
R
P 0000000056969C18
C 294
R
P 0000000056969C18
P 0000000057291900
C 9
R
P 0000000056969C18
C 294
R
P 0000000056969C18
P 00000000572900F0
P 00000000569280C8
P 0000000057291900
C 57
= 000000005692D5C8
R
P 0000000056969C18
C 294
R
P 0000000056969C18
P 000000005692D5C8
C 207
R
P 0000000056969C18
C 294
R
P 0000000056969C18
P 000000005692D5C8
C 204
= 0000000056928068
R
P 0000000056969C18
C 294
R
P 0000000056969C18
P 0000000056928068
C 165
R
P 0000000056969C18
C 294
R
P 0000000056969C18
P 000000005692D5C8
C 210
R
P 0000000056969C18
C 294
R
P 0000000056969C18
P 000000005692D5C8
C 209
R
P 0000000056969C18
C 294
R
P 0000000056969C18
P 000000005692D5C8
C 9
R
P 0000000056969C18
C 294
R
P 0000000056969C18
U 2
P 00000000572918C8
P 000000005692D5C8
p 2
C 61
= 0000000057291938
R
P 0000000056969C18
C 294
R
P 0000000056969C18
P 0000000057291938
C 9
R
P 0000000056969C18
C 294
R
P 0000000056969C18
I 0
P 0000000056928128
C 144
= 0000000056928A48
R
P 0000000056969C18
C 294
R
P 0000000056969C18
P 0000000056928A48
C 9
R
P 0000000056969C18
C 294
R
P 0000000056969C18
I 0
P 0000000056928128
C 144
= 0000000056928A48
R
P 0000000056969C18
C 294
R
P 0000000056969C18
P 0000000056928A48
C 9
R
P 0000000056969C18
C 294
R
P 0000000056969C18
P 0000000056928A48
P 0000000056928A48
C 54
= 00000000572900F0
R
P 0000000056969C18
C 294
R
P 0000000056969C18
P 00000000572900F0
C 9
R
P 0000000056969C18
C 294
R
P 0000000056969C18
C 52
= 00000000569280C8
R
P 0000000056969C18
C 294
R
P 0000000056969C18
P 00000000569280C8
C 9
R
P 0000000056969C18
C 294
R
P 0000000056969C18
I 0
P 0000000056928128
C 144
= 0000000056928A48
R
P 0000000056969C18
C 294
R
P 0000000056969C18
P 0000000056928A48
C 9
R
P 0000000056969C18
C 294
R
P 0000000056969C18
P 0000000056929708
P 0000000056928A48
C 54
= 0000000057291970
R
P 0000000056969C18
C 294
R
P 0000000056969C18
P 0000000057291970
C 9
R
P 0000000056969C18
C 294
R
P 0000000056969C18
P 00000000572900F0
P 00000000569280C8
P 0000000057291970
C 57
= 000000005692D608
R
P 0000000056969C18
C 294
R
P 0000000056969C18
P 000000005692D608
C 207
R
P 0000000056969C18
C 294
R
P 0000000056969C18
P 000000005692D608
C 204
= 0000000056928068
R
P 0000000056969C18
C 294
R
P 0000000056969C18
P 0000000056928068
C 165
R
P 0000000056969C18
C 294
R
P 0000000056969C18
P 000000005692D608
C 210
R
P 0000000056969C18
C 294
R
P 0000000056969C18
P 000000005692D608
C 209
R
P 0000000056969C18
C 294
R
P 0000000056969C18
P 000000005692D608
C 9
R
P 0000000056969C18
C 294
R
P 0000000056969C18
U 2
P 0000000057291938
P 000000005692D608
p 2
C 61
= 00000000572919A8
R
P 0000000056969C18
C 294
R
P 0000000056969C18
P 00000000572919A8
C 9
R
P 0000000056969C18
C 294
R
P 0000000056969C18
I 0
P 0000000056928128
C 144
= 0000000056928A48
R
P 0000000056969C18
C 294
R
P 0000000056969C18
P 0000000056928A48
C 9
R
P 0000000056969C18
C 294
R
P 0000000056969C18
I 0
P 0000000056928128
C 144
= 0000000056928A48
R
P 0000000056969C18
C 294
R
P 0000000056969C18
P 0000000056928A48
C 9
R
P 0000000056969C18
C 294
R
P 0000000056969C18
P 0000000056928A48
P 0000000056928A48
C 54
= 00000000572900F0
R
P 0000000056969C18
C 294
R
P 0000000056969C18
P 00000000572900F0
C 9
R
P 0000000056969C18
C 294
R
P 0000000056969C18
C 52
= 00000000569280C8
R
P 0000000056969C18
C 294
R
P 0000000056969C18
P 00000000569280C8
C 9
R
P 0000000056969C18
C 294
R
P 0000000056969C18
I 0
P 0000000056928128
C 144
= 0000000056928A48
R
P 0000000056969C18
C 294
R
P 0000000056969C18
P 0000000056928A48
C 9
R
P 0000000056969C18
C 294
R
P 0000000056969C18
P 0000000056929728
P 0000000056928A48
C 54
= 00000000572919E0
R
P 0000000056969C18
C 294
R
P 0000000056969C18
P 00000000572919E0
C 9
R
P 0000000056969C18
C 294
R
P 0000000056969C18
P 00000000572900F0
P 00000000569280C8
P 00000000572919E0
C 57
= 000000005692D648
R
P 0000000056969C18
C 294
R
P 0000000056969C18
P 000000005692D648
C 207
R
P 0000000056969C18
C 294
R
P 0000000056969C18
P 000000005692D648
C 204
= 0000000056928068
R
P 0000000056969C18
C 294
R
P 0000000056969C18
P 0000000056928068
C 165
R
P 0000000056969C18
C 294
R
P 0000000056969C18
P 000000005692D648
C 210
R
P 0000000056969C18
C 294
R
P 0000000056969C18
P 000000005692D648
C 209
R
P 0000000056969C18
C 294
R
P 0000000056969C18
P 000000005692D648
C 9
R
P 0000000056969C18
C 294
R
P 0000000056969C18
U 2
P 00000000572919A8
P 000000005692D648
p 2
C 61
= 0000000057291A18
R
P 0000000056969C18
C 294
R
P 0000000056969C18
P 0000000057291A18
C 9
R
P 0000000056969C18
C 294
R
P 0000000056969C18
I 0
P 0000000056928128
C 144
= 0000000056928A48
R
P 0000000056969C18
C 294
R
P 0000000056969C18
P 0000000056928A48
C 9
R
P 0000000056969C18
C 294
R
P 0000000056969C18
I 0
P 0000000056928128
C 144
= 0000000056928A48
R
P 0000000056969C18
C 294
R
P 0000000056969C18
P 0000000056928A48
C 9
R
P 0000000056969C18
C 294
R
P 0000000056969C18
P 0000000056928A48
P 0000000056928A48
C 54
= 00000000572900F0
R
P 0000000056969C18
C 294
R
P 0000000056969C18
P 00000000572900F0
C 9
R
P 0000000056969C18
C 294
R
P 0000000056969C18
C 52
= 00000000569280C8
R
P 0000000056969C18
C 294
R
P 0000000056969C18
P 00000000569280C8
C 9
R
P 0000000056969C18
C 294
R
P 0000000056969C18
I 0
P 0000000056928128
C 144
= 0000000056928A48
R
P 0000000056969C18
C 294
R
P 0000000056969C18
P 0000000056928A48
C 9
R
P 0000000056969C18
C 294
R
P 0000000056969C18
P 0000000056929748
P 0000000056928A48
C 54
= 0000000057291A50
R
P 0000000056969C18
C 294
R
P 0000000056969C18
P 0000000057291A50
C 9
R
P 0000000056969C18
C 294
R
P 0000000056969C18
P 00000000572900F0
P 00000000569280C8
P 0000000057291A50
C 57
= 000000005692D688
R
P 0000000056969C18
C 294
R
P 0000000056969C18
P 000000005692D688
C 207
R
P 0000000056969C18
C 294
R
P 0000000056969C18
P 000000005692D688
C 204
= 0000000056928068
R
P 0000000056969C18
C 294
R
P 0000000056969C18
P 0000000056928068
C 165
R
P 0000000056969C18
C 294
R
P 0000000056969C18
P 000000005692D688
C 210
R
P 0000000056969C18
C 294
R
P 0000000056969C18
P 000000005692D688
C 209
R
P 0000000056969C18
C 294
R
P 0000000056969C18
P 000000005692D688
C 9
R
P 0000000056969C18
C 294
R
P 0000000056969C18
U 2
P 0000000057291A18
P 000000005692D688
p 2
C 61
= 0000000057291A88
R
P 0000000056969C18
C 294
R
P 0000000056969C18
P 0000000057291A88
C 9
R
P 0000000056969C18
C 294
R
P 0000000056969C18
I 0
P 0000000056928128
C 144
= 0000000056928A48
R
P 0000000056969C18
C 294
R
P 0000000056969C18
P 0000000056928A48
C 9
R
P 0000000056969C18
C 294
R
P 0000000056969C18
I 0
P 0000000056928128
C 144
= 0000000056928A48
R
P 0000000056969C18
C 294
R
P 0000000056969C18
P 0000000056928A48
C 9
R
P 0000000056969C18
C 294
R
P 0000000056969C18
P 0000000056928A48
P 0000000056928A48
C 54
= 00000000572900F0
R
P 0000000056969C18
C 294
R
P 0000000056969C18
P 00000000572900F0
C 9
R
P 0000000056969C18
C 294
R
P 0000000056969C18
C 52
= 00000000569280C8
R
P 0000000056969C18
C 294
R
P 0000000056969C18
P 00000000569280C8
C 9
R
P 0000000056969C18
C 294
R
P 0000000056969C18
I 0
P 0000000056928128
C 144
= 0000000056928A48
R
P 0000000056969C18
C 294
R
P 0000000056969C18
P 0000000056928A48
C 9
R
P 0000000056969C18
C 294
R
P 0000000056969C18
P 0000000056929768
P 0000000056928A48
C 54
= 0000000057291AC0
R
P 0000000056969C18
C 294
R
P 0000000056969C18
P 0000000057291AC0
C 9
R
P 0000000056969C18
C 294
R
P 0000000056969C18
P 00000000572900F0
P 00000000569280C8
P 0000000057291AC0
C 57
= 000000005692D6C8
R
P 0000000056969C18
C 294
R
P 0000000056969C18
P 000000005692D6C8
C 207
R
P 0000000056969C18
C 294
R
P 0000000056969C18
P 000000005692D6C8
C 204
= 0000000056928068
R
P 0000000056969C18
C 294
R
P 0000000056969C18
P 0000000056928068
C 165
R
P 0000000056969C18
C 294
R
P 0000000056969C18
P 000000005692D6C8
C 210
R
P 0000000056969C18
C 294
R
P 0000000056969C18
P 000000005692D6C8
C 209
R
P 0000000056969C18
C 294
R
P 0000000056969C18
P 000000005692D6C8
C 9
R
P 0000000056969C18
C 294
R
P 0000000056969C18
U 2
P 0000000057291A88
P 000000005692D6C8
p 2
C 61
= 0000000057291AF8
R
P 0000000056969C18
C 294
R
P 0000000056969C18
P 0000000057291AF8
C 9
R
P 0000000056969C18
C 294
R
P 0000000056969C18
I 7
P 0000000056928128
C 144
= 0000000056929B48
R
P 0000000056969C18
C 294
R
P 0000000056969C18
P 0000000056929B48
C 9
R
P 0000000056969C18
C 294
R
P 0000000056969C18
I 0
P 0000000056928128
C 144
= 0000000056928A48
R
P 0000000056969C18
C 294
R
P 0000000056969C18
P 0000000056928A48
C 9
R
P 0000000056969C18
C 294
R
P 0000000056969C18
P 0000000056929B48
P 0000000056928A48
C 54
= 00000000572909B0
R
P 0000000056969C18
C 294
R
P 0000000056969C18
P 00000000572909B0
C 9
R
P 0000000056969C18
C 294
R
P 0000000056969C18
C 52
= 00000000569280C8
R
P 0000000056969C18
C 294
R
P 0000000056969C18
P 00000000569280C8
C 9
R
P 0000000056969C18
C 294
R
P 0000000056969C18
I 7
P 0000000056928128
C 144
= 0000000056929B48
R
P 0000000056969C18
C 294
R
P 0000000056969C18
P 0000000056929B48
C 9
R
P 0000000056969C18
C 294
R
P 0000000056969C18
P 0000000056929788
P 0000000056929B48
C 54
= 0000000057291B30
R
P 0000000056969C18
C 294
R
P 0000000056969C18
P 0000000057291B30
C 9
R
P 0000000056969C18
C 294
R
P 0000000056969C18
P 00000000572909B0
P 00000000569280C8
P 0000000057291B30
C 57
= 000000005692D708
R
P 0000000056969C18
C 294
R
P 0000000056969C18
P 000000005692D708
C 207
R
P 0000000056969C18
C 294
R
P 0000000056969C18
P 000000005692D708
C 204
= 0000000056928068
R
P 0000000056969C18
C 294
R
P 0000000056969C18
P 0000000056928068
C 165
R
P 0000000056969C18
C 294
R
P 0000000056969C18
P 000000005692D708
C 210
R
P 0000000056969C18
C 294
R
P 0000000056969C18
P 000000005692D708
C 209
R
P 0000000056969C18
C 294
R
P 0000000056969C18
P 000000005692D708
C 9
R
P 0000000056969C18
C 294
R
P 0000000056969C18
U 2
P 0000000057291AF8
P 000000005692D708
p 2
C 61
= 0000000057291B68
R
P 0000000056969C18
C 294
R
P 0000000056969C18
P 0000000057291B68
C 9
R
P 0000000056969C18
C 294
R
P 0000000056969C18
I 0
P 0000000056928128
C 144
= 0000000056928A48
R
P 0000000056969C18
C 294
R
P 0000000056969C18
P 0000000056928A48
C 9
R
P 0000000056969C18
C 294
R
P 0000000056969C18
I 0
P 0000000056928128
C 144
= 0000000056928A48
R
P 0000000056969C18
C 294
R
P 0000000056969C18
P 0000000056928A48
C 9
R
P 0000000056969C18
C 294
R
P 0000000056969C18
P 0000000056928A48
P 0000000056928A48
C 54
= 00000000572900F0
R
P 0000000056969C18
C 294
R
P 0000000056969C18
P 00000000572900F0
C 9
R
P 0000000056969C18
C 294
R
P 0000000056969C18
C 52
= 00000000569280C8
R
P 0000000056969C18
C 294
R
P 0000000056969C18
P 00000000569280C8
C 9
R
P 0000000056969C18
C 294
R
P 0000000056969C18
I 0
P 0000000056928128
C 144
= 0000000056928A48
R
P 0000000056969C18
C 294
R
P 0000000056969C18
P 0000000056928A48
C 9
R
P 0000000056969C18
C 294
R
P 0000000056969C18
P 00000000569297A8
P 0000000056928A48
C 54
= 0000000057291BA0
R
P 0000000056969C18
C 294
R
P 0000000056969C18
P 0000000057291BA0
C 9
R
P 0000000056969C18
C 294
R
P 0000000056969C18
P 00000000572900F0
P 00000000569280C8
P 0000000057291BA0
C 57
= 000000005692D748
R
P 0000000056969C18
C 294
R
P 0000000056969C18
P 000000005692D748
C 207
R
P 0000000056969C18
C 294
R
P 0000000056969C18
P 000000005692D748
C 204
= 0000000056928068
R
P 0000000056969C18
C 294
R
P 0000000056969C18
P 0000000056928068
C 165
R
P 0000000056969C18
C 294
R
P 0000000056969C18
P 000000005692D748
C 210
R
P 0000000056969C18
C 294
R
P 0000000056969C18
P 000000005692D748
C 209
R
P 0000000056969C18
C 294
R
P 0000000056969C18
P 000000005692D748
C 9
R
P 0000000056969C18
C 294
R
P 0000000056969C18
U 2
P 0000000057291B68
P 000000005692D748
p 2
C 61
= 0000000057291BD8
R
P 0000000056969C18
C 294
R
P 0000000056969C18
P 0000000057291BD8
C 9
R
P 0000000056969C18
C 294
R
P 0000000056969C18
I 0
P 0000000056928128
C 144
= 0000000056928A48
R
P 0000000056969C18
C 294
R
P 0000000056969C18
P 0000000056928A48
C 9
R
P 0000000056969C18
C 294
R
P 0000000056969C18
I 0
P 0000000056928128
C 144
= 0000000056928A48
R
P 0000000056969C18
C 294
R
P 0000000056969C18
P 0000000056928A48
C 9
R
P 0000000056969C18
C 294
R
P 0000000056969C18
P 0000000056928A48
P 0000000056928A48
C 54
= 00000000572900F0
R
P 0000000056969C18
C 294
R
P 0000000056969C18
P 00000000572900F0
C 9
R
P 0000000056969C18
C 294
R
P 0000000056969C18
C 52
= 00000000569280C8
R
P 0000000056969C18
C 294
R
P 0000000056969C18
P 00000000569280C8
C 9
R
P 0000000056969C18
C 294
R
P 0000000056969C18
I 0
P 0000000056928128
C 144
= 0000000056928A48
R
P 0000000056969C18
C 294
R
P 0000000056969C18
P 0000000056928A48
C 9
R
P 0000000056969C18
C 294
R
P 0000000056969C18
P 00000000569297C8
P 0000000056928A48
C 54
= 0000000057291C10
R
P 0000000056969C18
C 294
R
P 0000000056969C18
P 0000000057291C10
C 9
R
P 0000000056969C18
C 294
R
P 0000000056969C18
P 00000000572900F0
P 00000000569280C8
P 0000000057291C10
C 57
= 000000005692D788
R
P 0000000056969C18
C 294
R
P 0000000056969C18
P 000000005692D788
C 207
R
P 0000000056969C18
C 294
R
P 0000000056969C18
P 000000005692D788
C 204
= 0000000056928068
R
P 0000000056969C18
C 294
R
P 0000000056969C18
P 0000000056928068
C 165
R
P 0000000056969C18
C 294
R
P 0000000056969C18
P 000000005692D788
C 210
R
P 0000000056969C18
C 294
R
P 0000000056969C18
P 000000005692D788
C 209
R
P 0000000056969C18
C 294
R
P 0000000056969C18
P 000000005692D788
C 9
R
P 0000000056969C18
C 294
R
P 0000000056969C18
U 2
P 0000000057291BD8
P 000000005692D788
p 2
C 61
= 0000000057291C48
R
P 0000000056969C18
C 294
R
P 0000000056969C18
P 0000000057291C48
C 9
R
P 0000000056969C18
C 294
R
P 0000000056969C18
I 0
P 0000000056928128
C 144
= 0000000056928A48
R
P 0000000056969C18
C 294
R
P 0000000056969C18
P 0000000056928A48
C 9
R
P 0000000056969C18
C 294
R
P 0000000056969C18
I 0
P 0000000056928128
C 144
= 0000000056928A48
R
P 0000000056969C18
C 294
R
P 0000000056969C18
P 0000000056928A48
C 9
R
P 0000000056969C18
C 294
R
P 0000000056969C18
P 0000000056928A48
P 0000000056928A48
C 54
= 00000000572900F0
R
P 0000000056969C18
C 294
R
P 0000000056969C18
P 00000000572900F0
C 9
R
P 0000000056969C18
C 294
R
P 0000000056969C18
C 52
= 00000000569280C8
R
P 0000000056969C18
C 294
R
P 0000000056969C18
P 00000000569280C8
C 9
R
P 0000000056969C18
C 294
R
P 0000000056969C18
I 0
P 0000000056928128
C 144
= 0000000056928A48
R
P 0000000056969C18
C 294
R
P 0000000056969C18
P 0000000056928A48
C 9
R
P 0000000056969C18
C 294
R
P 0000000056969C18
P 00000000569297E8
P 0000000056928A48
C 54
= 0000000057291C80
R
P 0000000056969C18
C 294
R
P 0000000056969C18
P 0000000057291C80
C 9
R
P 0000000056969C18
C 294
R
P 0000000056969C18
P 00000000572900F0
P 00000000569280C8
P 0000000057291C80
C 57
= 000000005692D7C8
R
P 0000000056969C18
C 294
R
P 0000000056969C18
P 000000005692D7C8
C 207
R
P 0000000056969C18
C 294
R
P 0000000056969C18
P 000000005692D7C8
C 204
= 0000000056928068
R
P 0000000056969C18
C 294
R
P 0000000056969C18
P 0000000056928068
C 165
R
P 0000000056969C18
C 294
R
P 0000000056969C18
P 000000005692D7C8
C 210
R
P 0000000056969C18
C 294
R
P 0000000056969C18
P 000000005692D7C8
C 209
R
P 0000000056969C18
C 294
R
P 0000000056969C18
P 000000005692D7C8
C 9
R
P 0000000056969C18
C 294
R
P 0000000056969C18
U 2
P 0000000057291C48
P 000000005692D7C8
p 2
C 61
= 0000000057291CB8
R
P 0000000056969C18
C 294
R
P 0000000056969C18
P 0000000057291CB8
C 9
R
P 0000000056969C18
C 294
R
P 0000000056969C18
I 0
P 0000000056928128
C 144
= 0000000056928A48
R
P 0000000056969C18
C 294
R
P 0000000056969C18
P 0000000056928A48
C 9
R
P 0000000056969C18
C 294
R
P 0000000056969C18
I 0
P 0000000056928128
C 144
= 0000000056928A48
R
P 0000000056969C18
C 294
R
P 0000000056969C18
P 0000000056928A48
C 9
R
P 0000000056969C18
C 294
R
P 0000000056969C18
P 0000000056928A48
P 0000000056928A48
C 54
= 00000000572900F0
R
P 0000000056969C18
C 294
R
P 0000000056969C18
P 00000000572900F0
C 9
R
P 0000000056969C18
C 294
R
P 0000000056969C18
C 52
= 00000000569280C8
R
P 0000000056969C18
C 294
R
P 0000000056969C18
P 00000000569280C8
C 9
R
P 0000000056969C18
C 294
R
P 0000000056969C18
I 0
P 0000000056928128
C 144
= 0000000056928A48
R
P 0000000056969C18
C 294
R
P 0000000056969C18
P 0000000056928A48
C 9
R
P 0000000056969C18
C 294
R
P 0000000056969C18
P 0000000056929808
P 0000000056928A48
C 54
= 0000000057291CF0
R
P 0000000056969C18
C 294
R
P 0000000056969C18
P 0000000057291CF0
C 9
R
P 0000000056969C18
C 294
R
P 0000000056969C18
P 00000000572900F0
P 00000000569280C8
P 0000000057291CF0
C 57
= 000000005692D808
R
P 0000000056969C18
C 294
R
P 0000000056969C18
P 000000005692D808
C 207
R
P 0000000056969C18
C 294
R
P 0000000056969C18
P 000000005692D808
C 204
= 0000000056928068
R
P 0000000056969C18
C 294
R
P 0000000056969C18
P 0000000056928068
C 165
R
P 0000000056969C18
C 294
R
P 0000000056969C18
P 000000005692D808
C 210
R
P 0000000056969C18
C 294
R
P 0000000056969C18
P 000000005692D808
C 209
R
P 0000000056969C18
C 294
R
P 0000000056969C18
P 000000005692D808
C 9
R
P 0000000056969C18
C 294
R
P 0000000056969C18
U 2
P 0000000057291CB8
P 000000005692D808
p 2
C 61
= 0000000057291D28
R
P 0000000056969C18
C 294
R
P 0000000056969C18
P 0000000057291D28
C 9
R
P 0000000056969C18
C 294
R
P 0000000056969C18
I 5
P 0000000056928128
C 144
= 0000000056929B28
R
P 0000000056969C18
C 294
R
P 0000000056969C18
P 0000000056929B28
C 9
R
P 0000000056969C18
C 294
R
P 0000000056969C18
I 0
P 0000000056928128
C 144
= 0000000056928A48
R
P 0000000056969C18
C 294
R
P 0000000056969C18
P 0000000056928A48
C 9
R
P 0000000056969C18
C 294
R
P 0000000056969C18
P 0000000056929B28
P 0000000056928A48
C 54
= 0000000057290710
R
P 0000000056969C18
C 294
R
P 0000000056969C18
P 0000000057290710
C 9
R
P 0000000056969C18
C 294
R
P 0000000056969C18
C 52
= 00000000569280C8
R
P 0000000056969C18
C 294
R
P 0000000056969C18
P 00000000569280C8
C 9
R
P 0000000056969C18
C 294
R
P 0000000056969C18
I 5
P 0000000056928128
C 144
= 0000000056929B28
R
P 0000000056969C18
C 294
R
P 0000000056969C18
P 0000000056929B28
C 9
R
P 0000000056969C18
C 294
R
P 0000000056969C18
P 0000000056929828
P 0000000056929B28
C 54
= 0000000057291D60
R
P 0000000056969C18
C 294
R
P 0000000056969C18
P 0000000057291D60
C 9
R
P 0000000056969C18
C 294
R
P 0000000056969C18
P 0000000057290710
P 00000000569280C8
P 0000000057291D60
C 57
= 000000005692D848
R
P 0000000056969C18
C 294
R
P 0000000056969C18
P 000000005692D848
C 207
R
P 0000000056969C18
C 294
R
P 0000000056969C18
P 000000005692D848
C 204
= 0000000056928068
R
P 0000000056969C18
C 294
R
P 0000000056969C18
P 0000000056928068
C 165
R
P 0000000056969C18
C 294
R
P 0000000056969C18
P 000000005692D848
C 210
R
P 0000000056969C18
C 294
R
P 0000000056969C18
P 000000005692D848
C 209
R
P 0000000056969C18
C 294
R
P 0000000056969C18
P 000000005692D848
C 9
R
P 0000000056969C18
C 294
R
P 0000000056969C18
U 2
P 0000000057291D28
P 000000005692D848
p 2
C 61
= 0000000057291D98
R
P 0000000056969C18
C 294
R
P 0000000056969C18
P 0000000057291D98
C 9
R
P 0000000056969C18
C 294
R
P 0000000056969C18
I 2
P 0000000056928128
C 144
= 0000000056928DA8
R
P 0000000056969C18
C 294
R
P 0000000056969C18
P 0000000056928DA8
C 9
R
P 0000000056969C18
C 294
R
P 0000000056969C18
I 0
P 0000000056928128
C 144
= 0000000056928A48
R
P 0000000056969C18
C 294
R
P 0000000056969C18
P 0000000056928A48
C 9
R
P 0000000056969C18
C 294
R
P 0000000056969C18
P 0000000056928DA8
P 0000000056928A48
C 54
= 0000000057291120
R
P 0000000056969C18
C 294
R
P 0000000056969C18
P 0000000057291120
C 9
R
P 0000000056969C18
C 294
R
P 0000000056969C18
C 52
= 00000000569280C8
R
P 0000000056969C18
C 294
R
P 0000000056969C18
P 00000000569280C8
C 9
R
P 0000000056969C18
C 294
R
P 0000000056969C18
I 2
P 0000000056928128
C 144
= 0000000056928DA8
R
P 0000000056969C18
C 294
R
P 0000000056969C18
P 0000000056928DA8
C 9
R
P 0000000056969C18
C 294
R
P 0000000056969C18
P 0000000056929848
P 0000000056928DA8
C 54
= 0000000057291E28
R
P 0000000056969C18
C 294
R
P 0000000056969C18
P 0000000057291E28
C 9
R
P 0000000056969C18
C 294
R
P 0000000056969C18
P 0000000057291120
P 00000000569280C8
P 0000000057291E28
C 57
= 000000005692D888
R
P 0000000056969C18
C 294
R
P 0000000056969C18
P 000000005692D888
C 207
R
P 0000000056969C18
C 294
R
P 0000000056969C18
P 000000005692D888
C 204
= 0000000056928068
R
P 0000000056969C18
C 294
R
P 0000000056969C18
P 0000000056928068
C 165
R
P 0000000056969C18
C 294
R
P 0000000056969C18
P 000000005692D888
C 210
R
P 0000000056969C18
C 294
R
P 0000000056969C18
P 000000005692D888
C 209
R
P 0000000056969C18
C 294
R
P 0000000056969C18
P 000000005692D888
C 9
R
P 0000000056969C18
C 294
R
P 0000000056969C18
U 2
P 0000000057291D98
P 000000005692D888
p 2
C 61
= 0000000057291E60
R
P 0000000056969C18
C 294
R
P 0000000056969C18
P 0000000057291E60
C 9
R
P 0000000056969C18
C 294
R
P 0000000056969C18
I 0
P 0000000056928128
C 144
= 0000000056928A48
R
P 0000000056969C18
C 294
R
P 0000000056969C18
P 0000000056928A48
C 9
R
P 0000000056969C18
C 294
R
P 0000000056969C18
I 0
P 0000000056928128
C 144
= 0000000056928A48
R
P 0000000056969C18
C 294
R
P 0000000056969C18
P 0000000056928A48
C 9
R
P 0000000056969C18
C 294
R
P 0000000056969C18
P 0000000056928A48
P 0000000056928A48
C 54
= 00000000572900F0
R
P 0000000056969C18
C 294
R
P 0000000056969C18
P 00000000572900F0
C 9
R
P 0000000056969C18
C 294
R
P 0000000056969C18
C 52
= 00000000569280C8
R
P 0000000056969C18
C 294
R
P 0000000056969C18
P 00000000569280C8
C 9
R
P 0000000056969C18
C 294
R
P 0000000056969C18
I 0
P 0000000056928128
C 144
= 0000000056928A48
R
P 0000000056969C18
C 294
R
P 0000000056969C18
P 0000000056928A48
C 9
R
P 0000000056969C18
C 294
R
P 0000000056969C18
P 0000000056929868
P 0000000056928A48
C 54
= 0000000057291E98
R
P 0000000056969C18
C 294
R
P 0000000056969C18
P 0000000057291E98
C 9
R
P 0000000056969C18
C 294
R
P 0000000056969C18
P 00000000572900F0
P 00000000569280C8
P 0000000057291E98
C 57
= 000000005692D8C8
R
P 0000000056969C18
C 294
R
P 0000000056969C18
P 000000005692D8C8
C 207
R
P 0000000056969C18
C 294
R
P 0000000056969C18
P 000000005692D8C8
C 204
= 0000000056928068
R
P 0000000056969C18
C 294
R
P 0000000056969C18
P 0000000056928068
C 165
R
P 0000000056969C18
C 294
R
P 0000000056969C18
P 000000005692D8C8
C 210
R
P 0000000056969C18
C 294
R
P 0000000056969C18
P 000000005692D8C8
C 209
R
P 0000000056969C18
C 294
R
P 0000000056969C18
P 000000005692D8C8
C 9
R
P 0000000056969C18
C 294
R
P 0000000056969C18
U 2
P 0000000057291E60
P 000000005692D8C8
p 2
C 61
= 0000000057291ED0
R
P 0000000056969C18
C 294
R
P 0000000056969C18
P 0000000057291ED0
C 9
R
P 0000000056969C18
C 294
R
P 0000000056969C18
I 9
P 0000000056928128
C 144
= 0000000056929AC8
R
P 0000000056969C18
C 294
R
P 0000000056969C18
P 0000000056929AC8
C 9
R
P 0000000056969C18
C 294
R
P 0000000056969C18
I 0
P 0000000056928128
C 144
= 0000000056928A48
R
P 0000000056969C18
C 294
R
P 0000000056969C18
P 0000000056928A48
C 9
R
P 0000000056969C18
C 294
R
P 0000000056969C18
P 0000000056929AC8
P 0000000056928A48
C 54
= 00000000572902E8
R
P 0000000056969C18
C 294
R
P 0000000056969C18
P 00000000572902E8
C 9
R
P 0000000056969C18
C 294
R
P 0000000056969C18
C 52
= 00000000569280C8
R
P 0000000056969C18
C 294
R
P 0000000056969C18
P 00000000569280C8
C 9
R
P 0000000056969C18
C 294
R
P 0000000056969C18
I 9
P 0000000056928128
C 144
= 0000000056929AC8
R
P 0000000056969C18
C 294
R
P 0000000056969C18
P 0000000056929AC8
C 9
R
P 0000000056969C18
C 294
R
P 0000000056969C18
P 0000000056929888
P 0000000056929AC8
C 54
= 0000000057291F08
R
P 0000000056969C18
C 294
R
P 0000000056969C18
P 0000000057291F08
C 9
R
P 0000000056969C18
C 294
R
P 0000000056969C18
P 00000000572902E8
P 00000000569280C8
P 0000000057291F08
C 57
= 000000005692D908
R
P 0000000056969C18
C 294
R
P 0000000056969C18
P 000000005692D908
C 207
R
P 0000000056969C18
C 294
R
P 0000000056969C18
P 000000005692D908
C 204
= 0000000056928068
R
P 0000000056969C18
C 294
R
P 0000000056969C18
P 0000000056928068
C 165
R
P 0000000056969C18
C 294
R
P 0000000056969C18
P 000000005692D908
C 210
R
P 0000000056969C18
C 294
R
P 0000000056969C18
P 000000005692D908
C 209
R
P 0000000056969C18
C 294
R
P 0000000056969C18
P 000000005692D908
C 9
R
P 0000000056969C18
C 294
R
P 0000000056969C18
U 2
P 0000000057291ED0
P 000000005692D908
p 2
C 61
= 0000000057291F40
R
P 0000000056969C18
C 294
R
P 0000000056969C18
P 0000000057291F40
C 9
R
P 0000000056969C18
C 294
R
P 0000000056969C18
I 0
P 0000000056928128
C 144
= 0000000056928A48
R
P 0000000056969C18
C 294
R
P 0000000056969C18
P 0000000056928A48
C 9
R
P 0000000056969C18
C 294
R
P 0000000056969C18
I 0
P 0000000056928128
C 144
= 0000000056928A48
R
P 0000000056969C18
C 294
R
P 0000000056969C18
P 0000000056928A48
C 9
R
P 0000000056969C18
C 294
R
P 0000000056969C18
P 0000000056928A48
P 0000000056928A48
C 54
= 00000000572900F0
R
P 0000000056969C18
C 294
R
P 0000000056969C18
P 00000000572900F0
C 9
R
P 0000000056969C18
C 294
R
P 0000000056969C18
C 52
= 00000000569280C8
R
P 0000000056969C18
C 294
R
P 0000000056969C18
P 00000000569280C8
C 9
R
P 0000000056969C18
C 294
R
P 0000000056969C18
I 0
P 0000000056928128
C 144
= 0000000056928A48
R
P 0000000056969C18
C 294
R
P 0000000056969C18
P 0000000056928A48
C 9
R
P 0000000056969C18
C 294
R
P 0000000056969C18
P 00000000569298A8
P 0000000056928A48
C 54
= 0000000057291F78
R
P 0000000056969C18
C 294
R
P 0000000056969C18
P 0000000057291F78
C 9
R
P 0000000056969C18
C 294
R
P 0000000056969C18
P 00000000572900F0
P 00000000569280C8
P 0000000057291F78
C 57
= 000000005692D948
R
P 0000000056969C18
C 294
R
P 0000000056969C18
P 000000005692D948
C 207
R
P 0000000056969C18
C 294
R
P 0000000056969C18
P 000000005692D948
C 204
= 0000000056928068
R
P 0000000056969C18
C 294
R
P 0000000056969C18
P 0000000056928068
C 165
R
P 0000000056969C18
C 294
R
P 0000000056969C18
P 000000005692D948
C 210
R
P 0000000056969C18
C 294
R
P 0000000056969C18
P 000000005692D948
C 209
R
P 0000000056969C18
C 294
R
P 0000000056969C18
P 000000005692D948
C 9
R
P 0000000056969C18
C 294
R
P 0000000056969C18
U 2
P 0000000057291F40
P 000000005692D948
p 2
C 61
= 0000000057291FB0
R
P 0000000056969C18
C 294
R
P 0000000056969C18
P 0000000057291FB0
C 9
R
P 0000000056969C18
C 294
R
P 0000000056969C18
I 0
P 0000000056928128
C 144
= 0000000056928A48
R
P 0000000056969C18
C 294
R
P 0000000056969C18
P 0000000056928A48
C 9
R
P 0000000056969C18
C 294
R
P 0000000056969C18
I 0
P 0000000056928128
C 144
= 0000000056928A48
R
P 0000000056969C18
C 294
R
P 0000000056969C18
P 0000000056928A48
C 9
R
P 0000000056969C18
C 294
R
P 0000000056969C18
P 0000000056928A48
P 0000000056928A48
C 54
= 00000000572900F0
R
P 0000000056969C18
C 294
R
P 0000000056969C18
P 00000000572900F0
C 9
R
P 0000000056969C18
C 294
R
P 0000000056969C18
C 52
= 00000000569280C8
R
P 0000000056969C18
C 294
R
P 0000000056969C18
P 00000000569280C8
C 9
R
P 0000000056969C18
C 294
R
P 0000000056969C18
I 0
P 0000000056928128
C 144
= 0000000056928A48
R
P 0000000056969C18
C 294
R
P 0000000056969C18
P 0000000056928A48
C 9
R
P 0000000056969C18
C 294
R
P 0000000056969C18
P 00000000569298C8
P 0000000056928A48
C 54
= 0000000057291FE8
R
P 0000000056969C18
C 294
R
P 0000000056969C18
P 0000000057291FE8
C 9
R
P 0000000056969C18
C 294
R
P 0000000056969C18
P 00000000572900F0
P 00000000569280C8
P 0000000057291FE8
C 57
= 000000005692D988
R
P 0000000056969C18
C 294
R
P 0000000056969C18
P 000000005692D988
C 207
R
P 0000000056969C18
C 294
R
P 0000000056969C18
P 000000005692D988
C 204
= 0000000056928068
R
P 0000000056969C18
C 294
R
P 0000000056969C18
P 0000000056928068
C 165
R
P 0000000056969C18
C 294
R
P 0000000056969C18
P 000000005692D988
C 210
R
P 0000000056969C18
C 294
R
P 0000000056969C18
P 000000005692D988
C 209
R
P 0000000056969C18
C 294
R
P 0000000056969C18
P 000000005692D988
C 9
R
P 0000000056969C18
C 294
R
P 0000000056969C18
U 2
P 0000000057291FB0
P 000000005692D988
p 2
C 61
= 0000000057292020
R
P 0000000056969C18
C 294
R
P 0000000056969C18
P 0000000057292020
C 9
R
P 0000000056969C18
C 294
R
P 0000000056969C18
I 0
P 0000000056928128
C 144
= 0000000056928A48
R
P 0000000056969C18
C 294
R
P 0000000056969C18
P 0000000056928A48
C 9
R
P 0000000056969C18
C 294
R
P 0000000056969C18
I 0
P 0000000056928128
C 144
= 0000000056928A48
R
P 0000000056969C18
C 294
R
P 0000000056969C18
P 0000000056928A48
C 9
R
P 0000000056969C18
C 294
R
P 0000000056969C18
P 0000000056928A48
P 0000000056928A48
C 54
= 00000000572900F0
R
P 0000000056969C18
C 294
R
P 0000000056969C18
P 00000000572900F0
C 9
R
P 0000000056969C18
C 294
R
P 0000000056969C18
C 52
= 00000000569280C8
R
P 0000000056969C18
C 294
R
P 0000000056969C18
P 00000000569280C8
C 9
R
P 0000000056969C18
C 294
R
P 0000000056969C18
I 0
P 0000000056928128
C 144
= 0000000056928A48
R
P 0000000056969C18
C 294
R
P 0000000056969C18
P 0000000056928A48
C 9
R
P 0000000056969C18
C 294
R
P 0000000056969C18
P 00000000569298E8
P 0000000056928A48
C 54
= 0000000057292058
R
P 0000000056969C18
C 294
R
P 0000000056969C18
P 0000000057292058
C 9
R
P 0000000056969C18
C 294
R
P 0000000056969C18
P 00000000572900F0
P 00000000569280C8
P 0000000057292058
C 57
= 000000005692D9C8
R
P 0000000056969C18
C 294
R
P 0000000056969C18
P 000000005692D9C8
C 207
R
P 0000000056969C18
C 294
R
P 0000000056969C18
P 000000005692D9C8
C 204
= 0000000056928068
R
P 0000000056969C18
C 294
R
P 0000000056969C18
P 0000000056928068
C 165
R
P 0000000056969C18
C 294
R
P 0000000056969C18
P 000000005692D9C8
C 210
R
P 0000000056969C18
C 294
R
P 0000000056969C18
P 000000005692D9C8
C 209
R
P 0000000056969C18
C 294
R
P 0000000056969C18
P 000000005692D9C8
C 9
R
P 0000000056969C18
C 294
R
P 0000000056969C18
U 2
P 0000000057292020
P 000000005692D9C8
p 2
C 61
= 0000000057292090
R
P 0000000056969C18
C 294
R
P 0000000056969C18
P 0000000057292090
C 9
R
P 0000000056969C18
C 294
R
P 0000000056969C18
I 6
P 0000000056928128
C 144
= 0000000056929B88
R
P 0000000056969C18
C 294
R
P 0000000056969C18
P 0000000056929B88
C 9
R
P 0000000056969C18
C 294
R
P 0000000056969C18
I 0
P 0000000056928128
C 144
= 0000000056928A48
R
P 0000000056969C18
C 294
R
P 0000000056969C18
P 0000000056928A48
C 9
R
P 0000000056969C18
C 294
R
P 0000000056969C18
P 0000000056929B88
P 0000000056928A48
C 54
= 0000000057291318
R
P 0000000056969C18
C 294
R
P 0000000056969C18
P 0000000057291318
C 9
R
P 0000000056969C18
C 294
R
P 0000000056969C18
C 52
= 00000000569280C8
R
P 0000000056969C18
C 294
R
P 0000000056969C18
P 00000000569280C8
C 9
R
P 0000000056969C18
C 294
R
P 0000000056969C18
I 6
P 0000000056928128
C 144
= 0000000056929B88
R
P 0000000056969C18
C 294
R
P 0000000056969C18
P 0000000056929B88
C 9
R
P 0000000056969C18
C 294
R
P 0000000056969C18
P 0000000056929908
P 0000000056929B88
C 54
= 00000000572920C8
R
P 0000000056969C18
C 294
R
P 0000000056969C18
P 00000000572920C8
C 9
R
P 0000000056969C18
C 294
R
P 0000000056969C18
P 0000000057291318
P 00000000569280C8
P 00000000572920C8
C 57
= 000000005692DA08
R
P 0000000056969C18
C 294
R
P 0000000056969C18
P 000000005692DA08
C 207
R
P 0000000056969C18
C 294
R
P 0000000056969C18
P 000000005692DA08
C 204
= 0000000056928068
R
P 0000000056969C18
C 294
R
P 0000000056969C18
P 0000000056928068
C 165
R
P 0000000056969C18
C 294
R
P 0000000056969C18
P 000000005692DA08
C 210
R
P 0000000056969C18
C 294
R
P 0000000056969C18
P 000000005692DA08
C 209
R
P 0000000056969C18
C 294
R
P 0000000056969C18
P 000000005692DA08
C 9
R
P 0000000056969C18
C 294
R
P 0000000056969C18
U 2
P 0000000057292090
P 000000005692DA08
p 2
C 61
= 0000000057292100
R
P 0000000056969C18
C 294
R
P 0000000056969C18
P 0000000057292100
C 9
R
P 0000000056969C18
C 294
R
P 0000000056969C18
I 5
P 0000000056928128
C 144
= 0000000056929B28
R
P 0000000056969C18
C 294
R
P 0000000056969C18
P 0000000056929B28
C 9
R
P 0000000056969C18
C 294
R
P 0000000056969C18
I 0
P 0000000056928128
C 144
= 0000000056928A48
R
P 0000000056969C18
C 294
R
P 0000000056969C18
P 0000000056928A48
C 9
R
P 0000000056969C18
C 294
R
P 0000000056969C18
P 0000000056929B28
P 0000000056928A48
C 54
= 0000000057290710
R
P 0000000056969C18
C 294
R
P 0000000056969C18
P 0000000057290710
C 9
R
P 0000000056969C18
C 294
R
P 0000000056969C18
C 52
= 00000000569280C8
R
P 0000000056969C18
C 294
R
P 0000000056969C18
P 00000000569280C8
C 9
R
P 0000000056969C18
C 294
R
P 0000000056969C18
I 5
P 0000000056928128
C 144
= 0000000056929B28
R
P 0000000056969C18
C 294
R
P 0000000056969C18
P 0000000056929B28
C 9
R
P 0000000056969C18
C 294
R
P 0000000056969C18
P 0000000056929928
P 0000000056929B28
C 54
= 0000000057292138
R
P 0000000056969C18
C 294
R
P 0000000056969C18
P 0000000057292138
C 9
R
P 0000000056969C18
C 294
R
P 0000000056969C18
P 0000000057290710
P 00000000569280C8
P 0000000057292138
C 57
= 000000005692DA48
R
P 0000000056969C18
C 294
R
P 0000000056969C18
P 000000005692DA48
C 207
R
P 0000000056969C18
C 294
R
P 0000000056969C18
P 000000005692DA48
C 204
= 0000000056928068
R
P 0000000056969C18
C 294
R
P 0000000056969C18
P 0000000056928068
C 165
R
P 0000000056969C18
C 294
R
P 0000000056969C18
P 000000005692DA48
C 210
R
P 0000000056969C18
C 294
R
P 0000000056969C18
P 000000005692DA48
C 209
R
P 0000000056969C18
C 294
R
P 0000000056969C18
P 000000005692DA48
C 9
R
P 0000000056969C18
C 294
R
P 0000000056969C18
U 2
P 0000000057292100
P 000000005692DA48
p 2
C 61
= 0000000057292170
R
P 0000000056969C18
C 294
R
P 0000000056969C18
P 0000000057292170
C 9
R
P 0000000056969C18
C 294
R
P 0000000056969C18
I 0
P 0000000056928128
C 144
= 0000000056928A48
R
P 0000000056969C18
C 294
R
P 0000000056969C18
P 0000000056928A48
C 9
R
P 0000000056969C18
C 294
R
P 0000000056969C18
I 0
P 0000000056928128
C 144
= 0000000056928A48
R
P 0000000056969C18
C 294
R
P 0000000056969C18
P 0000000056928A48
C 9
R
P 0000000056969C18
C 294
R
P 0000000056969C18
P 0000000056928A48
P 0000000056928A48
C 54
= 00000000572900F0
R
P 0000000056969C18
C 294
R
P 0000000056969C18
P 00000000572900F0
C 9
R
P 0000000056969C18
C 294
R
P 0000000056969C18
C 52
= 00000000569280C8
R
P 0000000056969C18
C 294
R
P 0000000056969C18
P 00000000569280C8
C 9
R
P 0000000056969C18
C 294
R
P 0000000056969C18
I 0
P 0000000056928128
C 144
= 0000000056928A48
R
P 0000000056969C18
C 294
R
P 0000000056969C18
P 0000000056928A48
C 9
R
P 0000000056969C18
C 294
R
P 0000000056969C18
P 0000000056929948
P 0000000056928A48
C 54
= 00000000572921A8
R
P 0000000056969C18
C 294
R
P 0000000056969C18
P 00000000572921A8
C 9
R
P 0000000056969C18
C 294
R
P 0000000056969C18
P 00000000572900F0
P 00000000569280C8
P 00000000572921A8
C 57
= 000000005692DA88
R
P 0000000056969C18
C 294
R
P 0000000056969C18
P 000000005692DA88
C 207
R
P 0000000056969C18
C 294
R
P 0000000056969C18
P 000000005692DA88
C 204
= 0000000056928068
R
P 0000000056969C18
C 294
R
P 0000000056969C18
P 0000000056928068
C 165
R
P 0000000056969C18
C 294
R
P 0000000056969C18
P 000000005692DA88
C 210
R
P 0000000056969C18
C 294
R
P 0000000056969C18
P 000000005692DA88
C 209
R
P 0000000056969C18
C 294
R
P 0000000056969C18
P 000000005692DA88
C 9
R
P 0000000056969C18
C 294
R
P 0000000056969C18
U 2
P 0000000057292170
P 000000005692DA88
p 2
C 61
= 00000000572921E0
R
P 0000000056969C18
C 294
R
P 0000000056969C18
P 00000000572921E0
C 9
R
P 0000000056969C18
C 294
R
P 0000000056969C18
I 0
P 0000000056928128
C 144
= 0000000056928A48
R
P 0000000056969C18
C 294
R
P 0000000056969C18
P 0000000056928A48
C 9
R
P 0000000056969C18
C 294
R
P 0000000056969C18
I 0
P 0000000056928128
C 144
= 0000000056928A48
R
P 0000000056969C18
C 294
R
P 0000000056969C18
P 0000000056928A48
C 9
R
P 0000000056969C18
C 294
R
P 0000000056969C18
P 0000000056928A48
P 0000000056928A48
C 54
= 00000000572900F0
R
P 0000000056969C18
C 294
R
P 0000000056969C18
P 00000000572900F0
C 9
R
P 0000000056969C18
C 294
R
P 0000000056969C18
C 52
= 00000000569280C8
R
P 0000000056969C18
C 294
R
P 0000000056969C18
P 00000000569280C8
C 9
R
P 0000000056969C18
C 294
R
P 0000000056969C18
I 0
P 0000000056928128
C 144
= 0000000056928A48
R
P 0000000056969C18
C 294
R
P 0000000056969C18
P 0000000056928A48
C 9
R
P 0000000056969C18
C 294
R
P 0000000056969C18
P 0000000056929968
P 0000000056928A48
C 54
= 0000000057292218
R
P 0000000056969C18
C 294
R
P 0000000056969C18
P 0000000057292218
C 9
R
P 0000000056969C18
C 294
R
P 0000000056969C18
P 00000000572900F0
P 00000000569280C8
P 0000000057292218
C 57
= 000000005692DAC8
R
P 0000000056969C18
C 294
R
P 0000000056969C18
P 000000005692DAC8
C 207
R
P 0000000056969C18
C 294
R
P 0000000056969C18
P 000000005692DAC8
C 204
= 0000000056928068
R
P 0000000056969C18
C 294
R
P 0000000056969C18
P 0000000056928068
C 165
R
P 0000000056969C18
C 294
R
P 0000000056969C18
P 000000005692DAC8
C 210
R
P 0000000056969C18
C 294
R
P 0000000056969C18
P 000000005692DAC8
C 209
R
P 0000000056969C18
C 294
R
P 0000000056969C18
P 000000005692DAC8
C 9
R
P 0000000056969C18
C 294
R
P 0000000056969C18
U 2
P 00000000572921E0
P 000000005692DAC8
p 2
C 61
= 0000000057292250
R
P 0000000056969C18
C 294
R
P 0000000056969C18
P 0000000057292250
C 9
R
P 0000000056969C18
C 294
R
P 0000000056969C18
I 0
P 0000000056928128
C 144
= 0000000056928A48
R
P 0000000056969C18
C 294
R
P 0000000056969C18
P 0000000056928A48
C 9
R
P 0000000056969C18
C 294
R
P 0000000056969C18
I 0
P 0000000056928128
C 144
= 0000000056928A48
R
P 0000000056969C18
C 294
R
P 0000000056969C18
P 0000000056928A48
C 9
R
P 0000000056969C18
C 294
R
P 0000000056969C18
P 0000000056928A48
P 0000000056928A48
C 54
= 00000000572900F0
R
P 0000000056969C18
C 294
R
P 0000000056969C18
P 00000000572900F0
C 9
R
P 0000000056969C18
C 294
R
P 0000000056969C18
C 52
= 00000000569280C8
R
P 0000000056969C18
C 294
R
P 0000000056969C18
P 00000000569280C8
C 9
R
P 0000000056969C18
C 294
R
P 0000000056969C18
I 0
P 0000000056928128
C 144
= 0000000056928A48
R
P 0000000056969C18
C 294
R
P 0000000056969C18
P 0000000056928A48
C 9
R
P 0000000056969C18
C 294
R
P 0000000056969C18
P 0000000056929988
P 0000000056928A48
C 54
= 0000000057292288
R
P 0000000056969C18
C 294
R
P 0000000056969C18
P 0000000057292288
C 9
R
P 0000000056969C18
C 294
R
P 0000000056969C18
P 00000000572900F0
P 00000000569280C8
P 0000000057292288
C 57
= 000000005692DB08
R
P 0000000056969C18
C 294
R
P 0000000056969C18
P 000000005692DB08
C 207
R
P 0000000056969C18
C 294
R
P 0000000056969C18
P 000000005692DB08
C 204
= 0000000056928068
R
P 0000000056969C18
C 294
R
P 0000000056969C18
P 0000000056928068
C 165
R
P 0000000056969C18
C 294
R
P 0000000056969C18
P 000000005692DB08
C 210
R
P 0000000056969C18
C 294
R
P 0000000056969C18
P 000000005692DB08
C 209
R
P 0000000056969C18
C 294
R
P 0000000056969C18
P 000000005692DB08
C 9
R
P 0000000056969C18
C 294
R
P 0000000056969C18
U 2
P 0000000057292250
P 000000005692DB08
p 2
C 61
= 00000000572922C0
R
P 0000000056969C18
C 294
R
P 0000000056969C18
P 00000000572922C0
C 9
R
P 0000000056969C18
C 294
R
P 0000000056969C18
I 0
P 0000000056928128
C 144
= 0000000056928A48
R
P 0000000056969C18
C 294
R
P 0000000056969C18
P 0000000056928A48
C 9
R
P 0000000056969C18
C 294
R
P 0000000056969C18
I 0
P 0000000056928128
C 144
= 0000000056928A48
R
P 0000000056969C18
C 294
R
P 0000000056969C18
P 0000000056928A48
C 9
R
P 0000000056969C18
C 294
R
P 0000000056969C18
P 0000000056928A48
P 0000000056928A48
C 54
= 00000000572900F0
R
P 0000000056969C18
C 294
R
P 0000000056969C18
P 00000000572900F0
C 9
R
P 0000000056969C18
C 294
R
P 0000000056969C18
C 52
= 00000000569280C8
R
P 0000000056969C18
C 294
R
P 0000000056969C18
P 00000000569280C8
C 9
R
P 0000000056969C18
C 294
R
P 0000000056969C18
I 0
P 0000000056928128
C 144
= 0000000056928A48
R
P 0000000056969C18
C 294
R
P 0000000056969C18
P 0000000056928A48
C 9
R
P 0000000056969C18
C 294
R
P 0000000056969C18
P 00000000569299A8
P 0000000056928A48
C 54
= 00000000572922F8
R
P 0000000056969C18
C 294
R
P 0000000056969C18
P 00000000572922F8
C 9
R
P 0000000056969C18
C 294
R
P 0000000056969C18
P 00000000572900F0
P 00000000569280C8
P 00000000572922F8
C 57
= 000000005692DB48
R
P 0000000056969C18
C 294
R
P 0000000056969C18
P 000000005692DB48
C 207
R
P 0000000056969C18
C 294
R
P 0000000056969C18
P 000000005692DB48
C 204
= 0000000056928068
R
P 0000000056969C18
C 294
R
P 0000000056969C18
P 0000000056928068
C 165
R
P 0000000056969C18
C 294
R
P 0000000056969C18
P 000000005692DB48
C 210
R
P 0000000056969C18
C 294
R
P 0000000056969C18
P 000000005692DB48
C 209
R
P 0000000056969C18
C 294
R
P 0000000056969C18
P 000000005692DB48
C 9
R
P 0000000056969C18
C 294
R
P 0000000056969C18
U 2
P 00000000572922C0
P 000000005692DB48
p 2
C 61
= 0000000057292330
R
P 0000000056969C18
C 294
R
P 0000000056969C18
P 0000000057292330
C 9
R
P 0000000056969C18
C 294
R
P 0000000056969C18
I 4
P 0000000056928128
C 144
= 0000000056929AE8
R
P 0000000056969C18
C 294
R
P 0000000056969C18
P 0000000056929AE8
C 9
R
P 0000000056969C18
C 294
R
P 0000000056969C18
I 0
P 0000000056928128
C 144
= 0000000056928A48
R
P 0000000056969C18
C 294
R
P 0000000056969C18
P 0000000056928A48
C 9
R
P 0000000056969C18
C 294
R
P 0000000056969C18
P 0000000056929AE8
P 0000000056928A48
C 54
= 0000000057290390
R
P 0000000056969C18
C 294
R
P 0000000056969C18
P 0000000057290390
C 9
R
P 0000000056969C18
C 294
R
P 0000000056969C18
C 52
= 00000000569280C8
R
P 0000000056969C18
C 294
R
P 0000000056969C18
P 00000000569280C8
C 9
R
P 0000000056969C18
C 294
R
P 0000000056969C18
I 4
P 0000000056928128
C 144
= 0000000056929AE8
R
P 0000000056969C18
C 294
R
P 0000000056969C18
P 0000000056929AE8
C 9
R
P 0000000056969C18
C 294
R
P 0000000056969C18
P 00000000569299C8
P 0000000056929AE8
C 54
= 0000000057292368
R
P 0000000056969C18
C 294
R
P 0000000056969C18
P 0000000057292368
C 9
R
P 0000000056969C18
C 294
R
P 0000000056969C18
P 0000000057290390
P 00000000569280C8
P 0000000057292368
C 57
= 000000005692DB88
R
P 0000000056969C18
C 294
R
P 0000000056969C18
P 000000005692DB88
C 207
R
P 0000000056969C18
C 294
R
P 0000000056969C18
P 000000005692DB88
C 204
= 0000000056928068
R
P 0000000056969C18
C 294
R
P 0000000056969C18
P 0000000056928068
C 165
R
P 0000000056969C18
C 294
R
P 0000000056969C18
P 000000005692DB88
C 210
R
P 0000000056969C18
C 294
R
P 0000000056969C18
P 000000005692DB88
C 209
R
P 0000000056969C18
C 294
R
P 0000000056969C18
P 000000005692DB88
C 9
R
P 0000000056969C18
C 294
R
P 0000000056969C18
U 2
P 0000000057292330
P 000000005692DB88
p 2
C 61
= 00000000572923A0
R
P 0000000056969C18
C 294
R
P 0000000056969C18
P 00000000572923A0
C 9
R
P 0000000056969C18
C 294
R
P 0000000056969C18
I 0
P 0000000056928128
C 144
= 0000000056928A48
R
P 0000000056969C18
C 294
R
P 0000000056969C18
P 0000000056928A48
C 9
R
P 0000000056969C18
C 294
R
P 0000000056969C18
I 0
P 0000000056928128
C 144
= 0000000056928A48
R
P 0000000056969C18
C 294
R
P 0000000056969C18
P 0000000056928A48
C 9
R
P 0000000056969C18
C 294
R
P 0000000056969C18
P 0000000056928A48
P 0000000056928A48
C 54
= 00000000572900F0
R
P 0000000056969C18
C 294
R
P 0000000056969C18
P 00000000572900F0
C 9
R
P 0000000056969C18
C 294
R
P 0000000056969C18
C 52
= 00000000569280C8
R
P 0000000056969C18
C 294
R
P 0000000056969C18
P 00000000569280C8
C 9
R
P 0000000056969C18
C 294
R
P 0000000056969C18
I 0
P 0000000056928128
C 144
= 0000000056928A48
R
P 0000000056969C18
C 294
R
P 0000000056969C18
P 0000000056928A48
C 9
R
P 0000000056969C18
C 294
R
P 0000000056969C18
P 00000000569299E8
P 0000000056928A48
C 54
= 00000000572923D8
R
P 0000000056969C18
C 294
R
P 0000000056969C18
P 00000000572923D8
C 9
R
P 0000000056969C18
C 294
R
P 0000000056969C18
P 00000000572900F0
P 00000000569280C8
P 00000000572923D8
C 57
= 000000005692DBC8
R
P 0000000056969C18
C 294
R
P 0000000056969C18
P 000000005692DBC8
C 207
R
P 0000000056969C18
C 294
R
P 0000000056969C18
P 000000005692DBC8
C 204
= 0000000056928068
R
P 0000000056969C18
C 294
R
P 0000000056969C18
P 0000000056928068
C 165
R
P 0000000056969C18
C 294
R
P 0000000056969C18
P 000000005692DBC8
C 210
R
P 0000000056969C18
C 294
R
P 0000000056969C18
P 000000005692DBC8
C 209
R
P 0000000056969C18
C 294
R
P 0000000056969C18
P 000000005692DBC8
C 9
R
P 0000000056969C18
C 294
R
P 0000000056969C18
U 2
P 00000000572923A0
P 000000005692DBC8
p 2
C 61
= 0000000057292410
R
P 0000000056969C18
C 294
R
P 0000000056969C18
P 0000000057292410
C 9
R
P 0000000056969C18
C 294
R
P 0000000056969C18
I 9
P 0000000056928128
C 144
= 0000000056929AC8
R
P 0000000056969C18
C 294
R
P 0000000056969C18
P 0000000056929AC8
C 9
R
P 0000000056969C18
C 294
R
P 0000000056969C18
I 0
P 0000000056928128
C 144
= 0000000056928A48
R
P 0000000056969C18
C 294
R
P 0000000056969C18
P 0000000056928A48
C 9
R
P 0000000056969C18
C 294
R
P 0000000056969C18
P 0000000056929AC8
P 0000000056928A48
C 54
= 00000000572902E8
R
P 0000000056969C18
C 294
R
P 0000000056969C18
P 00000000572902E8
C 9
R
P 0000000056969C18
C 294
R
P 0000000056969C18
C 52
= 00000000569280C8
R
P 0000000056969C18
C 294
R
P 0000000056969C18
P 00000000569280C8
C 9
R
P 0000000056969C18
C 294
R
P 0000000056969C18
I 9
P 0000000056928128
C 144
= 0000000056929AC8
R
P 0000000056969C18
C 294
R
P 0000000056969C18
P 0000000056929AC8
C 9
R
P 0000000056969C18
C 294
R
P 0000000056969C18
P 0000000056929A08
P 0000000056929AC8
C 54
= 0000000057292448
R
P 0000000056969C18
C 294
R
P 0000000056969C18
P 0000000057292448
C 9
R
P 0000000056969C18
C 294
R
P 0000000056969C18
P 00000000572902E8
P 00000000569280C8
P 0000000057292448
C 57
= 000000005692DC08
R
P 0000000056969C18
C 294
R
P 0000000056969C18
P 000000005692DC08
C 207
R
P 0000000056969C18
C 294
R
P 0000000056969C18
P 000000005692DC08
C 204
= 0000000056928068
R
P 0000000056969C18
C 294
R
P 0000000056969C18
P 0000000056928068
C 165
R
P 0000000056969C18
C 294
R
P 0000000056969C18
P 000000005692DC08
C 210
R
P 0000000056969C18
C 294
R
P 0000000056969C18
P 000000005692DC08
C 209
R
P 0000000056969C18
C 294
R
P 0000000056969C18
P 000000005692DC08
C 9
R
P 0000000056969C18
C 294
R
P 0000000056969C18
U 2
P 0000000057292410
P 000000005692DC08
p 2
C 61
= 0000000057292480
R
P 0000000056969C18
C 294
R
P 0000000056969C18
P 0000000057292480
C 9
R
P 0000000056969C18
C 294
R
P 0000000056969C18
I 7
P 0000000056928128
C 144
= 0000000056929B48
R
P 0000000056969C18
C 294
R
P 0000000056969C18
P 0000000056929B48
C 9
R
P 0000000056969C18
C 294
R
P 0000000056969C18
I 0
P 0000000056928128
C 144
= 0000000056928A48
R
P 0000000056969C18
C 294
R
P 0000000056969C18
P 0000000056928A48
C 9
R
P 0000000056969C18
C 294
R
P 0000000056969C18
P 0000000056929B48
P 0000000056928A48
C 54
= 00000000572909B0
R
P 0000000056969C18
C 294
R
P 0000000056969C18
P 00000000572909B0
C 9
R
P 0000000056969C18
C 294
R
P 0000000056969C18
C 52
= 00000000569280C8
R
P 0000000056969C18
C 294
R
P 0000000056969C18
P 00000000569280C8
C 9
R
P 0000000056969C18
C 294
R
P 0000000056969C18
I 7
P 0000000056928128
C 144
= 0000000056929B48
R
P 0000000056969C18
C 294
R
P 0000000056969C18
P 0000000056929B48
C 9
R
P 0000000056969C18
C 294
R
P 0000000056969C18
P 0000000056929A28
P 0000000056929B48
C 54
= 00000000572924B8
R
P 0000000056969C18
C 294
R
P 0000000056969C18
P 00000000572924B8
C 9
R
P 0000000056969C18
C 294
R
P 0000000056969C18
P 00000000572909B0
P 00000000569280C8
P 00000000572924B8
C 57
= 000000005692DC48
R
P 0000000056969C18
C 294
R
P 0000000056969C18
P 000000005692DC48
C 207
R
P 0000000056969C18
C 294
R
P 0000000056969C18
P 000000005692DC48
C 204
= 0000000056928068
R
P 0000000056969C18
C 294
R
P 0000000056969C18
P 0000000056928068
C 165
R
P 0000000056969C18
C 294
R
P 0000000056969C18
P 000000005692DC48
C 210
R
P 0000000056969C18
C 294
R
P 0000000056969C18
P 000000005692DC48
C 209
R
P 0000000056969C18
C 294
R
P 0000000056969C18
P 000000005692DC48
C 9
R
P 0000000056969C18
C 294
R
P 0000000056969C18
U 2
P 0000000057292480
P 000000005692DC48
p 2
C 61
= 00000000572924F0
R
P 0000000056969C18
C 294
R
P 0000000056969C18
P 00000000572924F0
C 9
R
P 0000000056969C18
C 294
R
P 0000000056969C18
I 0
P 0000000056928128
C 144
= 0000000056928A48
R
P 0000000056969C18
C 294
R
P 0000000056969C18
P 0000000056928A48
C 9
R
P 0000000056969C18
C 294
R
P 0000000056969C18
I 0
P 0000000056928128
C 144
= 0000000056928A48
R
P 0000000056969C18
C 294
R
P 0000000056969C18
P 0000000056928A48
C 9
R
P 0000000056969C18
C 294
R
P 0000000056969C18
P 0000000056928A48
P 0000000056928A48
C 54
= 00000000572900F0
R
P 0000000056969C18
C 294
R
P 0000000056969C18
P 00000000572900F0
C 9
R
P 0000000056969C18
C 294
R
P 0000000056969C18
C 52
= 00000000569280C8
R
P 0000000056969C18
C 294
R
P 0000000056969C18
P 00000000569280C8
C 9
R
P 0000000056969C18
C 294
R
P 0000000056969C18
I 0
P 0000000056928128
C 144
= 0000000056928A48
R
P 0000000056969C18
C 294
R
P 0000000056969C18
P 0000000056928A48
C 9
R
P 0000000056969C18
C 294
R
P 0000000056969C18
P 0000000056929A48
P 0000000056928A48
C 54
= 0000000057292528
R
P 0000000056969C18
C 294
R
P 0000000056969C18
P 0000000057292528
C 9
R
P 0000000056969C18
C 294
R
P 0000000056969C18
P 00000000572900F0
P 00000000569280C8
P 0000000057292528
C 57
= 000000005692DC88
R
P 0000000056969C18
C 294
R
P 0000000056969C18
P 000000005692DC88
C 207
R
P 0000000056969C18
C 294
R
P 0000000056969C18
P 000000005692DC88
C 204
= 0000000056928068
R
P 0000000056969C18
C 294
R
P 0000000056969C18
P 0000000056928068
C 165
R
P 0000000056969C18
C 294
R
P 0000000056969C18
P 000000005692DC88
C 210
R
P 0000000056969C18
C 294
R
P 0000000056969C18
P 000000005692DC88
C 209
R
P 0000000056969C18
C 294
R
P 0000000056969C18
P 000000005692DC88
C 9
R
P 0000000056969C18
C 294
R
P 0000000056969C18
U 2
P 00000000572924F0
P 000000005692DC88
p 2
C 61
= 0000000057292560
R
P 0000000056969C18
C 294
R
P 0000000056969C18
P 0000000057292560
C 9
R
P 0000000056969C18
C 294
R
P 0000000056969C18
I 0
P 0000000056928128
C 144
= 0000000056928A48
R
P 0000000056969C18
C 294
R
P 0000000056969C18
P 0000000056928A48
C 9
R
P 0000000056969C18
C 294
R
P 0000000056969C18
I 0
P 0000000056928128
C 144
= 0000000056928A48
R
P 0000000056969C18
C 294
R
P 0000000056969C18
P 0000000056928A48
C 9
R
P 0000000056969C18
C 294
R
P 0000000056969C18
P 0000000056928A48
P 0000000056928A48
C 54
= 00000000572900F0
R
P 0000000056969C18
C 294
R
P 0000000056969C18
P 00000000572900F0
C 9
R
P 0000000056969C18
C 294
R
P 0000000056969C18
C 52
= 00000000569280C8
R
P 0000000056969C18
C 294
R
P 0000000056969C18
P 00000000569280C8
C 9
R
P 0000000056969C18
C 294
R
P 0000000056969C18
I 0
P 0000000056928128
C 144
= 0000000056928A48
R
P 0000000056969C18
C 294
R
P 0000000056969C18
P 0000000056928A48
C 9
R
P 0000000056969C18
C 294
R
P 0000000056969C18
P 0000000056929A68
P 0000000056928A48
C 54
= 0000000057292598
R
P 0000000056969C18
C 294
R
P 0000000056969C18
P 0000000057292598
C 9
R
P 0000000056969C18
C 294
R
P 0000000056969C18
P 00000000572900F0
P 00000000569280C8
P 0000000057292598
C 57
= 000000005692DCC8
R
P 0000000056969C18
C 294
R
P 0000000056969C18
P 000000005692DCC8
C 207
R
P 0000000056969C18
C 294
R
P 0000000056969C18
P 000000005692DCC8
C 204
= 0000000056928068
R
P 0000000056969C18
C 294
R
P 0000000056969C18
P 0000000056928068
C 165
R
P 0000000056969C18
C 294
R
P 0000000056969C18
P 000000005692DCC8
C 210
R
P 0000000056969C18
C 294
R
P 0000000056969C18
P 000000005692DCC8
C 209
R
P 0000000056969C18
C 294
R
P 0000000056969C18
P 000000005692DCC8
C 9
R
P 0000000056969C18
C 294
R
P 0000000056969C18
U 2
P 0000000057292560
P 000000005692DCC8
p 2
C 61
= 00000000572925D0
R
P 0000000056969C18
C 294
R
P 0000000056969C18
P 00000000572925D0
C 9
R
P 0000000056969C18
C 294
R
P 0000000056969C18
I 0
P 0000000056928128
C 144
= 0000000056928A48
R
P 0000000056969C18
C 294
R
P 0000000056969C18
P 0000000056928A48
C 9
R
P 0000000056969C18
C 294
R
P 0000000056969C18
I 0
P 0000000056928128
C 144
= 0000000056928A48
R
P 0000000056969C18
C 294
R
P 0000000056969C18
P 0000000056928A48
C 9
R
P 0000000056969C18
C 294
R
P 0000000056969C18
P 0000000056928A48
P 0000000056928A48
C 54
= 00000000572900F0
R
P 0000000056969C18
C 294
R
P 0000000056969C18
P 00000000572900F0
C 9
R
P 0000000056969C18
C 294
R
P 0000000056969C18
C 52
= 00000000569280C8
R
P 0000000056969C18
C 294
R
P 0000000056969C18
P 00000000569280C8
C 9
R
P 0000000056969C18
C 294
R
P 0000000056969C18
I 0
P 0000000056928128
C 144
= 0000000056928A48
R
P 0000000056969C18
C 294
R
P 0000000056969C18
P 0000000056928A48
C 9
R
P 0000000056969C18
C 294
R
P 0000000056969C18
P 0000000056929A88
P 0000000056928A48
C 54
= 0000000057292608
R
P 0000000056969C18
C 294
R
P 0000000056969C18
P 0000000057292608
C 9
R
P 0000000056969C18
C 294
R
P 0000000056969C18
P 00000000572900F0
P 00000000569280C8
P 0000000057292608
C 57
= 000000005692DD08
R
P 0000000056969C18
C 294
R
P 0000000056969C18
P 000000005692DD08
C 207
R
P 0000000056969C18
C 294
R
P 0000000056969C18
P 000000005692DD08
C 204
= 0000000056928068
R
P 0000000056969C18
C 294
R
P 0000000056969C18
P 0000000056928068
C 165
R
P 0000000056969C18
C 294
R
P 0000000056969C18
P 000000005692DD08
C 210
R
P 0000000056969C18
C 294
R
P 0000000056969C18
P 000000005692DD08
C 209
R
P 0000000056969C18
C 294
R
P 0000000056969C18
P 000000005692DD08
C 9
R
P 0000000056969C18
C 294
R
P 0000000056969C18
U 2
P 00000000572925D0
P 000000005692DD08
p 2
C 61
= 0000000057292640
R
P 0000000056969C18
C 294
R
P 0000000056969C18
P 0000000057292640
C 9
R
P 0000000056969C18
C 294
R
P 0000000056969C18
I 0
P 0000000056928128
C 144
= 0000000056928A48
R
P 0000000056969C18
C 294
R
P 0000000056969C18
P 0000000056928A48
C 9
R
P 0000000056969C18
C 294
R
P 0000000056969C18
I 0
P 0000000056928128
C 144
= 0000000056928A48
R
P 0000000056969C18
C 294
R
P 0000000056969C18
P 0000000056928A48
C 9
R
P 0000000056969C18
C 294
R
P 0000000056969C18
P 0000000056928A48
P 0000000056928A48
C 54
= 00000000572900F0
R
P 0000000056969C18
C 294
R
P 0000000056969C18
P 00000000572900F0
C 9
R
P 0000000056969C18
C 294
R
P 0000000056969C18
C 52
= 00000000569280C8
R
P 0000000056969C18
C 294
R
P 0000000056969C18
P 00000000569280C8
C 9
R
P 0000000056969C18
C 294
R
P 0000000056969C18
I 0
P 0000000056928128
C 144
= 0000000056928A48
R
P 0000000056969C18
C 294
R
P 0000000056969C18
P 0000000056928A48
C 9
R
P 0000000056969C18
C 294
R
P 0000000056969C18
P 0000000056929AA8
P 0000000056928A48
C 54
= 0000000057292678
R
P 0000000056969C18
C 294
R
P 0000000056969C18
P 0000000057292678
C 9
R
P 0000000056969C18
C 294
R
P 0000000056969C18
P 00000000572900F0
P 00000000569280C8
P 0000000057292678
C 57
= 000000005692DD48
R
P 0000000056969C18
C 294
R
P 0000000056969C18
P 000000005692DD48
C 207
R
P 0000000056969C18
C 294
R
P 0000000056969C18
P 000000005692DD48
C 204
= 0000000056928068
R
P 0000000056969C18
C 294
R
P 0000000056969C18
P 0000000056928068
C 165
R
P 0000000056969C18
C 294
R
P 0000000056969C18
P 000000005692DD48
C 210
R
P 0000000056969C18
C 294
R
P 0000000056969C18
P 000000005692DD48
C 209
R
P 0000000056969C18
C 294
R
P 0000000056969C18
P 000000005692DD48
C 9
R
P 0000000056969C18
C 294
R
P 0000000056969C18
U 2
P 0000000057292640
P 000000005692DD48
p 2
C 61
= 00000000572926B0
R
P 0000000056969C18
C 294
R
P 0000000056969C18
P 00000000572926B0
C 9
R
P 0000000056969C18
C 294
R
P 0000000056969C18
C 410
= 000000005724F8B8
R
P 0000000056969C18
C 294
R
P 0000000056969C18
P 000000005724F8B8
C 417
R
P 0000000056969C18
C 294
R
P 0000000056969C18
P 000000005724F8B8
P 00000000572900B8
C 423
R
P 0000000056969C18
C 294
R
P 0000000056969C18
P 000000005724F8B8
P 00000000572926B0
C 423
R
P 0000000056969C18
C 294
R
P 0000000056969C18
P 000000005724F8B8
C 426
R
P 0000000056969C18
C 294
R
P 0000000056969C18
P 000000005724F8B8
C 428
= 00000000572591D8
R
P 0000000056969C18
C 294
R
P 0000000056969C18
P 00000000572591D8
C 247
R
P 0000000056969C18
C 294
R
P 0000000056969C18
P 00000000572591D8
P 00000000569290A8
I 0
P 0000000000000000
C 249
* 0000000056929B28 4
R
P 0000000056969C18
C 294
R
P 0000000056969C18
P 0000000056929B28
C 207
R
P 0000000056969C18
C 294
R
P 0000000056969C18
P 0000000056929B28
C 204
= 0000000056928128
R
P 0000000056969C18
C 294
R
P 0000000056969C18
P 0000000056928128
C 165
R
P 0000000056969C18
C 294
R
P 0000000056969C18
P 0000000056929B28
C 210
R
P 0000000056969C18
C 294
R
P 0000000056969C18
P 0000000056929B28
C 209
R
P 0000000056969C18
C 294
R
P 0000000056969C18
P 0000000056929B28
C 9
R
P 0000000056969C18
C 294
R
P 0000000056969C18
P 00000000572591D8
P 00000000569290C8
I 0
P 0000000000000000
C 249
* 0000000056929B48 4
R
P 0000000056969C18
C 294
R
P 0000000056969C18
P 0000000056929B48
C 207
R
P 0000000056969C18
C 294
R
P 0000000056969C18
P 0000000056929B48
C 204
= 0000000056928128
R
P 0000000056969C18
C 294
R
P 0000000056969C18
P 0000000056928128
C 165
R
P 0000000056969C18
C 294
R
P 0000000056969C18
P 0000000056929B48
C 210
R
P 0000000056969C18
C 294
R
P 0000000056969C18
P 0000000056929B48
C 209
R
P 0000000056969C18
C 294
R
P 0000000056969C18
P 0000000056929B48
C 9
R
P 0000000056969C18
C 294
R
P 0000000056969C18
P 00000000572591D8
P 00000000569290E8
I 0
P 0000000000000000
C 249
* 0000000056929B88 4
R
P 0000000056969C18
C 294
R
P 0000000056969C18
P 0000000056929B88
C 207
R
P 0000000056969C18
C 294
R
P 0000000056969C18
P 0000000056929B88
C 204
= 0000000056928128
R
P 0000000056969C18
C 294
R
P 0000000056969C18
P 0000000056928128
C 165
R
P 0000000056969C18
C 294
R
P 0000000056969C18
P 0000000056929B88
C 210
R
P 0000000056969C18
C 294
R
P 0000000056969C18
P 0000000056929B88
C 209
R
P 0000000056969C18
C 294
R
P 0000000056969C18
P 0000000056929B88
C 9
R
P 0000000056969C18
C 294
R
P 0000000056969C18
P 00000000572591D8
P 0000000056929108
I 0
P 0000000000000000
C 249
* 0000000056928DA8 4
R
P 0000000056969C18
C 294
R
P 0000000056969C18
P 0000000056928DA8
C 207
R
P 0000000056969C18
C 294
R
P 0000000056969C18
P 0000000056928DA8
C 204
= 0000000056928128
R
P 0000000056969C18
C 294
R
P 0000000056969C18
P 0000000056928128
C 165
R
P 0000000056969C18
C 294
R
P 0000000056969C18
P 0000000056928DA8
C 210
R
P 0000000056969C18
C 294
R
P 0000000056969C18
P 0000000056928DA8
C 209
R
P 0000000056969C18
C 294
R
P 0000000056969C18
P 0000000056928DA8
C 9
R
P 0000000056969C18
C 294
R
P 0000000056969C18
P 00000000572591D8
P 0000000056929128
I 0
P 0000000000000000
C 249
* 0000000056929AC8 4
R
P 0000000056969C18
C 294
R
P 0000000056969C18
P 0000000056929AC8
C 207
R
P 0000000056969C18
C 294
R
P 0000000056969C18
P 0000000056929AC8
C 204
= 0000000056928128
R
P 0000000056969C18
C 294
R
P 0000000056969C18
P 0000000056928128
C 165
R
P 0000000056969C18
C 294
R
P 0000000056969C18
P 0000000056929AC8
C 210
R
P 0000000056969C18
C 294
R
P 0000000056969C18
P 0000000056929AC8
C 209
R
P 0000000056969C18
C 294
R
P 0000000056969C18
P 0000000056929AC8
C 9
R
P 0000000056969C18
C 294
R
P 0000000056969C18
P 00000000572591D8
P 0000000056929148
I 0
P 0000000000000000
C 249
* 0000000056929AE8 4
R
P 0000000056969C18
C 294
R
P 0000000056969C18
P 0000000056929AE8
C 207
R
P 0000000056969C18
C 294
R
P 0000000056969C18
P 0000000056929AE8
C 204
= 0000000056928128
R
P 0000000056969C18
C 294
R
P 0000000056969C18
P 0000000056928128
C 165
R
P 0000000056969C18
C 294
R
P 0000000056969C18
P 0000000056929AE8
C 210
R
P 0000000056969C18
C 294
R
P 0000000056969C18
P 0000000056929AE8
C 209
R
P 0000000056969C18
C 294
R
P 0000000056969C18
P 0000000056929AE8
C 9
R
P 0000000056969C18
C 294
R
P 0000000056969C18
P 00000000572591D8
P 0000000056929168
I 0
P 0000000000000000
C 249
* 0000000056929B68 4
R
P 0000000056969C18
C 294
R
P 0000000056969C18
P 0000000056929B68
C 207
R
P 0000000056969C18
C 294
R
P 0000000056969C18
P 0000000056929B68
C 204
= 0000000056928128
R
P 0000000056969C18
C 294
R
P 0000000056969C18
P 0000000056928128
C 165
R
P 0000000056969C18
C 294
R
P 0000000056969C18
P 0000000056929B68
C 210
R
P 0000000056969C18
C 294
R
P 0000000056969C18
P 0000000056929B68
C 209
R
P 0000000056969C18
C 294
R
P 0000000056969C18
P 0000000056929B68
C 9
R
P 0000000056969C18
C 294
R
P 0000000056969C18
P 00000000572591D8
P 0000000056929188
I 0
P 0000000000000000
C 249
* 0000000056929B08 4
R
P 0000000056969C18
C 294
R
P 0000000056969C18
P 0000000056929B08
C 207
R
P 0000000056969C18
C 294
R
P 0000000056969C18
P 0000000056929B08
C 204
= 0000000056928128
R
P 0000000056969C18
C 294
R
P 0000000056969C18
P 0000000056928128
C 165
R
P 0000000056969C18
C 294
R
P 0000000056969C18
P 0000000056929B08
C 210
R
P 0000000056969C18
C 294
R
P 0000000056969C18
P 0000000056929B08
C 209
R
P 0000000056969C18
C 294
R
P 0000000056969C18
P 0000000056929B08
C 9
R
P 0000000056969C18
C 294
R
P 0000000056969C18
P 00000000572591D8
P 00000000569291A8
I 0
P 0000000000000000
C 249
* 0000000056928C68 4
R
P 0000000056969C18
C 294
R
P 0000000056969C18
P 0000000056928C68
C 207
R
P 0000000056969C18
C 294
R
P 0000000056969C18
P 0000000056928C68
C 204
= 0000000056928128
R
P 0000000056969C18
C 294
R
P 0000000056969C18
P 0000000056928128
C 165
R
P 0000000056969C18
C 294
R
P 0000000056969C18
P 0000000056928C68
C 210
R
P 0000000056969C18
C 294
R
P 0000000056969C18
P 0000000056928C68
C 209
R
P 0000000056969C18
C 294
R
P 0000000056969C18
P 0000000056928C68
C 9
R
P 0000000056969C18
C 294
R
P 0000000056969C18
P 00000000572591D8
P 00000000569291C8
I 0
P 0000000000000000
C 249
* 0000000056929AE8 4
R
P 0000000056969C18
C 294
R
P 0000000056969C18
P 0000000056929AE8
C 207
R
P 0000000056969C18
C 294
R
P 0000000056969C18
P 0000000056929AE8
C 204
= 0000000056928128
R
P 0000000056969C18
C 294
R
P 0000000056969C18
P 0000000056928128
C 165
R
P 0000000056969C18
C 294
R
P 0000000056969C18
P 0000000056929AE8
C 210
R
P 0000000056969C18
C 294
R
P 0000000056969C18
P 0000000056929AE8
C 209
R
P 0000000056969C18
C 294
R
P 0000000056969C18
P 0000000056929AE8
C 9
R
P 0000000056969C18
C 294
R
P 0000000056969C18
P 00000000572591D8
P 00000000569291E8
I 0
P 0000000000000000
C 249
* 0000000056928DA8 4
R
P 0000000056969C18
C 294
R
P 0000000056969C18
P 0000000056928DA8
C 207
R
P 0000000056969C18
C 294
R
P 0000000056969C18
P 0000000056928DA8
C 204
= 0000000056928128
R
P 0000000056969C18
C 294
R
P 0000000056969C18
P 0000000056928128
C 165
R
P 0000000056969C18
C 294
R
P 0000000056969C18
P 0000000056928DA8
C 210
R
P 0000000056969C18
C 294
R
P 0000000056969C18
P 0000000056928DA8
C 209
R
P 0000000056969C18
C 294
R
P 0000000056969C18
P 0000000056928DA8
C 9
R
P 0000000056969C18
C 294
R
P 0000000056969C18
P 00000000572591D8
P 0000000056929208
I 0
P 0000000000000000
C 249
* 0000000056929B08 4
R
P 0000000056969C18
C 294
R
P 0000000056969C18
P 0000000056929B08
C 207
R
P 0000000056969C18
C 294
R
P 0000000056969C18
P 0000000056929B08
C 204
= 0000000056928128
R
P 0000000056969C18
C 294
R
P 0000000056969C18
P 0000000056928128
C 165
R
P 0000000056969C18
C 294
R
P 0000000056969C18
P 0000000056929B08
C 210
R
P 0000000056969C18
C 294
R
P 0000000056969C18
P 0000000056929B08
C 209
R
P 0000000056969C18
C 294
R
P 0000000056969C18
P 0000000056929B08
C 9
R
P 0000000056969C18
C 294
R
P 0000000056969C18
P 00000000572591D8
P 0000000056929228
I 0
P 0000000000000000
C 249
* 0000000056929B28 4
R
P 0000000056969C18
C 294
R
P 0000000056969C18
P 0000000056929B28
C 207
R
P 0000000056969C18
C 294
R
P 0000000056969C18
P 0000000056929B28
C 204
= 0000000056928128
R
P 0000000056969C18
C 294
R
P 0000000056969C18
P 0000000056928128
C 165
R
P 0000000056969C18
C 294
R
P 0000000056969C18
P 0000000056929B28
C 210
R
P 0000000056969C18
C 294
R
P 0000000056969C18
P 0000000056929B28
C 209
R
P 0000000056969C18
C 294
R
P 0000000056969C18
P 0000000056929B28
C 9
R
P 0000000056969C18
C 294
R
P 0000000056969C18
P 00000000572591D8
P 0000000056929248
I 0
P 0000000000000000
C 249
* 0000000056928C68 4
R
P 0000000056969C18
C 294
R
P 0000000056969C18
P 0000000056928C68
C 207
R
P 0000000056969C18
C 294
R
P 0000000056969C18
P 0000000056928C68
C 204
= 0000000056928128
R
P 0000000056969C18
C 294
R
P 0000000056969C18
P 0000000056928128
C 165
R
P 0000000056969C18
C 294
R
P 0000000056969C18
P 0000000056928C68
C 210
R
P 0000000056969C18
C 294
R
P 0000000056969C18
P 0000000056928C68
C 209
R
P 0000000056969C18
C 294
R
P 0000000056969C18
P 0000000056928C68
C 9
R
P 0000000056969C18
C 294
R
P 0000000056969C18
P 00000000572591D8
P 0000000056929268
I 0
P 0000000000000000
C 249
* 0000000056929B68 4
R
P 0000000056969C18
C 294
R
P 0000000056969C18
P 0000000056929B68
C 207
R
P 0000000056969C18
C 294
R
P 0000000056969C18
P 0000000056929B68
C 204
= 0000000056928128
R
P 0000000056969C18
C 294
R
P 0000000056969C18
P 0000000056928128
C 165
R
P 0000000056969C18
C 294
R
P 0000000056969C18
P 0000000056929B68
C 210
R
P 0000000056969C18
C 294
R
P 0000000056969C18
P 0000000056929B68
C 209
R
P 0000000056969C18
C 294
R
P 0000000056969C18
P 0000000056929B68
C 9
R
P 0000000056969C18
C 294
R
P 0000000056969C18
P 00000000572591D8
P 0000000056929288
I 0
P 0000000000000000
C 249
* 0000000056929B88 4
R
P 0000000056969C18
C 294
R
P 0000000056969C18
P 0000000056929B88
C 207
R
P 0000000056969C18
C 294
R
P 0000000056969C18
P 0000000056929B88
C 204
= 0000000056928128
R
P 0000000056969C18
C 294
R
P 0000000056969C18
P 0000000056928128
C 165
R
P 0000000056969C18
C 294
R
P 0000000056969C18
P 0000000056929B88
C 210
R
P 0000000056969C18
C 294
R
P 0000000056969C18
P 0000000056929B88
C 209
R
P 0000000056969C18
C 294
R
P 0000000056969C18
P 0000000056929B88
C 9
R
P 0000000056969C18
C 294
R
P 0000000056969C18
P 00000000572591D8
P 00000000569292A8
I 0
P 0000000000000000
C 249
* 0000000056929AC8 4
R
P 0000000056969C18
C 294
R
P 0000000056969C18
P 0000000056929AC8
C 207
R
P 0000000056969C18
C 294
R
P 0000000056969C18
P 0000000056929AC8
C 204
= 0000000056928128
R
P 0000000056969C18
C 294
R
P 0000000056969C18
P 0000000056928128
C 165
R
P 0000000056969C18
C 294
R
P 0000000056969C18
P 0000000056929AC8
C 210
R
P 0000000056969C18
C 294
R
P 0000000056969C18
P 0000000056929AC8
C 209
R
P 0000000056969C18
C 294
R
P 0000000056969C18
P 0000000056929AC8
C 9
R
P 0000000056969C18
C 294
R
P 0000000056969C18
P 00000000572591D8
P 00000000569292C8
I 0
P 0000000000000000
C 249
* 0000000056929B48 4
R
P 0000000056969C18
C 294
R
P 0000000056969C18
P 0000000056929B48
C 207
R
P 0000000056969C18
C 294
R
P 0000000056969C18
P 0000000056929B48
C 204
= 0000000056928128
R
P 0000000056969C18
C 294
R
P 0000000056969C18
P 0000000056928128
C 165
R
P 0000000056969C18
C 294
R
P 0000000056969C18
P 0000000056929B48
C 210
R
P 0000000056969C18
C 294
R
P 0000000056969C18
P 0000000056929B48
C 209
R
P 0000000056969C18
C 294
R
P 0000000056969C18
P 0000000056929B48
C 9
R
P 0000000056969C18
C 294
R
P 0000000056969C18
P 00000000572591D8
P 00000000569292E8
I 0
P 0000000000000000
C 249
* 0000000056928C68 4
R
P 0000000056969C18
C 294
R
P 0000000056969C18
P 0000000056928C68
C 207
R
P 0000000056969C18
C 294
R
P 0000000056969C18
P 0000000056928C68
C 204
= 0000000056928128
R
P 0000000056969C18
C 294
R
P 0000000056969C18
P 0000000056928128
C 165
R
P 0000000056969C18
C 294
R
P 0000000056969C18
P 0000000056928C68
C 210
R
P 0000000056969C18
C 294
R
P 0000000056969C18
P 0000000056928C68
C 209
R
P 0000000056969C18
C 294
R
P 0000000056969C18
P 0000000056928C68
C 9
R
P 0000000056969C18
C 294
R
P 0000000056969C18
P 00000000572591D8
P 0000000056929308
I 0
P 0000000000000000
C 249
* 0000000056929B68 4
R
P 0000000056969C18
C 294
R
P 0000000056969C18
P 0000000056929B68
C 207
R
P 0000000056969C18
C 294
R
P 0000000056969C18
P 0000000056929B68
C 204
= 0000000056928128
R
P 0000000056969C18
C 294
R
P 0000000056969C18
P 0000000056928128
C 165
R
P 0000000056969C18
C 294
R
P 0000000056969C18
P 0000000056929B68
C 210
R
P 0000000056969C18
C 294
R
P 0000000056969C18
P 0000000056929B68
C 209
R
P 0000000056969C18
C 294
R
P 0000000056969C18
P 0000000056929B68
C 9
R
P 0000000056969C18
C 294
R
P 0000000056969C18
P 00000000572591D8
P 0000000056929328
I 0
P 0000000000000000
C 249
* 0000000056929AC8 4
R
P 0000000056969C18
C 294
R
P 0000000056969C18
P 0000000056929AC8
C 207
R
P 0000000056969C18
C 294
R
P 0000000056969C18
P 0000000056929AC8
C 204
= 0000000056928128
R
P 0000000056969C18
C 294
R
P 0000000056969C18
P 0000000056928128
C 165
R
P 0000000056969C18
C 294
R
P 0000000056969C18
P 0000000056929AC8
C 210
R
P 0000000056969C18
C 294
R
P 0000000056969C18
P 0000000056929AC8
C 209
R
P 0000000056969C18
C 294
R
P 0000000056969C18
P 0000000056929AC8
C 9
R
P 0000000056969C18
C 294
R
P 0000000056969C18
P 00000000572591D8
P 0000000056929348
I 0
P 0000000000000000
C 249
* 0000000056929B08 4
R
P 0000000056969C18
C 294
R
P 0000000056969C18
P 0000000056929B08
C 207
R
P 0000000056969C18
C 294
R
P 0000000056969C18
P 0000000056929B08
C 204
= 0000000056928128
R
P 0000000056969C18
C 294
R
P 0000000056969C18
P 0000000056928128
C 165
R
P 0000000056969C18
C 294
R
P 0000000056969C18
P 0000000056929B08
C 210
R
P 0000000056969C18
C 294
R
P 0000000056969C18
P 0000000056929B08
C 209
R
P 0000000056969C18
C 294
R
P 0000000056969C18
P 0000000056929B08
C 9
R
P 0000000056969C18
C 294
R
P 0000000056969C18
P 00000000572591D8
P 0000000056929368
I 0
P 0000000000000000
C 249
* 0000000056929B88 4
R
P 0000000056969C18
C 294
R
P 0000000056969C18
P 0000000056929B88
C 207
R
P 0000000056969C18
C 294
R
P 0000000056969C18
P 0000000056929B88
C 204
= 0000000056928128
R
P 0000000056969C18
C 294
R
P 0000000056969C18
P 0000000056928128
C 165
R
P 0000000056969C18
C 294
R
P 0000000056969C18
P 0000000056929B88
C 210
R
P 0000000056969C18
C 294
R
P 0000000056969C18
P 0000000056929B88
C 209
R
P 0000000056969C18
C 294
R
P 0000000056969C18
P 0000000056929B88
C 9
R
P 0000000056969C18
C 294
R
P 0000000056969C18
P 00000000572591D8
P 0000000056929388
I 0
P 0000000000000000
C 249
* 0000000056929B48 4
R
P 0000000056969C18
C 294
R
P 0000000056969C18
P 0000000056929B48
C 207
R
P 0000000056969C18
C 294
R
P 0000000056969C18
P 0000000056929B48
C 204
= 0000000056928128
R
P 0000000056969C18
C 294
R
P 0000000056969C18
P 0000000056928128
C 165
R
P 0000000056969C18
C 294
R
P 0000000056969C18
P 0000000056929B48
C 210
R
P 0000000056969C18
C 294
R
P 0000000056969C18
P 0000000056929B48
C 209
R
P 0000000056969C18
C 294
R
P 0000000056969C18
P 0000000056929B48
C 9
R
P 0000000056969C18
C 294
R
P 0000000056969C18
P 00000000572591D8
P 00000000569293A8
I 0
P 0000000000000000
C 249
* 0000000056928DA8 4
R
P 0000000056969C18
C 294
R
P 0000000056969C18
P 0000000056928DA8
C 207
R
P 0000000056969C18
C 294
R
P 0000000056969C18
P 0000000056928DA8
C 204
= 0000000056928128
R
P 0000000056969C18
C 294
R
P 0000000056969C18
P 0000000056928128
C 165
R
P 0000000056969C18
C 294
R
P 0000000056969C18
P 0000000056928DA8
C 210
R
P 0000000056969C18
C 294
R
P 0000000056969C18
P 0000000056928DA8
C 209
R
P 0000000056969C18
C 294
R
P 0000000056969C18
P 0000000056928DA8
C 9
R
P 0000000056969C18
C 294
R
P 0000000056969C18
P 00000000572591D8
P 00000000569293C8
I 0
P 0000000000000000
C 249
* 0000000056929AE8 4
R
P 0000000056969C18
C 294
R
P 0000000056969C18
P 0000000056929AE8
C 207
R
P 0000000056969C18
C 294
R
P 0000000056969C18
P 0000000056929AE8
C 204
= 0000000056928128
R
P 0000000056969C18
C 294
R
P 0000000056969C18
P 0000000056928128
C 165
R
P 0000000056969C18
C 294
R
P 0000000056969C18
P 0000000056929AE8
C 210
R
P 0000000056969C18
C 294
R
P 0000000056969C18
P 0000000056929AE8
C 209
R
P 0000000056969C18
C 294
R
P 0000000056969C18
P 0000000056929AE8
C 9
R
P 0000000056969C18
C 294
R
P 0000000056969C18
P 00000000572591D8
P 00000000569293E8
I 0
P 0000000000000000
C 249
* 0000000056929B28 4
R
P 0000000056969C18
C 294
R
P 0000000056969C18
P 0000000056929B28
C 207
R
P 0000000056969C18
C 294
R
P 0000000056969C18
P 0000000056929B28
C 204
= 0000000056928128
R
P 0000000056969C18
C 294
R
P 0000000056969C18
P 0000000056928128
C 165
R
P 0000000056969C18
C 294
R
P 0000000056969C18
P 0000000056929B28
C 210
R
P 0000000056969C18
C 294
R
P 0000000056969C18
P 0000000056929B28
C 209
R
P 0000000056969C18
C 294
R
P 0000000056969C18
P 0000000056929B28
C 9
R
P 0000000056969C18
C 294
R
P 0000000056969C18
P 00000000572591D8
P 0000000056929408
I 0
P 0000000000000000
C 249
* 0000000056929B28 4
R
P 0000000056969C18
C 294
R
P 0000000056969C18
P 0000000056929B28
C 207
R
P 0000000056969C18
C 294
R
P 0000000056969C18
P 0000000056929B28
C 204
= 0000000056928128
R
P 0000000056969C18
C 294
R
P 0000000056969C18
P 0000000056928128
C 165
R
P 0000000056969C18
C 294
R
P 0000000056969C18
P 0000000056929B28
C 210
R
P 0000000056969C18
C 294
R
P 0000000056969C18
P 0000000056929B28
C 209
R
P 0000000056969C18
C 294
R
P 0000000056969C18
P 0000000056929B28
C 9
R
P 0000000056969C18
C 294
R
P 0000000056969C18
P 00000000572591D8
P 0000000056929428
I 0
P 0000000000000000
C 249
* 0000000056929AC8 4
R
P 0000000056969C18
C 294
R
P 0000000056969C18
P 0000000056929AC8
C 207
R
P 0000000056969C18
C 294
R
P 0000000056969C18
P 0000000056929AC8
C 204
= 0000000056928128
R
P 0000000056969C18
C 294
R
P 0000000056969C18
P 0000000056928128
C 165
R
P 0000000056969C18
C 294
R
P 0000000056969C18
P 0000000056929AC8
C 210
R
P 0000000056969C18
C 294
R
P 0000000056969C18
P 0000000056929AC8
C 209
R
P 0000000056969C18
C 294
R
P 0000000056969C18
P 0000000056929AC8
C 9
R
P 0000000056969C18
C 294
R
P 0000000056969C18
P 00000000572591D8
P 0000000056929448
I 0
P 0000000000000000
C 249
* 0000000056929B48 4
R
P 0000000056969C18
C 294
R
P 0000000056969C18
P 0000000056929B48
C 207
R
P 0000000056969C18
C 294
R
P 0000000056969C18
P 0000000056929B48
C 204
= 0000000056928128
R
P 0000000056969C18
C 294
R
P 0000000056969C18
P 0000000056928128
C 165
R
P 0000000056969C18
C 294
R
P 0000000056969C18
P 0000000056929B48
C 210
R
P 0000000056969C18
C 294
R
P 0000000056969C18
P 0000000056929B48
C 209
R
P 0000000056969C18
C 294
R
P 0000000056969C18
P 0000000056929B48
C 9
R
P 0000000056969C18
C 294
R
P 0000000056969C18
P 00000000572591D8
P 0000000056929468
I 0
P 0000000000000000
C 249
* 0000000056929AE8 4
R
P 0000000056969C18
C 294
R
P 0000000056969C18
P 0000000056929AE8
C 207
R
P 0000000056969C18
C 294
R
P 0000000056969C18
P 0000000056929AE8
C 204
= 0000000056928128
R
P 0000000056969C18
C 294
R
P 0000000056969C18
P 0000000056928128
C 165
R
P 0000000056969C18
C 294
R
P 0000000056969C18
P 0000000056929AE8
C 210
R
P 0000000056969C18
C 294
R
P 0000000056969C18
P 0000000056929AE8
C 209
R
P 0000000056969C18
C 294
R
P 0000000056969C18
P 0000000056929AE8
C 9
R
P 0000000056969C18
C 294
R
P 0000000056969C18
P 00000000572591D8
P 0000000056929488
I 0
P 0000000000000000
C 249
* 0000000056929B88 4
R
P 0000000056969C18
C 294
R
P 0000000056969C18
P 0000000056929B88
C 207
R
P 0000000056969C18
C 294
R
P 0000000056969C18
P 0000000056929B88
C 204
= 0000000056928128
R
P 0000000056969C18
C 294
R
P 0000000056969C18
P 0000000056928128
C 165
R
P 0000000056969C18
C 294
R
P 0000000056969C18
P 0000000056929B88
C 210
R
P 0000000056969C18
C 294
R
P 0000000056969C18
P 0000000056929B88
C 209
R
P 0000000056969C18
C 294
R
P 0000000056969C18
P 0000000056929B88
C 9
R
P 0000000056969C18
C 294
R
P 0000000056969C18
P 00000000572591D8
P 00000000569294A8
I 0
P 0000000000000000
C 249
* 0000000056929B08 4
R
P 0000000056969C18
C 294
R
P 0000000056969C18
P 0000000056929B08
C 207
R
P 0000000056969C18
C 294
R
P 0000000056969C18
P 0000000056929B08
C 204
= 0000000056928128
R
P 0000000056969C18
C 294
R
P 0000000056969C18
P 0000000056928128
C 165
R
P 0000000056969C18
C 294
R
P 0000000056969C18
P 0000000056929B08
C 210
R
P 0000000056969C18
C 294
R
P 0000000056969C18
P 0000000056929B08
C 209
R
P 0000000056969C18
C 294
R
P 0000000056969C18
P 0000000056929B08
C 9
R
P 0000000056969C18
C 294
R
P 0000000056969C18
P 00000000572591D8
P 00000000569294C8
I 0
P 0000000000000000
C 249
* 0000000056928DA8 4
R
P 0000000056969C18
C 294
R
P 0000000056969C18
P 0000000056928DA8
C 207
R
P 0000000056969C18
C 294
R
P 0000000056969C18
P 0000000056928DA8
C 204
= 0000000056928128
R
P 0000000056969C18
C 294
R
P 0000000056969C18
P 0000000056928128
C 165
R
P 0000000056969C18
C 294
R
P 0000000056969C18
P 0000000056928DA8
C 210
R
P 0000000056969C18
C 294
R
P 0000000056969C18
P 0000000056928DA8
C 209
R
P 0000000056969C18
C 294
R
P 0000000056969C18
P 0000000056928DA8
C 9
R
P 0000000056969C18
C 294
R
P 0000000056969C18
P 00000000572591D8
P 00000000569294E8
I 0
P 0000000000000000
C 249
* 0000000056928C68 4
R
P 0000000056969C18
C 294
R
P 0000000056969C18
P 0000000056928C68
C 207
R
P 0000000056969C18
C 294
R
P 0000000056969C18
P 0000000056928C68
C 204
= 0000000056928128
R
P 0000000056969C18
C 294
R
P 0000000056969C18
P 0000000056928128
C 165
R
P 0000000056969C18
C 294
R
P 0000000056969C18
P 0000000056928C68
C 210
R
P 0000000056969C18
C 294
R
P 0000000056969C18
P 0000000056928C68
C 209
R
P 0000000056969C18
C 294
R
P 0000000056969C18
P 0000000056928C68
C 9
R
P 0000000056969C18
C 294
R
P 0000000056969C18
P 00000000572591D8
P 0000000056929508
I 0
P 0000000000000000
C 249
* 0000000056929B68 4
R
P 0000000056969C18
C 294
R
P 0000000056969C18
P 0000000056929B68
C 207
R
P 0000000056969C18
C 294
R
P 0000000056969C18
P 0000000056929B68
C 204
= 0000000056928128
R
P 0000000056969C18
C 294
R
P 0000000056969C18
P 0000000056928128
C 165
R
P 0000000056969C18
C 294
R
P 0000000056969C18
P 0000000056929B68
C 210
R
P 0000000056969C18
C 294
R
P 0000000056969C18
P 0000000056929B68
C 209
R
P 0000000056969C18
C 294
R
P 0000000056969C18
P 0000000056929B68
C 9
R
P 0000000056969C18
C 294
R
P 0000000056969C18
P 00000000572591D8
P 0000000056929528
I 0
P 0000000000000000
C 249
* 0000000056929B68 4
R
P 0000000056969C18
C 294
R
P 0000000056969C18
P 0000000056929B68
C 207
R
P 0000000056969C18
C 294
R
P 0000000056969C18
P 0000000056929B68
C 204
= 0000000056928128
R
P 0000000056969C18
C 294
R
P 0000000056969C18
P 0000000056928128
C 165
R
P 0000000056969C18
C 294
R
P 0000000056969C18
P 0000000056929B68
C 210
R
P 0000000056969C18
C 294
R
P 0000000056969C18
P 0000000056929B68
C 209
R
P 0000000056969C18
C 294
R
P 0000000056969C18
P 0000000056929B68
C 9
R
P 0000000056969C18
C 294
R
P 0000000056969C18
P 00000000572591D8
P 0000000056929548
I 0
P 0000000000000000
C 249
* 0000000056929B88 4
R
P 0000000056969C18
C 294
R
P 0000000056969C18
P 0000000056929B88
C 207
R
P 0000000056969C18
C 294
R
P 0000000056969C18
P 0000000056929B88
C 204
= 0000000056928128
R
P 0000000056969C18
C 294
R
P 0000000056969C18
P 0000000056928128
C 165
R
P 0000000056969C18
C 294
R
P 0000000056969C18
P 0000000056929B88
C 210
R
P 0000000056969C18
C 294
R
P 0000000056969C18
P 0000000056929B88
C 209
R
P 0000000056969C18
C 294
R
P 0000000056969C18
P 0000000056929B88
C 9
R
P 0000000056969C18
C 294
R
P 0000000056969C18
P 00000000572591D8
P 0000000056929568
I 0
P 0000000000000000
C 249
* 0000000056929B08 4
R
P 0000000056969C18
C 294
R
P 0000000056969C18
P 0000000056929B08
C 207
R
P 0000000056969C18
C 294
R
P 0000000056969C18
P 0000000056929B08
C 204
= 0000000056928128
R
P 0000000056969C18
C 294
R
P 0000000056969C18
P 0000000056928128
C 165
R
P 0000000056969C18
C 294
R
P 0000000056969C18
P 0000000056929B08
C 210
R
P 0000000056969C18
C 294
R
P 0000000056969C18
P 0000000056929B08
C 209
R
P 0000000056969C18
C 294
R
P 0000000056969C18
P 0000000056929B08
C 9
R
P 0000000056969C18
C 294
R
P 0000000056969C18
P 00000000572591D8
P 0000000056929588
I 0
P 0000000000000000
C 249
* 0000000056928DA8 4
R
P 0000000056969C18
C 294
R
P 0000000056969C18
P 0000000056928DA8
C 207
R
P 0000000056969C18
C 294
R
P 0000000056969C18
P 0000000056928DA8
C 204
= 0000000056928128
R
P 0000000056969C18
C 294
R
P 0000000056969C18
P 0000000056928128
C 165
R
P 0000000056969C18
C 294
R
P 0000000056969C18
P 0000000056928DA8
C 210
R
P 0000000056969C18
C 294
R
P 0000000056969C18
P 0000000056928DA8
C 209
R
P 0000000056969C18
C 294
R
P 0000000056969C18
P 0000000056928DA8
C 9
R
P 0000000056969C18
C 294
R
P 0000000056969C18
P 00000000572591D8
P 00000000569295A8
I 0
P 0000000000000000
C 249
* 0000000056929AC8 4
R
P 0000000056969C18
C 294
R
P 0000000056969C18
P 0000000056929AC8
C 207
R
P 0000000056969C18
C 294
R
P 0000000056969C18
P 0000000056929AC8
C 204
= 0000000056928128
R
P 0000000056969C18
C 294
R
P 0000000056969C18
P 0000000056928128
C 165
R
P 0000000056969C18
C 294
R
P 0000000056969C18
P 0000000056929AC8
C 210
R
P 0000000056969C18
C 294
R
P 0000000056969C18
P 0000000056929AC8
C 209
R
P 0000000056969C18
C 294
R
P 0000000056969C18
P 0000000056929AC8
C 9
R
P 0000000056969C18
C 294
R
P 0000000056969C18
P 00000000572591D8
P 00000000569295C8
I 0
P 0000000000000000
C 249
* 0000000056928C68 4
R
P 0000000056969C18
C 294
R
P 0000000056969C18
P 0000000056928C68
C 207
R
P 0000000056969C18
C 294
R
P 0000000056969C18
P 0000000056928C68
C 204
= 0000000056928128
R
P 0000000056969C18
C 294
R
P 0000000056969C18
P 0000000056928128
C 165
R
P 0000000056969C18
C 294
R
P 0000000056969C18
P 0000000056928C68
C 210
R
P 0000000056969C18
C 294
R
P 0000000056969C18
P 0000000056928C68
C 209
R
P 0000000056969C18
C 294
R
P 0000000056969C18
P 0000000056928C68
C 9
R
P 0000000056969C18
C 294
R
P 0000000056969C18
P 00000000572591D8
P 00000000569295E8
I 0
P 0000000000000000
C 249
* 0000000056929AE8 4
R
P 0000000056969C18
C 294
R
P 0000000056969C18
P 0000000056929AE8
C 207
R
P 0000000056969C18
C 294
R
P 0000000056969C18
P 0000000056929AE8
C 204
= 0000000056928128
R
P 0000000056969C18
C 294
R
P 0000000056969C18
P 0000000056928128
C 165
R
P 0000000056969C18
C 294
R
P 0000000056969C18
P 0000000056929AE8
C 210
R
P 0000000056969C18
C 294
R
P 0000000056969C18
P 0000000056929AE8
C 209
R
P 0000000056969C18
C 294
R
P 0000000056969C18
P 0000000056929AE8
C 9
R
P 0000000056969C18
C 294
R
P 0000000056969C18
P 00000000572591D8
P 0000000056929608
I 0
P 0000000000000000
C 249
* 0000000056929B28 4
R
P 0000000056969C18
C 294
R
P 0000000056969C18
P 0000000056929B28
C 207
R
P 0000000056969C18
C 294
R
P 0000000056969C18
P 0000000056929B28
C 204
= 0000000056928128
R
P 0000000056969C18
C 294
R
P 0000000056969C18
P 0000000056928128
C 165
R
P 0000000056969C18
C 294
R
P 0000000056969C18
P 0000000056929B28
C 210
R
P 0000000056969C18
C 294
R
P 0000000056969C18
P 0000000056929B28
C 209
R
P 0000000056969C18
C 294
R
P 0000000056969C18
P 0000000056929B28
C 9
R
P 0000000056969C18
C 294
R
P 0000000056969C18
P 00000000572591D8
P 0000000056929628
I 0
P 0000000000000000
C 249
* 0000000056929B48 4
R
P 0000000056969C18
C 294
R
P 0000000056969C18
P 0000000056929B48
C 207
R
P 0000000056969C18
C 294
R
P 0000000056969C18
P 0000000056929B48
C 204
= 0000000056928128
R
P 0000000056969C18
C 294
R
P 0000000056969C18
P 0000000056928128
C 165
R
P 0000000056969C18
C 294
R
P 0000000056969C18
P 0000000056929B48
C 210
R
P 0000000056969C18
C 294
R
P 0000000056969C18
P 0000000056929B48
C 209
R
P 0000000056969C18
C 294
R
P 0000000056969C18
P 0000000056929B48
C 9
R
P 0000000056969C18
C 294
R
P 0000000056969C18
P 00000000572591D8
P 0000000056929648
I 0
P 0000000000000000
C 249
* 0000000056928C68 4
R
P 0000000056969C18
C 294
R
P 0000000056969C18
P 0000000056928C68
C 207
R
P 0000000056969C18
C 294
R
P 0000000056969C18
P 0000000056928C68
C 204
= 0000000056928128
R
P 0000000056969C18
C 294
R
P 0000000056969C18
P 0000000056928128
C 165
R
P 0000000056969C18
C 294
R
P 0000000056969C18
P 0000000056928C68
C 210
R
P 0000000056969C18
C 294
R
P 0000000056969C18
P 0000000056928C68
C 209
R
P 0000000056969C18
C 294
R
P 0000000056969C18
P 0000000056928C68
C 9
R
P 0000000056969C18
C 294
R
P 0000000056969C18
P 00000000572591D8
P 0000000056929668
I 0
P 0000000000000000
C 249
* 0000000056929AE8 4
R
P 0000000056969C18
C 294
R
P 0000000056969C18
P 0000000056929AE8
C 207
R
P 0000000056969C18
C 294
R
P 0000000056969C18
P 0000000056929AE8
C 204
= 0000000056928128
R
P 0000000056969C18
C 294
R
P 0000000056969C18
P 0000000056928128
C 165
R
P 0000000056969C18
C 294
R
P 0000000056969C18
P 0000000056929AE8
C 210
R
P 0000000056969C18
C 294
R
P 0000000056969C18
P 0000000056929AE8
C 209
R
P 0000000056969C18
C 294
R
P 0000000056969C18
P 0000000056929AE8
C 9
R
P 0000000056969C18
C 294
R
P 0000000056969C18
P 00000000572591D8
P 0000000056929688
I 0
P 0000000000000000
C 249
* 0000000056928DA8 4
R
P 0000000056969C18
C 294
R
P 0000000056969C18
P 0000000056928DA8
C 207
R
P 0000000056969C18
C 294
R
P 0000000056969C18
P 0000000056928DA8
C 204
= 0000000056928128
R
P 0000000056969C18
C 294
R
P 0000000056969C18
P 0000000056928128
C 165
R
P 0000000056969C18
C 294
R
P 0000000056969C18
P 0000000056928DA8
C 210
R
P 0000000056969C18
C 294
R
P 0000000056969C18
P 0000000056928DA8
C 209
R
P 0000000056969C18
C 294
R
P 0000000056969C18
P 0000000056928DA8
C 9
R
P 0000000056969C18
C 294
R
P 0000000056969C18
P 00000000572591D8
P 00000000569296A8
I 0
P 0000000000000000
C 249
* 0000000056929B28 4
R
P 0000000056969C18
C 294
R
P 0000000056969C18
P 0000000056929B28
C 207
R
P 0000000056969C18
C 294
R
P 0000000056969C18
P 0000000056929B28
C 204
= 0000000056928128
R
P 0000000056969C18
C 294
R
P 0000000056969C18
P 0000000056928128
C 165
R
P 0000000056969C18
C 294
R
P 0000000056969C18
P 0000000056929B28
C 210
R
P 0000000056969C18
C 294
R
P 0000000056969C18
P 0000000056929B28
C 209
R
P 0000000056969C18
C 294
R
P 0000000056969C18
P 0000000056929B28
C 9
R
P 0000000056969C18
C 294
R
P 0000000056969C18
P 00000000572591D8
P 00000000569296C8
I 0
P 0000000000000000
C 249
* 0000000056929B48 4
R
P 0000000056969C18
C 294
R
P 0000000056969C18
P 0000000056929B48
C 207
R
P 0000000056969C18
C 294
R
P 0000000056969C18
P 0000000056929B48
C 204
= 0000000056928128
R
P 0000000056969C18
C 294
R
P 0000000056969C18
P 0000000056928128
C 165
R
P 0000000056969C18
C 294
R
P 0000000056969C18
P 0000000056929B48
C 210
R
P 0000000056969C18
C 294
R
P 0000000056969C18
P 0000000056929B48
C 209
R
P 0000000056969C18
C 294
R
P 0000000056969C18
P 0000000056929B48
C 9
R
P 0000000056969C18
C 294
R
P 0000000056969C18
P 00000000572591D8
P 00000000569296E8
I 0
P 0000000000000000
C 249
* 0000000056929B68 4
R
P 0000000056969C18
C 294
R
P 0000000056969C18
P 0000000056929B68
C 207
R
P 0000000056969C18
C 294
R
P 0000000056969C18
P 0000000056929B68
C 204
= 0000000056928128
R
P 0000000056969C18
C 294
R
P 0000000056969C18
P 0000000056928128
C 165
R
P 0000000056969C18
C 294
R
P 0000000056969C18
P 0000000056929B68
C 210
R
P 0000000056969C18
C 294
R
P 0000000056969C18
P 0000000056929B68
C 209
R
P 0000000056969C18
C 294
R
P 0000000056969C18
P 0000000056929B68
C 9
R
P 0000000056969C18
C 294
R
P 0000000056969C18
P 00000000572591D8
P 0000000056929708
I 0
P 0000000000000000
C 249
* 0000000056929B08 4
R
P 0000000056969C18
C 294
R
P 0000000056969C18
P 0000000056929B08
C 207
R
P 0000000056969C18
C 294
R
P 0000000056969C18
P 0000000056929B08
C 204
= 0000000056928128
R
P 0000000056969C18
C 294
R
P 0000000056969C18
P 0000000056928128
C 165
R
P 0000000056969C18
C 294
R
P 0000000056969C18
P 0000000056929B08
C 210
R
P 0000000056969C18
C 294
R
P 0000000056969C18
P 0000000056929B08
C 209
R
P 0000000056969C18
C 294
R
P 0000000056969C18
P 0000000056929B08
C 9
R
P 0000000056969C18
C 294
R
P 0000000056969C18
P 00000000572591D8
P 0000000056929728
I 0
P 0000000000000000
C 249
* 0000000056929B88 4
R
P 0000000056969C18
C 294
R
P 0000000056969C18
P 0000000056929B88
C 207
R
P 0000000056969C18
C 294
R
P 0000000056969C18
P 0000000056929B88
C 204
= 0000000056928128
R
P 0000000056969C18
C 294
R
P 0000000056969C18
P 0000000056928128
C 165
R
P 0000000056969C18
C 294
R
P 0000000056969C18
P 0000000056929B88
C 210
R
P 0000000056969C18
C 294
R
P 0000000056969C18
P 0000000056929B88
C 209
R
P 0000000056969C18
C 294
R
P 0000000056969C18
P 0000000056929B88
C 9
R
P 0000000056969C18
C 294
R
P 0000000056969C18
P 00000000572591D8
P 0000000056929748
I 0
P 0000000000000000
C 249
* 0000000056929AC8 4
R
P 0000000056969C18
C 294
R
P 0000000056969C18
P 0000000056929AC8
C 207
R
P 0000000056969C18
C 294
R
P 0000000056969C18
P 0000000056929AC8
C 204
= 0000000056928128
R
P 0000000056969C18
C 294
R
P 0000000056969C18
P 0000000056928128
C 165
R
P 0000000056969C18
C 294
R
P 0000000056969C18
P 0000000056929AC8
C 210
R
P 0000000056969C18
C 294
R
P 0000000056969C18
P 0000000056929AC8
C 209
R
P 0000000056969C18
C 294
R
P 0000000056969C18
P 0000000056929AC8
C 9
R
P 0000000056969C18
C 294
R
P 0000000056969C18
P 00000000572591D8
P 0000000056929768
I 0
P 0000000000000000
C 249
* 0000000056929B88 4
R
P 0000000056969C18
C 294
R
P 0000000056969C18
P 0000000056929B88
C 207
R
P 0000000056969C18
C 294
R
P 0000000056969C18
P 0000000056929B88
C 204
= 0000000056928128
R
P 0000000056969C18
C 294
R
P 0000000056969C18
P 0000000056928128
C 165
R
P 0000000056969C18
C 294
R
P 0000000056969C18
P 0000000056929B88
C 210
R
P 0000000056969C18
C 294
R
P 0000000056969C18
P 0000000056929B88
C 209
R
P 0000000056969C18
C 294
R
P 0000000056969C18
P 0000000056929B88
C 9
R
P 0000000056969C18
C 294
R
P 0000000056969C18
P 00000000572591D8
P 0000000056929788
I 0
P 0000000000000000
C 249
* 0000000056929B48 4
R
P 0000000056969C18
C 294
R
P 0000000056969C18
P 0000000056929B48
C 207
R
P 0000000056969C18
C 294
R
P 0000000056969C18
P 0000000056929B48
C 204
= 0000000056928128
R
P 0000000056969C18
C 294
R
P 0000000056969C18
P 0000000056928128
C 165
R
P 0000000056969C18
C 294
R
P 0000000056969C18
P 0000000056929B48
C 210
R
P 0000000056969C18
C 294
R
P 0000000056969C18
P 0000000056929B48
C 209
R
P 0000000056969C18
C 294
R
P 0000000056969C18
P 0000000056929B48
C 9
R
P 0000000056969C18
C 294
R
P 0000000056969C18
P 00000000572591D8
P 00000000569297A8
I 0
P 0000000000000000
C 249
* 0000000056929B08 4
R
P 0000000056969C18
C 294
R
P 0000000056969C18
P 0000000056929B08
C 207
R
P 0000000056969C18
C 294
R
P 0000000056969C18
P 0000000056929B08
C 204
= 0000000056928128
R
P 0000000056969C18
C 294
R
P 0000000056969C18
P 0000000056928128
C 165
R
P 0000000056969C18
C 294
R
P 0000000056969C18
P 0000000056929B08
C 210
R
P 0000000056969C18
C 294
R
P 0000000056969C18
P 0000000056929B08
C 209
R
P 0000000056969C18
C 294
R
P 0000000056969C18
P 0000000056929B08
C 9
R
P 0000000056969C18
C 294
R
P 0000000056969C18
P 00000000572591D8
P 00000000569297C8
I 0
P 0000000000000000
C 249
* 0000000056928C68 4
R
P 0000000056969C18
C 294
R
P 0000000056969C18
P 0000000056928C68
C 207
R
P 0000000056969C18
C 294
R
P 0000000056969C18
P 0000000056928C68
C 204
= 0000000056928128
R
P 0000000056969C18
C 294
R
P 0000000056969C18
P 0000000056928128
C 165
R
P 0000000056969C18
C 294
R
P 0000000056969C18
P 0000000056928C68
C 210
R
P 0000000056969C18
C 294
R
P 0000000056969C18
P 0000000056928C68
C 209
R
P 0000000056969C18
C 294
R
P 0000000056969C18
P 0000000056928C68
C 9
R
P 0000000056969C18
C 294
R
P 0000000056969C18
P 00000000572591D8
P 00000000569297E8
I 0
P 0000000000000000
C 249
* 0000000056929AE8 4
R
P 0000000056969C18
C 294
R
P 0000000056969C18
P 0000000056929AE8
C 207
R
P 0000000056969C18
C 294
R
P 0000000056969C18
P 0000000056929AE8
C 204
= 0000000056928128
R
P 0000000056969C18
C 294
R
P 0000000056969C18
P 0000000056928128
C 165
R
P 0000000056969C18
C 294
R
P 0000000056969C18
P 0000000056929AE8
C 210
R
P 0000000056969C18
C 294
R
P 0000000056969C18
P 0000000056929AE8
C 209
R
P 0000000056969C18
C 294
R
P 0000000056969C18
P 0000000056929AE8
C 9
R
P 0000000056969C18
C 294
R
P 0000000056969C18
P 00000000572591D8
P 0000000056929808
I 0
P 0000000000000000
C 249
* 0000000056929B68 4
R
P 0000000056969C18
C 294
R
P 0000000056969C18
P 0000000056929B68
C 207
R
P 0000000056969C18
C 294
R
P 0000000056969C18
P 0000000056929B68
C 204
= 0000000056928128
R
P 0000000056969C18
C 294
R
P 0000000056969C18
P 0000000056928128
C 165
R
P 0000000056969C18
C 294
R
P 0000000056969C18
P 0000000056929B68
C 210
R
P 0000000056969C18
C 294
R
P 0000000056969C18
P 0000000056929B68
C 209
R
P 0000000056969C18
C 294
R
P 0000000056969C18
P 0000000056929B68
C 9
R
P 0000000056969C18
C 294
R
P 0000000056969C18
P 00000000572591D8
P 0000000056929828
I 0
P 0000000000000000
C 249
* 0000000056929B28 4
R
P 0000000056969C18
C 294
R
P 0000000056969C18
P 0000000056929B28
C 207
R
P 0000000056969C18
C 294
R
P 0000000056969C18
P 0000000056929B28
C 204
= 0000000056928128
R
P 0000000056969C18
C 294
R
P 0000000056969C18
P 0000000056928128
C 165
R
P 0000000056969C18
C 294
R
P 0000000056969C18
P 0000000056929B28
C 210
R
P 0000000056969C18
C 294
R
P 0000000056969C18
P 0000000056929B28
C 209
R
P 0000000056969C18
C 294
R
P 0000000056969C18
P 0000000056929B28
C 9
R
P 0000000056969C18
C 294
R
P 0000000056969C18
P 00000000572591D8
P 0000000056929848
I 0
P 0000000000000000
C 249
* 0000000056928DA8 4
R
P 0000000056969C18
C 294
R
P 0000000056969C18
P 0000000056928DA8
C 207
R
P 0000000056969C18
C 294
R
P 0000000056969C18
P 0000000056928DA8
C 204
= 0000000056928128
R
P 0000000056969C18
C 294
R
P 0000000056969C18
P 0000000056928128
C 165
R
P 0000000056969C18
C 294
R
P 0000000056969C18
P 0000000056928DA8
C 210
R
P 0000000056969C18
C 294
R
P 0000000056969C18
P 0000000056928DA8
C 209
R
P 0000000056969C18
C 294
R
P 0000000056969C18
P 0000000056928DA8
C 9
R
P 0000000056969C18
C 294
R
P 0000000056969C18
P 00000000572591D8
P 0000000056929868
I 0
P 0000000000000000
C 249
* 0000000056929AC8 4
R
P 0000000056969C18
C 294
R
P 0000000056969C18
P 0000000056929AC8
C 207
R
P 0000000056969C18
C 294
R
P 0000000056969C18
P 0000000056929AC8
C 204
= 0000000056928128
R
P 0000000056969C18
C 294
R
P 0000000056969C18
P 0000000056928128
C 165
R
P 0000000056969C18
C 294
R
P 0000000056969C18
P 0000000056929AC8
C 210
R
P 0000000056969C18
C 294
R
P 0000000056969C18
P 0000000056929AC8
C 209
R
P 0000000056969C18
C 294
R
P 0000000056969C18
P 0000000056929AC8
C 9
R
P 0000000056969C18
C 294
R
P 0000000056969C18
P 00000000572591D8
P 0000000056929888
I 0
P 0000000000000000
C 249
* 0000000056929AC8 4
R
P 0000000056969C18
C 294
R
P 0000000056969C18
P 0000000056929AC8
C 207
R
P 0000000056969C18
C 294
R
P 0000000056969C18
P 0000000056929AC8
C 204
= 0000000056928128
R
P 0000000056969C18
C 294
R
P 0000000056969C18
P 0000000056928128
C 165
R
P 0000000056969C18
C 294
R
P 0000000056969C18
P 0000000056929AC8
C 210
R
P 0000000056969C18
C 294
R
P 0000000056969C18
P 0000000056929AC8
C 209
R
P 0000000056969C18
C 294
R
P 0000000056969C18
P 0000000056929AC8
C 9
R
P 0000000056969C18
C 294
R
P 0000000056969C18
P 00000000572591D8
P 00000000569298A8
I 0
P 0000000000000000
C 249
* 0000000056928DA8 4
R
P 0000000056969C18
C 294
R
P 0000000056969C18
P 0000000056928DA8
C 207
R
P 0000000056969C18
C 294
R
P 0000000056969C18
P 0000000056928DA8
C 204
= 0000000056928128
R
P 0000000056969C18
C 294
R
P 0000000056969C18
P 0000000056928128
C 165
R
P 0000000056969C18
C 294
R
P 0000000056969C18
P 0000000056928DA8
C 210
R
P 0000000056969C18
C 294
R
P 0000000056969C18
P 0000000056928DA8
C 209
R
P 0000000056969C18
C 294
R
P 0000000056969C18
P 0000000056928DA8
C 9
R
P 0000000056969C18
C 294
R
P 0000000056969C18
P 00000000572591D8
P 00000000569298C8
I 0
P 0000000000000000
C 249
* 0000000056929B68 4
R
P 0000000056969C18
C 294
R
P 0000000056969C18
P 0000000056929B68
C 207
R
P 0000000056969C18
C 294
R
P 0000000056969C18
P 0000000056929B68
C 204
= 0000000056928128
R
P 0000000056969C18
C 294
R
P 0000000056969C18
P 0000000056928128
C 165
R
P 0000000056969C18
C 294
R
P 0000000056969C18
P 0000000056929B68
C 210
R
P 0000000056969C18
C 294
R
P 0000000056969C18
P 0000000056929B68
C 209
R
P 0000000056969C18
C 294
R
P 0000000056969C18
P 0000000056929B68
C 9
R
P 0000000056969C18
C 294
R
P 0000000056969C18
P 00000000572591D8
P 00000000569298E8
I 0
P 0000000000000000
C 249
* 0000000056929B08 4
R
P 0000000056969C18
C 294
R
P 0000000056969C18
P 0000000056929B08
C 207
R
P 0000000056969C18
C 294
R
P 0000000056969C18
P 0000000056929B08
C 204
= 0000000056928128
R
P 0000000056969C18
C 294
R
P 0000000056969C18
P 0000000056928128
C 165
R
P 0000000056969C18
C 294
R
P 0000000056969C18
P 0000000056929B08
C 210
R
P 0000000056969C18
C 294
R
P 0000000056969C18
P 0000000056929B08
C 209
R
P 0000000056969C18
C 294
R
P 0000000056969C18
P 0000000056929B08
C 9
R
P 0000000056969C18
C 294
R
P 0000000056969C18
P 00000000572591D8
P 0000000056929908
I 0
P 0000000000000000
C 249
* 0000000056929B88 4
R
P 0000000056969C18
C 294
R
P 0000000056969C18
P 0000000056929B88
C 207
R
P 0000000056969C18
C 294
R
P 0000000056969C18
P 0000000056929B88
C 204
= 0000000056928128
R
P 0000000056969C18
C 294
R
P 0000000056969C18
P 0000000056928128
C 165
R
P 0000000056969C18
C 294
R
P 0000000056969C18
P 0000000056929B88
C 210
R
P 0000000056969C18
C 294
R
P 0000000056969C18
P 0000000056929B88
C 209
R
P 0000000056969C18
C 294
R
P 0000000056969C18
P 0000000056929B88
C 9
R
P 0000000056969C18
C 294
R
P 0000000056969C18
P 00000000572591D8
P 0000000056929928
I 0
P 0000000000000000
C 249
* 0000000056929B28 4
R
P 0000000056969C18
C 294
R
P 0000000056969C18
P 0000000056929B28
C 207
R
P 0000000056969C18
C 294
R
P 0000000056969C18
P 0000000056929B28
C 204
= 0000000056928128
R
P 0000000056969C18
C 294
R
P 0000000056969C18
P 0000000056928128
C 165
R
P 0000000056969C18
C 294
R
P 0000000056969C18
P 0000000056929B28
C 210
R
P 0000000056969C18
C 294
R
P 0000000056969C18
P 0000000056929B28
C 209
R
P 0000000056969C18
C 294
R
P 0000000056969C18
P 0000000056929B28
C 9
R
P 0000000056969C18
C 294
R
P 0000000056969C18
P 00000000572591D8
P 0000000056929948
I 0
P 0000000000000000
C 249
* 0000000056929B48 4
R
P 0000000056969C18
C 294
R
P 0000000056969C18
P 0000000056929B48
C 207
R
P 0000000056969C18
C 294
R
P 0000000056969C18
P 0000000056929B48
C 204
= 0000000056928128
R
P 0000000056969C18
C 294
R
P 0000000056969C18
P 0000000056928128
C 165
R
P 0000000056969C18
C 294
R
P 0000000056969C18
P 0000000056929B48
C 210
R
P 0000000056969C18
C 294
R
P 0000000056969C18
P 0000000056929B48
C 209
R
P 0000000056969C18
C 294
R
P 0000000056969C18
P 0000000056929B48
C 9
R
P 0000000056969C18
C 294
R
P 0000000056969C18
P 00000000572591D8
P 0000000056929968
I 0
P 0000000000000000
C 249
* 0000000056929AE8 4
R
P 0000000056969C18
C 294
R
P 0000000056969C18
P 0000000056929AE8
C 207
R
P 0000000056969C18
C 294
R
P 0000000056969C18
P 0000000056929AE8
C 204
= 0000000056928128
R
P 0000000056969C18
C 294
R
P 0000000056969C18
P 0000000056928128
C 165
R
P 0000000056969C18
C 294
R
P 0000000056969C18
P 0000000056929AE8
C 210
R
P 0000000056969C18
C 294
R
P 0000000056969C18
P 0000000056929AE8
C 209
R
P 0000000056969C18
C 294
R
P 0000000056969C18
P 0000000056929AE8
C 9
R
P 0000000056969C18
C 294
R
P 0000000056969C18
P 00000000572591D8
P 0000000056929988
I 0
P 0000000000000000
C 249
* 0000000056928C68 4
R
P 0000000056969C18
C 294
R
P 0000000056969C18
P 0000000056928C68
C 207
R
P 0000000056969C18
C 294
R
P 0000000056969C18
P 0000000056928C68
C 204
= 0000000056928128
R
P 0000000056969C18
C 294
R
P 0000000056969C18
P 0000000056928128
C 165
R
P 0000000056969C18
C 294
R
P 0000000056969C18
P 0000000056928C68
C 210
R
P 0000000056969C18
C 294
R
P 0000000056969C18
P 0000000056928C68
C 209
R
P 0000000056969C18
C 294
R
P 0000000056969C18
P 0000000056928C68
C 9
R
P 0000000056969C18
C 294
R
P 0000000056969C18
P 00000000572591D8
P 00000000569299A8
I 0
P 0000000000000000
C 249
* 0000000056928C68 4
R
P 0000000056969C18
C 294
R
P 0000000056969C18
P 0000000056928C68
C 207
R
P 0000000056969C18
C 294
R
P 0000000056969C18
P 0000000056928C68
C 204
= 0000000056928128
R
P 0000000056969C18
C 294
R
P 0000000056969C18
P 0000000056928128
C 165
R
P 0000000056969C18
C 294
R
P 0000000056969C18
P 0000000056928C68
C 210
R
P 0000000056969C18
C 294
R
P 0000000056969C18
P 0000000056928C68
C 209
R
P 0000000056969C18
C 294
R
P 0000000056969C18
P 0000000056928C68
C 9
R
P 0000000056969C18
C 294
R
P 0000000056969C18
P 00000000572591D8
P 00000000569299C8
I 0
P 0000000000000000
C 249
* 0000000056929AE8 4
R
P 0000000056969C18
C 294
R
P 0000000056969C18
P 0000000056929AE8
C 207
R
P 0000000056969C18
C 294
R
P 0000000056969C18
P 0000000056929AE8
C 204
= 0000000056928128
R
P 0000000056969C18
C 294
R
P 0000000056969C18
P 0000000056928128
C 165
R
P 0000000056969C18
C 294
R
P 0000000056969C18
P 0000000056929AE8
C 210
R
P 0000000056969C18
C 294
R
P 0000000056969C18
P 0000000056929AE8
C 209
R
P 0000000056969C18
C 294
R
P 0000000056969C18
P 0000000056929AE8
C 9
R
P 0000000056969C18
C 294
R
P 0000000056969C18
P 00000000572591D8
P 00000000569299E8
I 0
P 0000000000000000
C 249
* 0000000056929B28 4
R
P 0000000056969C18
C 294
R
P 0000000056969C18
P 0000000056929B28
C 207
R
P 0000000056969C18
C 294
R
P 0000000056969C18
P 0000000056929B28
C 204
= 0000000056928128
R
P 0000000056969C18
C 294
R
P 0000000056969C18
P 0000000056928128
C 165
R
P 0000000056969C18
C 294
R
P 0000000056969C18
P 0000000056929B28
C 210
R
P 0000000056969C18
C 294
R
P 0000000056969C18
P 0000000056929B28
C 209
R
P 0000000056969C18
C 294
R
P 0000000056969C18
P 0000000056929B28
C 9
R
P 0000000056969C18
C 294
R
P 0000000056969C18
P 00000000572591D8
P 0000000056929A08
I 0
P 0000000000000000
C 249
* 0000000056929AC8 4
R
P 0000000056969C18
C 294
R
P 0000000056969C18
P 0000000056929AC8
C 207
R
P 0000000056969C18
C 294
R
P 0000000056969C18
P 0000000056929AC8
C 204
= 0000000056928128
R
P 0000000056969C18
C 294
R
P 0000000056969C18
P 0000000056928128
C 165
R
P 0000000056969C18
C 294
R
P 0000000056969C18
P 0000000056929AC8
C 210
R
P 0000000056969C18
C 294
R
P 0000000056969C18
P 0000000056929AC8
C 209
R
P 0000000056969C18
C 294
R
P 0000000056969C18
P 0000000056929AC8
C 9
R
P 0000000056969C18
C 294
R
P 0000000056969C18
P 00000000572591D8
P 0000000056929A28
I 0
P 0000000000000000
C 249
* 0000000056929B48 4
R
P 0000000056969C18
C 294
R
P 0000000056969C18
P 0000000056929B48
C 207
R
P 0000000056969C18
C 294
R
P 0000000056969C18
P 0000000056929B48
C 204
= 0000000056928128
R
P 0000000056969C18
C 294
R
P 0000000056969C18
P 0000000056928128
C 165
R
P 0000000056969C18
C 294
R
P 0000000056969C18
P 0000000056929B48
C 210
R
P 0000000056969C18
C 294
R
P 0000000056969C18
P 0000000056929B48
C 209
R
P 0000000056969C18
C 294
R
P 0000000056969C18
P 0000000056929B48
C 9
R
P 0000000056969C18
C 294
R
P 0000000056969C18
P 00000000572591D8
P 0000000056929A48
I 0
P 0000000000000000
C 249
* 0000000056928DA8 4
R
P 0000000056969C18
C 294
R
P 0000000056969C18
P 0000000056928DA8
C 207
R
P 0000000056969C18
C 294
R
P 0000000056969C18
P 0000000056928DA8
C 204
= 0000000056928128
R
P 0000000056969C18
C 294
R
P 0000000056969C18
P 0000000056928128
C 165
R
P 0000000056969C18
C 294
R
P 0000000056969C18
P 0000000056928DA8
C 210
R
P 0000000056969C18
C 294
R
P 0000000056969C18
P 0000000056928DA8
C 209
R
P 0000000056969C18
C 294
R
P 0000000056969C18
P 0000000056928DA8
C 9
R
P 0000000056969C18
C 294
R
P 0000000056969C18
P 00000000572591D8
P 0000000056929A68
I 0
P 0000000000000000
C 249
* 0000000056929B68 4
R
P 0000000056969C18
C 294
R
P 0000000056969C18
P 0000000056929B68
C 207
R
P 0000000056969C18
C 294
R
P 0000000056969C18
P 0000000056929B68
C 204
= 0000000056928128
R
P 0000000056969C18
C 294
R
P 0000000056969C18
P 0000000056928128
C 165
R
P 0000000056969C18
C 294
R
P 0000000056969C18
P 0000000056929B68
C 210
R
P 0000000056969C18
C 294
R
P 0000000056969C18
P 0000000056929B68
C 209
R
P 0000000056969C18
C 294
R
P 0000000056969C18
P 0000000056929B68
C 9
R
P 0000000056969C18
C 294
R
P 0000000056969C18
P 00000000572591D8
P 0000000056929A88
I 0
P 0000000000000000
C 249
* 0000000056929B08 4
R
P 0000000056969C18
C 294
R
P 0000000056969C18
P 0000000056929B08
C 207
R
P 0000000056969C18
C 294
R
P 0000000056969C18
P 0000000056929B08
C 204
= 0000000056928128
R
P 0000000056969C18
C 294
R
P 0000000056969C18
P 0000000056928128
C 165
R
P 0000000056969C18
C 294
R
P 0000000056969C18
P 0000000056929B08
C 210
R
P 0000000056969C18
C 294
R
P 0000000056969C18
P 0000000056929B08
C 209
R
P 0000000056969C18
C 294
R
P 0000000056969C18
P 0000000056929B08
C 9
R
P 0000000056969C18
C 294
R
P 0000000056969C18
P 00000000572591D8
P 0000000056929AA8
I 0
P 0000000000000000
C 249
* 0000000056929B88 4
R
P 0000000056969C18
C 294
R
P 0000000056969C18
P 0000000056929B88
C 207
R
P 0000000056969C18
C 294
R
P 0000000056969C18
P 0000000056929B88
C 204
= 0000000056928128
R
P 0000000056969C18
C 294
R
P 0000000056969C18
P 0000000056928128
C 165
R
P 0000000056969C18
C 294
R
P 0000000056969C18
P 0000000056929B88
C 210
R
P 0000000056969C18
C 294
R
P 0000000056969C18
P 0000000056929B88
C 209
R
P 0000000056969C18
C 294
R
P 0000000056969C18
P 0000000056929B88
C 9
R
P 0000000056969C18
C 294
R
P 0000000056969C18
P 0000000056929B28
C 213
R
P 0000000056969C18
C 294
R
P 0000000056969C18
P 0000000056929B48
C 213
R
P 0000000056969C18
C 294
R
P 0000000056969C18
P 0000000056929B88
C 213
R
P 0000000056969C18
C 294
R
P 0000000056969C18
P 0000000056928DA8
C 213
R
P 0000000056969C18
C 294
R
P 0000000056969C18
P 0000000056929AC8
C 213
R
P 0000000056969C18
C 294
R
P 0000000056969C18
P 0000000056929AE8
C 213
R
P 0000000056969C18
C 294
R
P 0000000056969C18
P 0000000056929B68
C 213
R
P 0000000056969C18
C 294
R
P 0000000056969C18
P 0000000056929B08
C 213
R
P 0000000056969C18
C 294
R
P 0000000056969C18
P 0000000056928C68
C 213
R
P 0000000056969C18
C 294
R
P 0000000056969C18
P 0000000056929AE8
C 213
R
P 0000000056969C18
C 294
R
P 0000000056969C18
P 0000000056928DA8
C 213
R
P 0000000056969C18
C 294
R
P 0000000056969C18
P 0000000056929B08
C 213
R
P 0000000056969C18
C 294
R
P 0000000056969C18
P 0000000056929B28
C 213
R
P 0000000056969C18
C 294
R
P 0000000056969C18
P 0000000056928C68
C 213
R
P 0000000056969C18
C 294
R
P 0000000056969C18
P 0000000056929B68
C 213
R
P 0000000056969C18
C 294
R
P 0000000056969C18
P 0000000056929B88
C 213
R
P 0000000056969C18
C 294
R
P 0000000056969C18
P 0000000056929AC8
C 213
R
P 0000000056969C18
C 294
R
P 0000000056969C18
P 0000000056929B48
C 213
R
P 0000000056969C18
C 294
R
P 0000000056969C18
P 0000000056928C68
C 213
R
P 0000000056969C18
C 294
R
P 0000000056969C18
P 0000000056929B68
C 213
R
P 0000000056969C18
C 294
R
P 0000000056969C18
P 0000000056929AC8
C 213
R
P 0000000056969C18
C 294
R
P 0000000056969C18
P 0000000056929B08
C 213
R
P 0000000056969C18
C 294
R
P 0000000056969C18
P 0000000056929B88
C 213
R
P 0000000056969C18
C 294
R
P 0000000056969C18
P 0000000056929B48
C 213
R
P 0000000056969C18
C 294
R
P 0000000056969C18
P 0000000056928DA8
C 213
R
P 0000000056969C18
C 294
R
P 0000000056969C18
P 0000000056929AE8
C 213
R
P 0000000056969C18
C 294
R
P 0000000056969C18
P 0000000056929B28
C 213
R
P 0000000056969C18
C 294
R
P 0000000056969C18
P 0000000056929B28
C 213
R
P 0000000056969C18
C 294
R
P 0000000056969C18
P 0000000056929AC8
C 213
R
P 0000000056969C18
C 294
R
P 0000000056969C18
P 0000000056929B48
C 213
R
P 0000000056969C18
C 294
R
P 0000000056969C18
P 0000000056929AE8
C 213
R
P 0000000056969C18
C 294
R
P 0000000056969C18
P 0000000056929B88
C 213
R
P 0000000056969C18
C 294
R
P 0000000056969C18
P 0000000056929B08
C 213
R
P 0000000056969C18
C 294
R
P 0000000056969C18
P 0000000056928DA8
C 213
R
P 0000000056969C18
C 294
R
P 0000000056969C18
P 0000000056928C68
C 213
R
P 0000000056969C18
C 294
R
P 0000000056969C18
P 0000000056929B68
C 213
R
P 0000000056969C18
C 294
R
P 0000000056969C18
P 0000000056929B68
C 213
R
P 0000000056969C18
C 294
R
P 0000000056969C18
P 0000000056929B88
C 213
R
P 0000000056969C18
C 294
R
P 0000000056969C18
P 0000000056929B08
C 213
R
P 0000000056969C18
C 294
R
P 0000000056969C18
P 0000000056928DA8
C 213
R
P 0000000056969C18
C 294
R
P 0000000056969C18
P 0000000056929AC8
C 213
R
P 0000000056969C18
C 294
R
P 0000000056969C18
P 0000000056928C68
C 213
R
P 0000000056969C18
C 294
R
P 0000000056969C18
P 0000000056929AE8
C 213
R
P 0000000056969C18
C 294
R
P 0000000056969C18
P 0000000056929B28
C 213
R
P 0000000056969C18
C 294
R
P 0000000056969C18
P 0000000056929B48
C 213
R
P 0000000056969C18
C 294
R
P 0000000056969C18
P 0000000056928C68
C 213
R
P 0000000056969C18
C 294
R
P 0000000056969C18
P 0000000056929AE8
C 213
R
P 0000000056969C18
C 294
R
P 0000000056969C18
P 0000000056928DA8
C 213
R
P 0000000056969C18
C 294
R
P 0000000056969C18
P 0000000056929B28
C 213
R
P 0000000056969C18
C 294
R
P 0000000056969C18
P 0000000056929B48
C 213
R
P 0000000056969C18
C 294
R
P 0000000056969C18
P 0000000056929B68
C 213
R
P 0000000056969C18
C 294
R
P 0000000056969C18
P 0000000056929B08
C 213
R
P 0000000056969C18
C 294
R
P 0000000056969C18
P 0000000056929B88
C 213
R
P 0000000056969C18
C 294
R
P 0000000056969C18
P 0000000056929AC8
C 213
R
P 0000000056969C18
C 294
R
P 0000000056969C18
P 0000000056929B88
C 213
R
P 0000000056969C18
C 294
R
P 0000000056969C18
P 0000000056929B48
C 213
R
P 0000000056969C18
C 294
R
P 0000000056969C18
P 0000000056929B08
C 213
R
P 0000000056969C18
C 294
R
P 0000000056969C18
P 0000000056928C68
C 213
R
P 0000000056969C18
C 294
R
P 0000000056969C18
P 0000000056929AE8
C 213
R
P 0000000056969C18
C 294
R
P 0000000056969C18
P 0000000056929B68
C 213
R
P 0000000056969C18
C 294
R
P 0000000056969C18
P 0000000056929B28
C 213
R
P 0000000056969C18
C 294
R
P 0000000056969C18
P 0000000056928DA8
C 213
R
P 0000000056969C18
C 294
R
P 0000000056969C18
P 0000000056929AC8
C 213
R
P 0000000056969C18
C 294
R
P 0000000056969C18
P 0000000056929AC8
C 213
R
P 0000000056969C18
C 294
R
P 0000000056969C18
P 0000000056928DA8
C 213
R
P 0000000056969C18
C 294
R
P 0000000056969C18
P 0000000056929B68
C 213
R
P 0000000056969C18
C 294
R
P 0000000056969C18
P 0000000056929B08
C 213
R
P 0000000056969C18
C 294
R
P 0000000056969C18
P 0000000056929B88
C 213
R
P 0000000056969C18
C 294
R
P 0000000056969C18
P 0000000056929B28
C 213
R
P 0000000056969C18
C 294
R
P 0000000056969C18
P 0000000056929B48
C 213
R
P 0000000056969C18
C 294
R
P 0000000056969C18
P 0000000056929AE8
C 213
R
P 0000000056969C18
C 294
R
P 0000000056969C18
P 0000000056928C68
C 213
R
P 0000000056969C18
C 294
R
P 0000000056969C18
P 0000000056928C68
C 213
R
P 0000000056969C18
C 294
R
P 0000000056969C18
P 0000000056929AE8
C 213
R
P 0000000056969C18
C 294
R
P 0000000056969C18
P 0000000056929B28
C 213
R
P 0000000056969C18
C 294
R
P 0000000056969C18
P 0000000056929AC8
C 213
R
P 0000000056969C18
C 294
R
P 0000000056969C18
P 0000000056929B48
C 213
R
P 0000000056969C18
C 294
R
P 0000000056969C18
P 0000000056928DA8
C 213
R
P 0000000056969C18
C 294
R
P 0000000056969C18
P 0000000056929B68
C 213
R
P 0000000056969C18
C 294
R
P 0000000056969C18
P 0000000056929B08
C 213
R
P 0000000056969C18
C 294
R
P 0000000056969C18
P 0000000056929B88
C 213
R
P 0000000056969C18
C 294
M "QuantifierExample"
R
P 0000000056969C18
S "x_0"
C 29
R
P 0000000056969C18
C 294
R
P 0000000056969C18
$ |x_0|
P 0000000056928128
C 49
= 0000000056929BA8
R
P 0000000056969C18
C 294
R
P 0000000056969C18
P 0000000056929BA8
C 207
R
P 0000000056969C18
C 294
R
P 0000000056969C18
P 0000000056929BA8
C 204
= 0000000056928128
R
P 0000000056969C18
C 294
R
P 0000000056969C18
P 0000000056928128
C 165
R
P 0000000056969C18
C 294
R
P 0000000056969C18
P 0000000056929BA8
C 210
R
P 0000000056969C18
C 294
R
P 0000000056969C18
P 0000000056929BA8
C 209
R
P 0000000056969C18
C 294
R
P 0000000056969C18
P 0000000056929BA8
C 9
R
P 0000000056969C18
C 294
R
P 0000000056969C18
U 2
P 0000000056928128
C 149
= 0000000056929BC8
R
P 0000000056969C18
C 294
R
P 0000000056969C18
P 0000000056929BC8
C 207
R
P 0000000056969C18
C 294
R
P 0000000056969C18
P 0000000056929BC8
C 204
= 0000000056928128
R
P 0000000056969C18
C 294
R
P 0000000056969C18
P 0000000056928128
C 165
R
P 0000000056969C18
C 294
R
P 0000000056969C18
P 0000000056929BC8
C 210
R
P 0000000056969C18
C 294
R
P 0000000056969C18
P 0000000056929BC8
C 209
R
P 0000000056969C18
C 294
R
P 0000000056969C18
P 0000000056929BC8
C 9
R
P 0000000056969C18
C 294
R
P 0000000056969C18
S "x_1"
C 29
R
P 0000000056969C18
C 294
R
P 0000000056969C18
$ |x_1|
P 0000000056928128
C 49
= 0000000056929BE8
R
P 0000000056969C18
C 294
R
P 0000000056969C18
P 0000000056929BE8
C 207
R
P 0000000056969C18
C 294
R
P 0000000056969C18
P 0000000056929BE8
C 204
= 0000000056928128
R
P 0000000056969C18
C 294
R
P 0000000056969C18
P 0000000056928128
C 165
R
P 0000000056969C18
C 294
R
P 0000000056969C18
P 0000000056929BE8
C 210
R
P 0000000056969C18
C 294
R
P 0000000056969C18
P 0000000056929BE8
C 209
R
P 0000000056969C18
C 294
R
P 0000000056969C18
P 0000000056929BE8
C 9
R
P 0000000056969C18
C 294
R
P 0000000056969C18
U 1
P 0000000056928128
C 149
= 0000000056929C08
R
P 0000000056969C18
C 294
R
P 0000000056969C18
P 0000000056929C08
C 207
R
P 0000000056969C18
C 294
R
P 0000000056969C18
P 0000000056929C08
C 204
= 0000000056928128
R
P 0000000056969C18
C 294
R
P 0000000056969C18
P 0000000056928128
C 165
R
P 0000000056969C18
C 294
R
P 0000000056969C18
P 0000000056929C08
C 210
R
P 0000000056969C18
C 294
R
P 0000000056969C18
P 0000000056929C08
C 209
R
P 0000000056969C18
C 294
R
P 0000000056969C18
P 0000000056929C08
C 9
R
P 0000000056969C18
C 294
R
P 0000000056969C18
S "x_2"
C 29
R
P 0000000056969C18
C 294
R
P 0000000056969C18
$ |x_2|
P 0000000056928128
C 49
= 0000000056929C28
R
P 0000000056969C18
C 294
R
P 0000000056969C18
P 0000000056929C28
C 207
R
P 0000000056969C18
C 294
R
P 0000000056969C18
P 0000000056929C28
C 204
= 0000000056928128
R
P 0000000056969C18
C 294
R
P 0000000056969C18
P 0000000056928128
C 165
R
P 0000000056969C18
C 294
R
P 0000000056969C18
P 0000000056929C28
C 210
R
P 0000000056969C18
C 294
R
P 0000000056969C18
P 0000000056929C28
C 209
R
P 0000000056969C18
C 294
R
P 0000000056969C18
P 0000000056929C28
C 9
R
P 0000000056969C18
C 294
R
P 0000000056969C18
U 0
P 0000000056928128
C 149
= 0000000056929C48
R
P 0000000056969C18
C 294
R
P 0000000056969C18
P 0000000056929C48
C 207
R
P 0000000056969C18
C 294
R
P 0000000056969C18
P 0000000056929C48
C 204
= 0000000056928128
R
P 0000000056969C18
C 294
R
P 0000000056969C18
P 0000000056928128
C 165
R
P 0000000056969C18
C 294
R
P 0000000056969C18
P 0000000056929C48
C 210
R
P 0000000056969C18
C 294
R
P 0000000056969C18
P 0000000056929C48
C 209
R
P 0000000056969C18
C 294
R
P 0000000056969C18
P 0000000056929C48
C 9
R
P 0000000056969C18
C 294
R
P 0000000056969C18
I 1
P 0000000056928128
C 144
= 0000000056928C68
R
P 0000000056969C18
C 294
R
P 0000000056969C18
P 0000000056928C68
C 9
R
P 0000000056969C18
C 294
R
P 0000000056969C18
U 2
P 0000000056929BC8
P 0000000056928C68
p 2
C 63
= 0000000057293AD0
R
P 0000000056969C18
C 294
R
P 0000000056969C18
P 0000000057293AD0
C 207
R
P 0000000056969C18
C 294
R
P 0000000056969C18
P 0000000057293AD0
C 204
= 0000000056928128
R
P 0000000056969C18
C 294
R
P 0000000056969C18
P 0000000056928128
C 165
R
P 0000000056969C18
C 294
R
P 0000000056969C18
P 0000000057293AD0
C 210
R
P 0000000056969C18
C 294
R
P 0000000056969C18
P 0000000057293AD0
C 209
R
P 0000000056969C18
C 294
R
P 0000000056969C18
P 0000000057293AD0
C 9
R
P 0000000056969C18
C 294
R
P 0000000056969C18
I 2
P 0000000056928128
C 144
= 0000000056928DA8
R
P 0000000056969C18
C 294
R
P 0000000056969C18
P 0000000056928DA8
C 9
R
P 0000000056969C18
C 294
R
P 0000000056969C18
P 0000000057293AD0
P 0000000056928DA8
C 54
= 000000005759C970
R
P 0000000056969C18
C 294
R
P 0000000056969C18
P 000000005759C970
C 9
R
P 0000000056969C18
C 294
R
P 0000000056969C18
I 2
P 0000000056928128
C 144
= 0000000056928DA8
R
P 0000000056969C18
C 294
R
P 0000000056969C18
P 0000000056928DA8
C 9
R
P 0000000056969C18
C 294
R
P 0000000056969C18
U 2
P 0000000056929C08
P 0000000056928DA8
p 2
C 63
= 0000000057465760
R
P 0000000056969C18
C 294
R
P 0000000056969C18
P 0000000057465760
C 207
R
P 0000000056969C18
C 294
R
P 0000000056969C18
P 0000000057465760
C 204
= 0000000056928128
R
P 0000000056969C18
C 294
R
P 0000000056969C18
P 0000000056928128
C 165
R
P 0000000056969C18
C 294
R
P 0000000056969C18
P 0000000057465760
C 210
R
P 0000000056969C18
C 294
R
P 0000000056969C18
P 0000000057465760
C 209
R
P 0000000056969C18
C 294
R
P 0000000056969C18
P 0000000057465760
C 9
R
P 0000000056969C18
C 294
R
P 0000000056969C18
I 3
P 0000000056928128
C 144
= 0000000056929B08
R
P 0000000056969C18
C 294
R
P 0000000056969C18
P 0000000056929B08
C 9
R
P 0000000056969C18
C 294
R
P 0000000056969C18
U 2
P 0000000056929C48
P 0000000056929B08
p 2
C 63
= 0000000057293A98
R
P 0000000056969C18
C 294
R
P 0000000056969C18
P 0000000057293A98
C 207
R
P 0000000056969C18
C 294
R
P 0000000056969C18
P 0000000057293A98
C 204
= 0000000056928128
R
P 0000000056969C18
C 294
R
P 0000000056969C18
P 0000000056928128
C 165
R
P 0000000056969C18
C 294
R
P 0000000056969C18
P 0000000057293A98
C 210
R
P 0000000056969C18
C 294
R
P 0000000056969C18
P 0000000057293A98
C 209
R
P 0000000056969C18
C 294
R
P 0000000056969C18
P 0000000057293A98
C 9
R
P 0000000056969C18
C 294
R
P 0000000056969C18
P 0000000057465760
P 0000000057293A98
C 54
= 000000005759C938
R
P 0000000056969C18
C 294
R
P 0000000056969C18
P 000000005759C938
C 9
R
P 0000000056969C18
C 294
R
P 0000000056969C18
U 2
P 000000005759C970
P 000000005759C938
p 2
C 61
= 0000000057465728
R
P 0000000056969C18
C 294
R
P 0000000056969C18
P 0000000057465728
C 9
R
P 0000000056969C18
C 294
R
P 0000000056969C18
I 1
P 0000000056928128
C 144
= 0000000056928C68
R
P 0000000056969C18
C 294
R
P 0000000056969C18
P 0000000056928C68
C 9
R
P 0000000056969C18
C 294
R
P 0000000056969C18
U 2
P 0000000056929BA8
P 0000000056928C68
p 2
C 63
= 0000000057293A60
R
P 0000000056969C18
C 294
R
P 0000000056969C18
P 0000000057293A60
C 207
R
P 0000000056969C18
C 294
R
P 0000000056969C18
P 0000000057293A60
C 204
= 0000000056928128
R
P 0000000056969C18
C 294
R
P 0000000056969C18
P 0000000056928128
C 165
R
P 0000000056969C18
C 294
R
P 0000000056969C18
P 0000000057293A60
C 210
R
P 0000000056969C18
C 294
R
P 0000000056969C18
P 0000000057293A60
C 209
R
P 0000000056969C18
C 294
R
P 0000000056969C18
P 0000000057293A60
C 9
R
P 0000000056969C18
C 294
R
P 0000000056969C18
I 2
P 0000000056928128
C 144
= 0000000056928DA8
R
P 0000000056969C18
C 294
R
P 0000000056969C18
P 0000000056928DA8
C 9
R
P 0000000056969C18
C 294
R
P 0000000056969C18
P 0000000057293A60
P 0000000056928DA8
C 54
= 000000005759C8C8
R
P 0000000056969C18
C 294
R
P 0000000056969C18
P 000000005759C8C8
C 9
R
P 0000000056969C18
C 294
R
P 0000000056969C18
I 2
P 0000000056928128
C 144
= 0000000056928DA8
R
P 0000000056969C18
C 294
R
P 0000000056969C18
P 0000000056928DA8
C 9
R
P 0000000056969C18
C 294
R
P 0000000056969C18
U 2
P 0000000056929BE8
P 0000000056928DA8
p 2
C 63
= 000000005745F668
R
P 0000000056969C18
C 294
R
P 0000000056969C18
P 000000005745F668
C 207
R
P 0000000056969C18
C 294
R
P 0000000056969C18
P 000000005745F668
C 204
= 0000000056928128
R
P 0000000056969C18
C 294
R
P 0000000056969C18
P 0000000056928128
C 165
R
P 0000000056969C18
C 294
R
P 0000000056969C18
P 000000005745F668
C 210
R
P 0000000056969C18
C 294
R
P 0000000056969C18
P 000000005745F668
C 209
R
P 0000000056969C18
C 294
R
P 0000000056969C18
P 000000005745F668
C 9
R
P 0000000056969C18
C 294
R
P 0000000056969C18
I 3
P 0000000056928128
C 144
= 0000000056929B08
R
P 0000000056969C18
C 294
R
P 0000000056969C18
P 0000000056929B08
C 9
R
P 0000000056969C18
C 294
R
P 0000000056969C18
U 2
P 0000000056929C28
P 0000000056929B08
p 2
C 63
= 000000005759C890
R
P 0000000056969C18
C 294
R
P 0000000056969C18
P 000000005759C890
C 207
R
P 0000000056969C18
C 294
R
P 0000000056969C18
P 000000005759C890
C 204
= 0000000056928128
R
P 0000000056969C18
C 294
R
P 0000000056969C18
P 0000000056928128
C 165
R
P 0000000056969C18
C 294
R
P 0000000056969C18
P 000000005759C890
C 210
R
P 0000000056969C18
C 294
R
P 0000000056969C18
P 000000005759C890
C 209
R
P 0000000056969C18
C 294
R
P 0000000056969C18
P 000000005759C890
C 9
R
P 0000000056969C18
C 294
R
P 0000000056969C18
P 000000005745F668
P 000000005759C890
C 54
= 000000005759C858
R
P 0000000056969C18
C 294
R
P 0000000056969C18
P 000000005759C858
C 9
R
P 0000000056969C18
C 294
R
P 0000000056969C18
U 2
P 000000005759C8C8
P 000000005759C858
p 2
C 61
= 000000005759C820
R
P 0000000056969C18
C 294
R
P 0000000056969C18
P 000000005759C820
C 9
R
P 0000000056969C18
C 294
R
P 0000000056969C18
S "Q1"
C 29
R
P 0000000056969C18
C 294
R
P 0000000056969C18
S "skid1"
C 29
R
P 0000000056969C18
C 294
R
P 0000000056969C18
I 1
U 1
$ |Q1|
$ |skid1|
U 0
p 0
U 0
p 0
U 3
P 0000000056928128
P 0000000056928128
P 0000000056928128
p 3
$ |x_0|
$ |x_1|
$ |x_2|
s 3
P 0000000057465728
C 153
= 000000005729DF00
R
P 0000000056969C18
C 294
R
P 0000000056969C18
P 000000005729DF00
C 207
R
P 0000000056969C18
C 294
R
P 0000000056969C18
P 000000005729DF00
C 208
R
P 0000000056969C18
C 294
R
P 0000000056969C18
P 000000005729DF00
C 207
R
P 0000000056969C18
C 294
R
P 0000000056969C18
P 000000005729DF00
C 207
R
P 0000000056969C18
C 294
R
P 0000000056969C18
P 000000005729DF00
C 9
R
P 0000000056969C18
C 294
R
P 0000000056969C18
P 000000005729DF00
C 275
R
P 0000000056969C18
C 294
R
P 0000000056969C18
S "Q2"
C 29
R
P 0000000056969C18
C 294
R
P 0000000056969C18
S "skid2"
C 29
R
P 0000000056969C18
C 294
R
P 0000000056969C18
I 1
U 1
$ |Q2|
$ |skid2|
U 3
P 0000000056929BA8
P 0000000056929BE8
P 0000000056929C28
p 3
U 0
p 0
U 0
p 0
P 000000005759C820
C 157
= 000000005729DF00
R
P 0000000056969C18
C 294
R
P 0000000056969C18
P 000000005729DF00
C 207
R
P 0000000056969C18
C 294
R
P 0000000056969C18
P 000000005729DF00
C 208
R
P 0000000056969C18
C 294
R
P 0000000056969C18
P 000000005729DF00
C 207
R
P 0000000056969C18
C 294
R
P 0000000056969C18
P 000000005729DF00
C 207
R
P 0000000056969C18
C 294
R
P 0000000056969C18
P 000000005729DF00
C 9
R
P 0000000056969C18
C 294
R
P 0000000056969C18
P 000000005729DF00
C 275
R
P 0000000056969C18
C 294
M "QuantifierExample2"
R
P 0000000056969C18
S "f"
C 29
R
P 0000000056969C18
C 294
R
P 0000000056969C18
$ |f|
U 1
P 0000000056928128
p 1
P 0000000056928128
C 47
= 000000005759C7E8
R
P 0000000056969C18
C 294
R
P 0000000056969C18
P 000000005759C7E8
C 9
R
P 0000000056969C18
C 294
R
P 0000000056969C18
S "g"
C 29
R
P 0000000056969C18
C 294
R
P 0000000056969C18
$ |g|
U 1
P 0000000056928128
p 1
P 0000000056928128
C 47
= 000000005759C6D0
R
P 0000000056969C18
C 294
R
P 0000000056969C18
P 000000005759C6D0
C 9
R
P 0000000056969C18
C 294
R
P 0000000056969C18
S "x"
C 29
R
P 0000000056969C18
C 294
R
P 0000000056969C18
$ |x|
P 0000000056928128
C 49
= 0000000056928D68
R
P 0000000056969C18
C 294
R
P 0000000056969C18
P 0000000056928D68
C 207
R
P 0000000056969C18
C 294
R
P 0000000056969C18
P 0000000056928D68
C 204
= 0000000056928128
R
P 0000000056969C18
C 294
R
P 0000000056969C18
P 0000000056928128
C 165
R
P 0000000056969C18
C 294
R
P 0000000056969C18
P 0000000056928D68
C 210
R
P 0000000056969C18
C 294
R
P 0000000056969C18
P 0000000056928D68
C 209
R
P 0000000056969C18
C 294
R
P 0000000056969C18
P 0000000056928D68
C 9
R
P 0000000056969C18
C 294
R
P 0000000056969C18
S "y"
C 29
R
P 0000000056969C18
C 294
R
P 0000000056969C18
$ |y|
P 0000000056928128
C 49
= 0000000056928D88
R
P 0000000056969C18
C 294
R
P 0000000056969C18
P 0000000056928D88
C 207
R
P 0000000056969C18
C 294
R
P 0000000056969C18
P 0000000056928D88
C 204
= 0000000056928128
R
P 0000000056969C18
C 294
R
P 0000000056969C18
P 0000000056928128
C 165
R
P 0000000056969C18
C 294
R
P 0000000056969C18
P 0000000056928D88
C 210
R
P 0000000056969C18
C 294
R
P 0000000056969C18
P 0000000056928D88
C 209
R
P 0000000056969C18
C 294
R
P 0000000056969C18
P 0000000056928D88
C 9
R
P 0000000056969C18
C 294
R
P 0000000056969C18
P 000000005759C7E8
U 1
P 0000000056928D68
p 1
C 48
= 000000005759AA78
R
P 0000000056969C18
C 294
R
P 0000000056969C18
P 000000005759AA78
C 207
R
P 0000000056969C18
C 294
R
P 0000000056969C18
P 000000005759AA78
C 204
= 0000000056928128
R
P 0000000056969C18
C 294
R
P 0000000056969C18
P 0000000056928128
C 165
R
P 0000000056969C18
C 294
R
P 0000000056969C18
P 000000005759AA78
C 210
R
P 0000000056969C18
C 294
R
P 0000000056969C18
P 000000005759AA78
C 209
R
P 0000000056969C18
C 294
R
P 0000000056969C18
P 000000005759AA78
C 9
R
P 0000000056969C18
C 294
R
P 0000000056969C18
P 000000005759C7E8
U 1
P 0000000056928D88
p 1
C 48
= 000000005759AA48
R
P 0000000056969C18
C 294
R
P 0000000056969C18
P 000000005759AA48
C 207
R
P 0000000056969C18
C 294
R
P 0000000056969C18
P 000000005759AA48
C 204
= 0000000056928128
R
P 0000000056969C18
C 294
R
P 0000000056969C18
P 0000000056928128
C 165
R
P 0000000056969C18
C 294
R
P 0000000056969C18
P 000000005759AA48
C 210
R
P 0000000056969C18
C 294
R
P 0000000056969C18
P 000000005759AA48
C 209
R
P 0000000056969C18
C 294
R
P 0000000056969C18
P 000000005759AA48
C 9
R
P 0000000056969C18
C 294
R
P 0000000056969C18
P 000000005759C6D0
U 1
P 0000000056928D88
p 1
C 48
= 000000005759AA18
R
P 0000000056969C18
C 294
R
P 0000000056969C18
P 000000005759AA18
C 207
R
P 0000000056969C18
C 294
R
P 0000000056969C18
P 000000005759AA18
C 204
= 0000000056928128
R
P 0000000056969C18
C 294
R
P 0000000056969C18
P 0000000056928128
C 165
R
P 0000000056969C18
C 294
R
P 0000000056969C18
P 000000005759AA18
C 210
R
P 0000000056969C18
C 294
R
P 0000000056969C18
P 000000005759AA18
C 209
R
P 0000000056969C18
C 294
R
P 0000000056969C18
P 000000005759AA18
C 9
R
P 0000000056969C18
C 294
R
P 0000000056969C18
U 2
P 000000005759AA78
P 000000005759AA18
p 2
C 148
= 000000005759C7B0
R
P 0000000056969C18
C 294
R
P 0000000056969C18
P 000000005759C7B0
C 9
R
P 0000000056969C18
C 294
R
P 0000000056969C18
P 000000005759AA78
P 000000005759AA48
C 54
= 000000005759C778
R
P 0000000056969C18
C 294
R
P 0000000056969C18
P 000000005759C778
C 9
R
P 0000000056969C18
C 294
R
P 0000000056969C18
P 000000005759AA48
P 000000005759AA18
C 54
= 000000005745F630
R
P 0000000056969C18
C 294
R
P 0000000056969C18
P 000000005745F630
C 9
R
P 0000000056969C18
C 294
R
P 0000000056969C18
U 2
P 000000005759C778
P 000000005745F630
p 2
C 61
= 000000005759C740
R
P 0000000056969C18
C 294
R
P 0000000056969C18
P 000000005759C740
C 9
R
P 0000000056969C18
C 294
R
P 0000000056969C18
S "q"
C 29
R
P 0000000056969C18
C 294
R
P 0000000056969C18
S "sk"
C 29
R
P 0000000056969C18
C 294
R
P 0000000056969C18
I 1
U 1
$ |q|
$ |sk|
U 2
P 0000000056928D68
P 0000000056928D88
p 2
U 0
p 0
U 1
P 000000005759AA48
p 1
P 000000005759C740
C 157
= 00000000572A0AD8
R
P 0000000056969C18
C 294
R
P 0000000056969C18
P 00000000572A0AD8
C 207
R
P 0000000056969C18
C 294
R
P 0000000056969C18
P 00000000572A0AD8
C 208
R
P 0000000056969C18
C 294
R
P 0000000056969C18
P 00000000572A0AD8
C 207
R
P 0000000056969C18
C 294
R
P 0000000056969C18
P 00000000572A0AD8
C 207
R
P 0000000056969C18
C 294
R
P 0000000056969C18
P 00000000572A0AD8
C 9
R
P 0000000056969C18
C 294
R
P 0000000056969C18
P 00000000572A0AD8
C 275
R
P 0000000056969C18
C 294
R
P 0000000056969C18
U 1
P 0000000056928128
C 149
= 0000000056929C08
R
P 0000000056969C18
C 294
R
P 0000000056969C18
P 0000000056929C08
C 207
R
P 0000000056969C18
C 294
R
P 0000000056969C18
P 0000000056929C08
C 204
= 0000000056928128
R
P 0000000056969C18
C 294
R
P 0000000056969C18
P 0000000056928128
C 165
R
P 0000000056969C18
C 294
R
P 0000000056969C18
P 0000000056929C08
C 210
R
P 0000000056969C18
C 294
R
P 0000000056969C18
P 0000000056929C08
C 209
R
P 0000000056969C18
C 294
R
P 0000000056969C18
P 0000000056929C08
C 9
R
P 0000000056969C18
C 294
R
P 0000000056969C18
U 0
P 0000000056928128
C 149
= 0000000056929C48
R
P 0000000056969C18
C 294
R
P 0000000056969C18
P 0000000056929C48
C 207
R
P 0000000056969C18
C 294
R
P 0000000056969C18
P 0000000056929C48
C 204
= 0000000056928128
R
P 0000000056969C18
C 294
R
P 0000000056969C18
P 0000000056928128
C 165
R
P 0000000056969C18
C 294
R
P 0000000056969C18
P 0000000056929C48
C 210
R
P 0000000056969C18
C 294
R
P 0000000056969C18
P 0000000056929C48
C 209
R
P 0000000056969C18
C 294
R
P 0000000056969C18
P 0000000056929C48
C 9
R
P 0000000056969C18
C 294
R
P 0000000056969C18
P 000000005759C7E8
U 1
P 0000000056929C08
p 1
C 48
= 000000005759A9B8
R
P 0000000056969C18
C 294
R
P 0000000056969C18
P 000000005759A9B8
C 207
R
P 0000000056969C18
C 294
R
P 0000000056969C18
P 000000005759A9B8
C 204
= 0000000056928128
R
P 0000000056969C18
C 294
R
P 0000000056969C18
P 0000000056928128
C 165
R
P 0000000056969C18
C 294
R
P 0000000056969C18
P 000000005759A9B8
C 210
R
P 0000000056969C18
C 294
R
P 0000000056969C18
P 000000005759A9B8
C 209
R
P 0000000056969C18
C 294
R
P 0000000056969C18
P 000000005759A9B8
C 9
R
P 0000000056969C18
C 294
R
P 0000000056969C18
P 000000005759C7E8
U 1
P 0000000056929C48
p 1
C 48
= 000000005759A9E8
R
P 0000000056969C18
C 294
R
P 0000000056969C18
P 000000005759A9E8
C 207
R
P 0000000056969C18
C 294
R
P 0000000056969C18
P 000000005759A9E8
C 204
= 0000000056928128
R
P 0000000056969C18
C 294
R
P 0000000056969C18
P 0000000056928128
C 165
R
P 0000000056969C18
C 294
R
P 0000000056969C18
P 000000005759A9E8
C 210
R
P 0000000056969C18
C 294
R
P 0000000056969C18
P 000000005759A9E8
C 209
R
P 0000000056969C18
C 294
R
P 0000000056969C18
P 000000005759A9E8
C 9
R
P 0000000056969C18
C 294
R
P 0000000056969C18
P 000000005759C6D0
U 1
P 0000000056929C48
p 1
C 48
= 000000005759A8F8
R
P 0000000056969C18
C 294
R
P 0000000056969C18
P 000000005759A8F8
C 207
R
P 0000000056969C18
C 294
R
P 0000000056969C18
P 000000005759A8F8
C 204
= 0000000056928128
R
P 0000000056969C18
C 294
R
P 0000000056969C18
P 0000000056928128
C 165
R
P 0000000056969C18
C 294
R
P 0000000056969C18
P 000000005759A8F8
C 210
R
P 0000000056969C18
C 294
R
P 0000000056969C18
P 000000005759A8F8
C 209
R
P 0000000056969C18
C 294
R
P 0000000056969C18
P 000000005759A8F8
C 9
R
P 0000000056969C18
C 294
R
P 0000000056969C18
U 2
P 000000005759A9B8
P 000000005759A8F8
p 2
C 148
= 0000000057292F38
R
P 0000000056969C18
C 294
R
P 0000000056969C18
P 0000000057292F38
C 9
R
P 0000000056969C18
C 294
R
P 0000000056969C18
S "x"
C 29
R
P 0000000056969C18
C 294
R
P 0000000056969C18
S "y"
C 29
R
P 0000000056969C18
C 294
R
P 0000000056969C18
P 000000005759A9B8
P 000000005759A9E8
C 54
= 000000005759C708
R
P 0000000056969C18
C 294
R
P 0000000056969C18
P 000000005759C708
C 9
R
P 0000000056969C18
C 294
R
P 0000000056969C18
P 000000005759A9E8
P 000000005759A8F8
C 54
= 000000005745F5F8
R
P 0000000056969C18
C 294
R
P 0000000056969C18
P 000000005745F5F8
C 9
R
P 0000000056969C18
C 294
R
P 0000000056969C18
U 2
P 000000005759C708
P 000000005745F5F8
p 2
C 61
= 000000005745F5C0
R
P 0000000056969C18
C 294
R
P 0000000056969C18
P 000000005745F5C0
C 9
R
P 0000000056969C18
C 294
R
P 0000000056969C18
S "q"
C 29
R
P 0000000056969C18
C 294
R
P 0000000056969C18
S "sk"
C 29
R
P 0000000056969C18
C 294
R
P 0000000056969C18
I 1
U 1
$ |q|
$ |sk|
U 0
p 0
U 1
P 000000005759A9E8
p 1
U 2
P 0000000056928128
P 0000000056928128
p 2
$ |x|
$ |y|
s 2
P 000000005745F5C0
C 153
= 00000000572A0AD8
R
P 0000000056969C18
C 294
R
P 0000000056969C18
P 00000000572A0AD8
C 207
R
P 0000000056969C18
C 294
R
P 0000000056969C18
P 00000000572A0AD8
C 208
R
P 0000000056969C18
C 294
R
P 0000000056969C18
P 00000000572A0AD8
C 207
R
P 0000000056969C18
C 294
R
P 0000000056969C18
P 00000000572A0AD8
C 207
R
P 0000000056969C18
C 294
R
P 0000000056969C18
P 00000000572A0AD8
C 9
R
P 0000000056969C18
C 294
R
P 0000000056969C18
P 00000000572A0AD8
C 275
R
P 0000000056969C18
C 294
M "LogicTest"
R
I 1
C 273
R
P 0000000056969C18
U 32
C 34
= 00000000569285A8
R
P 0000000056969C18
C 294
R
P 0000000056969C18
P 00000000569285A8
C 9
R
P 0000000056969C18
C 294
R
P 0000000056969C18
S "x"
C 29
R
P 0000000056969C18
C 294
R
P 0000000056969C18
$ |x|
P 00000000569285A8
C 49
= 0000000056929C68
R
P 0000000056969C18
C 294
R
P 0000000056969C18
P 0000000056929C68
C 207
R
P 0000000056969C18
C 294
R
P 0000000056969C18
P 0000000056929C68
C 204
= 00000000569285A8
R
P 0000000056969C18
C 294
R
P 0000000056969C18
P 00000000569285A8
C 165
R
P 0000000056969C18
C 294
R
P 0000000056969C18
P 0000000056929C68
C 210
R
P 0000000056969C18
C 294
R
P 0000000056969C18
P 0000000056929C68
C 209
R
P 0000000056969C18
C 294
R
P 0000000056969C18
P 0000000056929C68
C 9
R
P 0000000056969C18
C 294
R
P 0000000056969C18
S "y"
C 29
R
P 0000000056969C18
C 294
R
P 0000000056969C18
$ |y|
P 00000000569285A8
C 49
= 0000000056929C88
R
P 0000000056969C18
C 294
R
P 0000000056969C18
P 0000000056929C88
C 207
R
P 0000000056969C18
C 294
R
P 0000000056969C18
P 0000000056929C88
C 204
= 00000000569285A8
R
P 0000000056969C18
C 294
R
P 0000000056969C18
P 00000000569285A8
C 165
R
P 0000000056969C18
C 294
R
P 0000000056969C18
P 0000000056929C88
C 210
R
P 0000000056969C18
C 294
R
P 0000000056969C18
P 0000000056929C88
C 209
R
P 0000000056969C18
C 294
R
P 0000000056969C18
P 0000000056929C88
C 9
R
P 0000000056969C18
C 294
R
P 0000000056969C18
P 0000000056929C68
P 0000000056929C88
C 54
= 000000005759C628
R
P 0000000056969C18
C 294
R
P 0000000056969C18
P 000000005759C628
C 9
R
P 0000000056969C18
C 294
R
P 0000000056969C18
S "QF_BV"
C 29
R
P 0000000056969C18
C 294
R
P 0000000056969C18
$ |QF_BV|
C 412
= 00000000574FFEB8
R
P 0000000056969C18
C 294
R
P 0000000056969C18
P 00000000574FFEB8
C 417
R
P 0000000056969C18
C 294
R
P 0000000056969C18
P 00000000574FFEB8
P 000000005759C628
C 423
R
P 0000000056969C18
C 294
R
P 0000000056969C18
P 00000000574FFEB8
C 426
R
P 0000000056969C18
C 294
R
P 0000000056969C18
I 1
I 0
I 0
C 350
= 00000000574B7BE8
R
P 0000000056969C18
C 294
R
P 0000000056969C18
P 00000000574B7BE8
C 351
R
P 0000000056969C18
C 294
R
P 0000000056969C18
P 00000000574B7BE8
P 000000005759C628
C 354
R
P 0000000056969C18
C 294
R
P 0000000056969C18
S "qfbv"
C 365
= 00000000575CE818
R
P 0000000056969C18
C 294
R
P 0000000056969C18
P 00000000575CE818
C 366
R
P 0000000056969C18
C 294
R
P 0000000056969C18
P 00000000575CE818
P 00000000574B7BE8
C 402
= 000000005751F828
R
P 0000000056969C18
C 294
R
P 0000000056969C18
P 000000005751F828
C 404
R
P 0000000056969C18
C 294
R
P 0000000056969C18
P 000000005751F828
C 406
R
P 0000000056969C18
C 294
R
P 0000000056969C18
P 000000005751F828
C 407
R
P 0000000056969C18
C 294
R
P 0000000056969C18
P 000000005751F828
C 407
R
P 0000000056969C18
C 294
R
P 0000000056969C18
P 000000005751F828
U 0
C 408
= 00000000575CFB08
R
P 0000000056969C18
C 294
R
P 0000000056969C18
P 00000000575CFB08
C 351
R
P 0000000056969C18
C 294
R
P 0000000056969C18
P 00000000575CFB08
C 361
R
P 0000000056969C18
C 294
M "ParOrExample"
R
P 0000000056969C18
U 32
C 34
= 00000000569285A8
R
P 0000000056969C18
C 294
R
P 0000000056969C18
P 00000000569285A8
C 9
R
P 0000000056969C18
C 294
R
P 0000000056969C18
S "x"
C 29
R
P 0000000056969C18
C 294
R
P 0000000056969C18
$ |x|
P 00000000569285A8
C 49
= 0000000056929C68
R
P 0000000056969C18
C 294
R
P 0000000056969C18
P 0000000056929C68
C 207
R
P 0000000056969C18
C 294
R
P 0000000056969C18
P 0000000056929C68
C 204
= 00000000569285A8
R
P 0000000056969C18
C 294
R
P 0000000056969C18
P 00000000569285A8
C 165
R
P 0000000056969C18
C 294
R
P 0000000056969C18
P 0000000056929C68
C 210
R
P 0000000056969C18
C 294
R
P 0000000056969C18
P 0000000056929C68
C 209
R
P 0000000056969C18
C 294
R
P 0000000056969C18
P 0000000056929C68
C 9
R
P 0000000056969C18
C 294
R
P 0000000056969C18
S "y"
C 29
R
P 0000000056969C18
C 294
R
P 0000000056969C18
$ |y|
P 00000000569285A8
C 49
= 0000000056929C88
R
P 0000000056969C18
C 294
R
P 0000000056969C18
P 0000000056929C88
C 207
R
P 0000000056969C18
C 294
R
P 0000000056969C18
P 0000000056929C88
C 204
= 00000000569285A8
R
P 0000000056969C18
C 294
R
P 0000000056969C18
P 00000000569285A8
C 165
R
P 0000000056969C18
C 294
R
P 0000000056969C18
P 0000000056929C88
C 210
R
P 0000000056969C18
C 294
R
P 0000000056969C18
P 0000000056929C88
C 209
R
P 0000000056969C18
C 294
R
P 0000000056969C18
P 0000000056929C88
C 9
R
P 0000000056969C18
C 294
R
P 0000000056969C18
P 0000000056929C68
P 0000000056929C88
C 54
= 000000005759C628
R
P 0000000056969C18
C 294
R
P 0000000056969C18
P 000000005759C628
C 9
R
P 0000000056969C18
C 294
R
P 0000000056969C18
I 1
I 0
I 0
C 350
= 00000000575CFAD8
R
P 0000000056969C18
C 294
R
P 0000000056969C18
P 00000000575CFAD8
C 351
R
P 0000000056969C18
C 294
R
P 0000000056969C18
P 00000000575CFAD8
P 000000005759C628
C 354
R
P 0000000056969C18
C 294
R
P 0000000056969C18
S "qfbv"
C 365
= 00000000575D0378
R
P 0000000056969C18
C 294
R
P 0000000056969C18
P 00000000575D0378
C 366
R
P 0000000056969C18
C 294
R
P 0000000056969C18
S "qfbv"
C 365
= 00000000575D10C8
R
P 0000000056969C18
C 294
R
P 0000000056969C18
P 00000000575D10C8
C 366
R
P 0000000056969C18
C 294
R
P 0000000056969C18
U 2
P 00000000575D0378
P 00000000575D10C8
p 2
C 373
= 00000000575D1158
R
P 0000000056969C18
C 294
R
P 0000000056969C18
P 00000000575D1158
C 366
R
P 0000000056969C18
C 294
R
P 0000000056969C18
P 00000000575D1158
P 00000000575CFAD8
C 402
= 00000000576C86A8
R
P 0000000056969C18
C 294
R
P 0000000056969C18
P 00000000576C86A8
C 404
R
P 0000000056969C18
C 294
R
P 0000000056969C18
P 00000000576C86A8
C 407
R
P 0000000056969C18
C 294
R
P 0000000056969C18
P 00000000576C86A8
C 407
R
P 0000000056969C18
C 294
R
P 0000000056969C18
P 00000000576C86A8
U 0
C 408
= 00000000575D0AF8
R
P 0000000056969C18
C 294
R
P 0000000056969C18
P 00000000575D0AF8
C 351
R
P 0000000056969C18
C 294
R
P 0000000056969C18
P 00000000575D0AF8
C 361
R
P 0000000056969C18
C 294
M "FindModelExample1"
R
P 0000000056969C18
S "x"
C 29
R
P 0000000056969C18
C 294
R
P 0000000056969C18
$ |x|
P 0000000056928068
C 49
= 00000000569289C8
R
P 0000000056969C18
C 294
R
P 0000000056969C18
P 00000000569289C8
C 207
R
P 0000000056969C18
C 294
R
P 0000000056969C18
P 00000000569289C8
C 204
= 0000000056928068
R
P 0000000056969C18
C 294
R
P 0000000056969C18
P 0000000056928068
C 165
R
P 0000000056969C18
C 294
R
P 0000000056969C18
P 00000000569289C8
C 210
R
P 0000000056969C18
C 294
R
P 0000000056969C18
P 00000000569289C8
C 209
R
P 0000000056969C18
C 294
R
P 0000000056969C18
P 00000000569289C8
C 9
R
P 0000000056969C18
C 294
R
P 0000000056969C18
S "y"
C 29
R
P 0000000056969C18
C 294
R
P 0000000056969C18
$ |y|
P 0000000056928068
C 49
= 00000000569289E8
R
P 0000000056969C18
C 294
R
P 0000000056969C18
P 00000000569289E8
C 207
R
P 0000000056969C18
C 294
R
P 0000000056969C18
P 00000000569289E8
C 204
= 0000000056928068
R
P 0000000056969C18
C 294
R
P 0000000056969C18
P 0000000056928068
C 165
R
P 0000000056969C18
C 294
R
P 0000000056969C18
P 00000000569289E8
C 210
R
P 0000000056969C18
C 294
R
P 0000000056969C18
P 00000000569289E8
C 209
R
P 0000000056969C18
C 294
R
P 0000000056969C18
P 00000000569289E8
C 9
R
P 0000000056969C18
C 294
R
P 0000000056969C18
P 00000000569289C8
P 00000000569289E8
C 60
= 000000005745F588
R
P 0000000056969C18
C 294
R
P 0000000056969C18
P 000000005745F588
C 9
R
P 0000000056969C18
C 294
R
P 0000000056969C18
C 410
= 00000000575DAF28
R
P 0000000056969C18
C 294
R
P 0000000056969C18
P 00000000575DAF28
C 417
R
P 0000000056969C18
C 294
R
P 0000000056969C18
P 00000000575DAF28
P 000000005745F588
C 423
R
P 0000000056969C18
C 294
R
P 0000000056969C18
P 00000000575DAF28
C 426
R
P 0000000056969C18
C 294
R
P 0000000056969C18
P 00000000575DAF28
C 428
= 00000000575D1188
R
P 0000000056969C18
C 294
R
P 0000000056969C18
P 00000000575D1188
C 247
R
P 0000000056969C18
C 294
R
P 0000000056969C18
P 00000000575D1188
P 00000000569289C8
I 0
P 0000000000000000
C 249
* 00000000569280E8 4
R
P 0000000056969C18
C 294
R
P 0000000056969C18
P 00000000569280E8
C 207
R
P 0000000056969C18
C 294
R
P 0000000056969C18
P 00000000569280E8
C 204
= 0000000056928068
R
P 0000000056969C18
C 294
R
P 0000000056969C18
P 0000000056928068
C 165
R
P 0000000056969C18
C 294
R
P 0000000056969C18
P 00000000569280E8
C 210
R
P 0000000056969C18
C 294
R
P 0000000056969C18
P 00000000569280E8
C 209
R
P 0000000056969C18
C 294
R
P 0000000056969C18
P 00000000569280E8
C 9
R
P 0000000056969C18
C 294
R
P 0000000056969C18
P 00000000569280E8
C 275
R
P 0000000056969C18
C 294
R
P 0000000056969C18
P 00000000575D1188
P 00000000569289E8
I 0
P 0000000000000000
C 249
* 00000000569280C8 4
R
P 0000000056969C18
C 294
R
P 0000000056969C18
P 00000000569280C8
C 207
R
P 0000000056969C18
C 294
R
P 0000000056969C18
P 00000000569280C8
C 204
= 0000000056928068
R
P 0000000056969C18
C 294
R
P 0000000056969C18
P 0000000056928068
C 165
R
P 0000000056969C18
C 294
R
P 0000000056969C18
P 00000000569280C8
C 210
R
P 0000000056969C18
C 294
R
P 0000000056969C18
P 00000000569280C8
C 209
R
P 0000000056969C18
C 294
R
P 0000000056969C18
P 00000000569280C8
C 9
R
P 0000000056969C18
C 294
R
P 0000000056969C18
P 00000000569280C8
C 275
R
P 0000000056969C18
C 294
M "FindModelExample2"
R
P 0000000056969C18
S "x"
C 29
R
P 0000000056969C18
C 294
R
P 0000000056969C18
$ |x|
P 0000000056928128
C 49
= 0000000056928D68
R
P 0000000056969C18
C 294
R
P 0000000056969C18
P 0000000056928D68
C 207
R
P 0000000056969C18
C 294
R
P 0000000056969C18
P 0000000056928D68
C 204
= 0000000056928128
R
P 0000000056969C18
C 294
R
P 0000000056969C18
P 0000000056928128
C 165
R
P 0000000056969C18
C 294
R
P 0000000056969C18
P 0000000056928D68
C 210
R
P 0000000056969C18
C 294
R
P 0000000056969C18
P 0000000056928D68
C 209
R
P 0000000056969C18
C 294
R
P 0000000056969C18
P 0000000056928D68
C 9
R
P 0000000056969C18
C 294
R
P 0000000056969C18
S "y"
C 29
R
P 0000000056969C18
C 294
R
P 0000000056969C18
$ |y|
P 0000000056928128
C 49
= 0000000056928D88
R
P 0000000056969C18
C 294
R
P 0000000056969C18
P 0000000056928D88
C 207
R
P 0000000056969C18
C 294
R
P 0000000056969C18
P 0000000056928D88
C 204
= 0000000056928128
R
P 0000000056969C18
C 294
R
P 0000000056969C18
P 0000000056928128
C 165
R
P 0000000056969C18
C 294
R
P 0000000056969C18
P 0000000056928D88
C 210
R
P 0000000056969C18
C 294
R
P 0000000056969C18
P 0000000056928D88
C 209
R
P 0000000056969C18
C 294
R
P 0000000056969C18
P 0000000056928D88
C 9
R
P 0000000056969C18
C 294
R
P 0000000056969C18
I 1
P 0000000056928128
C 144
= 0000000056928C68
R
P 0000000056969C18
C 294
R
P 0000000056969C18
P 0000000056928C68
C 9
R
P 0000000056969C18
C 294
R
P 0000000056969C18
I 2
P 0000000056928128
C 144
= 0000000056928DA8
R
P 0000000056969C18
C 294
R
P 0000000056969C18
P 0000000056928DA8
C 9
R
P 0000000056969C18
C 294
R
P 0000000056969C18
U 2
P 0000000056928D88
P 0000000056928C68
p 2
C 63
= 000000005759C5F0
R
P 0000000056969C18
C 294
R
P 0000000056969C18
P 000000005759C5F0
C 207
R
P 0000000056969C18
C 294
R
P 0000000056969C18
P 000000005759C5F0
C 204
= 0000000056928128
R
P 0000000056969C18
C 294
R
P 0000000056969C18
P 0000000056928128
C 165
R
P 0000000056969C18
C 294
R
P 0000000056969C18
P 000000005759C5F0
C 210
R
P 0000000056969C18
C 294
R
P 0000000056969C18
P 000000005759C5F0
C 209
R
P 0000000056969C18
C 294
R
P 0000000056969C18
P 000000005759C5F0
C 9
R
P 0000000056969C18
C 294
R
P 0000000056969C18
P 0000000056928D68
P 000000005759C5F0
C 71
= 000000005759C5B8
R
P 0000000056969C18
C 294
R
P 0000000056969C18
P 000000005759C5B8
C 9
R
P 0000000056969C18
C 294
R
P 0000000056969C18
P 0000000056928D68
P 0000000056928DA8
C 73
= 000000005759C580
R
P 0000000056969C18
C 294
R
P 0000000056969C18
P 000000005759C580
C 9
R
P 0000000056969C18
C 294
R
P 0000000056969C18
U 2
P 000000005759C5B8
P 000000005759C580
p 2
C 61
= 000000005759C510
R
P 0000000056969C18
C 294
R
P 0000000056969C18
P 000000005759C510
C 9
R
P 0000000056969C18
C 294
R
P 0000000056969C18
C 410
= 00000000576ACB28
R
P 0000000056969C18
C 294
R
P 0000000056969C18
P 00000000576ACB28
C 417
R
P 0000000056969C18
C 294
R
P 0000000056969C18
P 00000000576ACB28
P 000000005759C510
C 423
R
P 0000000056969C18
C 294
R
P 0000000056969C18
P 00000000576ACB28
C 426
R
P 0000000056969C18
C 294
R
P 0000000056969C18
P 00000000576ACB28
C 428
= 00000000579385D8
R
P 0000000056969C18
C 294
R
P 0000000056969C18
P 00000000579385D8
C 247
R
P 0000000056969C18
C 294
R
P 0000000056969C18
P 00000000579385D8
P 0000000056928D68
I 0
P 0000000000000000
C 249
* 0000000056929B08 4
R
P 0000000056969C18
C 294
R
P 0000000056969C18
P 0000000056929B08
C 207
R
P 0000000056969C18
C 294
R
P 0000000056969C18
P 0000000056929B08
C 204
= 0000000056928128
R
P 0000000056969C18
C 294
R
P 0000000056969C18
P 0000000056928128
C 165
R
P 0000000056969C18
C 294
R
P 0000000056969C18
P 0000000056929B08
C 210
R
P 0000000056969C18
C 294
R
P 0000000056969C18
P 0000000056929B08
C 209
R
P 0000000056969C18
C 294
R
P 0000000056969C18
P 0000000056929B08
C 9
R
P 0000000056969C18
C 294
R
P 0000000056969C18
P 0000000056929B08
C 213
R
P 0000000056969C18
C 294
R
P 0000000056969C18
P 00000000579385D8
P 0000000056928D88
I 0
P 0000000000000000
C 249
* 0000000056929B08 4
R
P 0000000056969C18
C 294
R
P 0000000056969C18
P 0000000056929B08
C 207
R
P 0000000056969C18
C 294
R
P 0000000056969C18
P 0000000056929B08
C 204
= 0000000056928128
R
P 0000000056969C18
C 294
R
P 0000000056969C18
P 0000000056928128
C 165
R
P 0000000056969C18
C 294
R
P 0000000056969C18
P 0000000056929B08
C 210
R
P 0000000056969C18
C 294
R
P 0000000056969C18
P 0000000056929B08
C 209
R
P 0000000056969C18
C 294
R
P 0000000056969C18
P 0000000056929B08
C 9
R
P 0000000056969C18
C 294
R
P 0000000056969C18
P 0000000056929B08
C 213
R
P 0000000056969C18
C 294
R
P 0000000056969C18
P 0000000056928D68
P 0000000056928D88
C 54
= 000000005692E840
R
P 0000000056969C18
C 294
R
P 0000000056969C18
P 000000005692E840
C 9
R
P 0000000056969C18
C 294
R
P 0000000056969C18
P 000000005692E840
C 56
= 000000005759A808
R
P 0000000056969C18
C 294
R
P 0000000056969C18
P 000000005759A808
C 9
R
P 0000000056969C18
C 294
R
P 0000000056969C18
U 2
P 000000005759C510
P 000000005759A808
p 2
C 61
= 000000005745F550
R
P 0000000056969C18
C 294
R
P 0000000056969C18
P 000000005745F550
C 9
R
P 0000000056969C18
C 294
R
P 0000000056969C18
C 410
= 00000000579148C8
R
P 0000000056969C18
C 294
R
P 0000000056969C18
P 00000000579148C8
C 417
R
P 0000000056969C18
C 294
R
P 0000000056969C18
P 00000000579148C8
P 000000005745F550
C 423
R
P 0000000056969C18
C 294
R
P 0000000056969C18
P 00000000579148C8
C 426
R
P 0000000056969C18
C 294
R
P 0000000056969C18
P 00000000579148C8
C 428
= 0000000057D3AD58
R
P 0000000056969C18
C 294
R
P 0000000056969C18
P 0000000057D3AD58
C 247
R
P 0000000056969C18
C 294
R
P 0000000056969C18
P 0000000057D3AD58
P 0000000056928D68
I 0
P 0000000000000000
C 249
* 0000000056929B08 4
R
P 0000000056969C18
C 294
R
P 0000000056969C18
P 0000000056929B08
C 207
R
P 0000000056969C18
C 294
R
P 0000000056969C18
P 0000000056929B08
C 204
= 0000000056928128
R
P 0000000056969C18
C 294
R
P 0000000056969C18
P 0000000056928128
C 165
R
P 0000000056969C18
C 294
R
P 0000000056969C18
P 0000000056929B08
C 210
R
P 0000000056969C18
C 294
R
P 0000000056969C18
P 0000000056929B08
C 209
R
P 0000000056969C18
C 294
R
P 0000000056969C18
P 0000000056929B08
C 9
R
P 0000000056969C18
C 294
R
P 0000000056969C18
P 0000000056929B08
C 213
R
P 0000000056969C18
C 294
R
P 0000000056969C18
P 0000000057D3AD58
P 0000000056928D88
I 0
P 0000000000000000
C 249
* 0000000056929AE8 4
R
P 0000000056969C18
C 294
R
P 0000000056969C18
P 0000000056929AE8
C 207
R
P 0000000056969C18
C 294
R
P 0000000056969C18
P 0000000056929AE8
C 204
= 0000000056928128
R
P 0000000056969C18
C 294
R
P 0000000056969C18
P 0000000056928128
C 165
R
P 0000000056969C18
C 294
R
P 0000000056969C18
P 0000000056929AE8
C 210
R
P 0000000056969C18
C 294
R
P 0000000056969C18
P 0000000056929AE8
C 209
R
P 0000000056969C18
C 294
R
P 0000000056969C18
P 0000000056929AE8
C 9
R
P 0000000056969C18
C 294
R
P 0000000056969C18
P 0000000056929AE8
C 213
R
P 0000000056969C18
C 294
M "PushPopExample1"
R
P 0000000056969C18
S "1000000000000000000000000000000000000000000000000000000"
P 0000000056928128
C 142
= 0000000056929D28
R
P 0000000056969C18
C 294
R
P 0000000056969C18
P 0000000056929D28
C 9
R
P 0000000056969C18
C 294
R
P 0000000056969C18
S "3"
P 0000000056928128
C 142
= 0000000056929B08
R
P 0000000056969C18
C 294
R
P 0000000056969C18
P 0000000056929B08
C 207
R
P 0000000056969C18
C 294
R
P 0000000056969C18
P 0000000056929B08
C 204
= 0000000056928128
R
P 0000000056969C18
C 294
R
P 0000000056969C18
P 0000000056928128
C 165
R
P 0000000056969C18
C 294
R
P 0000000056969C18
P 0000000056929B08
C 210
R
P 0000000056969C18
C 294
R
P 0000000056969C18
P 0000000056929B08
C 209
R
P 0000000056969C18
C 294
R
P 0000000056969C18
P 0000000056929B08
C 9
R
P 0000000056969C18
C 294
R
P 0000000056969C18
S "x"
C 29
R
P 0000000056969C18
C 294
R
P 0000000056969C18
$ |x|
P 0000000056928128
C 49
= 0000000056928D68
R
P 0000000056969C18
C 294
R
P 0000000056969C18
P 0000000056928D68
C 207
R
P 0000000056969C18
C 294
R
P 0000000056969C18
P 0000000056928D68
C 204
= 0000000056928128
R
P 0000000056969C18
C 294
R
P 0000000056969C18
P 0000000056928128
C 165
R
P 0000000056969C18
C 294
R
P 0000000056969C18
P 0000000056928D68
C 210
R
P 0000000056969C18
C 294
R
P 0000000056969C18
P 0000000056928D68
C 209
R
P 0000000056969C18
C 294
R
P 0000000056969C18
P 0000000056928D68
C 9
R
P 0000000056969C18
C 294
R
P 0000000056969C18
C 410
= 000000005790EA98
R
P 0000000056969C18
C 294
R
P 0000000056969C18
P 000000005790EA98
C 417
R
P 0000000056969C18
C 294
R
P 0000000056969C18
P 0000000056928D68
P 0000000056929D28
C 74
= 000000005759C468
R
P 0000000056969C18
C 294
R
P 0000000056969C18
P 000000005759C468
C 9
R
P 0000000056969C18
C 294
R
P 0000000056969C18
P 000000005790EA98
P 000000005759C468
C 423
R
P 0000000056969C18
C 294
R
P 0000000056969C18
P 000000005790EA98
C 419
R
P 0000000056969C18
C 294
R
P 0000000056969C18
P 0000000056928D68
P 0000000056929B08
C 72
= 000000005745F518
R
P 0000000056969C18
C 294
R
P 0000000056969C18
P 000000005745F518
C 9
R
P 0000000056969C18
C 294
R
P 0000000056969C18
P 000000005790EA98
P 000000005745F518
C 423
R
P 0000000056969C18
C 294
R
P 0000000056969C18
P 000000005790EA98
C 426
R
P 0000000056969C18
C 294
R
P 0000000056969C18
P 000000005790EA98
U 1
C 420
R
P 0000000056969C18
C 294
R
P 0000000056969C18
P 000000005790EA98
C 426
R
P 0000000056969C18
C 294
R
P 0000000056969C18
S "y"
C 29
R
P 0000000056969C18
C 294
R
P 0000000056969C18
$ |y|
P 0000000056928128
C 49
= 0000000056928D88
R
P 0000000056969C18
C 294
R
P 0000000056969C18
P 0000000056928D88
C 207
R
P 0000000056969C18
C 294
R
P 0000000056969C18
P 0000000056928D88
C 204
= 0000000056928128
R
P 0000000056969C18
C 294
R
P 0000000056969C18
P 0000000056928128
C 165
R
P 0000000056969C18
C 294
R
P 0000000056969C18
P 0000000056928D88
C 210
R
P 0000000056969C18
C 294
R
P 0000000056969C18
P 0000000056928D88
C 209
R
P 0000000056969C18
C 294
R
P 0000000056969C18
P 0000000056928D88
C 9
R
P 0000000056969C18
C 294
R
P 0000000056969C18
P 0000000056928D88
P 0000000056928D68
C 73
= 000000005745F4A8
R
P 0000000056969C18
C 294
R
P 0000000056969C18
P 000000005745F4A8
C 9
R
P 0000000056969C18
C 294
R
P 0000000056969C18
P 000000005790EA98
P 000000005745F4A8
C 423
R
P 0000000056969C18
C 294
R
P 0000000056969C18
P 000000005790EA98
C 426
R
P 0000000056969C18
C 294
M "ArrayExample1"
R
P 0000000056969C18
I 1
I 0
I 0
C 350
= 000000005814CF68
R
P 0000000056969C18
C 294
R
P 0000000056969C18
P 000000005814CF68
C 351
R
P 0000000056969C18
C 294
R
P 0000000056969C18
U 32
C 34
= 00000000569285A8
R
P 0000000056969C18
C 294
R
P 0000000056969C18
P 00000000569285A8
C 9
R
P 0000000056969C18
C 294
R
P 0000000056969C18
P 0000000056928128
P 00000000569285A8
C 36
= 0000000056929CE8
R
P 0000000056969C18
C 294
R
P 0000000056969C18
P 0000000056929CE8
C 9
R
P 0000000056969C18
C 294
R
P 0000000056969C18
S "MyArray"
C 29
R
P 0000000056969C18
C 294
R
P 0000000056969C18
$ |MyArray|
P 0000000056929CE8
C 49
= 0000000056929CC8
R
P 0000000056969C18
C 294
R
P 0000000056969C18
P 0000000056929CC8
C 207
R
P 0000000056969C18
C 294
R
P 0000000056969C18
P 0000000056929CC8
C 204
= 0000000056929CE8
R
P 0000000056969C18
C 294
R
P 0000000056969C18
P 0000000056929CE8
C 165
R
P 0000000056969C18
C 294
R
P 0000000056969C18
P 0000000056929CC8
C 210
R
P 0000000056969C18
C 294
R
P 0000000056969C18
P 0000000056929CC8
C 209
R
P 0000000056969C18
C 294
R
P 0000000056969C18
P 0000000056929CC8
C 9
R
P 0000000056969C18
C 294
R
P 0000000056969C18
I 0
P 0000000056928128
C 144
= 0000000056928A48
R
P 0000000056969C18
C 294
R
P 0000000056969C18
P 0000000056928A48
C 9
R
P 0000000056969C18
C 294
R
P 0000000056969C18
P 0000000056929CC8
P 0000000056928A48
C 126
= 000000005745F4E0
R
P 0000000056969C18
C 294
R
P 0000000056969C18
P 000000005745F4E0
C 207
R
P 0000000056969C18
C 294
R
P 0000000056969C18
P 000000005745F4E0
C 204
= 00000000569285A8
R
P 0000000056969C18
C 294
R
P 0000000056969C18
P 00000000569285A8
C 165
R
P 0000000056969C18
C 294
R
P 0000000056969C18
P 000000005745F4E0
C 210
R
P 0000000056969C18
C 294
R
P 0000000056969C18
P 000000005745F4E0
C 209
R
P 0000000056969C18
C 294
R
P 0000000056969C18
P 000000005745F4E0
C 9
R
P 0000000056969C18
C 294
R
P 0000000056969C18
U 32
C 34
= 00000000569285A8
R
P 0000000056969C18
C 294
R
P 0000000056969C18
P 00000000569285A8
C 9
R
P 0000000056969C18
C 294
R
P 0000000056969C18
I 42
P 00000000569285A8
C 144
= 0000000056929D48
R
P 0000000056969C18
C 294
R
P 0000000056969C18
P 0000000056929D48
C 207
R
P 0000000056969C18
C 294
R
P 0000000056969C18
P 0000000056929D48
C 204
= 00000000569285A8
R
P 0000000056969C18
C 294
R
P 0000000056969C18
P 00000000569285A8
C 165
R
P 0000000056969C18
C 294
R
P 0000000056969C18
P 0000000056929D48
C 210
R
P 0000000056969C18
C 294
R
P 0000000056969C18
P 0000000056929D48
C 209
R
P 0000000056969C18
C 294
R
P 0000000056969C18
P 0000000056929D48
C 9
R
P 0000000056969C18
C 294
R
P 0000000056969C18
P 000000005745F4E0
P 0000000056929D48
C 54
= 0000000057293718
R
P 0000000056969C18
C 294
R
P 0000000056969C18
P 0000000057293718
C 9
R
P 0000000056969C18
C 294
R
P 0000000056969C18
P 000000005814CF68
P 0000000057293718
C 354
R
P 0000000056969C18
C 294
R
P 0000000056969C18
S "x"
C 29
R
P 0000000056969C18
C 294
R
P 0000000056969C18
$ |x|
P 0000000056928128
C 49
= 0000000056928D68
R
P 0000000056969C18
C 294
R
P 0000000056969C18
P 0000000056928D68
C 207
R
P 0000000056969C18
C 294
R
P 0000000056969C18
P 0000000056928D68
C 204
= 0000000056928128
R
P 0000000056969C18
C 294
R
P 0000000056969C18
P 0000000056928128
C 165
R
P 0000000056969C18
C 294
R
P 0000000056969C18
P 0000000056928D68
C 210
R
P 0000000056969C18
C 294
R
P 0000000056969C18
P 0000000056928D68
C 209
R
P 0000000056969C18
C 294
R
P 0000000056969C18
P 0000000056928D68
C 9
R
P 0000000056969C18
C 294
R
P 0000000056969C18
S "f"
C 29
R
P 0000000056969C18
C 294
R
P 0000000056969C18
$ |f|
U 1
P 0000000056928128
p 1
P 0000000056928128
C 47
= 000000005759C7E8
R
P 0000000056969C18
C 294
R
P 0000000056969C18
P 000000005759C7E8
C 9
R
P 0000000056969C18
C 294
R
P 0000000056969C18
$ |x|
P 0000000056928128
C 49
= 0000000056928D68
R
P 0000000056969C18
C 294
R
P 0000000056969C18
P 0000000056928D68
C 207
R
P 0000000056969C18
C 294
R
P 0000000056969C18
P 0000000056928D68
C 204
= 0000000056928128
R
P 0000000056969C18
C 294
R
P 0000000056969C18
P 0000000056928128
C 165
R
P 0000000056969C18
C 294
R
P 0000000056969C18
P 0000000056928D68
C 210
R
P 0000000056969C18
C 294
R
P 0000000056969C18
P 0000000056928D68
C 209
R
P 0000000056969C18
C 294
R
P 0000000056969C18
P 0000000056928D68
C 9
R
P 0000000056969C18
C 294
R
P 0000000056969C18
P 000000005759C7E8
U 1
P 0000000056928D68
p 1
C 48
= 000000005759AA78
R
P 0000000056969C18
C 294
R
P 0000000056969C18
P 000000005759AA78
C 207
R
P 0000000056969C18
C 294
R
P 0000000056969C18
P 000000005759AA78
C 204
= 0000000056928128
R
P 0000000056969C18
C 294
R
P 0000000056969C18
P 0000000056928128
C 165
R
P 0000000056969C18
C 294
R
P 0000000056969C18
P 000000005759AA78
C 210
R
P 0000000056969C18
C 294
R
P 0000000056969C18
P 000000005759AA78
C 209
R
P 0000000056969C18
C 294
R
P 0000000056969C18
P 000000005759AA78
C 9
R
P 0000000056969C18
C 294
R
P 0000000056969C18
U 2
P 0000000056928D68
P 000000005759AA78
p 2
C 63
= 00000000572936E0
R
P 0000000056969C18
C 294
R
P 0000000056969C18
P 00000000572936E0
C 207
R
P 0000000056969C18
C 294
R
P 0000000056969C18
P 00000000572936E0
C 204
= 0000000056928128
R
P 0000000056969C18
C 294
R
P 0000000056969C18
P 0000000056928128
C 165
R
P 0000000056969C18
C 294
R
P 0000000056969C18
P 00000000572936E0
C 210
R
P 0000000056969C18
C 294
R
P 0000000056969C18
P 00000000572936E0
C 209
R
P 0000000056969C18
C 294
R
P 0000000056969C18
P 00000000572936E0
C 9
R
P 0000000056969C18
C 294
R
P 0000000056969C18
I 123
P 0000000056928128
C 144
= 0000000056929D68
R
P 0000000056969C18
C 294
R
P 0000000056969C18
P 0000000056929D68
C 9
R
P 0000000056969C18
C 294
R
P 0000000056969C18
P 00000000572936E0
P 0000000056929D68
C 54
= 000000005759A240
R
P 0000000056969C18
C 294
R
P 0000000056969C18
P 000000005759A240
C 9
R
P 0000000056969C18
C 294
R
P 0000000056969C18
P 000000005814CF68
P 000000005759A240
C 354
R
P 0000000056969C18
C 294
R
P 0000000056969C18
C 410
= 00000000576B60E8
R
P 0000000056969C18
C 294
R
P 0000000056969C18
P 00000000576B60E8
C 417
R
P 0000000056969C18
C 294
R
P 0000000056969C18
P 000000005814CF68
C 358
R
P 0000000056969C18
C 294
R
P 0000000056969C18
P 000000005814CF68
U 0
C 359
= 0000000057293718
R
P 0000000056969C18
C 294
R
P 0000000056969C18
P 0000000057293718
C 9
R
P 0000000056969C18
C 294
R
P 0000000056969C18
P 000000005814CF68
U 1
C 359
= 000000005759A240
R
P 0000000056969C18
C 294
R
P 0000000056969C18
P 000000005759A240
C 9
R
P 0000000056969C18
C 294
R
P 0000000056969C18
P 00000000576B60E8
P 0000000057293718
C 423
R
P 0000000056969C18
C 294
R
P 0000000056969C18
P 00000000576B60E8
P 000000005759A240
C 423
R
P 0000000056969C18
C 294
R
P 0000000056969C18
P 00000000576B60E8
C 433
R
P 0000000056969C18
C 294
R
P 0000000056969C18
P 00000000576B60E8
C 426
R
P 0000000056969C18
C 294
R
P 0000000056969C18
P 00000000576B60E8
C 428
= 000000005814D208
R
P 0000000056969C18
C 294
R
P 0000000056969C18
P 000000005814D208
C 247
R
P 0000000056969C18
C 294
R
P 0000000056969C18
P 000000005814D208
C 279
R
P 0000000056969C18
C 294
R
P 0000000056969C18
P 00000000576B60E8
C 428
= 000000005814D238
R
P 0000000056969C18
C 294
R
P 0000000056969C18
P 000000005814D238
C 247
R
P 0000000056969C18
C 294
R
P 0000000056969C18
P 0000000056929CC8
C 198
= 000000005759A6E8
R
P 0000000056969C18
C 294
R
P 0000000056969C18
P 000000005759A6E8
C 9
R
P 0000000056969C18
C 294
R
P 0000000056969C18
P 000000005759A6E8
C 187
= 0000000056929CE8
R
P 0000000056969C18
C 294
R
P 0000000056969C18
P 0000000056929CE8
C 165
R
P 0000000056969C18
C 294
R
P 0000000056969C18
P 000000005759A6E8
C 185
R
P 0000000056969C18
C 294
R
P 0000000056969C18
P 000000005814D238
P 000000005759A6E8
C 250
= 0000000056929DC8
R
P 0000000056969C18
C 294
R
P 0000000056969C18
P 0000000056929DC8
C 260
R
P 0000000056969C18
C 294
R
P 0000000056969C18
P 0000000056929DC8
C 261
= 0000000057599D38
R
P 0000000056969C18
C 294
R
P 0000000056969C18
P 0000000057599D38
C 9
R
P 0000000056969C18
C 294
R
P 0000000056969C18
P 0000000057599D38
C 187
= 00000000569285A8
R
P 0000000056969C18
C 294
R
P 0000000056969C18
P 00000000569285A8
C 165
R
P 0000000056969C18
C 294
R
P 0000000056969C18
P 0000000057599D38
C 185
R
P 0000000056969C18
C 294
R
P 0000000056969C18
P 000000005814D238
P 0000000057599D38
C 252
= 000000005814D358
R
P 0000000056969C18
C 294
R
P 0000000056969C18
P 000000005814D358
C 262
R
P 0000000056969C18
C 294
R
P 0000000056969C18
P 000000005814D358
C 264
R
P 0000000056969C18
C 294
R
P 0000000056969C18
P 000000005814D358
U 0
C 265
= 0000000058480D98
R
P 0000000056969C18
C 294
R
P 0000000056969C18
P 0000000058480D98
C 268
R
P 0000000056969C18
C 294
R
P 0000000056969C18
P 0000000058480D98
C 271
R
P 0000000056969C18
C 294
R
P 0000000056969C18
P 0000000058480D98
C 271
R
P 0000000056969C18
C 294
R
P 0000000056969C18
P 0000000058480D98
U 0
C 272
= 0000000056928A48
R
P 0000000056969C18
C 294
R
P 0000000056969C18
P 0000000056928A48
C 207
R
P 0000000056969C18
C 294
R
P 0000000056969C18
P 0000000056928A48
C 204
= 0000000056928128
R
P 0000000056969C18
C 294
R
P 0000000056969C18
P 0000000056928128
C 165
R
P 0000000056969C18
C 294
R
P 0000000056969C18
P 0000000056928A48
C 210
R
P 0000000056969C18
C 294
R
P 0000000056969C18
P 0000000056928A48
C 209
R
P 0000000056969C18
C 294
R
P 0000000056969C18
P 0000000056928A48
C 9
R
P 0000000056969C18
C 294
R
P 0000000056969C18
P 0000000056928A48
C 213
R
P 0000000056969C18
C 294
R
P 0000000056969C18
P 0000000058480D98
C 270
= 0000000056929D48
R
P 0000000056969C18
C 294
R
P 0000000056969C18
P 0000000056929D48
C 207
R
P 0000000056969C18
C 294
R
P 0000000056969C18
P 0000000056929D48
C 204
= 00000000569285A8
R
P 0000000056969C18
C 294
R
P 0000000056969C18
P 00000000569285A8
C 165
R
P 0000000056969C18
C 294
R
P 0000000056969C18
P 0000000056929D48
C 210
R
P 0000000056969C18
C 294
R
P 0000000056969C18
P 0000000056929D48
C 209
R
P 0000000056969C18
C 294
R
P 0000000056969C18
P 0000000056929D48
C 9
R
P 0000000056969C18
C 294
R
P 0000000056969C18
P 0000000056929D48
C 213
R
P 0000000056969C18
C 294
R
P 0000000056969C18
P 000000005814D358
C 266
= 0000000056929D48
R
P 0000000056969C18
C 294
R
P 0000000056969C18
P 0000000056929D48
C 207
R
P 0000000056969C18
C 294
R
P 0000000056969C18
P 0000000056929D48
C 204
= 00000000569285A8
R
P 0000000056969C18
C 294
R
P 0000000056969C18
P 00000000569285A8
C 165
R
P 0000000056969C18
C 294
R
P 0000000056969C18
P 0000000056929D48
C 210
R
P 0000000056969C18
C 294
R
P 0000000056969C18
P 0000000056929D48
C 209
R
P 0000000056969C18
C 294
R
P 0000000056969C18
P 0000000056929D48
C 9
R
P 0000000056969C18
C 294
R
P 0000000056969C18
P 0000000056929D48
C 213
R
P 0000000056969C18
C 294
R
P 0000000056969C18
P 00000000576B60E8
C 428
= 00000000584EF3A8
R
P 0000000056969C18
C 294
R
P 0000000056969C18
P 00000000584EF3A8
C 247
R
P 0000000056969C18
C 294
R
P 0000000056969C18
P 0000000056928D68
C 198
= 000000005692A498
R
P 0000000056969C18
C 294
R
P 0000000056969C18
P 000000005692A498
C 9
R
P 0000000056969C18
C 294
R
P 0000000056969C18
P 000000005692A498
C 185
R
P 0000000056969C18
C 294
R
P 0000000056969C18
P 000000005692A498
C 187
= 0000000056928128
R
P 0000000056969C18
C 294
R
P 0000000056969C18
P 0000000056928128
C 165
R
P 0000000056969C18
C 294
R
P 0000000056969C18
P 00000000584EF3A8
P 000000005692A498
C 250
= 0000000056929D88
R
P 0000000056969C18
C 294
R
P 0000000056969C18
P 0000000056929D88
C 207
R
P 0000000056969C18
C 294
R
P 0000000056969C18
P 0000000056929D88
C 204
= 0000000056928128
R
P 0000000056969C18
C 294
R
P 0000000056969C18
P 0000000056928128
C 165
R
P 0000000056969C18
C 294
R
P 0000000056969C18
P 0000000056929D88
C 210
R
P 0000000056969C18
C 294
R
P 0000000056969C18
P 0000000056929D88
C 209
R
P 0000000056969C18
C 294
R
P 0000000056969C18
P 0000000056929D88
C 9
R
P 0000000056969C18
C 294
R
P 0000000056969C18
P 0000000056929D88
C 213
R
P 0000000056969C18
C 294
R
P 0000000056969C18
P 00000000576B60E8
C 428
= 00000000584EE8C8
R
P 0000000056969C18
C 294
R
P 0000000056969C18
P 00000000584EE8C8
C 247
R
P 0000000056969C18
C 294
R
P 0000000056969C18
P 000000005759C7E8
C 187
= 0000000056928128
R
P 0000000056969C18
C 294
R
P 0000000056969C18
P 0000000056928128
C 165
R
P 0000000056969C18
C 294
R
P 0000000056969C18
P 000000005759C7E8
C 185
R
P 0000000056969C18
C 294
R
P 0000000056969C18
P 00000000584EE8C8
P 000000005759C7E8
C 252
= 00000000584EE8F8
R
P 0000000056969C18
C 294
R
P 0000000056969C18
P 00000000584EE8F8
C 262
R
P 0000000056969C18
C 294
R
P 0000000056969C18
P 00000000584EE8F8
C 264
R
P 0000000056969C18
C 294
R
P 0000000056969C18
P 00000000584EE8F8
U 0
C 265
= 0000000058480FD8
R
P 0000000056969C18
C 294
R
P 0000000056969C18
P 0000000058480FD8
C 268
R
P 0000000056969C18
C 294
R
P 0000000056969C18
P 0000000058480FD8
C 271
R
P 0000000056969C18
C 294
R
P 0000000056969C18
P 0000000058480FD8
C 271
R
P 0000000056969C18
C 294
R
P 0000000056969C18
P 0000000058480FD8
U 0
C 272
= 0000000056929D88
R
P 0000000056969C18
C 294
R
P 0000000056969C18
P 0000000056929D88
C 207
R
P 0000000056969C18
C 294
R
P 0000000056969C18
P 0000000056929D88
C 204
= 0000000056928128
R
P 0000000056969C18
C 294
R
P 0000000056969C18
P 0000000056928128
C 165
R
P 0000000056969C18
C 294
R
P 0000000056969C18
P 0000000056929D88
C 210
R
P 0000000056969C18
C 294
R
P 0000000056969C18
P 0000000056929D88
C 209
R
P 0000000056969C18
C 294
R
P 0000000056969C18
P 0000000056929D88
C 9
R
P 0000000056969C18
C 294
R
P 0000000056969C18
P 0000000056929D88
C 213
R
P 0000000056969C18
C 294
R
P 0000000056969C18
P 0000000058480FD8
C 270
= 0000000056929DA8
R
P 0000000056969C18
C 294
R
P 0000000056969C18
P 0000000056929DA8
C 207
R
P 0000000056969C18
C 294
R
P 0000000056969C18
P 0000000056929DA8
C 204
= 0000000056928128
R
P 0000000056969C18
C 294
R
P 0000000056969C18
P 0000000056928128
C 165
R
P 0000000056969C18
C 294
R
P 0000000056969C18
P 0000000056929DA8
C 210
R
P 0000000056969C18
C 294
R
P 0000000056969C18
P 0000000056929DA8
C 209
R
P 0000000056969C18
C 294
R
P 0000000056969C18
P 0000000056929DA8
C 9
R
P 0000000056969C18
C 294
R
P 0000000056969C18
P 0000000056929DA8
C 213
R
P 0000000056969C18
C 294
R
P 0000000056969C18
P 00000000584EE8F8
C 266
= 0000000056929DA8
R
P 0000000056969C18
C 294
R
P 0000000056969C18
P 0000000056929DA8
C 207
R
P 0000000056969C18
C 294
R
P 0000000056969C18
P 0000000056929DA8
C 204
= 0000000056928128
R
P 0000000056969C18
C 294
R
P 0000000056969C18
P 0000000056928128
C 165
R
P 0000000056969C18
C 294
R
P 0000000056969C18
P 0000000056929DA8
C 210
R
P 0000000056969C18
C 294
R
P 0000000056969C18
P 0000000056929DA8
C 209
R
P 0000000056969C18
C 294
R
P 0000000056969C18
P 0000000056929DA8
C 9
R
P 0000000056969C18
C 294
R
P 0000000056969C18
P 0000000056929DA8
C 213
R
P 0000000056969C18
C 294
R
P 0000000056969C18
P 00000000576B60E8
C 428
= 00000000584EE448
R
P 0000000056969C18
C 294
R
P 0000000056969C18
P 00000000584EE448
C 247
R
P 0000000056969C18
C 294
R
P 0000000056969C18
P 0000000056929CC8
C 198
= 000000005759A6E8
R
P 0000000056969C18
C 294
R
P 0000000056969C18
P 000000005759A6E8
C 9
R
P 0000000056969C18
C 294
R
P 0000000056969C18
P 000000005759A6E8
C 187
= 0000000056929CE8
R
P 0000000056969C18
C 294
R
P 0000000056969C18
P 0000000056929CE8
C 165
R
P 0000000056969C18
C 294
R
P 0000000056969C18
P 000000005759A6E8
C 185
R
P 0000000056969C18
C 294
R
P 0000000056969C18
P 00000000584EE448
P 000000005759A6E8
C 250
= 0000000056929DC8
R
P 0000000056969C18
C 294
R
P 0000000056969C18
P 0000000056929DC8
C 260
R
P 0000000056969C18
C 294
R
P 0000000056969C18
P 0000000056929DC8
C 261
= 0000000057599D38
R
P 0000000056969C18
C 294
R
P 0000000056969C18
P 0000000057599D38
C 9
R
P 0000000056969C18
C 294
R
P 0000000056969C18
P 0000000057599D38
C 187
= 00000000569285A8
R
P 0000000056969C18
C 294
R
P 0000000056969C18
P 00000000569285A8
C 165
R
P 0000000056969C18
C 294
R
P 0000000056969C18
P 0000000057599D38
C 185
R
P 0000000056969C18
C 294
R
P 0000000056969C18
P 00000000584EE448
P 0000000057599D38
C 252
= 00000000584EE208
R
P 0000000056969C18
C 294
R
P 0000000056969C18
P 00000000584EE208
C 262
R
P 0000000056969C18
C 294
R
P 0000000056969C18
P 00000000584EE208
C 264
R
P 0000000056969C18
C 294
R
P 0000000056969C18
P 00000000584EE208
U 0
C 265
= 0000000058480F58
R
P 0000000056969C18
C 294
R
P 0000000056969C18
P 0000000058480F58
C 268
R
P 0000000056969C18
C 294
R
P 0000000056969C18
P 0000000058480F58
C 271
R
P 0000000056969C18
C 294
R
P 0000000056969C18
P 0000000058480F58
C 271
R
P 0000000056969C18
C 294
R
P 0000000056969C18
P 0000000058480F58
U 0
C 272
= 0000000056928A48
R
P 0000000056969C18
C 294
R
P 0000000056969C18
P 0000000056928A48
C 207
R
P 0000000056969C18
C 294
R
P 0000000056969C18
P 0000000056928A48
C 204
= 0000000056928128
R
P 0000000056969C18
C 294
R
P 0000000056969C18
P 0000000056928128
C 165
R
P 0000000056969C18
C 294
R
P 0000000056969C18
P 0000000056928A48
C 210
R
P 0000000056969C18
C 294
R
P 0000000056969C18
P 0000000056928A48
C 209
R
P 0000000056969C18
C 294
R
P 0000000056969C18
P 0000000056928A48
C 9
R
P 0000000056969C18
C 294
R
P 0000000056969C18
P 0000000056928A48
C 213
R
P 0000000056969C18
C 294
R
P 0000000056969C18
P 0000000058480F58
C 270
= 0000000056929D48
R
P 0000000056969C18
C 294
R
P 0000000056969C18
P 0000000056929D48
C 207
R
P 0000000056969C18
C 294
R
P 0000000056969C18
P 0000000056929D48
C 204
= 00000000569285A8
R
P 0000000056969C18
C 294
R
P 0000000056969C18
P 00000000569285A8
C 165
R
P 0000000056969C18
C 294
R
P 0000000056969C18
P 0000000056929D48
C 210
R
P 0000000056969C18
C 294
R
P 0000000056969C18
P 0000000056929D48
C 209
R
P 0000000056969C18
C 294
R
P 0000000056969C18
P 0000000056929D48
C 9
R
P 0000000056969C18
C 294
R
P 0000000056969C18
P 0000000056929D48
C 213
R
P 0000000056969C18
C 294
R
P 0000000056969C18
P 00000000584EE208
C 266
= 0000000056929D48
R
P 0000000056969C18
C 294
R
P 0000000056969C18
P 0000000056929D48
C 207
R
P 0000000056969C18
C 294
R
P 0000000056969C18
P 0000000056929D48
C 204
= 00000000569285A8
R
P 0000000056969C18
C 294
R
P 0000000056969C18
P 00000000569285A8
C 165
R
P 0000000056969C18
C 294
R
P 0000000056969C18
P 0000000056929D48
C 210
R
P 0000000056969C18
C 294
R
P 0000000056969C18
P 0000000056929D48
C 209
R
P 0000000056969C18
C 294
R
P 0000000056969C18
P 0000000056929D48
C 9
R
P 0000000056969C18
C 294
R
P 0000000056969C18
P 0000000056929D48
C 213
R
P 0000000056969C18
C 294
M "ArrayExample2"
R
P 0000000056969C18
C 31
= 0000000056928068
R
P 0000000056969C18
C 294
R
P 0000000056969C18
P 0000000056928068
C 9
R
P 0000000056969C18
C 294
R
P 0000000056969C18
P 0000000056928068
P 0000000056928068
C 36
= 0000000056929DE8
R
P 0000000056969C18
C 294
R
P 0000000056969C18
P 0000000056929DE8
C 9
R
P 0000000056969C18
C 294
R
P 0000000056969C18
S "array_0"
C 29
R
P 0000000056969C18
C 294
R
P 0000000056969C18
$ |array_0|
P 0000000056929DE8
C 49
= 0000000056929E08
R
P 0000000056969C18
C 294
R
P 0000000056969C18
P 0000000056929E08
C 207
R
P 0000000056969C18
C 294
R
P 0000000056969C18
P 0000000056929E08
C 204
= 0000000056929DE8
R
P 0000000056969C18
C 294
R
P 0000000056969C18
P 0000000056929DE8
C 165
R
P 0000000056969C18
C 294
R
P 0000000056969C18
P 0000000056929E08
C 210
R
P 0000000056969C18
C 294
R
P 0000000056969C18
P 0000000056929E08
C 209
R
P 0000000056969C18
C 294
R
P 0000000056969C18
P 0000000056929E08
C 9
R
P 0000000056969C18
C 294
R
P 0000000056969C18
S "array_1"
C 29
R
P 0000000056969C18
C 294
R
P 0000000056969C18
$ |array_1|
P 0000000056929DE8
C 49
= 0000000056929E28
R
P 0000000056969C18
C 294
R
P 0000000056969C18
P 0000000056929E28
C 207
R
P 0000000056969C18
C 294
R
P 0000000056969C18
P 0000000056929E28
C 204
= 0000000056929DE8
R
P 0000000056969C18
C 294
R
P 0000000056969C18
P 0000000056929DE8
C 165
R
P 0000000056969C18
C 294
R
P 0000000056969C18
P 0000000056929E28
C 210
R
P 0000000056969C18
C 294
R
P 0000000056969C18
P 0000000056929E28
C 209
R
P 0000000056969C18
C 294
R
P 0000000056969C18
P 0000000056929E28
C 9
R
P 0000000056969C18
C 294
R
P 0000000056969C18
U 2
P 0000000056929E08
P 0000000056929E28
p 2
C 55
= 000000005759A278
R
P 0000000056969C18
C 294
R
P 0000000056969C18
P 000000005759A278
C 9
R
P 0000000056969C18
C 294
R
P 0000000056969C18
P 000000005759A278
C 275
R
P 0000000056969C18
C 294
R
P 0000000056969C18
C 410
= 0000000058480F98
R
P 0000000056969C18
C 294
R
P 0000000056969C18
P 0000000058480F98
C 417
R
P 0000000056969C18
C 294
R
P 0000000056969C18
P 0000000058480F98
P 000000005759A278
C 423
R
P 0000000056969C18
C 294
R
P 0000000056969C18
P 0000000058480F98
C 426
R
P 0000000056969C18
C 294
R
P 0000000056969C18
P 0000000058480F98
C 428
= 00000000584EE778
R
P 0000000056969C18
C 294
R
P 0000000056969C18
P 00000000584EE778
C 247
R
P 0000000056969C18
C 294
R
P 0000000056969C18
P 0000000056929E08
C 275
R
P 0000000056969C18
C 294
R
P 0000000056969C18
P 00000000584EE778
P 0000000056929E08
I 0
P 0000000000000000
C 249
* 0000000056929E48 4
R
P 0000000056969C18
C 294
R
P 0000000056969C18
P 0000000056929E48
C 207
R
P 0000000056969C18
C 294
R
P 0000000056969C18
P 0000000056929E48
C 204
= 0000000056929DE8
R
P 0000000056969C18
C 294
R
P 0000000056969C18
P 0000000056929DE8
C 165
R
P 0000000056969C18
C 294
R
P 0000000056969C18
P 0000000056929E48
C 210
R
P 0000000056969C18
C 294
R
P 0000000056969C18
P 0000000056929E48
C 209
R
P 0000000056969C18
C 294
R
P 0000000056969C18
P 0000000056929E48
C 9
R
P 0000000056969C18
C 294
R
P 0000000056969C18
P 0000000056929E48
C 275
R
P 0000000056969C18
C 294
R
P 0000000056969C18
P 0000000056929E28
C 275
R
P 0000000056969C18
C 294
R
P 0000000056969C18
P 00000000584EE778
P 0000000056929E28
I 0
P 0000000000000000
C 249
* 0000000056929E68 4
R
P 0000000056969C18
C 294
R
P 0000000056969C18
P 0000000056929E68
C 207
R
P 0000000056969C18
C 294
R
P 0000000056969C18
P 0000000056929E68
C 204
= 0000000056929DE8
R
P 0000000056969C18
C 294
R
P 0000000056969C18
P 0000000056929DE8
C 165
R
P 0000000056969C18
C 294
R
P 0000000056969C18
P 0000000056929E68
C 210
R
P 0000000056969C18
C 294
R
P 0000000056969C18
P 0000000056929E68
C 209
R
P 0000000056969C18
C 294
R
P 0000000056969C18
P 0000000056929E68
C 9
R
P 0000000056969C18
C 294
R
P 0000000056969C18
P 0000000056929E68
C 275
R
P 0000000056969C18
C 294
R
P 0000000056969C18
C 31
= 0000000056928068
R
P 0000000056969C18
C 294
R
P 0000000056969C18
P 0000000056928068
C 9
R
P 0000000056969C18
C 294
R
P 0000000056969C18
P 0000000056928068
P 0000000056928068
C 36
= 0000000056929DE8
R
P 0000000056969C18
C 294
R
P 0000000056969C18
P 0000000056929DE8
C 9
R
P 0000000056969C18
C 294
R
P 0000000056969C18
S "array_0"
C 29
R
P 0000000056969C18
C 294
R
P 0000000056969C18
$ |array_0|
P 0000000056929DE8
C 49
= 0000000056929E08
R
P 0000000056969C18
C 294
R
P 0000000056969C18
P 0000000056929E08
C 207
R
P 0000000056969C18
C 294
R
P 0000000056969C18
P 0000000056929E08
C 204
= 0000000056929DE8
R
P 0000000056969C18
C 294
R
P 0000000056969C18
P 0000000056929DE8
C 165
R
P 0000000056969C18
C 294
R
P 0000000056969C18
P 0000000056929E08
C 210
R
P 0000000056969C18
C 294
R
P 0000000056969C18
P 0000000056929E08
C 209
R
P 0000000056969C18
C 294
R
P 0000000056969C18
P 0000000056929E08
C 9
R
P 0000000056969C18
C 294
R
P 0000000056969C18
S "array_1"
C 29
R
P 0000000056969C18
C 294
R
P 0000000056969C18
$ |array_1|
P 0000000056929DE8
C 49
= 0000000056929E28
R
P 0000000056969C18
C 294
R
P 0000000056969C18
P 0000000056929E28
C 207
R
P 0000000056969C18
C 294
R
P 0000000056969C18
P 0000000056929E28
C 204
= 0000000056929DE8
R
P 0000000056969C18
C 294
R
P 0000000056969C18
P 0000000056929DE8
C 165
R
P 0000000056969C18
C 294
R
P 0000000056969C18
P 0000000056929E28
C 210
R
P 0000000056969C18
C 294
R
P 0000000056969C18
P 0000000056929E28
C 209
R
P 0000000056969C18
C 294
R
P 0000000056969C18
P 0000000056929E28
C 9
R
P 0000000056969C18
C 294
R
P 0000000056969C18
S "array_2"
C 29
R
P 0000000056969C18
C 294
R
P 0000000056969C18
$ |array_2|
P 0000000056929DE8
C 49
= 0000000056929E88
R
P 0000000056969C18
C 294
R
P 0000000056969C18
P 0000000056929E88
C 207
R
P 0000000056969C18
C 294
R
P 0000000056969C18
P 0000000056929E88
C 204
= 0000000056929DE8
R
P 0000000056969C18
C 294
R
P 0000000056969C18
P 0000000056929DE8
C 165
R
P 0000000056969C18
C 294
R
P 0000000056969C18
P 0000000056929E88
C 210
R
P 0000000056969C18
C 294
R
P 0000000056969C18
P 0000000056929E88
C 209
R
P 0000000056969C18
C 294
R
P 0000000056969C18
P 0000000056929E88
C 9
R
P 0000000056969C18
C 294
R
P 0000000056969C18
U 3
P 0000000056929E08
P 0000000056929E28
P 0000000056929E88
p 3
C 55
= 000000005692DE88
R
P 0000000056969C18
C 294
R
P 0000000056969C18
P 000000005692DE88
C 9
R
P 0000000056969C18
C 294
R
P 0000000056969C18
P 000000005692DE88
C 275
R
P 0000000056969C18
C 294
R
P 0000000056969C18
C 410
= 00000000586A7C58
R
P 0000000056969C18
C 294
R
P 0000000056969C18
P 00000000586A7C58
C 417
R
P 0000000056969C18
C 294
R
P 0000000056969C18
P 00000000586A7C58
P 000000005692DE88
C 423
R
P 0000000056969C18
C 294
R
P 0000000056969C18
P 00000000586A7C58
C 426
R
P 0000000056969C18
C 294
R
P 0000000056969C18
P 00000000586A7C58
C 428
= 0000000058739C28
R
P 0000000056969C18
C 294
R
P 0000000056969C18
P 0000000058739C28
C 247
R
P 0000000056969C18
C 294
R
P 0000000056969C18
P 0000000056929E08
C 275
R
P 0000000056969C18
C 294
R
P 0000000056969C18
P 0000000058739C28
P 0000000056929E08
I 0
P 0000000000000000
C 249
* 0000000056929EC8 4
R
P 0000000056969C18
C 294
R
P 0000000056969C18
P 0000000056929EC8
C 207
R
P 0000000056969C18
C 294
R
P 0000000056969C18
P 0000000056929EC8
C 204
= 0000000056929DE8
R
P 0000000056969C18
C 294
R
P 0000000056969C18
P 0000000056929DE8
C 165
R
P 0000000056969C18
C 294
R
P 0000000056969C18
P 0000000056929EC8
C 210
R
P 0000000056969C18
C 294
R
P 0000000056969C18
P 0000000056929EC8
C 209
R
P 0000000056969C18
C 294
R
P 0000000056969C18
P 0000000056929EC8
C 9
R
P 0000000056969C18
C 294
R
P 0000000056969C18
P 0000000056929EC8
C 275
R
P 0000000056969C18
C 294
R
P 0000000056969C18
P 0000000056929E28
C 275
R
P 0000000056969C18
C 294
R
P 0000000056969C18
P 0000000058739C28
P 0000000056929E28
I 0
P 0000000000000000
C 249
* 0000000056929EE8 4
R
P 0000000056969C18
C 294
R
P 0000000056969C18
P 0000000056929EE8
C 207
R
P 0000000056969C18
C 294
R
P 0000000056969C18
P 0000000056929EE8
C 204
= 0000000056929DE8
R
P 0000000056969C18
C 294
R
P 0000000056969C18
P 0000000056929DE8
C 165
R
P 0000000056969C18
C 294
R
P 0000000056969C18
P 0000000056929EE8
C 210
R
P 0000000056969C18
C 294
R
P 0000000056969C18
P 0000000056929EE8
C 209
R
P 0000000056969C18
C 294
R
P 0000000056969C18
P 0000000056929EE8
C 9
R
P 0000000056969C18
C 294
R
P 0000000056969C18
P 0000000056929EE8
C 275
R
P 0000000056969C18
C 294
R
P 0000000056969C18
P 0000000056929E88
C 275
R
P 0000000056969C18
C 294
R
P 0000000056969C18
P 0000000058739C28
P 0000000056929E88
I 0
P 0000000000000000
C 249
* 0000000056929F08 4
R
P 0000000056969C18
C 294
R
P 0000000056969C18
P 0000000056929F08
C 207
R
P 0000000056969C18
C 294
R
P 0000000056969C18
P 0000000056929F08
C 204
= 0000000056929DE8
R
P 0000000056969C18
C 294
R
P 0000000056969C18
P 0000000056929DE8
C 165
R
P 0000000056969C18
C 294
R
P 0000000056969C18
P 0000000056929F08
C 210
R
P 0000000056969C18
C 294
R
P 0000000056969C18
P 0000000056929F08
C 209
R
P 0000000056969C18
C 294
R
P 0000000056969C18
P 0000000056929F08
C 9
R
P 0000000056969C18
C 294
R
P 0000000056969C18
P 0000000056929F08
C 275
R
P 0000000056969C18
C 294
R
P 0000000056969C18
C 31
= 0000000056928068
R
P 0000000056969C18
C 294
R
P 0000000056969C18
P 0000000056928068
C 9
R
P 0000000056969C18
C 294
R
P 0000000056969C18
P 0000000056928068
P 0000000056928068
C 36
= 0000000056929DE8
R
P 0000000056969C18
C 294
R
P 0000000056969C18
P 0000000056929DE8
C 9
R
P 0000000056969C18
C 294
R
P 0000000056969C18
S "array_0"
C 29
R
P 0000000056969C18
C 294
R
P 0000000056969C18
$ |array_0|
P 0000000056929DE8
C 49
= 0000000056929E08
R
P 0000000056969C18
C 294
R
P 0000000056969C18
P 0000000056929E08
C 207
R
P 0000000056969C18
C 294
R
P 0000000056969C18
P 0000000056929E08
C 204
= 0000000056929DE8
R
P 0000000056969C18
C 294
R
P 0000000056969C18
P 0000000056929DE8
C 165
R
P 0000000056969C18
C 294
R
P 0000000056969C18
P 0000000056929E08
C 210
R
P 0000000056969C18
C 294
R
P 0000000056969C18
P 0000000056929E08
C 209
R
P 0000000056969C18
C 294
R
P 0000000056969C18
P 0000000056929E08
C 9
R
P 0000000056969C18
C 294
R
P 0000000056969C18
S "array_1"
C 29
R
P 0000000056969C18
C 294
R
P 0000000056969C18
$ |array_1|
P 0000000056929DE8
C 49
= 0000000056929E28
R
P 0000000056969C18
C 294
R
P 0000000056969C18
P 0000000056929E28
C 207
R
P 0000000056969C18
C 294
R
P 0000000056969C18
P 0000000056929E28
C 204
= 0000000056929DE8
R
P 0000000056969C18
C 294
R
P 0000000056969C18
P 0000000056929DE8
C 165
R
P 0000000056969C18
C 294
R
P 0000000056969C18
P 0000000056929E28
C 210
R
P 0000000056969C18
C 294
R
P 0000000056969C18
P 0000000056929E28
C 209
R
P 0000000056969C18
C 294
R
P 0000000056969C18
P 0000000056929E28
C 9
R
P 0000000056969C18
C 294
R
P 0000000056969C18
S "array_2"
C 29
R
P 0000000056969C18
C 294
R
P 0000000056969C18
$ |array_2|
P 0000000056929DE8
C 49
= 0000000056929E88
R
P 0000000056969C18
C 294
R
P 0000000056969C18
P 0000000056929E88
C 207
R
P 0000000056969C18
C 294
R
P 0000000056969C18
P 0000000056929E88
C 204
= 0000000056929DE8
R
P 0000000056969C18
C 294
R
P 0000000056969C18
P 0000000056929DE8
C 165
R
P 0000000056969C18
C 294
R
P 0000000056969C18
P 0000000056929E88
C 210
R
P 0000000056969C18
C 294
R
P 0000000056969C18
P 0000000056929E88
C 209
R
P 0000000056969C18
C 294
R
P 0000000056969C18
P 0000000056929E88
C 9
R
P 0000000056969C18
C 294
R
P 0000000056969C18
S "array_3"
C 29
R
P 0000000056969C18
C 294
R
P 0000000056969C18
$ |array_3|
P 0000000056929DE8
C 49
= 0000000056929EA8
R
P 0000000056969C18
C 294
R
P 0000000056969C18
P 0000000056929EA8
C 207
R
P 0000000056969C18
C 294
R
P 0000000056969C18
P 0000000056929EA8
C 204
= 0000000056929DE8
R
P 0000000056969C18
C 294
R
P 0000000056969C18
P 0000000056929DE8
C 165
R
P 0000000056969C18
C 294
R
P 0000000056969C18
P 0000000056929EA8
C 210
R
P 0000000056969C18
C 294
R
P 0000000056969C18
P 0000000056929EA8
C 209
R
P 0000000056969C18
C 294
R
P 0000000056969C18
P 0000000056929EA8
C 9
R
P 0000000056969C18
C 294
R
P 0000000056969C18
U 4
P 0000000056929E08
P 0000000056929E28
P 0000000056929E88
P 0000000056929EA8
p 4
C 55
= 0000000056930210
R
P 0000000056969C18
C 294
R
P 0000000056969C18
P 0000000056930210
C 9
R
P 0000000056969C18
C 294
R
P 0000000056969C18
P 0000000056930210
C 275
R
P 0000000056969C18
C 294
R
P 0000000056969C18
C 410
= 0000000058836F88
R
P 0000000056969C18
C 294
R
P 0000000056969C18
P 0000000058836F88
C 417
R
P 0000000056969C18
C 294
R
P 0000000056969C18
P 0000000058836F88
P 0000000056930210
C 423
R
P 0000000056969C18
C 294
R
P 0000000056969C18
P 0000000058836F88
C 426
R
P 0000000056969C18
C 294
R
P 0000000056969C18
P 0000000058836F88
C 428
= 0000000058B5E1F8
R
P 0000000056969C18
C 294
R
P 0000000056969C18
P 0000000058B5E1F8
C 247
R
P 0000000056969C18
C 294
R
P 0000000056969C18
P 0000000056929E08
C 275
R
P 0000000056969C18
C 294
R
P 0000000056969C18
P 0000000058B5E1F8
P 0000000056929E08
I 0
P 0000000000000000
C 249
* 000000005692A008 4
R
P 0000000056969C18
C 294
R
P 0000000056969C18
P 000000005692A008
C 207
R
P 0000000056969C18
C 294
R
P 0000000056969C18
P 000000005692A008
C 204
= 0000000056929DE8
R
P 0000000056969C18
C 294
R
P 0000000056969C18
P 0000000056929DE8
C 165
R
P 0000000056969C18
C 294
R
P 0000000056969C18
P 000000005692A008
C 210
R
P 0000000056969C18
C 294
R
P 0000000056969C18
P 000000005692A008
C 209
R
P 0000000056969C18
C 294
R
P 0000000056969C18
P 000000005692A008
C 9
R
P 0000000056969C18
C 294
R
P 0000000056969C18
P 000000005692A008
C 275
R
P 0000000056969C18
C 294
R
P 0000000056969C18
P 0000000056929E28
C 275
R
P 0000000056969C18
C 294
R
P 0000000056969C18
P 0000000058B5E1F8
P 0000000056929E28
I 0
P 0000000000000000
C 249
* 000000005692A028 4
R
P 0000000056969C18
C 294
R
P 0000000056969C18
P 000000005692A028
C 207
R
P 0000000056969C18
C 294
R
P 0000000056969C18
P 000000005692A028
C 204
= 0000000056929DE8
R
P 0000000056969C18
C 294
R
P 0000000056969C18
P 0000000056929DE8
C 165
R
P 0000000056969C18
C 294
R
P 0000000056969C18
P 000000005692A028
C 210
R
P 0000000056969C18
C 294
R
P 0000000056969C18
P 000000005692A028
C 209
R
P 0000000056969C18
C 294
R
P 0000000056969C18
P 000000005692A028
C 9
R
P 0000000056969C18
C 294
R
P 0000000056969C18
P 000000005692A028
C 275
R
P 0000000056969C18
C 294
R
P 0000000056969C18
P 0000000056929E88
C 275
R
P 0000000056969C18
C 294
R
P 0000000056969C18
P 0000000058B5E1F8
P 0000000056929E88
I 0
P 0000000000000000
C 249
* 0000000057680FE8 4
R
P 0000000056969C18
C 294
R
P 0000000056969C18
P 0000000057680FE8
C 207
R
P 0000000056969C18
C 294
R
P 0000000056969C18
P 0000000057680FE8
C 204
= 0000000056929DE8
R
P 0000000056969C18
C 294
R
P 0000000056969C18
P 0000000056929DE8
C 165
R
P 0000000056969C18
C 294
R
P 0000000056969C18
P 0000000057680FE8
C 210
R
P 0000000056969C18
C 294
R
P 0000000056969C18
P 0000000057680FE8
C 209
R
P 0000000056969C18
C 294
R
P 0000000056969C18
P 0000000057680FE8
C 9
R
P 0000000056969C18
C 294
R
P 0000000056969C18
P 0000000057680FE8
C 275
R
P 0000000056969C18
C 294
R
P 0000000056969C18
P 0000000056929EA8
C 275
R
P 0000000056969C18
C 294
R
P 0000000056969C18
P 0000000058B5E1F8
P 0000000056929EA8
I 0
P 0000000000000000
C 249
* 0000000057681008 4
R
P 0000000056969C18
C 294
R
P 0000000056969C18
P 0000000057681008
C 207
R
P 0000000056969C18
C 294
R
P 0000000056969C18
P 0000000057681008
C 204
= 0000000056929DE8
R
P 0000000056969C18
C 294
R
P 0000000056969C18
P 0000000056929DE8
C 165
R
P 0000000056969C18
C 294
R
P 0000000056969C18
P 0000000057681008
C 210
R
P 0000000056969C18
C 294
R
P 0000000056969C18
P 0000000057681008
C 209
R
P 0000000056969C18
C 294
R
P 0000000056969C18
P 0000000057681008
C 9
R
P 0000000056969C18
C 294
R
P 0000000056969C18
P 0000000057681008
C 275
R
P 0000000056969C18
C 294
R
P 0000000056969C18
C 31
= 0000000056928068
R
P 0000000056969C18
C 294
R
P 0000000056969C18
P 0000000056928068
C 9
R
P 0000000056969C18
C 294
R
P 0000000056969C18
P 0000000056928068
P 0000000056928068
C 36
= 0000000056929DE8
R
P 0000000056969C18
C 294
R
P 0000000056969C18
P 0000000056929DE8
C 9
R
P 0000000056969C18
C 294
R
P 0000000056969C18
S "array_0"
C 29
R
P 0000000056969C18
C 294
R
P 0000000056969C18
$ |array_0|
P 0000000056929DE8
C 49
= 0000000056929E08
R
P 0000000056969C18
C 294
R
P 0000000056969C18
P 0000000056929E08
C 207
R
P 0000000056969C18
C 294
R
P 0000000056969C18
P 0000000056929E08
C 204
= 0000000056929DE8
R
P 0000000056969C18
C 294
R
P 0000000056969C18
P 0000000056929DE8
C 165
R
P 0000000056969C18
C 294
R
P 0000000056969C18
P 0000000056929E08
C 210
R
P 0000000056969C18
C 294
R
P 0000000056969C18
P 0000000056929E08
C 209
R
P 0000000056969C18
C 294
R
P 0000000056969C18
P 0000000056929E08
C 9
R
P 0000000056969C18
C 294
R
P 0000000056969C18
S "array_1"
C 29
R
P 0000000056969C18
C 294
R
P 0000000056969C18
$ |array_1|
P 0000000056929DE8
C 49
= 0000000056929E28
R
P 0000000056969C18
C 294
R
P 0000000056969C18
P 0000000056929E28
C 207
R
P 0000000056969C18
C 294
R
P 0000000056969C18
P 0000000056929E28
C 204
= 0000000056929DE8
R
P 0000000056969C18
C 294
R
P 0000000056969C18
P 0000000056929DE8
C 165
R
P 0000000056969C18
C 294
R
P 0000000056969C18
P 0000000056929E28
C 210
R
P 0000000056969C18
C 294
R
P 0000000056969C18
P 0000000056929E28
C 209
R
P 0000000056969C18
C 294
R
P 0000000056969C18
P 0000000056929E28
C 9
R
P 0000000056969C18
C 294
R
P 0000000056969C18
S "array_2"
C 29
R
P 0000000056969C18
C 294
R
P 0000000056969C18
$ |array_2|
P 0000000056929DE8
C 49
= 0000000056929E88
R
P 0000000056969C18
C 294
R
P 0000000056969C18
P 0000000056929E88
C 207
R
P 0000000056969C18
C 294
R
P 0000000056969C18
P 0000000056929E88
C 204
= 0000000056929DE8
R
P 0000000056969C18
C 294
R
P 0000000056969C18
P 0000000056929DE8
C 165
R
P 0000000056969C18
C 294
R
P 0000000056969C18
P 0000000056929E88
C 210
R
P 0000000056969C18
C 294
R
P 0000000056969C18
P 0000000056929E88
C 209
R
P 0000000056969C18
C 294
R
P 0000000056969C18
P 0000000056929E88
C 9
R
P 0000000056969C18
C 294
R
P 0000000056969C18
S "array_3"
C 29
R
P 0000000056969C18
C 294
R
P 0000000056969C18
$ |array_3|
P 0000000056929DE8
C 49
= 0000000056929EA8
R
P 0000000056969C18
C 294
R
P 0000000056969C18
P 0000000056929EA8
C 207
R
P 0000000056969C18
C 294
R
P 0000000056969C18
P 0000000056929EA8
C 204
= 0000000056929DE8
R
P 0000000056969C18
C 294
R
P 0000000056969C18
P 0000000056929DE8
C 165
R
P 0000000056969C18
C 294
R
P 0000000056969C18
P 0000000056929EA8
C 210
R
P 0000000056969C18
C 294
R
P 0000000056969C18
P 0000000056929EA8
C 209
R
P 0000000056969C18
C 294
R
P 0000000056969C18
P 0000000056929EA8
C 9
R
P 0000000056969C18
C 294
R
P 0000000056969C18
S "array_4"
C 29
R
P 0000000056969C18
C 294
R
P 0000000056969C18
$ |array_4|
P 0000000056929DE8
C 49
= 0000000056929F28
R
P 0000000056969C18
C 294
R
P 0000000056969C18
P 0000000056929F28
C 207
R
P 0000000056969C18
C 294
R
P 0000000056969C18
P 0000000056929F28
C 204
= 0000000056929DE8
R
P 0000000056969C18
C 294
R
P 0000000056969C18
P 0000000056929DE8
C 165
R
P 0000000056969C18
C 294
R
P 0000000056969C18
P 0000000056929F28
C 210
R
P 0000000056969C18
C 294
R
P 0000000056969C18
P 0000000056929F28
C 209
R
P 0000000056969C18
C 294
R
P 0000000056969C18
P 0000000056929F28
C 9
R
P 0000000056969C18
C 294
R
P 0000000056969C18
U 5
P 0000000056929E08
P 0000000056929E28
P 0000000056929E88
P 0000000056929EA8
P 0000000056929F28
p 5
C 55
= 000000005877EA38
R
P 0000000056969C18
C 294
R
P 0000000056969C18
P 000000005877EA38
C 9
R
P 0000000056969C18
C 294
R
P 0000000056969C18
P 000000005877EA38
C 275
R
P 0000000056969C18
C 294
R
P 0000000056969C18
C 410
= 0000000058E04D28
R
P 0000000056969C18
C 294
R
P 0000000056969C18
P 0000000058E04D28
C 417
R
P 0000000056969C18
C 294
R
P 0000000056969C18
P 0000000058E04D28
P 000000005877EA38
C 423
R
P 0000000056969C18
C 294
R
P 0000000056969C18
P 0000000058E04D28
C 426
R
P 0000000056969C18
C 294
M "BitvectorExample1"
R
P 0000000056969C18
U 32
C 34
= 00000000569285A8
R
P 0000000056969C18
C 294
R
P 0000000056969C18
P 00000000569285A8
C 9
R
P 0000000056969C18
C 294
R
P 0000000056969C18
S "x"
C 29
R
P 0000000056969C18
C 294
R
P 0000000056969C18
$ |x|
P 00000000569285A8
C 49
= 0000000056929C68
R
P 0000000056969C18
C 294
R
P 0000000056969C18
P 0000000056929C68
C 207
R
P 0000000056969C18
C 294
R
P 0000000056969C18
P 0000000056929C68
C 204
= 00000000569285A8
R
P 0000000056969C18
C 294
R
P 0000000056969C18
P 00000000569285A8
C 165
R
P 0000000056969C18
C 294
R
P 0000000056969C18
P 0000000056929C68
C 210
R
P 0000000056969C18
C 294
R
P 0000000056969C18
P 0000000056929C68
C 209
R
P 0000000056969C18
C 294
R
P 0000000056969C18
P 0000000056929C68
C 9
R
P 0000000056969C18
C 294
R
P 0000000056969C18
S "0"
P 00000000569285A8
C 142
= 0000000056929CA8
R
P 0000000056969C18
C 294
R
P 0000000056969C18
P 0000000056929CA8
C 207
R
P 0000000056969C18
C 294
R
P 0000000056969C18
P 0000000056929CA8
C 204
= 00000000569285A8
R
P 0000000056969C18
C 294
R
P 0000000056969C18
P 00000000569285A8
C 165
R
P 0000000056969C18
C 294
R
P 0000000056969C18
P 0000000056929CA8
C 210
R
P 0000000056969C18
C 294
R
P 0000000056969C18
P 0000000056929CA8
C 209
R
P 0000000056969C18
C 294
R
P 0000000056969C18
P 0000000056929CA8
C 9
R
P 0000000056969C18
C 294
R
P 0000000056969C18
U 32
C 34
= 00000000569285A8
R
P 0000000056969C18
C 294
R
P 0000000056969C18
P 00000000569285A8
C 9
R
P 0000000056969C18
C 294
R
P 0000000056969C18
I 10
P 00000000569285A8
C 144
= 0000000056929F68
R
P 0000000056969C18
C 294
R
P 0000000056969C18
P 0000000056929F68
C 207
R
P 0000000056969C18
C 294
R
P 0000000056969C18
P 0000000056929F68
C 204
= 00000000569285A8
R
P 0000000056969C18
C 294
R
P 0000000056969C18
P 00000000569285A8
C 165
R
P 0000000056969C18
C 294
R
P 0000000056969C18
P 0000000056929F68
C 210
R
P 0000000056969C18
C 294
R
P 0000000056969C18
P 0000000056929F68
C 209
R
P 0000000056969C18
C 294
R
P 0000000056969C18
P 0000000056929F68
C 9
R
P 0000000056969C18
C 294
R
P 0000000056969C18
P 0000000056929C68
P 0000000056929F68
C 89
= 0000000057591160
R
P 0000000056969C18
C 294
R
P 0000000056969C18
P 0000000057591160
C 9
R
P 0000000056969C18
C 294
R
P 0000000056969C18
P 0000000056929C68
P 0000000056929F68
C 99
= 0000000057591128
R
P 0000000056969C18
C 294
R
P 0000000056969C18
P 0000000057591128
C 9
R
P 0000000056969C18
C 294
R
P 0000000056969C18
P 0000000057591160
P 0000000056929CA8
C 99
= 0000000057591550
R
P 0000000056969C18
C 294
R
P 0000000056969C18
P 0000000057591550
C 9
R
P 0000000056969C18
C 294
R
P 0000000056969C18
P 0000000057591128
P 0000000057591550
C 58
= 000000005745EE50
R
P 0000000056969C18
C 294
R
P 0000000056969C18
P 000000005745EE50
C 9
R
P 0000000056969C18
C 294
R
P 0000000056969C18
P 000000005745EE50
C 275
R
P 0000000056969C18
C 294
R
P 0000000056969C18
C 410
= 000000005913B178
R
P 0000000056969C18
C 294
R
P 0000000056969C18
P 000000005913B178
C 417
R
P 0000000056969C18
C 294
R
P 0000000056969C18
C 13
= 0000000059144788
R
P 0000000056969C18
C 294
R
P 0000000056969C18
P 0000000059144788
C 14
R
P 0000000056969C18
C 294
R
P 0000000056969C18
S "mbqi"
C 29
R
P 0000000056969C18
C 294
R
P 0000000056969C18
P 0000000059144788
$ |mbqi|
I 0
C 16
R
P 0000000056969C18
C 294
R
P 0000000056969C18
P 000000005913B178
P 0000000059144788
C 416
R
P 0000000056969C18
C 294
R
P 0000000056969C18
P 000000005745EE50
C 56
= 000000005759A448
R
P 0000000056969C18
C 294
R
P 0000000056969C18
P 000000005759A448
C 9
R
P 0000000056969C18
C 294
R
P 0000000056969C18
P 000000005913B178
P 000000005759A448
C 423
R
P 0000000056969C18
C 294
R
P 0000000056969C18
P 000000005913B178
C 426
R
P 0000000056969C18
C 294
R
P 0000000056969C18
P 000000005913B178
C 428
= 00000000591438E8
R
P 0000000056969C18
C 294
R
P 0000000056969C18
P 00000000591438E8
C 247
R
P 0000000056969C18
C 294
R
P 0000000056969C18
P 00000000591438E8
C 279
R
P 0000000056969C18
C 294
M "BitvectorExample2"
R
P 0000000056969C18
U 32
C 34
= 00000000569285A8
R
P 0000000056969C18
C 294
R
P 0000000056969C18
P 00000000569285A8
C 9
R
P 0000000056969C18
C 294
R
P 0000000056969C18
U 32
C 34
= 00000000569285A8
R
P 0000000056969C18
C 294
R
P 0000000056969C18
P 00000000569285A8
C 9
R
P 0000000056969C18
C 294
R
P 0000000056969C18
S "x"
C 29
R
P 0000000056969C18
C 294
R
P 0000000056969C18
$ |x|
P 00000000569285A8
C 49
= 0000000056929C68
R
P 0000000056969C18
C 294
R
P 0000000056969C18
P 0000000056929C68
C 207
R
P 0000000056969C18
C 294
R
P 0000000056969C18
P 0000000056929C68
C 204
= 00000000569285A8
R
P 0000000056969C18
C 294
R
P 0000000056969C18
P 00000000569285A8
C 165
R
P 0000000056969C18
C 294
R
P 0000000056969C18
P 0000000056929C68
C 210
R
P 0000000056969C18
C 294
R
P 0000000056969C18
P 0000000056929C68
C 209
R
P 0000000056969C18
C 294
R
P 0000000056969C18
P 0000000056929C68
C 9
R
P 0000000056969C18
C 294
R
P 0000000056969C18
U 32
C 34
= 00000000569285A8
R
P 0000000056969C18
C 294
R
P 0000000056969C18
P 00000000569285A8
C 9
R
P 0000000056969C18
C 294
R
P 0000000056969C18
S "y"
C 29
R
P 0000000056969C18
C 294
R
P 0000000056969C18
$ |y|
P 00000000569285A8
C 49
= 0000000056929C88
R
P 0000000056969C18
C 294
R
P 0000000056969C18
P 0000000056929C88
C 207
R
P 0000000056969C18
C 294
R
P 0000000056969C18
P 0000000056929C88
C 204
= 00000000569285A8
R
P 0000000056969C18
C 294
R
P 0000000056969C18
P 00000000569285A8
C 165
R
P 0000000056969C18
C 294
R
P 0000000056969C18
P 0000000056929C88
C 210
R
P 0000000056969C18
C 294
R
P 0000000056969C18
P 0000000056929C88
C 209
R
P 0000000056969C18
C 294
R
P 0000000056969C18
P 0000000056929C88
C 9
R
P 0000000056969C18
C 294
R
P 0000000056969C18
P 0000000056929C68
P 0000000056929C88
C 83
= 000000005767B4C0
R
P 0000000056969C18
C 294
R
P 0000000056969C18
P 000000005767B4C0
C 9
R
P 0000000056969C18
C 294
R
P 0000000056969C18
S "103"
P 00000000569285A8
C 142
= 0000000056929F88
R
P 0000000056969C18
C 294
R
P 0000000056969C18
P 0000000056929F88
C 207
R
P 0000000056969C18
C 294
R
P 0000000056969C18
P 0000000056929F88
C 204
= 00000000569285A8
R
P 0000000056969C18
C 294
R
P 0000000056969C18
P 00000000569285A8
C 165
R
P 0000000056969C18
C 294
R
P 0000000056969C18
P 0000000056929F88
C 210
R
P 0000000056969C18
C 294
R
P 0000000056969C18
P 0000000056929F88
C 209
R
P 0000000056969C18
C 294
R
P 0000000056969C18
P 0000000056929F88
C 9
R
P 0000000056969C18
C 294
R
P 0000000056969C18
P 000000005767B4C0
P 0000000056929F88
C 89
= 000000005767B488
R
P 0000000056969C18
C 294
R
P 0000000056969C18
P 000000005767B488
C 9
R
P 0000000056969C18
C 294
R
P 0000000056969C18
P 0000000056929C68
P 0000000056929C88
C 90
= 000000005767B450
R
P 0000000056969C18
C 294
R
P 0000000056969C18
P 000000005767B450
C 9
R
P 0000000056969C18
C 294
R
P 0000000056969C18
P 000000005767B488
P 000000005767B450
C 54
= 000000005767B418
R
P 0000000056969C18
C 294
R
P 0000000056969C18
P 000000005767B418
C 9
R
P 0000000056969C18
C 294
R
P 0000000056969C18
C 410
= 0000000059140C78
R
P 0000000056969C18
C 294
R
P 0000000056969C18
P 0000000059140C78
C 417
R
P 0000000056969C18
C 294
R
P 0000000056969C18
P 0000000059140C78
P 000000005767B418
C 423
R
P 0000000056969C18
C 294
R
P 0000000056969C18
P 0000000059140C78
C 426
R
P 0000000056969C18
C 294
R
P 0000000056969C18
P 0000000059140C78
C 428
= 000000005914D7B8
R
P 0000000056969C18
C 294
R
P 0000000056969C18
P 000000005914D7B8
C 247
R
P 0000000056969C18
C 294
R
P 0000000056969C18
P 000000005914D7B8
C 279
R
P 0000000056969C18
C 294
M "ParserExample1"
R
P 0000000056969C18
S "\040benchmark tst \058extrafuns \040\040x Int\041 \040y Int\041\041 \058formula \040> x y\041 \058formula \040> x 0\041\041"
U 0
s 0
p 0
U 0
s 0
p 0
C 283
R
P 0000000056969C18
C 294
R
P 0000000056969C18
C 285
R
P 0000000056969C18
C 294
R
P 0000000056969C18
U 0
C 286
= 00000000597919E8
R
P 0000000056969C18
C 294
R
P 0000000056969C18
P 00000000597919E8
C 207
R
P 0000000056969C18
C 294
R
P 0000000056969C18
P 00000000597919E8
C 204
= 0000000056928068
R
P 0000000056969C18
C 294
R
P 0000000056969C18
P 0000000056928068
C 165
R
P 0000000056969C18
C 294
R
P 0000000056969C18
P 00000000597919E8
C 210
R
P 0000000056969C18
C 294
R
P 0000000056969C18
P 00000000597919E8
C 209
R
P 0000000056969C18
C 294
R
P 0000000056969C18
P 00000000597919E8
C 9
R
P 0000000056969C18
C 294
R
P 0000000056969C18
U 1
C 286
= 00000000597919B0
R
P 0000000056969C18
C 294
R
P 0000000056969C18
P 00000000597919B0
C 207
R
P 0000000056969C18
C 294
R
P 0000000056969C18
P 00000000597919B0
C 204
= 0000000056928068
R
P 0000000056969C18
C 294
R
P 0000000056969C18
P 0000000056928068
C 165
R
P 0000000056969C18
C 294
R
P 0000000056969C18
P 00000000597919B0
C 210
R
P 0000000056969C18
C 294
R
P 0000000056969C18
P 00000000597919B0
C 209
R
P 0000000056969C18
C 294
R
P 0000000056969C18
P 00000000597919B0
C 9
R
P 0000000056969C18
C 294
R
P 0000000056969C18
P 00000000597919E8
C 275
R
P 0000000056969C18
C 294
R
P 0000000056969C18
P 00000000597919B0
C 275
R
P 0000000056969C18
C 294
R
P 0000000056969C18
C 285
R
P 0000000056969C18
C 294
R
P 0000000056969C18
U 0
C 286
= 00000000597919E8
R
P 0000000056969C18
C 294
R
P 0000000056969C18
P 00000000597919E8
C 207
R
P 0000000056969C18
C 294
R
P 0000000056969C18
P 00000000597919E8
C 204
= 0000000056928068
R
P 0000000056969C18
C 294
R
P 0000000056969C18
P 0000000056928068
C 165
R
P 0000000056969C18
C 294
R
P 0000000056969C18
P 00000000597919E8
C 210
R
P 0000000056969C18
C 294
R
P 0000000056969C18
P 00000000597919E8
C 209
R
P 0000000056969C18
C 294
R
P 0000000056969C18
P 00000000597919E8
C 9
R
P 0000000056969C18
C 294
R
P 0000000056969C18
U 1
C 286
= 00000000597919B0
R
P 0000000056969C18
C 294
R
P 0000000056969C18
P 00000000597919B0
C 207
R
P 0000000056969C18
C 294
R
P 0000000056969C18
P 00000000597919B0
C 204
= 0000000056928068
R
P 0000000056969C18
C 294
R
P 0000000056969C18
P 0000000056928068
C 165
R
P 0000000056969C18
C 294
R
P 0000000056969C18
P 00000000597919B0
C 210
R
P 0000000056969C18
C 294
R
P 0000000056969C18
P 00000000597919B0
C 209
R
P 0000000056969C18
C 294
R
P 0000000056969C18
P 00000000597919B0
C 9
R
P 0000000056969C18
C 294
R
P 0000000056969C18
U 2
P 00000000597919E8
P 00000000597919B0
p 2
C 61
= 0000000059791978
R
P 0000000056969C18
C 294
R
P 0000000056969C18
P 0000000059791978
C 9
R
P 0000000056969C18
C 294
R
P 0000000056969C18
C 410
= 000000005949B5A8
R
P 0000000056969C18
C 294
R
P 0000000056969C18
P 000000005949B5A8
C 417
R
P 0000000056969C18
C 294
R
P 0000000056969C18
P 000000005949B5A8
P 0000000059791978
C 423
R
P 0000000056969C18
C 294
R
P 0000000056969C18
P 000000005949B5A8
C 426
R
P 0000000056969C18
C 294
R
P 0000000056969C18
P 000000005949B5A8
C 428
= 00000000595A7898
R
P 0000000056969C18
C 294
R
P 0000000056969C18
P 00000000595A7898
C 247
R
P 0000000056969C18
C 294
M "ParserExample2"
R
P 0000000056969C18
S "a"
C 29
R
P 0000000056969C18
C 294
R
P 0000000056969C18
S "b"
C 29
R
P 0000000056969C18
C 294
R
P 0000000056969C18
C 32
= 0000000056928128
R
P 0000000056969C18
C 294
R
P 0000000056969C18
P 0000000056928128
C 9
R
P 0000000056969C18
C 294
R
P 0000000056969C18
$ |a|
U 0
p 0
P 0000000056928128
C 47
= 0000000057598228
R
P 0000000056969C18
C 294
R
P 0000000056969C18
P 0000000057598228
C 9
R
P 0000000056969C18
C 294
R
P 0000000056969C18
C 32
= 0000000056928128
R
P 0000000056969C18
C 294
R
P 0000000056969C18
P 0000000056928128
C 9
R
P 0000000056969C18
C 294
R
P 0000000056969C18
$ |b|
U 0
p 0
P 0000000056928128
C 47
= 0000000057598078
R
P 0000000056969C18
C 294
R
P 0000000056969C18
P 0000000057598078
C 9
R
P 0000000056969C18
C 294
R
P 0000000056969C18
S "\040benchmark tst \058formula \040> a b\041\041"
U 0
s 0
p 0
U 2
$ |a|
$ |b|
s 2
P 0000000057598228
P 0000000057598078
p 2
C 283
R
P 0000000056969C18
C 294
R
P 0000000056969C18
C 285
R
P 0000000056969C18
C 294
R
P 0000000056969C18
U 0
C 286
= 0000000059791898
R
P 0000000056969C18
C 294
R
P 0000000056969C18
P 0000000059791898
C 207
R
P 0000000056969C18
C 294
R
P 0000000056969C18
P 0000000059791898
C 204
= 0000000056928068
R
P 0000000056969C18
C 294
R
P 0000000056969C18
P 0000000056928068
C 165
R
P 0000000056969C18
C 294
R
P 0000000056969C18
P 0000000059791898
C 210
R
P 0000000056969C18
C 294
R
P 0000000056969C18
P 0000000059791898
C 209
R
P 0000000056969C18
C 294
R
P 0000000056969C18
P 0000000059791898
C 9
R
P 0000000056969C18
C 294
R
P 0000000056969C18
P 0000000059791898
C 275
R
P 0000000056969C18
C 294
R
P 0000000056969C18
C 410
= 0000000059811308
R
P 0000000056969C18
C 294
R
P 0000000056969C18
P 0000000059811308
C 417
R
P 0000000056969C18
C 294
R
P 0000000056969C18
P 0000000059811308
P 0000000059791898
C 423
R
P 0000000056969C18
C 294
R
P 0000000056969C18
P 0000000059811308
C 426
R
P 0000000056969C18
C 294
R
P 0000000056969C18
P 0000000059811308
C 428
= 00000000595A9398
R
P 0000000056969C18
C 294
R
P 0000000056969C18
P 00000000595A9398
C 247
R
P 0000000056969C18
C 294
M "ParserExample4"
R
P 0000000056969C18
S "\040benchmark tst \058extrafuns \040\040x Int\041 \040y Int\041\041 \058assumption \040\061 x 20\041 \058formula \040> x y\041 \058formula \040> x 0\041\041"
U 0
s 0
p 0
U 0
s 0
p 0
C 283
R
P 0000000056969C18
C 294
R
P 0000000056969C18
C 289
R
P 0000000056969C18
C 294
R
P 0000000056969C18
U 0
C 290
= 000000005692A4C8
R
P 0000000056969C18
C 294
R
P 0000000056969C18
P 000000005692A4C8
C 9
R
P 0000000056969C18
C 294
R
P 0000000056969C18
U 1
C 290
= 0000000059791A20
R
P 0000000056969C18
C 294
R
P 0000000056969C18
P 0000000059791A20
C 9
R
P 0000000056969C18
C 294
R
P 0000000056969C18
U 2
C 290
= 000000005692A498
R
P 0000000056969C18
C 294
R
P 0000000056969C18
P 000000005692A498
C 9
R
P 0000000056969C18
C 294
R
P 0000000056969C18
P 000000005692A4C8
C 275
R
P 0000000056969C18
C 294
R
P 0000000056969C18
P 0000000059791A20
C 275
R
P 0000000056969C18
C 294
R
P 0000000056969C18
P 000000005692A498
C 275
R
P 0000000056969C18
C 294
R
P 0000000056969C18
C 287
R
P 0000000056969C18
C 294
R
P 0000000056969C18
U 0
C 288
= 0000000059791908
R
P 0000000056969C18
C 294
R
P 0000000056969C18
P 0000000059791908
C 207
R
P 0000000056969C18
C 294
R
P 0000000056969C18
P 0000000059791908
C 204
= 0000000056928068
R
P 0000000056969C18
C 294
R
P 0000000056969C18
P 0000000056928068
C 165
R
P 0000000056969C18
C 294
R
P 0000000056969C18
P 0000000059791908
C 210
R
P 0000000056969C18
C 294
R
P 0000000056969C18
P 0000000059791908
C 209
R
P 0000000056969C18
C 294
R
P 0000000056969C18
P 0000000059791908
C 9
R
P 0000000056969C18
C 294
R
P 0000000056969C18
P 0000000059791908
C 275
R
P 0000000056969C18
C 294
R
P 0000000056969C18
C 285
R
P 0000000056969C18
C 294
R
P 0000000056969C18
U 0
C 286
= 00000000597919E8
R
P 0000000056969C18
C 294
R
P 0000000056969C18
P 00000000597919E8
C 207
R
P 0000000056969C18
C 294
R
P 0000000056969C18
P 00000000597919E8
C 204
= 0000000056928068
R
P 0000000056969C18
C 294
R
P 0000000056969C18
P 0000000056928068
C 165
R
P 0000000056969C18
C 294
R
P 0000000056969C18
P 00000000597919E8
C 210
R
P 0000000056969C18
C 294
R
P 0000000056969C18
P 00000000597919E8
C 209
R
P 0000000056969C18
C 294
R
P 0000000056969C18
P 00000000597919E8
C 9
R
P 0000000056969C18
C 294
R
P 0000000056969C18
U 1
C 286
= 00000000597919B0
R
P 0000000056969C18
C 294
R
P 0000000056969C18
P 00000000597919B0
C 207
R
P 0000000056969C18
C 294
R
P 0000000056969C18
P 00000000597919B0
C 204
= 0000000056928068
R
P 0000000056969C18
C 294
R
P 0000000056969C18
P 0000000056928068
C 165
R
P 0000000056969C18
C 294
R
P 0000000056969C18
P 00000000597919B0
C 210
R
P 0000000056969C18
C 294
R
P 0000000056969C18
P 00000000597919B0
C 209
R
P 0000000056969C18
C 294
R
P 0000000056969C18
P 00000000597919B0
C 9
R
P 0000000056969C18
C 294
R
P 0000000056969C18
P 00000000597919E8
C 275
R
P 0000000056969C18
C 294
R
P 0000000056969C18
P 00000000597919B0
C 275
R
P 0000000056969C18
C 294
R
P 0000000056969C18
S "\040benchmark tst \058extrafuns \040\040x Int \040y Int\041\041 \058formula \040> x y\041 \058formula \040> x 0\041\041"
U 0
s 0
p 0
U 0
s 0
p 0
C 283
R
P 0000000056969C18
C 294
R
P 0000000056969C18
U 4
C 297
M "ITEExample"
R
P 0000000056969C18
C 53
= 00000000569280E8
R
P 0000000056969C18
C 294
R
P 0000000056969C18
P 00000000569280E8
C 9
R
P 0000000056969C18
C 294
R
P 0000000056969C18
I 1
P 0000000056928128
C 144
= 0000000056928C68
R
P 0000000056969C18
C 294
R
P 0000000056969C18
P 0000000056928C68
C 9
R
P 0000000056969C18
C 294
R
P 0000000056969C18
I 0
P 0000000056928128
C 144
= 0000000056928A48
R
P 0000000056969C18
C 294
R
P 0000000056969C18
P 0000000056928A48
C 9
R
P 0000000056969C18
C 294
R
P 0000000056969C18
P 00000000569280E8
P 0000000056928C68
P 0000000056928A48
C 57
= 00000000597939A8
R
P 0000000056969C18
C 294
R
P 0000000056969C18
P 00000000597939A8
C 207
R
P 0000000056969C18
C 294
R
P 0000000056969C18
P 00000000597939A8
C 204
= 0000000056928128
R
P 0000000056969C18
C 294
R
P 0000000056969C18
P 0000000056928128
C 165
R
P 0000000056969C18
C 294
R
P 0000000056969C18
P 00000000597939A8
C 210
R
P 0000000056969C18
C 294
R
P 0000000056969C18
P 00000000597939A8
C 209
R
P 0000000056969C18
C 294
R
P 0000000056969C18
P 00000000597939A8
C 9
R
P 0000000056969C18
C 294
R
P 0000000056969C18
P 00000000597939A8
C 275
R
P 0000000056969C18
C 294
M "EvalExample1"
R
P 0000000056969C18
S "x"
C 29
R
P 0000000056969C18
C 294
R
P 0000000056969C18
$ |x|
P 0000000056928128
C 49
= 0000000056928D68
R
P 0000000056969C18
C 294
R
P 0000000056969C18
P 0000000056928D68
C 207
R
P 0000000056969C18
C 294
R
P 0000000056969C18
P 0000000056928D68
C 204
= 0000000056928128
R
P 0000000056969C18
C 294
R
P 0000000056969C18
P 0000000056928128
C 165
R
P 0000000056969C18
C 294
R
P 0000000056969C18
P 0000000056928D68
C 210
R
P 0000000056969C18
C 294
R
P 0000000056969C18
P 0000000056928D68
C 209
R
P 0000000056969C18
C 294
R
P 0000000056969C18
P 0000000056928D68
C 9
R
P 0000000056969C18
C 294
R
P 0000000056969C18
S "y"
C 29
R
P 0000000056969C18
C 294
R
P 0000000056969C18
$ |y|
P 0000000056928128
C 49
= 0000000056928D88
R
P 0000000056969C18
C 294
R
P 0000000056969C18
P 0000000056928D88
C 207
R
P 0000000056969C18
C 294
R
P 0000000056969C18
P 0000000056928D88
C 204
= 0000000056928128
R
P 0000000056969C18
C 294
R
P 0000000056969C18
P 0000000056928128
C 165
R
P 0000000056969C18
C 294
R
P 0000000056969C18
P 0000000056928D88
C 210
R
P 0000000056969C18
C 294
R
P 0000000056969C18
P 0000000056928D88
C 209
R
P 0000000056969C18
C 294
R
P 0000000056969C18
P 0000000056928D88
C 9
R
P 0000000056969C18
C 294
R
P 0000000056969C18
I 2
P 0000000056928128
C 144
= 0000000056928DA8
R
P 0000000056969C18
C 294
R
P 0000000056969C18
P 0000000056928DA8
C 9
R
P 0000000056969C18
C 294
R
P 0000000056969C18
C 410
= 0000000059811288
R
P 0000000056969C18
C 294
R
P 0000000056969C18
P 0000000059811288
C 417
R
P 0000000056969C18
C 294
R
P 0000000056969C18
P 0000000056928D68
P 0000000056928D88
C 71
= 00000000597918D0
R
P 0000000056969C18
C 294
R
P 0000000056969C18
P 00000000597918D0
C 9
R
P 0000000056969C18
C 294
R
P 0000000056969C18
P 0000000059811288
P 00000000597918D0
C 423
R
P 0000000056969C18
C 294
R
P 0000000056969C18
P 0000000056928D68
P 0000000056928DA8
C 73
= 000000005759C580
R
P 0000000056969C18
C 294
R
P 0000000056969C18
P 000000005759C580
C 9
R
P 0000000056969C18
C 294
R
P 0000000056969C18
P 0000000059811288
P 000000005759C580
C 423
R
P 0000000056969C18
C 294
R
P 0000000056969C18
P 0000000059811288
C 426
R
P 0000000056969C18
C 294
R
P 0000000056969C18
P 0000000059811288
C 428
= 00000000595A7658
R
P 0000000056969C18
C 294
R
P 0000000056969C18
P 00000000595A7658
C 247
R
P 0000000056969C18
C 294
R
P 0000000056969C18
P 00000000595A7658
C 279
R
P 0000000056969C18
C 294
R
P 0000000056969C18
U 2
P 0000000056928D68
P 0000000056928D88
p 2
C 63
= 00000000597917F0
R
P 0000000056969C18
C 294
R
P 0000000056969C18
P 00000000597917F0
C 207
R
P 0000000056969C18
C 294
R
P 0000000056969C18
P 00000000597917F0
C 204
= 0000000056928128
R
P 0000000056969C18
C 294
R
P 0000000056969C18
P 0000000056928128
C 165
R
P 0000000056969C18
C 294
R
P 0000000056969C18
P 00000000597917F0
C 210
R
P 0000000056969C18
C 294
R
P 0000000056969C18
P 00000000597917F0
C 209
R
P 0000000056969C18
C 294
R
P 0000000056969C18
P 00000000597917F0
C 9
R
P 0000000056969C18
C 294
R
P 0000000056969C18
P 00000000595A7658
P 00000000597917F0
I 0
P 0000000000000000
C 249
* 0000000056929B48 4
R
P 0000000056969C18
C 294
R
P 0000000056969C18
P 0000000056929B48
C 207
R
P 0000000056969C18
C 294
R
P 0000000056969C18
P 0000000056929B48
C 204
= 0000000056928128
R
P 0000000056969C18
C 294
R
P 0000000056969C18
P 0000000056928128
C 165
R
P 0000000056969C18
C 294
R
P 0000000056969C18
P 0000000056929B48
C 210
R
P 0000000056969C18
C 294
R
P 0000000056969C18
P 0000000056929B48
C 209
R
P 0000000056969C18
C 294
R
P 0000000056969C18
P 0000000056929B48
C 9
R
P 0000000056969C18
C 294
R
P 0000000056969C18
P 0000000056929B48
C 213
R
P 0000000056969C18
C 294
M "EvalExample2"
R
P 0000000056969C18
S "mk_tuple"
C 29
R
P 0000000056969C18
C 294
R
P 0000000056969C18
S "first"
C 29
R
P 0000000056969C18
C 294
R
P 0000000056969C18
S "second"
C 29
R
P 0000000056969C18
C 294
R
P 0000000056969C18
$ |mk_tuple|
U 2
$ |first|
$ |second|
s 2
P 0000000056928128
P 0000000056928128
p 2
P 0000000000000000
P 0000000000000000
P 0000000000000000
p 2
C 37
= 0000000057681028
* 0000000059793928 5
@ 0000000059791828 6 0
@ 0000000059791860 6 1
R
P 0000000056969C18
C 294
R
P 0000000056969C18
P 0000000057681028
C 207
R
P 0000000056969C18
C 294
R
P 0000000056969C18
P 0000000057681028
C 9
R
P 0000000056969C18
C 294
R
P 0000000056969C18
P 0000000057681028
C 171
R
P 0000000056969C18
C 294
R
P 0000000056969C18
P 0000000057681028
U 0
C 172
= 0000000059791828
R
P 0000000056969C18
C 294
R
P 0000000056969C18
P 0000000059791828
C 9
R
P 0000000056969C18
C 294
R
P 0000000056969C18
P 0000000057681028
U 1
C 172
= 0000000059791860
R
P 0000000056969C18
C 294
R
P 0000000056969C18
P 0000000059791860
C 9
R
P 0000000056969C18
C 294
R
P 0000000056969C18
P 0000000057681028
C 171
R
P 0000000056969C18
C 294
R
P 0000000056969C18
P 0000000057681028
U 0
C 172
= 0000000059791828
R
P 0000000056969C18
C 294
R
P 0000000056969C18
P 0000000059791828
C 9
R
P 0000000056969C18
C 294
R
P 0000000056969C18
P 0000000057681028
U 1
C 172
= 0000000059791860
R
P 0000000056969C18
C 294
R
P 0000000056969C18
P 0000000059791860
C 9
R
P 0000000056969C18
C 294
R
P 0000000056969C18
S "t1"
C 29
R
P 0000000056969C18
C 294
R
P 0000000056969C18
$ |t1|
P 0000000057681028
C 49
= 0000000057681128
R
P 0000000056969C18
C 294
R
P 0000000056969C18
P 0000000057681128
C 207
R
P 0000000056969C18
C 294
R
P 0000000056969C18
P 0000000057681128
C 204
= 0000000057681028
R
P 0000000056969C18
C 294
R
P 0000000056969C18
P 0000000057681028
C 165
R
P 0000000056969C18
C 294
R
P 0000000056969C18
P 0000000057681128
C 210
R
P 0000000056969C18
C 294
R
P 0000000056969C18
P 0000000057681128
C 209
R
P 0000000056969C18
C 294
R
P 0000000056969C18
P 0000000057681128
C 9
R
P 0000000056969C18
C 294
R
P 0000000056969C18
S "t2"
C 29
R
P 0000000056969C18
C 294
R
P 0000000056969C18
$ |t2|
P 0000000057681028
C 49
= 00000000576810C8
R
P 0000000056969C18
C 294
R
P 0000000056969C18
P 00000000576810C8
C 207
R
P 0000000056969C18
C 294
R
P 0000000056969C18
P 00000000576810C8
C 204
= 0000000057681028
R
P 0000000056969C18
C 294
R
P 0000000056969C18
P 0000000057681028
C 165
R
P 0000000056969C18
C 294
R
P 0000000056969C18
P 00000000576810C8
C 210
R
P 0000000056969C18
C 294
R
P 0000000056969C18
P 00000000576810C8
C 209
R
P 0000000056969C18
C 294
R
P 0000000056969C18
P 00000000576810C8
C 9
R
P 0000000056969C18
C 294
R
P 0000000056969C18
C 410
= 000000005981E9C8
R
P 0000000056969C18
C 294
R
P 0000000056969C18
P 000000005981E9C8
C 417
R
P 0000000056969C18
C 294
R
P 0000000056969C18
P 0000000057681128
P 00000000576810C8
C 54
= 0000000059791940
R
P 0000000056969C18
C 294
R
P 0000000056969C18
P 0000000059791940
C 9
R
P 0000000056969C18
C 294
R
P 0000000056969C18
P 0000000059791940
C 56
= 00000000575981F8
R
P 0000000056969C18
C 294
R
P 0000000056969C18
P 00000000575981F8
C 9
R
P 0000000056969C18
C 294
R
P 0000000056969C18
P 000000005981E9C8
P 00000000575981F8
C 423
R
P 0000000056969C18
C 294
R
P 0000000056969C18
P 0000000059791828
U 1
P 0000000057681128
p 1
C 48
= 0000000057598018
R
P 0000000056969C18
C 294
R
P 0000000056969C18
P 0000000057598018
C 207
R
P 0000000056969C18
C 294
R
P 0000000056969C18
P 0000000057598018
C 204
= 0000000056928128
R
P 0000000056969C18
C 294
R
P 0000000056969C18
P 0000000056928128
C 165
R
P 0000000056969C18
C 294
R
P 0000000056969C18
P 0000000057598018
C 210
R
P 0000000056969C18
C 294
R
P 0000000056969C18
P 0000000057598018
C 209
R
P 0000000056969C18
C 294
R
P 0000000056969C18
P 0000000057598018
C 9
R
P 0000000056969C18
C 294
R
P 0000000056969C18
P 0000000059791828
U 1
P 00000000576810C8
p 1
C 48
= 0000000057597F88
R
P 0000000056969C18
C 294
R
P 0000000056969C18
P 0000000057597F88
C 207
R
P 0000000056969C18
C 294
R
P 0000000056969C18
P 0000000057597F88
C 204
= 0000000056928128
R
P 0000000056969C18
C 294
R
P 0000000056969C18
P 0000000056928128
C 165
R
P 0000000056969C18
C 294
R
P 0000000056969C18
P 0000000057597F88
C 210
R
P 0000000056969C18
C 294
R
P 0000000056969C18
P 0000000057597F88
C 209
R
P 0000000056969C18
C 294
R
P 0000000056969C18
P 0000000057597F88
C 9
R
P 0000000056969C18
C 294
R
P 0000000056969C18
P 0000000057598018
P 0000000057597F88
C 54
= 00000000597917B8
R
P 0000000056969C18
C 294
R
P 0000000056969C18
P 00000000597917B8
C 9
R
P 0000000056969C18
C 294
R
P 0000000056969C18
P 000000005981E9C8
P 00000000597917B8
C 423
R
P 0000000056969C18
C 294
R
P 0000000056969C18
P 000000005981E9C8
C 426
R
P 0000000056969C18
C 294
R
P 0000000056969C18
P 000000005981E9C8
C 428
= 0000000059BCB1E8
R
P 0000000056969C18
C 294
R
P 0000000056969C18
P 0000000059BCB1E8
C 247
R
P 0000000056969C18
C 294
R
P 0000000056969C18
P 0000000059BCB1E8
C 279
R
P 0000000056969C18
C 294
R
P 0000000056969C18
P 0000000059BCB1E8
P 0000000057681128
I 0
P 0000000000000000
C 249
* 0000000059791710 4
R
P 0000000056969C18
C 294
R
P 0000000056969C18
P 0000000059791710
C 207
R
P 0000000056969C18
C 294
R
P 0000000056969C18
P 0000000059791710
C 204
= 0000000057681028
R
P 0000000056969C18
C 294
R
P 0000000056969C18
P 0000000057681028
C 165
R
P 0000000056969C18
C 294
R
P 0000000056969C18
P 0000000059791710
C 210
R
P 0000000056969C18
C 294
R
P 0000000056969C18
P 0000000059791710
C 209
R
P 0000000056969C18
C 294
R
P 0000000056969C18
P 0000000059791710
C 9
R
P 0000000056969C18
C 294
R
P 0000000056969C18
P 0000000059791710
C 275
R
P 0000000056969C18
C 294
R
P 0000000056969C18
P 0000000059BCB1E8
P 00000000576810C8
I 0
P 0000000000000000
C 249
* 00000000597916D8 4
R
P 0000000056969C18
C 294
R
P 0000000056969C18
P 00000000597916D8
C 207
R
P 0000000056969C18
C 294
R
P 0000000056969C18
P 00000000597916D8
C 204
= 0000000057681028
R
P 0000000056969C18
C 294
R
P 0000000056969C18
P 0000000057681028
C 165
R
P 0000000056969C18
C 294
R
P 0000000056969C18
P 00000000597916D8
C 210
R
P 0000000056969C18
C 294
R
P 0000000056969C18
P 00000000597916D8
C 209
R
P 0000000056969C18
C 294
R
P 0000000056969C18
P 00000000597916D8
C 9
R
P 0000000056969C18
C 294
R
P 0000000056969C18
P 00000000597916D8
C 275
R
P 0000000056969C18
C 294
R
P 0000000056969C18
P 0000000059791860
U 1
P 00000000576810C8
p 1
C 48
= 00000000575981C8
R
P 0000000056969C18
C 294
R
P 0000000056969C18
P 00000000575981C8
C 207
R
P 0000000056969C18
C 294
R
P 0000000056969C18
P 00000000575981C8
C 204
= 0000000056928128
R
P 0000000056969C18
C 294
R
P 0000000056969C18
P 0000000056928128
C 165
R
P 0000000056969C18
C 294
R
P 0000000056969C18
P 00000000575981C8
C 210
R
P 0000000056969C18
C 294
R
P 0000000056969C18
P 00000000575981C8
C 209
R
P 0000000056969C18
C 294
R
P 0000000056969C18
P 00000000575981C8
C 9
R
P 0000000056969C18
C 294
R
P 0000000056969C18
P 0000000059BCB1E8
P 00000000575981C8
I 0
P 0000000000000000
C 249
* 0000000056928DA8 4
R
P 0000000056969C18
C 294
R
P 0000000056969C18
P 0000000056928DA8
C 207
R
P 0000000056969C18
C 294
R
P 0000000056969C18
P 0000000056928DA8
C 204
= 0000000056928128
R
P 0000000056969C18
C 294
R
P 0000000056969C18
P 0000000056928128
C 165
R
P 0000000056969C18
C 294
R
P 0000000056969C18
P 0000000056928DA8
C 210
R
P 0000000056969C18
C 294
R
P 0000000056969C18
P 0000000056928DA8
C 209
R
P 0000000056969C18
C 294
R
P 0000000056969C18
P 0000000056928DA8
C 9
R
P 0000000056969C18
C 294
R
P 0000000056969C18
P 0000000056928DA8
C 213
R
P 0000000056969C18
C 294
M "FindSmallModelExample"
R
P 0000000056969C18
U 32
C 34
= 00000000569285A8
R
P 0000000056969C18
C 294
R
P 0000000056969C18
P 00000000569285A8
C 9
R
P 0000000056969C18
C 294
R
P 0000000056969C18
S "x"
C 29
R
P 0000000056969C18
C 294
R
P 0000000056969C18
$ |x|
P 00000000569285A8
C 49
= 0000000056929C68
R
P 0000000056969C18
C 294
R
P 0000000056969C18
P 0000000056929C68
C 207
R
P 0000000056969C18
C 294
R
P 0000000056969C18
P 0000000056929C68
C 204
= 00000000569285A8
R
P 0000000056969C18
C 294
R
P 0000000056969C18
P 00000000569285A8
C 165
R
P 0000000056969C18
C 294
R
P 0000000056969C18
P 0000000056929C68
C 210
R
P 0000000056969C18
C 294
R
P 0000000056969C18
P 0000000056929C68
C 209
R
P 0000000056969C18
C 294
R
P 0000000056969C18
P 0000000056929C68
C 9
R
P 0000000056969C18
C 294
R
P 0000000056969C18
U 32
C 34
= 00000000569285A8
R
P 0000000056969C18
C 294
R
P 0000000056969C18
P 00000000569285A8
C 9
R
P 0000000056969C18
C 294
R
P 0000000056969C18
S "y"
C 29
R
P 0000000056969C18
C 294
R
P 0000000056969C18
$ |y|
P 00000000569285A8
C 49
= 0000000056929C88
R
P 0000000056969C18
C 294
R
P 0000000056969C18
P 0000000056929C88
C 207
R
P 0000000056969C18
C 294
R
P 0000000056969C18
P 0000000056929C88
C 204
= 00000000569285A8
R
P 0000000056969C18
C 294
R
P 0000000056969C18
P 00000000569285A8
C 165
R
P 0000000056969C18
C 294
R
P 0000000056969C18
P 0000000056929C88
C 210
R
P 0000000056969C18
C 294
R
P 0000000056969C18
P 0000000056929C88
C 209
R
P 0000000056969C18
C 294
R
P 0000000056969C18
P 0000000056929C88
C 9
R
P 0000000056969C18
C 294
R
P 0000000056969C18
U 32
C 34
= 00000000569285A8
R
P 0000000056969C18
C 294
R
P 0000000056969C18
P 00000000569285A8
C 9
R
P 0000000056969C18
C 294
R
P 0000000056969C18
S "z"
C 29
R
P 0000000056969C18
C 294
R
P 0000000056969C18
$ |z|
P 00000000569285A8
C 49
= 0000000057681148
R
P 0000000056969C18
C 294
R
P 0000000056969C18
P 0000000057681148
C 207
R
P 0000000056969C18
C 294
R
P 0000000056969C18
P 0000000057681148
C 204
= 00000000569285A8
R
P 0000000056969C18
C 294
R
P 0000000056969C18
P 00000000569285A8
C 165
R
P 0000000056969C18
C 294
R
P 0000000056969C18
P 0000000057681148
C 210
R
P 0000000056969C18
C 294
R
P 0000000056969C18
P 0000000057681148
C 209
R
P 0000000056969C18
C 294
R
P 0000000056969C18
P 0000000057681148
C 9
R
P 0000000056969C18
C 294
R
P 0000000056969C18
C 410
= 000000005A0393B8
R
P 0000000056969C18
C 294
R
P 0000000056969C18
P 000000005A0393B8
C 417
R
P 0000000056969C18
C 294
R
P 0000000056969C18
P 0000000056929C88
P 0000000057681148
C 88
= 0000000059791780
R
P 0000000056969C18
C 294
R
P 0000000056969C18
P 0000000059791780
C 9
R
P 0000000056969C18
C 294
R
P 0000000056969C18
P 0000000056929C68
P 0000000059791780
C 98
= 0000000059791748
R
P 0000000056969C18
C 294
R
P 0000000056969C18
P 0000000059791748
C 9
R
P 0000000056969C18
C 294
R
P 0000000056969C18
P 000000005A0393B8
P 0000000059791748
C 423
R
P 0000000056969C18
C 294
R
P 0000000056969C18
P 000000005A0393B8
C 419
R
P 0000000056969C18
C 294
R
P 0000000056969C18
U 32
C 34
= 00000000569285A8
R
P 0000000056969C18
C 294
R
P 0000000056969C18
P 00000000569285A8
C 9
R
P 0000000056969C18
C 294
R
P 0000000056969C18
I 2147483647
P 00000000569285A8
C 144
= 0000000057681188
R
P 0000000056969C18
C 294
R
P 0000000056969C18
P 0000000057681188
C 207
R
P 0000000056969C18
C 294
R
P 0000000056969C18
P 0000000057681188
C 204
= 00000000569285A8
R
P 0000000056969C18
C 294
R
P 0000000056969C18
P 00000000569285A8
C 165
R
P 0000000056969C18
C 294
R
P 0000000056969C18
P 0000000057681188
C 210
R
P 0000000056969C18
C 294
R
P 0000000056969C18
P 0000000057681188
C 209
R
P 0000000056969C18
C 294
R
P 0000000056969C18
P 0000000057681188
C 9
R
P 0000000056969C18
C 294
R
P 0000000056969C18
P 0000000056929C68
P 0000000057681188
C 98
= 0000000059784160
R
P 0000000056969C18
C 294
R
P 0000000056969C18
P 0000000059784160
C 9
R
P 0000000056969C18
C 294
R
P 0000000056969C18
P 000000005A0393B8
P 0000000059784160
C 423
R
P 0000000056969C18
C 294
R
P 0000000056969C18
U 32
C 34
= 00000000569285A8
R
P 0000000056969C18
C 294
R
P 0000000056969C18
P 00000000569285A8
C 9
R
P 0000000056969C18
C 294
R
P 0000000056969C18
I 2147483647
P 00000000569285A8
C 144
= 0000000057681188
R
P 0000000056969C18
C 294
R
P 0000000056969C18
P 0000000057681188
C 207
R
P 0000000056969C18
C 294
R
P 0000000056969C18
P 0000000057681188
C 204
= 00000000569285A8
R
P 0000000056969C18
C 294
R
P 0000000056969C18
P 00000000569285A8
C 165
R
P 0000000056969C18
C 294
R
P 0000000056969C18
P 0000000057681188
C 210
R
P 0000000056969C18
C 294
R
P 0000000056969C18
P 0000000057681188
C 209
R
P 0000000056969C18
C 294
R
P 0000000056969C18
P 0000000057681188
C 9
R
P 0000000056969C18
C 294
R
P 0000000056969C18
P 0000000056929C88
P 0000000057681188
C 98
= 0000000059784128
R
P 0000000056969C18
C 294
R
P 0000000056969C18
P 0000000059784128
C 9
R
P 0000000056969C18
C 294
R
P 0000000056969C18
P 000000005A0393B8
P 0000000059784128
C 423
R
P 0000000056969C18
C 294
R
P 0000000056969C18
U 32
C 34
= 00000000569285A8
R
P 0000000056969C18
C 294
R
P 0000000056969C18
P 00000000569285A8
C 9
R
P 0000000056969C18
C 294
R
P 0000000056969C18
I 2147483647
P 00000000569285A8
C 144
= 0000000057681188
R
P 0000000056969C18
C 294
R
P 0000000056969C18
P 0000000057681188
C 207
R
P 0000000056969C18
C 294
R
P 0000000056969C18
P 0000000057681188
C 204
= 00000000569285A8
R
P 0000000056969C18
C 294
R
P 0000000056969C18
P 00000000569285A8
C 165
R
P 0000000056969C18
C 294
R
P 0000000056969C18
P 0000000057681188
C 210
R
P 0000000056969C18
C 294
R
P 0000000056969C18
P 0000000057681188
C 209
R
P 0000000056969C18
C 294
R
P 0000000056969C18
P 0000000057681188
C 9
R
P 0000000056969C18
C 294
R
P 0000000056969C18
P 0000000057681148
P 0000000057681188
C 98
= 00000000597840F0
R
P 0000000056969C18
C 294
R
P 0000000056969C18
P 00000000597840F0
C 9
R
P 0000000056969C18
C 294
R
P 0000000056969C18
P 000000005A0393B8
P 00000000597840F0
C 423
R
P 0000000056969C18
C 294
R
P 0000000056969C18
P 000000005A0393B8
C 426
R
P 0000000056969C18
C 294
R
P 0000000056969C18
P 000000005A0393B8
C 428
= 000000005A04C8E8
R
P 0000000056969C18
C 294
R
P 0000000056969C18
P 000000005A04C8E8
C 247
R
P 0000000056969C18
C 294
R
P 0000000056969C18
P 000000005A04C8E8
C 279
R
P 0000000056969C18
C 294
R
P 0000000056969C18
P 000000005A0393B8
C 428
= 000000005A04CCA8
R
P 0000000056969C18
C 294
R
P 0000000056969C18
P 000000005A04CCA8
C 247
R
P 0000000056969C18
C 294
R
P 0000000056969C18
P 000000005A04CCA8
P 0000000056929C68
I 0
P 0000000000000000
C 249
* 0000000057681A48 4
R
P 0000000056969C18
C 294
R
P 0000000056969C18
P 0000000057681A48
C 207
R
P 0000000056969C18
C 294
R
P 0000000056969C18
P 0000000057681A48
C 204
= 00000000569285A8
R
P 0000000056969C18
C 294
R
P 0000000056969C18
P 00000000569285A8
C 165
R
P 0000000056969C18
C 294
R
P 0000000056969C18
P 0000000057681A48
C 210
R
P 0000000056969C18
C 294
R
P 0000000056969C18
P 0000000057681A48
C 209
R
P 0000000056969C18
C 294
R
P 0000000056969C18
P 0000000057681A48
C 9
R
P 0000000056969C18
C 294
R
P 0000000056969C18
P 0000000057681A48
I 0
C 218
R
P 0000000056969C18
C 294
R
P 0000000056969C18
P 000000005A0393B8
C 428
= 000000005A04CF48
R
P 0000000056969C18
C 294
R
P 0000000056969C18
P 000000005A04CF48
C 247
R
P 0000000056969C18
C 294
R
P 0000000056969C18
P 000000005A04CF48
P 0000000056929C88
I 0
P 0000000000000000
C 249
* 0000000057681AC8 4
R
P 0000000056969C18
C 294
R
P 0000000056969C18
P 0000000057681AC8
C 207
R
P 0000000056969C18
C 294
R
P 0000000056969C18
P 0000000057681AC8
C 204
= 00000000569285A8
R
P 0000000056969C18
C 294
R
P 0000000056969C18
P 00000000569285A8
C 165
R
P 0000000056969C18
C 294
R
P 0000000056969C18
P 0000000057681AC8
C 210
R
P 0000000056969C18
C 294
R
P 0000000056969C18
P 0000000057681AC8
C 209
R
P 0000000056969C18
C 294
R
P 0000000056969C18
P 0000000057681AC8
C 9
R
P 0000000056969C18
C 294
R
P 0000000056969C18
P 0000000057681AC8
I 0
C 218
R
P 0000000056969C18
C 294
R
P 0000000056969C18
P 000000005A0393B8
C 428
= 000000005A04CD38
R
P 0000000056969C18
C 294
R
P 0000000056969C18
P 000000005A04CD38
C 247
R
P 0000000056969C18
C 294
R
P 0000000056969C18
P 000000005A04CD38
P 0000000057681148
I 0
P 0000000000000000
C 249
* 0000000057681AA8 4
R
P 0000000056969C18
C 294
R
P 0000000056969C18
P 0000000057681AA8
C 207
R
P 0000000056969C18
C 294
R
P 0000000056969C18
P 0000000057681AA8
C 204
= 00000000569285A8
R
P 0000000056969C18
C 294
R
P 0000000056969C18
P 00000000569285A8
C 165
R
P 0000000056969C18
C 294
R
P 0000000056969C18
P 0000000057681AA8
C 210
R
P 0000000056969C18
C 294
R
P 0000000056969C18
P 0000000057681AA8
C 209
R
P 0000000056969C18
C 294
R
P 0000000056969C18
P 0000000057681AA8
C 9
R
P 0000000056969C18
C 294
R
P 0000000056969C18
P 0000000057681AA8
I 0
C 218
R
P 0000000056969C18
C 294
R
P 0000000056969C18
U 32
C 34
= 00000000569285A8
R
P 0000000056969C18
C 294
R
P 0000000056969C18
P 00000000569285A8
C 9
R
P 0000000056969C18
C 294
R
P 0000000056969C18
I 4737282
P 00000000569285A8
C 144
= 0000000057681948
R
P 0000000056969C18
C 294
R
P 0000000056969C18
P 0000000057681948
C 207
R
P 0000000056969C18
C 294
R
P 0000000056969C18
P 0000000057681948
C 204
= 00000000569285A8
R
P 0000000056969C18
C 294
R
P 0000000056969C18
P 00000000569285A8
C 165
R
P 0000000056969C18
C 294
R
P 0000000056969C18
P 0000000057681948
C 210
R
P 0000000056969C18
C 294
R
P 0000000056969C18
P 0000000057681948
C 209
R
P 0000000056969C18
C 294
R
P 0000000056969C18
P 0000000057681948
C 9
R
P 0000000056969C18
C 294
R
P 0000000056969C18
P 0000000056929C68
P 0000000057681948
C 98
= 00000000597840B8
R
P 0000000056969C18
C 294
R
P 0000000056969C18
P 00000000597840B8
C 9
R
P 0000000056969C18
C 294
R
P 0000000056969C18
P 000000005A0393B8
P 00000000597840B8
C 423
R
P 0000000056969C18
C 294
R
P 0000000056969C18
U 32
C 34
= 00000000569285A8
R
P 0000000056969C18
C 294
R
P 0000000056969C18
P 00000000569285A8
C 9
R
P 0000000056969C18
C 294
R
P 0000000056969C18
I 9474565
P 00000000569285A8
C 144
= 0000000057681A48
R
P 0000000056969C18
C 294
R
P 0000000056969C18
P 0000000057681A48
C 207
R
P 0000000056969C18
C 294
R
P 0000000056969C18
P 0000000057681A48
C 204
= 00000000569285A8
R
P 0000000056969C18
C 294
R
P 0000000056969C18
P 00000000569285A8
C 165
R
P 0000000056969C18
C 294
R
P 0000000056969C18
P 0000000057681A48
C 210
R
P 0000000056969C18
C 294
R
P 0000000056969C18
P 0000000057681A48
C 209
R
P 0000000056969C18
C 294
R
P 0000000056969C18
P 0000000057681A48
C 9
R
P 0000000056969C18
C 294
R
P 0000000056969C18
P 0000000056929C68
P 0000000057681A48
C 98
= 0000000059784080
R
P 0000000056969C18
C 294
R
P 0000000056969C18
P 0000000059784080
C 9
R
P 0000000056969C18
C 294
R
P 0000000056969C18
P 000000005A0393B8
P 0000000059784080
C 423
R
P 0000000056969C18
C 294
R
P 0000000056969C18
U 32
C 34
= 00000000569285A8
R
P 0000000056969C18
C 294
R
P 0000000056969C18
P 00000000569285A8
C 9
R
P 0000000056969C18
C 294
R
P 0000000056969C18
I 75534336
P 00000000569285A8
C 144
= 0000000057681AC8
R
P 0000000056969C18
C 294
R
P 0000000056969C18
P 0000000057681AC8
C 207
R
P 0000000056969C18
C 294
R
P 0000000056969C18
P 0000000057681AC8
C 204
= 00000000569285A8
R
P 0000000056969C18
C 294
R
P 0000000056969C18
P 00000000569285A8
C 165
R
P 0000000056969C18
C 294
R
P 0000000056969C18
P 0000000057681AC8
C 210
R
P 0000000056969C18
C 294
R
P 0000000056969C18
P 0000000057681AC8
C 209
R
P 0000000056969C18
C 294
R
P 0000000056969C18
P 0000000057681AC8
C 9
R
P 0000000056969C18
C 294
R
P 0000000056969C18
P 0000000056929C88
P 0000000057681AC8
C 98
= 0000000059784048
R
P 0000000056969C18
C 294
R
P 0000000056969C18
P 0000000059784048
C 9
R
P 0000000056969C18
C 294
R
P 0000000056969C18
P 000000005A0393B8
P 0000000059784048
C 423
R
P 0000000056969C18
C 294
R
P 0000000056969C18
U 32
C 34
= 00000000569285A8
R
P 0000000056969C18
C 294
R
P 0000000056969C18
P 00000000569285A8
C 9
R
P 0000000056969C18
C 294
R
P 0000000056969C18
I 2081423876
P 00000000569285A8
C 144
= 0000000057681AA8
R
P 0000000056969C18
C 294
R
P 0000000056969C18
P 0000000057681AA8
C 207
R
P 0000000056969C18
C 294
R
P 0000000056969C18
P 0000000057681AA8
C 204
= 00000000569285A8
R
P 0000000056969C18
C 294
R
P 0000000056969C18
P 00000000569285A8
C 165
R
P 0000000056969C18
C 294
R
P 0000000056969C18
P 0000000057681AA8
C 210
R
P 0000000056969C18
C 294
R
P 0000000056969C18
P 0000000057681AA8
C 209
R
P 0000000056969C18
C 294
R
P 0000000056969C18
P 0000000057681AA8
C 9
R
P 0000000056969C18
C 294
R
P 0000000056969C18
P 0000000057681148
P 0000000057681AA8
C 98
= 0000000059784010
R
P 0000000056969C18
C 294
R
P 0000000056969C18
P 0000000059784010
C 9
R
P 0000000056969C18
C 294
R
P 0000000056969C18
P 000000005A0393B8
P 0000000059784010
C 423
R
P 0000000056969C18
C 294
R
P 0000000056969C18
P 000000005A0393B8
C 426
R
P 0000000056969C18
C 294
R
P 0000000056969C18
P 000000005A0393B8
C 428
= 000000005A04CC48
R
P 0000000056969C18
C 294
R
P 0000000056969C18
P 000000005A04CC48
C 247
R
P 0000000056969C18
C 294
R
P 0000000056969C18
P 000000005A04CC48
C 279
R
P 0000000056969C18
C 294
R
P 0000000056969C18
P 000000005A0393B8
C 428
= 000000005A04C918
R
P 0000000056969C18
C 294
R
P 0000000056969C18
P 000000005A04C918
C 247
R
P 0000000056969C18
C 294
R
P 0000000056969C18
P 000000005A04C918
P 0000000056929C68
I 0
P 0000000000000000
C 249
* 0000000057681988 4
R
P 0000000056969C18
C 294
R
P 0000000056969C18
P 0000000057681988
C 207
R
P 0000000056969C18
C 294
R
P 0000000056969C18
P 0000000057681988
C 204
= 00000000569285A8
R
P 0000000056969C18
C 294
R
P 0000000056969C18
P 00000000569285A8
C 165
R
P 0000000056969C18
C 294
R
P 0000000056969C18
P 0000000057681988
C 210
R
P 0000000056969C18
C 294
R
P 0000000056969C18
P 0000000057681988
C 209
R
P 0000000056969C18
C 294
R
P 0000000056969C18
P 0000000057681988
C 9
R
P 0000000056969C18
C 294
R
P 0000000056969C18
P 0000000057681988
I 0
C 218
R
P 0000000056969C18
C 294
R
P 0000000056969C18
P 000000005A0393B8
C 428
= 000000005A04D068
R
P 0000000056969C18
C 294
R
P 0000000056969C18
P 000000005A04D068
C 247
R
P 0000000056969C18
C 294
R
P 0000000056969C18
P 000000005A04D068
P 0000000056929C88
I 0
P 0000000000000000
C 249
* 0000000057685F88 4
R
P 0000000056969C18
C 294
R
P 0000000056969C18
P 0000000057685F88
C 207
R
P 0000000056969C18
C 294
R
P 0000000056969C18
P 0000000057685F88
C 204
= 00000000569285A8
R
P 0000000056969C18
C 294
R
P 0000000056969C18
P 00000000569285A8
C 165
R
P 0000000056969C18
C 294
R
P 0000000056969C18
P 0000000057685F88
C 210
R
P 0000000056969C18
C 294
R
P 0000000056969C18
P 0000000057685F88
C 209
R
P 0000000056969C18
C 294
R
P 0000000056969C18
P 0000000057685F88
C 9
R
P 0000000056969C18
C 294
R
P 0000000056969C18
P 0000000057685F88
I 0
C 218
R
P 0000000056969C18
C 294
R
P 0000000056969C18
P 000000005A0393B8
C 428
= 000000005A04C948
R
P 0000000056969C18
C 294
R
P 0000000056969C18
P 000000005A04C948
C 247
R
P 0000000056969C18
C 294
R
P 0000000056969C18
P 000000005A04C948
P 0000000057681148
I 0
P 0000000000000000
C 249
* 0000000057685FA8 4
R
P 0000000056969C18
C 294
R
P 0000000056969C18
P 0000000057685FA8
C 207
R
P 0000000056969C18
C 294
R
P 0000000056969C18
P 0000000057685FA8
C 204
= 00000000569285A8
R
P 0000000056969C18
C 294
R
P 0000000056969C18
P 00000000569285A8
C 165
R
P 0000000056969C18
C 294
R
P 0000000056969C18
P 0000000057685FA8
C 210
R
P 0000000056969C18
C 294
R
P 0000000056969C18
P 0000000057685FA8
C 209
R
P 0000000056969C18
C 294
R
P 0000000056969C18
P 0000000057685FA8
C 9
R
P 0000000056969C18
C 294
R
P 0000000056969C18
P 0000000057685FA8
I 0
C 218
R
P 0000000056969C18
C 294
R
P 0000000056969C18
U 32
C 34
= 00000000569285A8
R
P 0000000056969C18
C 294
R
P 0000000056969C18
P 00000000569285A8
C 9
R
P 0000000056969C18
C 294
R
P 0000000056969C18
I 542979
P 00000000569285A8
C 144
= 0000000057685F48
R
P 0000000056969C18
C 294
R
P 0000000056969C18
P 0000000057685F48
C 207
R
P 0000000056969C18
C 294
R
P 0000000056969C18
P 0000000057685F48
C 204
= 00000000569285A8
R
P 0000000056969C18
C 294
R
P 0000000056969C18
P 00000000569285A8
C 165
R
P 0000000056969C18
C 294
R
P 0000000056969C18
P 0000000057685F48
C 210
R
P 0000000056969C18
C 294
R
P 0000000056969C18
P 0000000057685F48
C 209
R
P 0000000056969C18
C 294
R
P 0000000056969C18
P 0000000057685F48
C 9
R
P 0000000056969C18
C 294
R
P 0000000056969C18
P 0000000056929C68
P 0000000057685F48
C 98
= 0000000059783F30
R
P 0000000056969C18
C 294
R
P 0000000056969C18
P 0000000059783F30
C 9
R
P 0000000056969C18
C 294
R
P 0000000056969C18
P 000000005A0393B8
P 0000000059783F30
C 423
R
P 0000000056969C18
C 294
R
P 0000000056969C18
U 32
C 34
= 00000000569285A8
R
P 0000000056969C18
C 294
R
P 0000000056969C18
P 00000000569285A8
C 9
R
P 0000000056969C18
C 294
R
P 0000000056969C18
I 1085959
P 00000000569285A8
C 144
= 0000000057681988
R
P 0000000056969C18
C 294
R
P 0000000056969C18
P 0000000057681988
C 207
R
P 0000000056969C18
C 294
R
P 0000000056969C18
P 0000000057681988
C 204
= 00000000569285A8
R
P 0000000056969C18
C 294
R
P 0000000056969C18
P 00000000569285A8
C 165
R
P 0000000056969C18
C 294
R
P 0000000056969C18
P 0000000057681988
C 210
R
P 0000000056969C18
C 294
R
P 0000000056969C18
P 0000000057681988
C 209
R
P 0000000056969C18
C 294
R
P 0000000056969C18
P 0000000057681988
C 9
R
P 0000000056969C18
C 294
R
P 0000000056969C18
P 0000000056929C68
P 0000000057681988
C 98
= 0000000059783FA0
R
P 0000000056969C18
C 294
R
P 0000000056969C18
P 0000000059783FA0
C 9
R
P 0000000056969C18
C 294
R
P 0000000056969C18
P 000000005A0393B8
P 0000000059783FA0
C 423
R
P 0000000056969C18
C 294
R
P 0000000056969C18
U 32
C 34
= 00000000569285A8
R
P 0000000056969C18
C 294
R
P 0000000056969C18
P 00000000569285A8
C 9
R
P 0000000056969C18
C 294
R
P 0000000056969C18
I 67145730
P 00000000569285A8
C 144
= 0000000057685F88
R
P 0000000056969C18
C 294
R
P 0000000056969C18
P 0000000057685F88
C 207
R
P 0000000056969C18
C 294
R
P 0000000056969C18
P 0000000057685F88
C 204
= 00000000569285A8
R
P 0000000056969C18
C 294
R
P 0000000056969C18
P 00000000569285A8
C 165
R
P 0000000056969C18
C 294
R
P 0000000056969C18
P 0000000057685F88
C 210
R
P 0000000056969C18
C 294
R
P 0000000056969C18
P 0000000057685F88
C 209
R
P 0000000056969C18
C 294
R
P 0000000056969C18
P 0000000057685F88
C 9
R
P 0000000056969C18
C 294
R
P 0000000056969C18
P 0000000056929C88
P 0000000057685F88
C 98
= 0000000059783D38
R
P 0000000056969C18
C 294
R
P 0000000056969C18
P 0000000059783D38
C 9
R
P 0000000056969C18
C 294
R
P 0000000056969C18
P 000000005A0393B8
P 0000000059783D38
C 423
R
P 0000000056969C18
C 294
R
P 0000000056969C18
U 32
C 34
= 00000000569285A8
R
P 0000000056969C18
C 294
R
P 0000000056969C18
P 00000000569285A8
C 9
R
P 0000000056969C18
C 294
R
P 0000000056969C18
I 2081423874
P 00000000569285A8
C 144
= 0000000057685FA8
R
P 0000000056969C18
C 294
R
P 0000000056969C18
P 0000000057685FA8
C 207
R
P 0000000056969C18
C 294
R
P 0000000056969C18
P 0000000057685FA8
C 204
= 00000000569285A8
R
P 0000000056969C18
C 294
R
P 0000000056969C18
P 00000000569285A8
C 165
R
P 0000000056969C18
C 294
R
P 0000000056969C18
P 0000000057685FA8
C 210
R
P 0000000056969C18
C 294
R
P 0000000056969C18
P 0000000057685FA8
C 209
R
P 0000000056969C18
C 294
R
P 0000000056969C18
P 0000000057685FA8
C 9
R
P 0000000056969C18
C 294
R
P 0000000056969C18
P 0000000057681148
P 0000000057685FA8
C 98
= 0000000059783D00
R
P 0000000056969C18
C 294
R
P 0000000056969C18
P 0000000059783D00
C 9
R
P 0000000056969C18
C 294
R
P 0000000056969C18
P 000000005A0393B8
P 0000000059783D00
C 423
R
P 0000000056969C18
C 294
R
P 0000000056969C18
P 000000005A0393B8
C 426
R
P 0000000056969C18
C 294
R
P 0000000056969C18
P 000000005A0393B8
C 428
= 000000005A04CE88
R
P 0000000056969C18
C 294
R
P 0000000056969C18
P 000000005A04CE88
C 247
R
P 0000000056969C18
C 294
R
P 0000000056969C18
P 000000005A04CE88
C 279
R
P 0000000056969C18
C 294
R
P 0000000056969C18
P 000000005A0393B8
C 428
= 000000005A04CF78
R
P 0000000056969C18
C 294
R
P 0000000056969C18
P 000000005A04CF78
C 247
R
P 0000000056969C18
C 294
R
P 0000000056969C18
P 000000005A04CF78
P 0000000056929C68
I 0
P 0000000000000000
C 249
* 0000000057685F68 4
R
P 0000000056969C18
C 294
R
P 0000000056969C18
P 0000000057685F68
C 207
R
P 0000000056969C18
C 294
R
P 0000000056969C18
P 0000000057685F68
C 204
= 00000000569285A8
R
P 0000000056969C18
C 294
R
P 0000000056969C18
P 00000000569285A8
C 165
R
P 0000000056969C18
C 294
R
P 0000000056969C18
P 0000000057685F68
C 210
R
P 0000000056969C18
C 294
R
P 0000000056969C18
P 0000000057685F68
C 209
R
P 0000000056969C18
C 294
R
P 0000000056969C18
P 0000000057685F68
C 9
R
P 0000000056969C18
C 294
R
P 0000000056969C18
P 0000000057685F68
I 0
C 218
R
P 0000000056969C18
C 294
R
P 0000000056969C18
P 000000005A0393B8
C 428
= 000000005A04D248
R
P 0000000056969C18
C 294
R
P 0000000056969C18
P 000000005A04D248
C 247
R
P 0000000056969C18
C 294
R
P 0000000056969C18
P 000000005A04D248
P 0000000056929C88
I 0
P 0000000000000000
C 249
* 0000000057685DC8 4
R
P 0000000056969C18
C 294
R
P 0000000056969C18
P 0000000057685DC8
C 207
R
P 0000000056969C18
C 294
R
P 0000000056969C18
P 0000000057685DC8
C 204
= 00000000569285A8
R
P 0000000056969C18
C 294
R
P 0000000056969C18
P 00000000569285A8
C 165
R
P 0000000056969C18
C 294
R
P 0000000056969C18
P 0000000057685DC8
C 210
R
P 0000000056969C18
C 294
R
P 0000000056969C18
P 0000000057685DC8
C 209
R
P 0000000056969C18
C 294
R
P 0000000056969C18
P 0000000057685DC8
C 9
R
P 0000000056969C18
C 294
R
P 0000000056969C18
P 0000000057685DC8
I 0
C 218
R
P 0000000056969C18
C 294
R
P 0000000056969C18
P 000000005A0393B8
C 428
= 000000005A04CFD8
R
P 0000000056969C18
C 294
R
P 0000000056969C18
P 000000005A04CFD8
C 247
R
P 0000000056969C18
C 294
R
P 0000000056969C18
P 000000005A04CFD8
P 0000000057681148
I 0
P 0000000000000000
C 249
* 0000000057685DE8 4
R
P 0000000056969C18
C 294
R
P 0000000056969C18
P 0000000057685DE8
C 207
R
P 0000000056969C18
C 294
R
P 0000000056969C18
P 0000000057685DE8
C 204
= 00000000569285A8
R
P 0000000056969C18
C 294
R
P 0000000056969C18
P 00000000569285A8
C 165
R
P 0000000056969C18
C 294
R
P 0000000056969C18
P 0000000057685DE8
C 210
R
P 0000000056969C18
C 294
R
P 0000000056969C18
P 0000000057685DE8
C 209
R
P 0000000056969C18
C 294
R
P 0000000056969C18
P 0000000057685DE8
C 9
R
P 0000000056969C18
C 294
R
P 0000000056969C18
P 0000000057685DE8
I 0
C 218
R
P 0000000056969C18
C 294
R
P 0000000056969C18
U 32
C 34
= 00000000569285A8
R
P 0000000056969C18
C 294
R
P 0000000056969C18
P 00000000569285A8
C 9
R
P 0000000056969C18
C 294
R
P 0000000056969C18
I 18883
P 00000000569285A8
C 144
= 0000000057685D88
R
P 0000000056969C18
C 294
R
P 0000000056969C18
P 0000000057685D88
C 207
R
P 0000000056969C18
C 294
R
P 0000000056969C18
P 0000000057685D88
C 204
= 00000000569285A8
R
P 0000000056969C18
C 294
R
P 0000000056969C18
P 00000000569285A8
C 165
R
P 0000000056969C18
C 294
R
P 0000000056969C18
P 0000000057685D88
C 210
R
P 0000000056969C18
C 294
R
P 0000000056969C18
P 0000000057685D88
C 209
R
P 0000000056969C18
C 294
R
P 0000000056969C18
P 0000000057685D88
C 9
R
P 0000000056969C18
C 294
R
P 0000000056969C18
P 0000000056929C68
P 0000000057685D88
C 98
= 0000000059783A98
R
P 0000000056969C18
C 294
R
P 0000000056969C18
P 0000000059783A98
C 9
R
P 0000000056969C18
C 294
R
P 0000000056969C18
P 000000005A0393B8
P 0000000059783A98
C 423
R
P 0000000056969C18
C 294
R
P 0000000056969C18
U 32
C 34
= 00000000569285A8
R
P 0000000056969C18
C 294
R
P 0000000056969C18
P 00000000569285A8
C 9
R
P 0000000056969C18
C 294
R
P 0000000056969C18
I 37767
P 00000000569285A8
C 144
= 0000000057685F68
R
P 0000000056969C18
C 294
R
P 0000000056969C18
P 0000000057685F68
C 207
R
P 0000000056969C18
C 294
R
P 0000000056969C18
P 0000000057685F68
C 204
= 00000000569285A8
R
P 0000000056969C18
C 294
R
P 0000000056969C18
P 00000000569285A8
C 165
R
P 0000000056969C18
C 294
R
P 0000000056969C18
P 0000000057685F68
C 210
R
P 0000000056969C18
C 294
R
P 0000000056969C18
P 0000000057685F68
C 209
R
P 0000000056969C18
C 294
R
P 0000000056969C18
P 0000000057685F68
C 9
R
P 0000000056969C18
C 294
R
P 0000000056969C18
P 0000000056929C68
P 0000000057685F68
C 98
= 0000000059783A60
R
P 0000000056969C18
C 294
R
P 0000000056969C18
P 0000000059783A60
C 9
R
P 0000000056969C18
C 294
R
P 0000000056969C18
P 000000005A0393B8
P 0000000059783A60
C 423
R
P 0000000056969C18
C 294
R
P 0000000056969C18
U 32
C 34
= 00000000569285A8
R
P 0000000056969C18
C 294
R
P 0000000056969C18
P 00000000569285A8
C 9
R
P 0000000056969C18
C 294
R
P 0000000056969C18
I 67141762
P 00000000569285A8
C 144
= 0000000057685DC8
R
P 0000000056969C18
C 294
R
P 0000000056969C18
P 0000000057685DC8
C 207
R
P 0000000056969C18
C 294
R
P 0000000056969C18
P 0000000057685DC8
C 204
= 00000000569285A8
R
P 0000000056969C18
C 294
R
P 0000000056969C18
P 00000000569285A8
C 165
R
P 0000000056969C18
C 294
R
P 0000000056969C18
P 0000000057685DC8
C 210
R
P 0000000056969C18
C 294
R
P 0000000056969C18
P 0000000057685DC8
C 209
R
P 0000000056969C18
C 294
R
P 0000000056969C18
P 0000000057685DC8
C 9
R
P 0000000056969C18
C 294
R
P 0000000056969C18
P 0000000056929C88
P 0000000057685DC8
C 98
= 0000000059783A28
R
P 0000000056969C18
C 294
R
P 0000000056969C18
P 0000000059783A28
C 9
R
P 0000000056969C18
C 294
R
P 0000000056969C18
P 000000005A0393B8
P 0000000059783A28
C 423
R
P 0000000056969C18
C 294
R
P 0000000056969C18
U 32
C 34
= 00000000569285A8
R
P 0000000056969C18
C 294
R
P 0000000056969C18
P 00000000569285A8
C 9
R
P 0000000056969C18
C 294
R
P 0000000056969C18
I 2080379394
P 00000000569285A8
C 144
= 0000000057685DE8
R
P 0000000056969C18
C 294
R
P 0000000056969C18
P 0000000057685DE8
C 207
R
P 0000000056969C18
C 294
R
P 0000000056969C18
P 0000000057685DE8
C 204
= 00000000569285A8
R
P 0000000056969C18
C 294
R
P 0000000056969C18
P 00000000569285A8
C 165
R
P 0000000056969C18
C 294
R
P 0000000056969C18
P 0000000057685DE8
C 210
R
P 0000000056969C18
C 294
R
P 0000000056969C18
P 0000000057685DE8
C 209
R
P 0000000056969C18
C 294
R
P 0000000056969C18
P 0000000057685DE8
C 9
R
P 0000000056969C18
C 294
R
P 0000000056969C18
P 0000000057681148
P 0000000057685DE8
C 98
= 00000000597839F0
R
P 0000000056969C18
C 294
R
P 0000000056969C18
P 00000000597839F0
C 9
R
P 0000000056969C18
C 294
R
P 0000000056969C18
P 000000005A0393B8
P 00000000597839F0
C 423
R
P 0000000056969C18
C 294
R
P 0000000056969C18
P 000000005A0393B8
C 426
R
P 0000000056969C18
C 294
R
P 0000000056969C18
P 000000005A0393B8
C 428
= 000000005A04CF18
R
P 0000000056969C18
C 294
R
P 0000000056969C18
P 000000005A04CF18
C 247
R
P 0000000056969C18
C 294
R
P 0000000056969C18
P 000000005A04CF18
C 279
R
P 0000000056969C18
C 294
R
P 0000000056969C18
P 000000005A0393B8
C 428
= 000000005A04D188
R
P 0000000056969C18
C 294
R
P 0000000056969C18
P 000000005A04D188
C 247
R
P 0000000056969C18
C 294
R
P 0000000056969C18
P 000000005A04D188
P 0000000056929C68
I 0
P 0000000000000000
C 249
* 0000000057685DA8 4
R
P 0000000056969C18
C 294
R
P 0000000056969C18
P 0000000057685DA8
C 207
R
P 0000000056969C18
C 294
R
P 0000000056969C18
P 0000000057685DA8
C 204
= 00000000569285A8
R
P 0000000056969C18
C 294
R
P 0000000056969C18
P 00000000569285A8
C 165
R
P 0000000056969C18
C 294
R
P 0000000056969C18
P 0000000057685DA8
C 210
R
P 0000000056969C18
C 294
R
P 0000000056969C18
P 0000000057685DA8
C 209
R
P 0000000056969C18
C 294
R
P 0000000056969C18
P 0000000057685DA8
C 9
R
P 0000000056969C18
C 294
R
P 0000000056969C18
P 0000000057685DA8
I 0
C 218
R
P 0000000056969C18
C 294
R
P 0000000056969C18
P 000000005A0393B8
C 428
= 000000005A04D428
R
P 0000000056969C18
C 294
R
P 0000000056969C18
P 000000005A04D428
C 247
R
P 0000000056969C18
C 294
R
P 0000000056969C18
P 000000005A04D428
P 0000000056929C88
I 0
P 0000000000000000
C 249
* 0000000057681968 4
R
P 0000000056969C18
C 294
R
P 0000000056969C18
P 0000000057681968
C 207
R
P 0000000056969C18
C 294
R
P 0000000056969C18
P 0000000057681968
C 204
= 00000000569285A8
R
P 0000000056969C18
C 294
R
P 0000000056969C18
P 00000000569285A8
C 165
R
P 0000000056969C18
C 294
R
P 0000000056969C18
P 0000000057681968
C 210
R
P 0000000056969C18
C 294
R
P 0000000056969C18
P 0000000057681968
C 209
R
P 0000000056969C18
C 294
R
P 0000000056969C18
P 0000000057681968
C 9
R
P 0000000056969C18
C 294
R
P 0000000056969C18
P 0000000057681968
I 0
C 218
R
P 0000000056969C18
C 294
R
P 0000000056969C18
P 000000005A0393B8
C 428
= 000000005A04D1B8
R
P 0000000056969C18
C 294
R
P 0000000056969C18
P 000000005A04D1B8
C 247
R
P 0000000056969C18
C 294
R
P 0000000056969C18
P 000000005A04D1B8
P 0000000057681148
I 0
P 0000000000000000
C 249
* 0000000057686048 4
R
P 0000000056969C18
C 294
R
P 0000000056969C18
P 0000000057686048
C 207
R
P 0000000056969C18
C 294
R
P 0000000056969C18
P 0000000057686048
C 204
= 00000000569285A8
R
P 0000000056969C18
C 294
R
P 0000000056969C18
P 00000000569285A8
C 165
R
P 0000000056969C18
C 294
R
P 0000000056969C18
P 0000000057686048
C 210
R
P 0000000056969C18
C 294
R
P 0000000056969C18
P 0000000057686048
C 209
R
P 0000000056969C18
C 294
R
P 0000000056969C18
P 0000000057686048
C 9
R
P 0000000056969C18
C 294
R
P 0000000056969C18
P 0000000057686048
I 0
C 218
R
P 0000000056969C18
C 294
R
P 0000000056969C18
U 32
C 34
= 00000000569285A8
R
P 0000000056969C18
C 294
R
P 0000000056969C18
P 00000000569285A8
C 9
R
P 0000000056969C18
C 294
R
P 0000000056969C18
I 9427
P 00000000569285A8
C 144
= 0000000057685B88
R
P 0000000056969C18
C 294
R
P 0000000056969C18
P 0000000057685B88
C 207
R
P 0000000056969C18
C 294
R
P 0000000056969C18
P 0000000057685B88
C 204
= 00000000569285A8
R
P 0000000056969C18
C 294
R
P 0000000056969C18
P 00000000569285A8
C 165
R
P 0000000056969C18
C 294
R
P 0000000056969C18
P 0000000057685B88
C 210
R
P 0000000056969C18
C 294
R
P 0000000056969C18
P 0000000057685B88
C 209
R
P 0000000056969C18
C 294
R
P 0000000056969C18
P 0000000057685B88
C 9
R
P 0000000056969C18
C 294
R
P 0000000056969C18
P 0000000056929C68
P 0000000057685B88
C 98
= 0000000059783750
R
P 0000000056969C18
C 294
R
P 0000000056969C18
P 0000000059783750
C 9
R
P 0000000056969C18
C 294
R
P 0000000056969C18
P 000000005A0393B8
P 0000000059783750
C 423
R
P 0000000056969C18
C 294
R
P 0000000056969C18
U 32
C 34
= 00000000569285A8
R
P 0000000056969C18
C 294
R
P 0000000056969C18
P 00000000569285A8
C 9
R
P 0000000056969C18
C 294
R
P 0000000056969C18
I 18855
P 00000000569285A8
C 144
= 0000000057685DA8
R
P 0000000056969C18
C 294
R
P 0000000056969C18
P 0000000057685DA8
C 207
R
P 0000000056969C18
C 294
R
P 0000000056969C18
P 0000000057685DA8
C 204
= 00000000569285A8
R
P 0000000056969C18
C 294
R
P 0000000056969C18
P 00000000569285A8
C 165
R
P 0000000056969C18
C 294
R
P 0000000056969C18
P 0000000057685DA8
C 210
R
P 0000000056969C18
C 294
R
P 0000000056969C18
P 0000000057685DA8
C 209
R
P 0000000056969C18
C 294
R
P 0000000056969C18
P 0000000057685DA8
C 9
R
P 0000000056969C18
C 294
R
P 0000000056969C18
P 0000000056929C68
P 0000000057685DA8
C 98
= 0000000059783718
R
P 0000000056969C18
C 294
R
P 0000000056969C18
P 0000000059783718
C 9
R
P 0000000056969C18
C 294
R
P 0000000056969C18
P 000000005A0393B8
P 0000000059783718
C 423
R
P 0000000056969C18
C 294
R
P 0000000056969C18
U 32
C 34
= 00000000569285A8
R
P 0000000056969C18
C 294
R
P 0000000056969C18
P 00000000569285A8
C 9
R
P 0000000056969C18
C 294
R
P 0000000056969C18
I 67108994
P 00000000569285A8
C 144
= 0000000057681968
R
P 0000000056969C18
C 294
R
P 0000000056969C18
P 0000000057681968
C 207
R
P 0000000056969C18
C 294
R
P 0000000056969C18
P 0000000057681968
C 204
= 00000000569285A8
R
P 0000000056969C18
C 294
R
P 0000000056969C18
P 00000000569285A8
C 165
R
P 0000000056969C18
C 294
R
P 0000000056969C18
P 0000000057681968
C 210
R
P 0000000056969C18
C 294
R
P 0000000056969C18
P 0000000057681968
C 209
R
P 0000000056969C18
C 294
R
P 0000000056969C18
P 0000000057681968
C 9
R
P 0000000056969C18
C 294
R
P 0000000056969C18
P 0000000056929C88
P 0000000057681968
C 98
= 00000000597836E0
R
P 0000000056969C18
C 294
R
P 0000000056969C18
P 00000000597836E0
C 9
R
P 0000000056969C18
C 294
R
P 0000000056969C18
P 000000005A0393B8
P 00000000597836E0
C 423
R
P 0000000056969C18
C 294
R
P 0000000056969C18
U 32
C 34
= 00000000569285A8
R
P 0000000056969C18
C 294
R
P 0000000056969C18
P 00000000569285A8
C 9
R
P 0000000056969C18
C 294
R
P 0000000056969C18
I 1006895106
P 00000000569285A8
C 144
= 0000000057686048
R
P 0000000056969C18
C 294
R
P 0000000056969C18
P 0000000057686048
C 207
R
P 0000000056969C18
C 294
R
P 0000000056969C18
P 0000000057686048
C 204
= 00000000569285A8
R
P 0000000056969C18
C 294
R
P 0000000056969C18
P 00000000569285A8
C 165
R
P 0000000056969C18
C 294
R
P 0000000056969C18
P 0000000057686048
C 210
R
P 0000000056969C18
C 294
R
P 0000000056969C18
P 0000000057686048
C 209
R
P 0000000056969C18
C 294
R
P 0000000056969C18
P 0000000057686048
C 9
R
P 0000000056969C18
C 294
R
P 0000000056969C18
P 0000000057681148
P 0000000057686048
C 98
= 00000000597836A8
R
P 0000000056969C18
C 294
R
P 0000000056969C18
P 00000000597836A8
C 9
R
P 0000000056969C18
C 294
R
P 0000000056969C18
P 000000005A0393B8
P 00000000597836A8
C 423
R
P 0000000056969C18
C 294
R
P 0000000056969C18
P 000000005A0393B8
C 426
R
P 0000000056969C18
C 294
R
P 0000000056969C18
P 000000005A0393B8
C 428
= 000000005A04D398
R
P 0000000056969C18
C 294
R
P 0000000056969C18
P 000000005A04D398
C 247
R
P 0000000056969C18
C 294
R
P 0000000056969C18
P 000000005A04D398
C 279
R
P 0000000056969C18
C 294
R
P 0000000056969C18
P 000000005A0393B8
C 428
= 000000005A04D3F8
R
P 0000000056969C18
C 294
R
P 0000000056969C18
P 000000005A04D3F8
C 247
R
P 0000000056969C18
C 294
R
P 0000000056969C18
P 000000005A04D3F8
P 0000000056929C68
I 0
P 0000000000000000
C 249
* 0000000057685BA8 4
R
P 0000000056969C18
C 294
R
P 0000000056969C18
P 0000000057685BA8
C 207
R
P 0000000056969C18
C 294
R
P 0000000056969C18
P 0000000057685BA8
C 204
= 00000000569285A8
R
P 0000000056969C18
C 294
R
P 0000000056969C18
P 00000000569285A8
C 165
R
P 0000000056969C18
C 294
R
P 0000000056969C18
P 0000000057685BA8
C 210
R
P 0000000056969C18
C 294
R
P 0000000056969C18
P 0000000057685BA8
C 209
R
P 0000000056969C18
C 294
R
P 0000000056969C18
P 0000000057685BA8
C 9
R
P 0000000056969C18
C 294
R
P 0000000056969C18
P 0000000057685BA8
I 0
C 218
R
P 0000000056969C18
C 294
R
P 0000000056969C18
P 000000005A0393B8
C 428
= 000000005A04D608
R
P 0000000056969C18
C 294
R
P 0000000056969C18
P 000000005A04D608
C 247
R
P 0000000056969C18
C 294
R
P 0000000056969C18
P 000000005A04D608
P 0000000056929C88
I 0
P 0000000000000000
C 249
* 0000000057681968 4
R
P 0000000056969C18
C 294
R
P 0000000056969C18
P 0000000057681968
C 207
R
P 0000000056969C18
C 294
R
P 0000000056969C18
P 0000000057681968
C 204
= 00000000569285A8
R
P 0000000056969C18
C 294
R
P 0000000056969C18
P 00000000569285A8
C 165
R
P 0000000056969C18
C 294
R
P 0000000056969C18
P 0000000057681968
C 210
R
P 0000000056969C18
C 294
R
P 0000000056969C18
P 0000000057681968
C 209
R
P 0000000056969C18
C 294
R
P 0000000056969C18
P 0000000057681968
C 9
R
P 0000000056969C18
C 294
R
P 0000000056969C18
P 0000000057681968
I 0
C 218
R
P 0000000056969C18
C 294
R
P 0000000056969C18
P 000000005A0393B8
C 428
= 000000005A04CDC8
R
P 0000000056969C18
C 294
R
P 0000000056969C18
P 000000005A04CDC8
C 247
R
P 0000000056969C18
C 294
R
P 0000000056969C18
P 000000005A04CDC8
P 0000000057681148
I 0
P 0000000000000000
C 249
* 0000000057686048 4
R
P 0000000056969C18
C 294
R
P 0000000056969C18
P 0000000057686048
C 207
R
P 0000000056969C18
C 294
R
P 0000000056969C18
P 0000000057686048
C 204
= 00000000569285A8
R
P 0000000056969C18
C 294
R
P 0000000056969C18
P 00000000569285A8
C 165
R
P 0000000056969C18
C 294
R
P 0000000056969C18
P 0000000057686048
C 210
R
P 0000000056969C18
C 294
R
P 0000000056969C18
P 0000000057686048
C 209
R
P 0000000056969C18
C 294
R
P 0000000056969C18
P 0000000057686048
C 9
R
P 0000000056969C18
C 294
R
P 0000000056969C18
P 0000000057686048
I 0
C 218
R
P 0000000056969C18
C 294
R
P 0000000056969C18
U 32
C 34
= 00000000569285A8
R
P 0000000056969C18
C 294
R
P 0000000056969C18
P 00000000569285A8
C 9
R
P 0000000056969C18
C 294
R
P 0000000056969C18
I 4571
P 00000000569285A8
C 144
= 0000000057685968
R
P 0000000056969C18
C 294
R
P 0000000056969C18
P 0000000057685968
C 207
R
P 0000000056969C18
C 294
R
P 0000000056969C18
P 0000000057685968
C 204
= 00000000569285A8
R
P 0000000056969C18
C 294
R
P 0000000056969C18
P 00000000569285A8
C 165
R
P 0000000056969C18
C 294
R
P 0000000056969C18
P 0000000057685968
C 210
R
P 0000000056969C18
C 294
R
P 0000000056969C18
P 0000000057685968
C 209
R
P 0000000056969C18
C 294
R
P 0000000056969C18
P 0000000057685968
C 9
R
P 0000000056969C18
C 294
R
P 0000000056969C18
P 0000000056929C68
P 0000000057685968
C 98
= 0000000059783478
R
P 0000000056969C18
C 294
R
P 0000000056969C18
P 0000000059783478
C 9
R
P 0000000056969C18
C 294
R
P 0000000056969C18
P 000000005A0393B8
P 0000000059783478
C 423
R
P 0000000056969C18
C 294
R
P 0000000056969C18
U 32
C 34
= 00000000569285A8
R
P 0000000056969C18
C 294
R
P 0000000056969C18
P 00000000569285A8
C 9
R
P 0000000056969C18
C 294
R
P 0000000056969C18
I 9143
P 00000000569285A8
C 144
= 0000000057685BA8
R
P 0000000056969C18
C 294
R
P 0000000056969C18
P 0000000057685BA8
C 207
R
P 0000000056969C18
C 294
R
P 0000000056969C18
P 0000000057685BA8
C 204
= 00000000569285A8
R
P 0000000056969C18
C 294
R
P 0000000056969C18
P 00000000569285A8
C 165
R
P 0000000056969C18
C 294
R
P 0000000056969C18
P 0000000057685BA8
C 210
R
P 0000000056969C18
C 294
R
P 0000000056969C18
P 0000000057685BA8
C 209
R
P 0000000056969C18
C 294
R
P 0000000056969C18
P 0000000057685BA8
C 9
R
P 0000000056969C18
C 294
R
P 0000000056969C18
P 0000000056929C68
P 0000000057685BA8
C 98
= 0000000059783440
R
P 0000000056969C18
C 294
R
P 0000000056969C18
P 0000000059783440
C 9
R
P 0000000056969C18
C 294
R
P 0000000056969C18
P 000000005A0393B8
P 0000000059783440
C 423
R
P 0000000056969C18
C 294
R
P 0000000056969C18
U 32
C 34
= 00000000569285A8
R
P 0000000056969C18
C 294
R
P 0000000056969C18
P 00000000569285A8
C 9
R
P 0000000056969C18
C 294
R
P 0000000056969C18
I 67108994
P 00000000569285A8
C 144
= 0000000057681968
R
P 0000000056969C18
C 294
R
P 0000000056969C18
P 0000000057681968
C 207
R
P 0000000056969C18
C 294
R
P 0000000056969C18
P 0000000057681968
C 204
= 00000000569285A8
R
P 0000000056969C18
C 294
R
P 0000000056969C18
P 00000000569285A8
C 165
R
P 0000000056969C18
C 294
R
P 0000000056969C18
P 0000000057681968
C 210
R
P 0000000056969C18
C 294
R
P 0000000056969C18
P 0000000057681968
C 209
R
P 0000000056969C18
C 294
R
P 0000000056969C18
P 0000000057681968
C 9
R
P 0000000056969C18
C 294
R
P 0000000056969C18
P 0000000056929C88
P 0000000057681968
C 98
= 00000000597836E0
R
P 0000000056969C18
C 294
R
P 0000000056969C18
P 00000000597836E0
C 9
R
P 0000000056969C18
C 294
R
P 0000000056969C18
P 000000005A0393B8
P 00000000597836E0
C 423
R
P 0000000056969C18
C 294
R
P 0000000056969C18
U 32
C 34
= 00000000569285A8
R
P 0000000056969C18
C 294
R
P 0000000056969C18
P 00000000569285A8
C 9
R
P 0000000056969C18
C 294
R
P 0000000056969C18
I 1006895106
P 00000000569285A8
C 144
= 0000000057686048
R
P 0000000056969C18
C 294
R
P 0000000056969C18
P 0000000057686048
C 207
R
P 0000000056969C18
C 294
R
P 0000000056969C18
P 0000000057686048
C 204
= 00000000569285A8
R
P 0000000056969C18
C 294
R
P 0000000056969C18
P 00000000569285A8
C 165
R
P 0000000056969C18
C 294
R
P 0000000056969C18
P 0000000057686048
C 210
R
P 0000000056969C18
C 294
R
P 0000000056969C18
P 0000000057686048
C 209
R
P 0000000056969C18
C 294
R
P 0000000056969C18
P 0000000057686048
C 9
R
P 0000000056969C18
C 294
R
P 0000000056969C18
P 0000000057681148
P 0000000057686048
C 98
= 00000000597836A8
R
P 0000000056969C18
C 294
R
P 0000000056969C18
P 00000000597836A8
C 9
R
P 0000000056969C18
C 294
R
P 0000000056969C18
P 000000005A0393B8
P 00000000597836A8
C 423
R
P 0000000056969C18
C 294
R
P 0000000056969C18
P 000000005A0393B8
C 426
R
P 0000000056969C18
C 294
R
P 0000000056969C18
P 000000005A0393B8
C 428
= 000000005A04D488
R
P 0000000056969C18
C 294
R
P 0000000056969C18
P 000000005A04D488
C 247
R
P 0000000056969C18
C 294
R
P 0000000056969C18
P 000000005A04D488
C 279
R
P 0000000056969C18
C 294
R
P 0000000056969C18
P 000000005A0393B8
C 428
= 000000005A04D278
R
P 0000000056969C18
C 294
R
P 0000000056969C18
P 000000005A04D278
C 247
R
P 0000000056969C18
C 294
R
P 0000000056969C18
P 000000005A04D278
P 0000000056929C68
I 0
P 0000000000000000
C 249
* 0000000057685988 4
R
P 0000000056969C18
C 294
R
P 0000000056969C18
P 0000000057685988
C 207
R
P 0000000056969C18
C 294
R
P 0000000056969C18
P 0000000057685988
C 204
= 00000000569285A8
R
P 0000000056969C18
C 294
R
P 0000000056969C18
P 00000000569285A8
C 165
R
P 0000000056969C18
C 294
R
P 0000000056969C18
P 0000000057685988
C 210
R
P 0000000056969C18
C 294
R
P 0000000056969C18
P 0000000057685988
C 209
R
P 0000000056969C18
C 294
R
P 0000000056969C18
P 0000000057685988
C 9
R
P 0000000056969C18
C 294
R
P 0000000056969C18
P 0000000057685988
I 0
C 218
R
P 0000000056969C18
C 294
R
P 0000000056969C18
P 000000005A0393B8
C 428
= 000000005A04D788
R
P 0000000056969C18
C 294
R
P 0000000056969C18
P 000000005A04D788
C 247
R
P 0000000056969C18
C 294
R
P 0000000056969C18
P 000000005A04D788
P 0000000056929C88
I 0
P 0000000000000000
C 249
* 0000000057681968 4
R
P 0000000056969C18
C 294
R
P 0000000056969C18
P 0000000057681968
C 207
R
P 0000000056969C18
C 294
R
P 0000000056969C18
P 0000000057681968
C 204
= 00000000569285A8
R
P 0000000056969C18
C 294
R
P 0000000056969C18
P 00000000569285A8
C 165
R
P 0000000056969C18
C 294
R
P 0000000056969C18
P 0000000057681968
C 210
R
P 0000000056969C18
C 294
R
P 0000000056969C18
P 0000000057681968
C 209
R
P 0000000056969C18
C 294
R
P 0000000056969C18
P 0000000057681968
C 9
R
P 0000000056969C18
C 294
R
P 0000000056969C18
P 0000000057681968
I 0
C 218
R
P 0000000056969C18
C 294
R
P 0000000056969C18
P 000000005A0393B8
C 428
= 000000005A04D578
R
P 0000000056969C18
C 294
R
P 0000000056969C18
P 000000005A04D578
C 247
R
P 0000000056969C18
C 294
R
P 0000000056969C18
P 000000005A04D578
P 0000000057681148
I 0
P 0000000000000000
C 249
* 0000000057686048 4
R
P 0000000056969C18
C 294
R
P 0000000056969C18
P 0000000057686048
C 207
R
P 0000000056969C18
C 294
R
P 0000000056969C18
P 0000000057686048
C 204
= 00000000569285A8
R
P 0000000056969C18
C 294
R
P 0000000056969C18
P 00000000569285A8
C 165
R
P 0000000056969C18
C 294
R
P 0000000056969C18
P 0000000057686048
C 210
R
P 0000000056969C18
C 294
R
P 0000000056969C18
P 0000000057686048
C 209
R
P 0000000056969C18
C 294
R
P 0000000056969C18
P 0000000057686048
C 9
R
P 0000000056969C18
C 294
R
P 0000000056969C18
P 0000000057686048
I 0
C 218
R
P 0000000056969C18
C 294
R
P 0000000056969C18
U 32
C 34
= 00000000569285A8
R
P 0000000056969C18
C 294
R
P 0000000056969C18
P 00000000569285A8
C 9
R
P 0000000056969C18
C 294
R
P 0000000056969C18
I 1407
P 00000000569285A8
C 144
= 00000000576857E8
R
P 0000000056969C18
C 294
R
P 0000000056969C18
P 00000000576857E8
C 207
R
P 0000000056969C18
C 294
R
P 0000000056969C18
P 00000000576857E8
C 204
= 00000000569285A8
R
P 0000000056969C18
C 294
R
P 0000000056969C18
P 00000000569285A8
C 165
R
P 0000000056969C18
C 294
R
P 0000000056969C18
P 00000000576857E8
C 210
R
P 0000000056969C18
C 294
R
P 0000000056969C18
P 00000000576857E8
C 209
R
P 0000000056969C18
C 294
R
P 0000000056969C18
P 00000000576857E8
C 9
R
P 0000000056969C18
C 294
R
P 0000000056969C18
P 0000000056929C68
P 00000000576857E8
C 98
= 0000000059783248
R
P 0000000056969C18
C 294
R
P 0000000056969C18
P 0000000059783248
C 9
R
P 0000000056969C18
C 294
R
P 0000000056969C18
P 000000005A0393B8
P 0000000059783248
C 423
R
P 0000000056969C18
C 294
R
P 0000000056969C18
U 32
C 34
= 00000000569285A8
R
P 0000000056969C18
C 294
R
P 0000000056969C18
P 00000000569285A8
C 9
R
P 0000000056969C18
C 294
R
P 0000000056969C18
I 2815
P 00000000569285A8
C 144
= 0000000057685988
R
P 0000000056969C18
C 294
R
P 0000000056969C18
P 0000000057685988
C 207
R
P 0000000056969C18
C 294
R
P 0000000056969C18
P 0000000057685988
C 204
= 00000000569285A8
R
P 0000000056969C18
C 294
R
P 0000000056969C18
P 00000000569285A8
C 165
R
P 0000000056969C18
C 294
R
P 0000000056969C18
P 0000000057685988
C 210
R
P 0000000056969C18
C 294
R
P 0000000056969C18
P 0000000057685988
C 209
R
P 0000000056969C18
C 294
R
P 0000000056969C18
P 0000000057685988
C 9
R
P 0000000056969C18
C 294
R
P 0000000056969C18
P 0000000056929C68
P 0000000057685988
C 98
= 0000000059783210
R
P 0000000056969C18
C 294
R
P 0000000056969C18
P 0000000059783210
C 9
R
P 0000000056969C18
C 294
R
P 0000000056969C18
P 000000005A0393B8
P 0000000059783210
C 423
R
P 0000000056969C18
C 294
R
P 0000000056969C18
U 32
C 34
= 00000000569285A8
R
P 0000000056969C18
C 294
R
P 0000000056969C18
P 00000000569285A8
C 9
R
P 0000000056969C18
C 294
R
P 0000000056969C18
I 67108994
P 00000000569285A8
C 144
= 0000000057681968
R
P 0000000056969C18
C 294
R
P 0000000056969C18
P 0000000057681968
C 207
R
P 0000000056969C18
C 294
R
P 0000000056969C18
P 0000000057681968
C 204
= 00000000569285A8
R
P 0000000056969C18
C 294
R
P 0000000056969C18
P 00000000569285A8
C 165
R
P 0000000056969C18
C 294
R
P 0000000056969C18
P 0000000057681968
C 210
R
P 0000000056969C18
C 294
R
P 0000000056969C18
P 0000000057681968
C 209
R
P 0000000056969C18
C 294
R
P 0000000056969C18
P 0000000057681968
C 9
R
P 0000000056969C18
C 294
R
P 0000000056969C18
P 0000000056929C88
P 0000000057681968
C 98
= 00000000597836E0
R
P 0000000056969C18
C 294
R
P 0000000056969C18
P 00000000597836E0
C 9
R
P 0000000056969C18
C 294
R
P 0000000056969C18
P 000000005A0393B8
P 00000000597836E0
C 423
R
P 0000000056969C18
C 294
R
P 0000000056969C18
U 32
C 34
= 00000000569285A8
R
P 0000000056969C18
C 294
R
P 0000000056969C18
P 00000000569285A8
C 9
R
P 0000000056969C18
C 294
R
P 0000000056969C18
I 1006895106
P 00000000569285A8
C 144
= 0000000057686048
R
P 0000000056969C18
C 294
R
P 0000000056969C18
P 0000000057686048
C 207
R
P 0000000056969C18
C 294
R
P 0000000056969C18
P 0000000057686048
C 204
= 00000000569285A8
R
P 0000000056969C18
C 294
R
P 0000000056969C18
P 00000000569285A8
C 165
R
P 0000000056969C18
C 294
R
P 0000000056969C18
P 0000000057686048
C 210
R
P 0000000056969C18
C 294
R
P 0000000056969C18
P 0000000057686048
C 209
R
P 0000000056969C18
C 294
R
P 0000000056969C18
P 0000000057686048
C 9
R
P 0000000056969C18
C 294
R
P 0000000056969C18
P 0000000057681148
P 0000000057686048
C 98
= 00000000597836A8
R
P 0000000056969C18
C 294
R
P 0000000056969C18
P 00000000597836A8
C 9
R
P 0000000056969C18
C 294
R
P 0000000056969C18
P 000000005A0393B8
P 00000000597836A8
C 423
R
P 0000000056969C18
C 294
R
P 0000000056969C18
P 000000005A0393B8
C 426
R
P 0000000056969C18
C 294
R
P 0000000056969C18
P 000000005A0393B8
C 428
= 000000005A04D128
R
P 0000000056969C18
C 294
R
P 0000000056969C18
P 000000005A04D128
C 247
R
P 0000000056969C18
C 294
R
P 0000000056969C18
P 000000005A04D128
C 279
R
P 0000000056969C18
C 294
R
P 0000000056969C18
P 000000005A0393B8
C 428
= 000000005A04CD08
R
P 0000000056969C18
C 294
R
P 0000000056969C18
P 000000005A04CD08
C 247
R
P 0000000056969C18
C 294
R
P 0000000056969C18
P 000000005A04CD08
P 0000000056929C68
I 0
P 0000000000000000
C 249
* 0000000057685808 4
R
P 0000000056969C18
C 294
R
P 0000000056969C18
P 0000000057685808
C 207
R
P 0000000056969C18
C 294
R
P 0000000056969C18
P 0000000057685808
C 204
= 00000000569285A8
R
P 0000000056969C18
C 294
R
P 0000000056969C18
P 00000000569285A8
C 165
R
P 0000000056969C18
C 294
R
P 0000000056969C18
P 0000000057685808
C 210
R
P 0000000056969C18
C 294
R
P 0000000056969C18
P 0000000057685808
C 209
R
P 0000000056969C18
C 294
R
P 0000000056969C18
P 0000000057685808
C 9
R
P 0000000056969C18
C 294
R
P 0000000056969C18
P 0000000057685808
I 0
C 218
R
P 0000000056969C18
C 294
R
P 0000000056969C18
P 000000005A0393B8
C 428
= 000000005A04D908
R
P 0000000056969C18
C 294
R
P 0000000056969C18
P 000000005A04D908
C 247
R
P 0000000056969C18
C 294
R
P 0000000056969C18
P 000000005A04D908
P 0000000056929C88
I 0
P 0000000000000000
C 249
* 0000000057681968 4
R
P 0000000056969C18
C 294
R
P 0000000056969C18
P 0000000057681968
C 207
R
P 0000000056969C18
C 294
R
P 0000000056969C18
P 0000000057681968
C 204
= 00000000569285A8
R
P 0000000056969C18
C 294
R
P 0000000056969C18
P 00000000569285A8
C 165
R
P 0000000056969C18
C 294
R
P 0000000056969C18
P 0000000057681968
C 210
R
P 0000000056969C18
C 294
R
P 0000000056969C18
P 0000000057681968
C 209
R
P 0000000056969C18
C 294
R
P 0000000056969C18
P 0000000057681968
C 9
R
P 0000000056969C18
C 294
R
P 0000000056969C18
P 0000000057681968
I 0
C 218
R
P 0000000056969C18
C 294
R
P 0000000056969C18
P 000000005A0393B8
C 428
= 000000005A04D6F8
R
P 0000000056969C18
C 294
R
P 0000000056969C18
P 000000005A04D6F8
C 247
R
P 0000000056969C18
C 294
R
P 0000000056969C18
P 000000005A04D6F8
P 0000000057681148
I 0
P 0000000000000000
C 249
* 0000000057686048 4
R
P 0000000056969C18
C 294
R
P 0000000056969C18
P 0000000057686048
C 207
R
P 0000000056969C18
C 294
R
P 0000000056969C18
P 0000000057686048
C 204
= 00000000569285A8
R
P 0000000056969C18
C 294
R
P 0000000056969C18
P 00000000569285A8
C 165
R
P 0000000056969C18
C 294
R
P 0000000056969C18
P 0000000057686048
C 210
R
P 0000000056969C18
C 294
R
P 0000000056969C18
P 0000000057686048
C 209
R
P 0000000056969C18
C 294
R
P 0000000056969C18
P 0000000057686048
C 9
R
P 0000000056969C18
C 294
R
P 0000000056969C18
P 0000000057686048
I 0
C 218
R
P 0000000056969C18
C 294
R
P 0000000056969C18
U 32
C 34
= 00000000569285A8
R
P 0000000056969C18
C 294
R
P 0000000056969C18
P 00000000569285A8
C 9
R
P 0000000056969C18
C 294
R
P 0000000056969C18
I 383
P 00000000569285A8
C 144
= 0000000057685768
R
P 0000000056969C18
C 294
R
P 0000000056969C18
P 0000000057685768
C 207
R
P 0000000056969C18
C 294
R
P 0000000056969C18
P 0000000057685768
C 204
= 00000000569285A8
R
P 0000000056969C18
C 294
R
P 0000000056969C18
P 00000000569285A8
C 165
R
P 0000000056969C18
C 294
R
P 0000000056969C18
P 0000000057685768
C 210
R
P 0000000056969C18
C 294
R
P 0000000056969C18
P 0000000057685768
C 209
R
P 0000000056969C18
C 294
R
P 0000000056969C18
P 0000000057685768
C 9
R
P 0000000056969C18
C 294
R
P 0000000056969C18
P 0000000056929C68
P 0000000057685768
C 98
= 00000000597830F8
R
P 0000000056969C18
C 294
R
P 0000000056969C18
P 00000000597830F8
C 9
R
P 0000000056969C18
C 294
R
P 0000000056969C18
P 000000005A0393B8
P 00000000597830F8
C 423
R
P 0000000056969C18
C 294
R
P 0000000056969C18
U 32
C 34
= 00000000569285A8
R
P 0000000056969C18
C 294
R
P 0000000056969C18
P 00000000569285A8
C 9
R
P 0000000056969C18
C 294
R
P 0000000056969C18
I 767
P 00000000569285A8
C 144
= 0000000057685808
R
P 0000000056969C18
C 294
R
P 0000000056969C18
P 0000000057685808
C 207
R
P 0000000056969C18
C 294
R
P 0000000056969C18
P 0000000057685808
C 204
= 00000000569285A8
R
P 0000000056969C18
C 294
R
P 0000000056969C18
P 00000000569285A8
C 165
R
P 0000000056969C18
C 294
R
P 0000000056969C18
P 0000000057685808
C 210
R
P 0000000056969C18
C 294
R
P 0000000056969C18
P 0000000057685808
C 209
R
P 0000000056969C18
C 294
R
P 0000000056969C18
P 0000000057685808
C 9
R
P 0000000056969C18
C 294
R
P 0000000056969C18
P 0000000056929C68
P 0000000057685808
C 98
= 00000000597830C0
R
P 0000000056969C18
C 294
R
P 0000000056969C18
P 00000000597830C0
C 9
R
P 0000000056969C18
C 294
R
P 0000000056969C18
P 000000005A0393B8
P 00000000597830C0
C 423
R
P 0000000056969C18
C 294
R
P 0000000056969C18
U 32
C 34
= 00000000569285A8
R
P 0000000056969C18
C 294
R
P 0000000056969C18
P 00000000569285A8
C 9
R
P 0000000056969C18
C 294
R
P 0000000056969C18
I 67108994
P 00000000569285A8
C 144
= 0000000057681968
R
P 0000000056969C18
C 294
R
P 0000000056969C18
P 0000000057681968
C 207
R
P 0000000056969C18
C 294
R
P 0000000056969C18
P 0000000057681968
C 204
= 00000000569285A8
R
P 0000000056969C18
C 294
R
P 0000000056969C18
P 00000000569285A8
C 165
R
P 0000000056969C18
C 294
R
P 0000000056969C18
P 0000000057681968
C 210
R
P 0000000056969C18
C 294
R
P 0000000056969C18
P 0000000057681968
C 209
R
P 0000000056969C18
C 294
R
P 0000000056969C18
P 0000000057681968
C 9
R
P 0000000056969C18
C 294
R
P 0000000056969C18
P 0000000056929C88
P 0000000057681968
C 98
= 00000000597836E0
R
P 0000000056969C18
C 294
R
P 0000000056969C18
P 00000000597836E0
C 9
R
P 0000000056969C18
C 294
R
P 0000000056969C18
P 000000005A0393B8
P 00000000597836E0
C 423
R
P 0000000056969C18
C 294
R
P 0000000056969C18
U 32
C 34
= 00000000569285A8
R
P 0000000056969C18
C 294
R
P 0000000056969C18
P 00000000569285A8
C 9
R
P 0000000056969C18
C 294
R
P 0000000056969C18
I 1006895106
P 00000000569285A8
C 144
= 0000000057686048
R
P 0000000056969C18
C 294
R
P 0000000056969C18
P 0000000057686048
C 207
R
P 0000000056969C18
C 294
R
P 0000000056969C18
P 0000000057686048
C 204
= 00000000569285A8
R
P 0000000056969C18
C 294
R
P 0000000056969C18
P 00000000569285A8
C 165
R
P 0000000056969C18
C 294
R
P 0000000056969C18
P 0000000057686048
C 210
R
P 0000000056969C18
C 294
R
P 0000000056969C18
P 0000000057686048
C 209
R
P 0000000056969C18
C 294
R
P 0000000056969C18
P 0000000057686048
C 9
R
P 0000000056969C18
C 294
R
P 0000000056969C18
P 0000000057681148
P 0000000057686048
C 98
= 00000000597836A8
R
P 0000000056969C18
C 294
R
P 0000000056969C18
P 00000000597836A8
C 9
R
P 0000000056969C18
C 294
R
P 0000000056969C18
P 000000005A0393B8
P 00000000597836A8
C 423
R
P 0000000056969C18
C 294
R
P 0000000056969C18
P 000000005A0393B8
C 426
R
P 0000000056969C18
C 294
R
P 0000000056969C18
P 000000005A0393B8
C 428
= 000000005A04CE28
R
P 0000000056969C18
C 294
R
P 0000000056969C18
P 000000005A04CE28
C 247
R
P 0000000056969C18
C 294
R
P 0000000056969C18
P 000000005A04CE28
C 279
R
P 0000000056969C18
C 294
R
P 0000000056969C18
P 000000005A0393B8
C 428
= 000000005A04D4E8
R
P 0000000056969C18
C 294
R
P 0000000056969C18
P 000000005A04D4E8
C 247
R
P 0000000056969C18
C 294
R
P 0000000056969C18
P 000000005A04D4E8
P 0000000056929C68
I 0
P 0000000000000000
C 249
* 0000000057685788 4
R
P 0000000056969C18
C 294
R
P 0000000056969C18
P 0000000057685788
C 207
R
P 0000000056969C18
C 294
R
P 0000000056969C18
P 0000000057685788
C 204
= 00000000569285A8
R
P 0000000056969C18
C 294
R
P 0000000056969C18
P 00000000569285A8
C 165
R
P 0000000056969C18
C 294
R
P 0000000056969C18
P 0000000057685788
C 210
R
P 0000000056969C18
C 294
R
P 0000000056969C18
P 0000000057685788
C 209
R
P 0000000056969C18
C 294
R
P 0000000056969C18
P 0000000057685788
C 9
R
P 0000000056969C18
C 294
R
P 0000000056969C18
P 0000000057685788
I 0
C 218
R
P 0000000056969C18
C 294
R
P 0000000056969C18
P 000000005A0393B8
C 428
= 000000005A04DA88
R
P 0000000056969C18
C 294
R
P 0000000056969C18
P 000000005A04DA88
C 247
R
P 0000000056969C18
C 294
R
P 0000000056969C18
P 000000005A04DA88
P 0000000056929C88
I 0
P 0000000000000000
C 249
* 0000000057681968 4
R
P 0000000056969C18
C 294
R
P 0000000056969C18
P 0000000057681968
C 207
R
P 0000000056969C18
C 294
R
P 0000000056969C18
P 0000000057681968
C 204
= 00000000569285A8
R
P 0000000056969C18
C 294
R
P 0000000056969C18
P 00000000569285A8
C 165
R
P 0000000056969C18
C 294
R
P 0000000056969C18
P 0000000057681968
C 210
R
P 0000000056969C18
C 294
R
P 0000000056969C18
P 0000000057681968
C 209
R
P 0000000056969C18
C 294
R
P 0000000056969C18
P 0000000057681968
C 9
R
P 0000000056969C18
C 294
R
P 0000000056969C18
P 0000000057681968
I 0
C 218
R
P 0000000056969C18
C 294
R
P 0000000056969C18
P 000000005A0393B8
C 428
= 000000005A04D878
R
P 0000000056969C18
C 294
R
P 0000000056969C18
P 000000005A04D878
C 247
R
P 0000000056969C18
C 294
R
P 0000000056969C18
P 000000005A04D878
P 0000000057681148
I 0
P 0000000000000000
C 249
* 0000000057686048 4
R
P 0000000056969C18
C 294
R
P 0000000056969C18
P 0000000057686048
C 207
R
P 0000000056969C18
C 294
R
P 0000000056969C18
P 0000000057686048
C 204
= 00000000569285A8
R
P 0000000056969C18
C 294
R
P 0000000056969C18
P 00000000569285A8
C 165
R
P 0000000056969C18
C 294
R
P 0000000056969C18
P 0000000057686048
C 210
R
P 0000000056969C18
C 294
R
P 0000000056969C18
P 0000000057686048
C 209
R
P 0000000056969C18
C 294
R
P 0000000056969C18
P 0000000057686048
C 9
R
P 0000000056969C18
C 294
R
P 0000000056969C18
P 0000000057686048
I 0
C 218
R
P 0000000056969C18
C 294
R
P 0000000056969C18
U 32
C 34
= 00000000569285A8
R
P 0000000056969C18
C 294
R
P 0000000056969C18
P 00000000569285A8
C 9
R
P 0000000056969C18
C 294
R
P 0000000056969C18
I 127
P 00000000569285A8
C 144
= 0000000057685748
R
P 0000000056969C18
C 294
R
P 0000000056969C18
P 0000000057685748
C 207
R
P 0000000056969C18
C 294
R
P 0000000056969C18
P 0000000057685748
C 204
= 00000000569285A8
R
P 0000000056969C18
C 294
R
P 0000000056969C18
P 00000000569285A8
C 165
R
P 0000000056969C18
C 294
R
P 0000000056969C18
P 0000000057685748
C 210
R
P 0000000056969C18
C 294
R
P 0000000056969C18
P 0000000057685748
C 209
R
P 0000000056969C18
C 294
R
P 0000000056969C18
P 0000000057685748
C 9
R
P 0000000056969C18
C 294
R
P 0000000056969C18
P 0000000056929C68
P 0000000057685748
C 98
= 0000000059783788
R
P 0000000056969C18
C 294
R
P 0000000056969C18
P 0000000059783788
C 9
R
P 0000000056969C18
C 294
R
P 0000000056969C18
P 000000005A0393B8
P 0000000059783788
C 423
R
P 0000000056969C18
C 294
R
P 0000000056969C18
U 32
C 34
= 00000000569285A8
R
P 0000000056969C18
C 294
R
P 0000000056969C18
P 00000000569285A8
C 9
R
P 0000000056969C18
C 294
R
P 0000000056969C18
I 255
P 00000000569285A8
C 144
= 0000000057685788
R
P 0000000056969C18
C 294
R
P 0000000056969C18
P 0000000057685788
C 207
R
P 0000000056969C18
C 294
R
P 0000000056969C18
P 0000000057685788
C 204
= 00000000569285A8
R
P 0000000056969C18
C 294
R
P 0000000056969C18
P 00000000569285A8
C 165
R
P 0000000056969C18
C 294
R
P 0000000056969C18
P 0000000057685788
C 210
R
P 0000000056969C18
C 294
R
P 0000000056969C18
P 0000000057685788
C 209
R
P 0000000056969C18
C 294
R
P 0000000056969C18
P 0000000057685788
C 9
R
P 0000000056969C18
C 294
R
P 0000000056969C18
P 0000000056929C68
P 0000000057685788
C 98
= 0000000059783AD0
R
P 0000000056969C18
C 294
R
P 0000000056969C18
P 0000000059783AD0
C 9
R
P 0000000056969C18
C 294
R
P 0000000056969C18
P 000000005A0393B8
P 0000000059783AD0
C 423
R
P 0000000056969C18
C 294
R
P 0000000056969C18
U 32
C 34
= 00000000569285A8
R
P 0000000056969C18
C 294
R
P 0000000056969C18
P 00000000569285A8
C 9
R
P 0000000056969C18
C 294
R
P 0000000056969C18
I 67108994
P 00000000569285A8
C 144
= 0000000057681968
R
P 0000000056969C18
C 294
R
P 0000000056969C18
P 0000000057681968
C 207
R
P 0000000056969C18
C 294
R
P 0000000056969C18
P 0000000057681968
C 204
= 00000000569285A8
R
P 0000000056969C18
C 294
R
P 0000000056969C18
P 00000000569285A8
C 165
R
P 0000000056969C18
C 294
R
P 0000000056969C18
P 0000000057681968
C 210
R
P 0000000056969C18
C 294
R
P 0000000056969C18
P 0000000057681968
C 209
R
P 0000000056969C18
C 294
R
P 0000000056969C18
P 0000000057681968
C 9
R
P 0000000056969C18
C 294
R
P 0000000056969C18
P 0000000056929C88
P 0000000057681968
C 98
= 00000000597836E0
R
P 0000000056969C18
C 294
R
P 0000000056969C18
P 00000000597836E0
C 9
R
P 0000000056969C18
C 294
R
P 0000000056969C18
P 000000005A0393B8
P 00000000597836E0
C 423
R
P 0000000056969C18
C 294
R
P 0000000056969C18
U 32
C 34
= 00000000569285A8
R
P 0000000056969C18
C 294
R
P 0000000056969C18
P 00000000569285A8
C 9
R
P 0000000056969C18
C 294
R
P 0000000056969C18
I 1006895106
P 00000000569285A8
C 144
= 0000000057686048
R
P 0000000056969C18
C 294
R
P 0000000056969C18
P 0000000057686048
C 207
R
P 0000000056969C18
C 294
R
P 0000000056969C18
P 0000000057686048
C 204
= 00000000569285A8
R
P 0000000056969C18
C 294
R
P 0000000056969C18
P 00000000569285A8
C 165
R
P 0000000056969C18
C 294
R
P 0000000056969C18
P 0000000057686048
C 210
R
P 0000000056969C18
C 294
R
P 0000000056969C18
P 0000000057686048
C 209
R
P 0000000056969C18
C 294
R
P 0000000056969C18
P 0000000057686048
C 9
R
P 0000000056969C18
C 294
R
P 0000000056969C18
P 0000000057681148
P 0000000057686048
C 98
= 00000000597836A8
R
P 0000000056969C18
C 294
R
P 0000000056969C18
P 00000000597836A8
C 9
R
P 0000000056969C18
C 294
R
P 0000000056969C18
P 000000005A0393B8
P 00000000597836A8
C 423
R
P 0000000056969C18
C 294
R
P 0000000056969C18
P 000000005A0393B8
C 426
R
P 0000000056969C18
C 294
R
P 0000000056969C18
P 000000005A0393B8
C 428
= 000000005A04D548
R
P 0000000056969C18
C 294
R
P 0000000056969C18
P 000000005A04D548
C 247
R
P 0000000056969C18
C 294
R
P 0000000056969C18
P 000000005A04D548
C 279
R
P 0000000056969C18
C 294
R
P 0000000056969C18
P 000000005A0393B8
C 428
= 000000005A04D668
R
P 0000000056969C18
C 294
R
P 0000000056969C18
P 000000005A04D668
C 247
R
P 0000000056969C18
C 294
R
P 0000000056969C18
P 000000005A04D668
P 0000000056929C68
I 0
P 0000000000000000
C 249
* 0000000057685748 4
R
P 0000000056969C18
C 294
R
P 0000000056969C18
P 0000000057685748
C 207
R
P 0000000056969C18
C 294
R
P 0000000056969C18
P 0000000057685748
C 204
= 00000000569285A8
R
P 0000000056969C18
C 294
R
P 0000000056969C18
P 00000000569285A8
C 165
R
P 0000000056969C18
C 294
R
P 0000000056969C18
P 0000000057685748
C 210
R
P 0000000056969C18
C 294
R
P 0000000056969C18
P 0000000057685748
C 209
R
P 0000000056969C18
C 294
R
P 0000000056969C18
P 0000000057685748
C 9
R
P 0000000056969C18
C 294
R
P 0000000056969C18
P 0000000057685748
I 0
C 218
R
P 0000000056969C18
C 294
R
P 0000000056969C18
P 000000005A0393B8
C 428
= 000000005A04DC08
R
P 0000000056969C18
C 294
R
P 0000000056969C18
P 000000005A04DC08
C 247
R
P 0000000056969C18
C 294
R
P 0000000056969C18
P 000000005A04DC08
P 0000000056929C88
I 0
P 0000000000000000
C 249
* 0000000057685728 4
R
P 0000000056969C18
C 294
R
P 0000000056969C18
P 0000000057685728
C 207
R
P 0000000056969C18
C 294
R
P 0000000056969C18
P 0000000057685728
C 204
= 00000000569285A8
R
P 0000000056969C18
C 294
R
P 0000000056969C18
P 00000000569285A8
C 165
R
P 0000000056969C18
C 294
R
P 0000000056969C18
P 0000000057685728
C 210
R
P 0000000056969C18
C 294
R
P 0000000056969C18
P 0000000057685728
C 209
R
P 0000000056969C18
C 294
R
P 0000000056969C18
P 0000000057685728
C 9
R
P 0000000056969C18
C 294
R
P 0000000056969C18
P 0000000057685728
I 0
C 218
R
P 0000000056969C18
C 294
R
P 0000000056969C18
P 000000005A0393B8
C 428
= 000000005A04D9F8
R
P 0000000056969C18
C 294
R
P 0000000056969C18
P 000000005A04D9F8
C 247
R
P 0000000056969C18
C 294
R
P 0000000056969C18
P 000000005A04D9F8
P 0000000057681148
I 0
P 0000000000000000
C 249
* 0000000057686048 4
R
P 0000000056969C18
C 294
R
P 0000000056969C18
P 0000000057686048
C 207
R
P 0000000056969C18
C 294
R
P 0000000056969C18
P 0000000057686048
C 204
= 00000000569285A8
R
P 0000000056969C18
C 294
R
P 0000000056969C18
P 00000000569285A8
C 165
R
P 0000000056969C18
C 294
R
P 0000000056969C18
P 0000000057686048
C 210
R
P 0000000056969C18
C 294
R
P 0000000056969C18
P 0000000057686048
C 209
R
P 0000000056969C18
C 294
R
P 0000000056969C18
P 0000000057686048
C 9
R
P 0000000056969C18
C 294
R
P 0000000056969C18
P 0000000057686048
I 0
C 218
R
P 0000000056969C18
C 294
R
P 0000000056969C18
U 32
C 34
= 00000000569285A8
R
P 0000000056969C18
C 294
R
P 0000000056969C18
P 00000000569285A8
C 9
R
P 0000000056969C18
C 294
R
P 0000000056969C18
I 63
P 00000000569285A8
C 144
= 0000000057685848
R
P 0000000056969C18
C 294
R
P 0000000056969C18
P 0000000057685848
C 207
R
P 0000000056969C18
C 294
R
P 0000000056969C18
P 0000000057685848
C 204
= 00000000569285A8
R
P 0000000056969C18
C 294
R
P 0000000056969C18
P 00000000569285A8
C 165
R
P 0000000056969C18
C 294
R
P 0000000056969C18
P 0000000057685848
C 210
R
P 0000000056969C18
C 294
R
P 0000000056969C18
P 0000000057685848
C 209
R
P 0000000056969C18
C 294
R
P 0000000056969C18
P 0000000057685848
C 9
R
P 0000000056969C18
C 294
R
P 0000000056969C18
P 0000000056929C68
P 0000000057685848
C 98
= 0000000059783D70
R
P 0000000056969C18
C 294
R
P 0000000056969C18
P 0000000059783D70
C 9
R
P 0000000056969C18
C 294
R
P 0000000056969C18
P 000000005A0393B8
P 0000000059783D70
C 423
R
P 0000000056969C18
C 294
R
P 0000000056969C18
U 32
C 34
= 00000000569285A8
R
P 0000000056969C18
C 294
R
P 0000000056969C18
P 00000000569285A8
C 9
R
P 0000000056969C18
C 294
R
P 0000000056969C18
I 127
P 00000000569285A8
C 144
= 0000000057685748
R
P 0000000056969C18
C 294
R
P 0000000056969C18
P 0000000057685748
C 207
R
P 0000000056969C18
C 294
R
P 0000000056969C18
P 0000000057685748
C 204
= 00000000569285A8
R
P 0000000056969C18
C 294
R
P 0000000056969C18
P 00000000569285A8
C 165
R
P 0000000056969C18
C 294
R
P 0000000056969C18
P 0000000057685748
C 210
R
P 0000000056969C18
C 294
R
P 0000000056969C18
P 0000000057685748
C 209
R
P 0000000056969C18
C 294
R
P 0000000056969C18
P 0000000057685748
C 9
R
P 0000000056969C18
C 294
R
P 0000000056969C18
P 0000000056929C68
P 0000000057685748
C 98
= 0000000059783788
R
P 0000000056969C18
C 294
R
P 0000000056969C18
P 0000000059783788
C 9
R
P 0000000056969C18
C 294
R
P 0000000056969C18
P 000000005A0393B8
P 0000000059783788
C 423
R
P 0000000056969C18
C 294
R
P 0000000056969C18
U 32
C 34
= 00000000569285A8
R
P 0000000056969C18
C 294
R
P 0000000056969C18
P 00000000569285A8
C 9
R
P 0000000056969C18
C 294
R
P 0000000056969C18
I 67108898
P 00000000569285A8
C 144
= 0000000057685728
R
P 0000000056969C18
C 294
R
P 0000000056969C18
P 0000000057685728
C 207
R
P 0000000056969C18
C 294
R
P 0000000056969C18
P 0000000057685728
C 204
= 00000000569285A8
R
P 0000000056969C18
C 294
R
P 0000000056969C18
P 00000000569285A8
C 165
R
P 0000000056969C18
C 294
R
P 0000000056969C18
P 0000000057685728
C 210
R
P 0000000056969C18
C 294
R
P 0000000056969C18
P 0000000057685728
C 209
R
P 0000000056969C18
C 294
R
P 0000000056969C18
P 0000000057685728
C 9
R
P 0000000056969C18
C 294
R
P 0000000056969C18
P 0000000056929C88
P 0000000057685728
C 98
= 0000000059783088
R
P 0000000056969C18
C 294
R
P 0000000056969C18
P 0000000059783088
C 9
R
P 0000000056969C18
C 294
R
P 0000000056969C18
P 000000005A0393B8
P 0000000059783088
C 423
R
P 0000000056969C18
C 294
R
P 0000000056969C18
U 32
C 34
= 00000000569285A8
R
P 0000000056969C18
C 294
R
P 0000000056969C18
P 00000000569285A8
C 9
R
P 0000000056969C18
C 294
R
P 0000000056969C18
I 1006895106
P 00000000569285A8
C 144
= 0000000057686048
R
P 0000000056969C18
C 294
R
P 0000000056969C18
P 0000000057686048
C 207
R
P 0000000056969C18
C 294
R
P 0000000056969C18
P 0000000057686048
C 204
= 00000000569285A8
R
P 0000000056969C18
C 294
R
P 0000000056969C18
P 00000000569285A8
C 165
R
P 0000000056969C18
C 294
R
P 0000000056969C18
P 0000000057686048
C 210
R
P 0000000056969C18
C 294
R
P 0000000056969C18
P 0000000057686048
C 209
R
P 0000000056969C18
C 294
R
P 0000000056969C18
P 0000000057686048
C 9
R
P 0000000056969C18
C 294
R
P 0000000056969C18
P 0000000057681148
P 0000000057686048
C 98
= 00000000597836A8
R
P 0000000056969C18
C 294
R
P 0000000056969C18
P 00000000597836A8
C 9
R
P 0000000056969C18
C 294
R
P 0000000056969C18
P 000000005A0393B8
P 00000000597836A8
C 423
R
P 0000000056969C18
C 294
R
P 0000000056969C18
P 000000005A0393B8
C 426
R
P 0000000056969C18
C 294
R
P 0000000056969C18
P 000000005A0393B8
C 428
= 000000005A04DB48
R
P 0000000056969C18
C 294
R
P 0000000056969C18
P 000000005A04DB48
C 247
R
P 0000000056969C18
C 294
R
P 0000000056969C18
P 000000005A04DB48
C 279
R
P 0000000056969C18
C 294
R
P 0000000056969C18
P 000000005A0393B8
C 428
= 000000005A04DAE8
R
P 0000000056969C18
C 294
R
P 0000000056969C18
P 000000005A04DAE8
C 247
R
P 0000000056969C18
C 294
R
P 0000000056969C18
P 000000005A04DAE8
P 0000000056929C68
I 0
P 0000000000000000
C 249
* 0000000057685848 4
R
P 0000000056969C18
C 294
R
P 0000000056969C18
P 0000000057685848
C 207
R
P 0000000056969C18
C 294
R
P 0000000056969C18
P 0000000057685848
C 204
= 00000000569285A8
R
P 0000000056969C18
C 294
R
P 0000000056969C18
P 00000000569285A8
C 165
R
P 0000000056969C18
C 294
R
P 0000000056969C18
P 0000000057685848
C 210
R
P 0000000056969C18
C 294
R
P 0000000056969C18
P 0000000057685848
C 209
R
P 0000000056969C18
C 294
R
P 0000000056969C18
P 0000000057685848
C 9
R
P 0000000056969C18
C 294
R
P 0000000056969C18
P 0000000057685848
I 0
C 218
R
P 0000000056969C18
C 294
R
P 0000000056969C18
P 000000005A0393B8
C 428
= 000000005A04DD88
R
P 0000000056969C18
C 294
R
P 0000000056969C18
P 000000005A04DD88
C 247
R
P 0000000056969C18
C 294
R
P 0000000056969C18
P 000000005A04DD88
P 0000000056929C88
I 0
P 0000000000000000
C 249
* 0000000057685728 4
R
P 0000000056969C18
C 294
R
P 0000000056969C18
P 0000000057685728
C 207
R
P 0000000056969C18
C 294
R
P 0000000056969C18
P 0000000057685728
C 204
= 00000000569285A8
R
P 0000000056969C18
C 294
R
P 0000000056969C18
P 00000000569285A8
C 165
R
P 0000000056969C18
C 294
R
P 0000000056969C18
P 0000000057685728
C 210
R
P 0000000056969C18
C 294
R
P 0000000056969C18
P 0000000057685728
C 209
R
P 0000000056969C18
C 294
R
P 0000000056969C18
P 0000000057685728
C 9
R
P 0000000056969C18
C 294
R
P 0000000056969C18
P 0000000057685728
I 0
C 218
R
P 0000000056969C18
C 294
R
P 0000000056969C18
P 000000005A0393B8
C 428
= 000000005A04D998
R
P 0000000056969C18
C 294
R
P 0000000056969C18
P 000000005A04D998
C 247
R
P 0000000056969C18
C 294
R
P 0000000056969C18
P 000000005A04D998
P 0000000057681148
I 0
P 0000000000000000
C 249
* 0000000057686048 4
R
P 0000000056969C18
C 294
R
P 0000000056969C18
P 0000000057686048
C 207
R
P 0000000056969C18
C 294
R
P 0000000056969C18
P 0000000057686048
C 204
= 00000000569285A8
R
P 0000000056969C18
C 294
R
P 0000000056969C18
P 00000000569285A8
C 165
R
P 0000000056969C18
C 294
R
P 0000000056969C18
P 0000000057686048
C 210
R
P 0000000056969C18
C 294
R
P 0000000056969C18
P 0000000057686048
C 209
R
P 0000000056969C18
C 294
R
P 0000000056969C18
P 0000000057686048
C 9
R
P 0000000056969C18
C 294
R
P 0000000056969C18
P 0000000057686048
I 0
C 218
R
P 0000000056969C18
C 294
R
P 0000000056969C18
U 32
C 34
= 00000000569285A8
R
P 0000000056969C18
C 294
R
P 0000000056969C18
P 00000000569285A8
C 9
R
P 0000000056969C18
C 294
R
P 0000000056969C18
I 31
P 00000000569285A8
C 144
= 00000000576859A8
R
P 0000000056969C18
C 294
R
P 0000000056969C18
P 00000000576859A8
C 207
R
P 0000000056969C18
C 294
R
P 0000000056969C18
P 00000000576859A8
C 204
= 00000000569285A8
R
P 0000000056969C18
C 294
R
P 0000000056969C18
P 00000000569285A8
C 165
R
P 0000000056969C18
C 294
R
P 0000000056969C18
P 00000000576859A8
C 210
R
P 0000000056969C18
C 294
R
P 0000000056969C18
P 00000000576859A8
C 209
R
P 0000000056969C18
C 294
R
P 0000000056969C18
P 00000000576859A8
C 9
R
P 0000000056969C18
C 294
R
P 0000000056969C18
P 0000000056929C68
P 00000000576859A8
C 98
= 0000000059783050
R
P 0000000056969C18
C 294
R
P 0000000056969C18
P 0000000059783050
C 9
R
P 0000000056969C18
C 294
R
P 0000000056969C18
P 000000005A0393B8
P 0000000059783050
C 423
R
P 0000000056969C18
C 294
R
P 0000000056969C18
U 32
C 34
= 00000000569285A8
R
P 0000000056969C18
C 294
R
P 0000000056969C18
P 00000000569285A8
C 9
R
P 0000000056969C18
C 294
R
P 0000000056969C18
I 63
P 00000000569285A8
C 144
= 0000000057685848
R
P 0000000056969C18
C 294
R
P 0000000056969C18
P 0000000057685848
C 207
R
P 0000000056969C18
C 294
R
P 0000000056969C18
P 0000000057685848
C 204
= 00000000569285A8
R
P 0000000056969C18
C 294
R
P 0000000056969C18
P 00000000569285A8
C 165
R
P 0000000056969C18
C 294
R
P 0000000056969C18
P 0000000057685848
C 210
R
P 0000000056969C18
C 294
R
P 0000000056969C18
P 0000000057685848
C 209
R
P 0000000056969C18
C 294
R
P 0000000056969C18
P 0000000057685848
C 9
R
P 0000000056969C18
C 294
R
P 0000000056969C18
P 0000000056929C68
P 0000000057685848
C 98
= 0000000059783D70
R
P 0000000056969C18
C 294
R
P 0000000056969C18
P 0000000059783D70
C 9
R
P 0000000056969C18
C 294
R
P 0000000056969C18
P 000000005A0393B8
P 0000000059783D70
C 423
R
P 0000000056969C18
C 294
R
P 0000000056969C18
U 32
C 34
= 00000000569285A8
R
P 0000000056969C18
C 294
R
P 0000000056969C18
P 00000000569285A8
C 9
R
P 0000000056969C18
C 294
R
P 0000000056969C18
I 67108898
P 00000000569285A8
C 144
= 0000000057685728
R
P 0000000056969C18
C 294
R
P 0000000056969C18
P 0000000057685728
C 207
R
P 0000000056969C18
C 294
R
P 0000000056969C18
P 0000000057685728
C 204
= 00000000569285A8
R
P 0000000056969C18
C 294
R
P 0000000056969C18
P 00000000569285A8
C 165
R
P 0000000056969C18
C 294
R
P 0000000056969C18
P 0000000057685728
C 210
R
P 0000000056969C18
C 294
R
P 0000000056969C18
P 0000000057685728
C 209
R
P 0000000056969C18
C 294
R
P 0000000056969C18
P 0000000057685728
C 9
R
P 0000000056969C18
C 294
R
P 0000000056969C18
P 0000000056929C88
P 0000000057685728
C 98
= 0000000059783088
R
P 0000000056969C18
C 294
R
P 0000000056969C18
P 0000000059783088
C 9
R
P 0000000056969C18
C 294
R
P 0000000056969C18
P 000000005A0393B8
P 0000000059783088
C 423
R
P 0000000056969C18
C 294
R
P 0000000056969C18
U 32
C 34
= 00000000569285A8
R
P 0000000056969C18
C 294
R
P 0000000056969C18
P 00000000569285A8
C 9
R
P 0000000056969C18
C 294
R
P 0000000056969C18
I 1006895106
P 00000000569285A8
C 144
= 0000000057686048
R
P 0000000056969C18
C 294
R
P 0000000056969C18
P 0000000057686048
C 207
R
P 0000000056969C18
C 294
R
P 0000000056969C18
P 0000000057686048
C 204
= 00000000569285A8
R
P 0000000056969C18
C 294
R
P 0000000056969C18
P 00000000569285A8
C 165
R
P 0000000056969C18
C 294
R
P 0000000056969C18
P 0000000057686048
C 210
R
P 0000000056969C18
C 294
R
P 0000000056969C18
P 0000000057686048
C 209
R
P 0000000056969C18
C 294
R
P 0000000056969C18
P 0000000057686048
C 9
R
P 0000000056969C18
C 294
R
P 0000000056969C18
P 0000000057681148
P 0000000057686048
C 98
= 00000000597836A8
R
P 0000000056969C18
C 294
R
P 0000000056969C18
P 00000000597836A8
C 9
R
P 0000000056969C18
C 294
R
P 0000000056969C18
P 000000005A0393B8
P 00000000597836A8
C 423
R
P 0000000056969C18
C 294
R
P 0000000056969C18
P 000000005A0393B8
C 426
R
P 0000000056969C18
C 294
R
P 0000000056969C18
P 000000005A0393B8
C 428
= 000000005A04DC98
R
P 0000000056969C18
C 294
R
P 0000000056969C18
P 000000005A04DC98
C 247
R
P 0000000056969C18
C 294
R
P 0000000056969C18
P 000000005A04DC98
C 279
R
P 0000000056969C18
C 294
R
P 0000000056969C18
P 000000005A0393B8
C 428
= 000000005A04D968
R
P 0000000056969C18
C 294
R
P 0000000056969C18
P 000000005A04D968
C 247
R
P 0000000056969C18
C 294
R
P 0000000056969C18
P 000000005A04D968
P 0000000056929C68
I 0
P 0000000000000000
C 249
* 00000000576859A8 4
R
P 0000000056969C18
C 294
R
P 0000000056969C18
P 00000000576859A8
C 207
R
P 0000000056969C18
C 294
R
P 0000000056969C18
P 00000000576859A8
C 204
= 00000000569285A8
R
P 0000000056969C18
C 294
R
P 0000000056969C18
P 00000000569285A8
C 165
R
P 0000000056969C18
C 294
R
P 0000000056969C18
P 00000000576859A8
C 210
R
P 0000000056969C18
C 294
R
P 0000000056969C18
P 00000000576859A8
C 209
R
P 0000000056969C18
C 294
R
P 0000000056969C18
P 00000000576859A8
C 9
R
P 0000000056969C18
C 294
R
P 0000000056969C18
P 00000000576859A8
I 0
C 218
R
P 0000000056969C18
C 294
R
P 0000000056969C18
P 000000005A0393B8
C 428
= 000000005A04DF08
R
P 0000000056969C18
C 294
R
P 0000000056969C18
P 000000005A04DF08
C 247
R
P 0000000056969C18
C 294
R
P 0000000056969C18
P 000000005A04DF08
P 0000000056929C88
I 0
P 0000000000000000
C 249
* 00000000576857C8 4
R
P 0000000056969C18
C 294
R
P 0000000056969C18
P 00000000576857C8
C 207
R
P 0000000056969C18
C 294
R
P 0000000056969C18
P 00000000576857C8
C 204
= 00000000569285A8
R
P 0000000056969C18
C 294
R
P 0000000056969C18
P 00000000569285A8
C 165
R
P 0000000056969C18
C 294
R
P 0000000056969C18
P 00000000576857C8
C 210
R
P 0000000056969C18
C 294
R
P 0000000056969C18
P 00000000576857C8
C 209
R
P 0000000056969C18
C 294
R
P 0000000056969C18
P 00000000576857C8
C 9
R
P 0000000056969C18
C 294
R
P 0000000056969C18
P 00000000576857C8
I 0
C 218
R
P 0000000056969C18
C 294
R
P 0000000056969C18
P 000000005A0393B8
C 428
= 000000005A04DCF8
R
P 0000000056969C18
C 294
R
P 0000000056969C18
P 000000005A04DCF8
C 247
R
P 0000000056969C18
C 294
R
P 0000000056969C18
P 000000005A04DCF8
P 0000000057681148
I 0
P 0000000000000000
C 249
* 0000000057686048 4
R
P 0000000056969C18
C 294
R
P 0000000056969C18
P 0000000057686048
C 207
R
P 0000000056969C18
C 294
R
P 0000000056969C18
P 0000000057686048
C 204
= 00000000569285A8
R
P 0000000056969C18
C 294
R
P 0000000056969C18
P 00000000569285A8
C 165
R
P 0000000056969C18
C 294
R
P 0000000056969C18
P 0000000057686048
C 210
R
P 0000000056969C18
C 294
R
P 0000000056969C18
P 0000000057686048
C 209
R
P 0000000056969C18
C 294
R
P 0000000056969C18
P 0000000057686048
C 9
R
P 0000000056969C18
C 294
R
P 0000000056969C18
P 0000000057686048
I 0
C 218
R
P 0000000056969C18
C 294
R
P 0000000056969C18
U 32
C 34
= 00000000569285A8
R
P 0000000056969C18
C 294
R
P 0000000056969C18
P 00000000569285A8
C 9
R
P 0000000056969C18
C 294
R
P 0000000056969C18
I 15
P 00000000569285A8
C 144
= 0000000057685B08
R
P 0000000056969C18
C 294
R
P 0000000056969C18
P 0000000057685B08
C 207
R
P 0000000056969C18
C 294
R
P 0000000056969C18
P 0000000057685B08
C 204
= 00000000569285A8
R
P 0000000056969C18
C 294
R
P 0000000056969C18
P 00000000569285A8
C 165
R
P 0000000056969C18
C 294
R
P 0000000056969C18
P 0000000057685B08
C 210
R
P 0000000056969C18
C 294
R
P 0000000056969C18
P 0000000057685B08
C 209
R
P 0000000056969C18
C 294
R
P 0000000056969C18
P 0000000057685B08
C 9
R
P 0000000056969C18
C 294
R
P 0000000056969C18
P 0000000056929C68
P 0000000057685B08
C 98
= 0000000059783018
R
P 0000000056969C18
C 294
R
P 0000000056969C18
P 0000000059783018
C 9
R
P 0000000056969C18
C 294
R
P 0000000056969C18
P 000000005A0393B8
P 0000000059783018
C 423
R
P 0000000056969C18
C 294
R
P 0000000056969C18
U 32
C 34
= 00000000569285A8
R
P 0000000056969C18
C 294
R
P 0000000056969C18
P 00000000569285A8
C 9
R
P 0000000056969C18
C 294
R
P 0000000056969C18
I 31
P 00000000569285A8
C 144
= 00000000576859A8
R
P 0000000056969C18
C 294
R
P 0000000056969C18
P 00000000576859A8
C 207
R
P 0000000056969C18
C 294
R
P 0000000056969C18
P 00000000576859A8
C 204
= 00000000569285A8
R
P 0000000056969C18
C 294
R
P 0000000056969C18
P 00000000569285A8
C 165
R
P 0000000056969C18
C 294
R
P 0000000056969C18
P 00000000576859A8
C 210
R
P 0000000056969C18
C 294
R
P 0000000056969C18
P 00000000576859A8
C 209
R
P 0000000056969C18
C 294
R
P 0000000056969C18
P 00000000576859A8
C 9
R
P 0000000056969C18
C 294
R
P 0000000056969C18
P 0000000056929C68
P 00000000576859A8
C 98
= 0000000059783050
R
P 0000000056969C18
C 294
R
P 0000000056969C18
P 0000000059783050
C 9
R
P 0000000056969C18
C 294
R
P 0000000056969C18
P 000000005A0393B8
P 0000000059783050
C 423
R
P 0000000056969C18
C 294
R
P 0000000056969C18
U 32
C 34
= 00000000569285A8
R
P 0000000056969C18
C 294
R
P 0000000056969C18
P 00000000569285A8
C 9
R
P 0000000056969C18
C 294
R
P 0000000056969C18
I 67108882
P 00000000569285A8
C 144
= 00000000576857C8
R
P 0000000056969C18
C 294
R
P 0000000056969C18
P 00000000576857C8
C 207
R
P 0000000056969C18
C 294
R
P 0000000056969C18
P 00000000576857C8
C 204
= 00000000569285A8
R
P 0000000056969C18
C 294
R
P 0000000056969C18
P 00000000569285A8
C 165
R
P 0000000056969C18
C 294
R
P 0000000056969C18
P 00000000576857C8
C 210
R
P 0000000056969C18
C 294
R
P 0000000056969C18
P 00000000576857C8
C 209
R
P 0000000056969C18
C 294
R
P 0000000056969C18
P 00000000576857C8
C 9
R
P 0000000056969C18
C 294
R
P 0000000056969C18
P 0000000056929C88
P 00000000576857C8
C 98
= 0000000059782FE0
R
P 0000000056969C18
C 294
R
P 0000000056969C18
P 0000000059782FE0
C 9
R
P 0000000056969C18
C 294
R
P 0000000056969C18
P 000000005A0393B8
P 0000000059782FE0
C 423
R
P 0000000056969C18
C 294
R
P 0000000056969C18
U 32
C 34
= 00000000569285A8
R
P 0000000056969C18
C 294
R
P 0000000056969C18
P 00000000569285A8
C 9
R
P 0000000056969C18
C 294
R
P 0000000056969C18
I 1006895106
P 00000000569285A8
C 144
= 0000000057686048
R
P 0000000056969C18
C 294
R
P 0000000056969C18
P 0000000057686048
C 207
R
P 0000000056969C18
C 294
R
P 0000000056969C18
P 0000000057686048
C 204
= 00000000569285A8
R
P 0000000056969C18
C 294
R
P 0000000056969C18
P 00000000569285A8
C 165
R
P 0000000056969C18
C 294
R
P 0000000056969C18
P 0000000057686048
C 210
R
P 0000000056969C18
C 294
R
P 0000000056969C18
P 0000000057686048
C 209
R
P 0000000056969C18
C 294
R
P 0000000056969C18
P 0000000057686048
C 9
R
P 0000000056969C18
C 294
R
P 0000000056969C18
P 0000000057681148
P 0000000057686048
C 98
= 00000000597836A8
R
P 0000000056969C18
C 294
R
P 0000000056969C18
P 00000000597836A8
C 9
R
P 0000000056969C18
C 294
R
P 0000000056969C18
P 000000005A0393B8
P 00000000597836A8
C 423
R
P 0000000056969C18
C 294
R
P 0000000056969C18
P 000000005A0393B8
C 426
R
P 0000000056969C18
C 294
R
P 0000000056969C18
P 000000005A0393B8
C 428
= 000000005A04D9C8
R
P 0000000056969C18
C 294
R
P 0000000056969C18
P 000000005A04D9C8
C 247
R
P 0000000056969C18
C 294
R
P 0000000056969C18
P 000000005A04D9C8
C 279
R
P 0000000056969C18
C 294
R
P 0000000056969C18
P 000000005A0393B8
C 428
= 000000005A04DB78
R
P 0000000056969C18
C 294
R
P 0000000056969C18
P 000000005A04DB78
C 247
R
P 0000000056969C18
C 294
R
P 0000000056969C18
P 000000005A04DB78
P 0000000056929C68
I 0
P 0000000000000000
C 249
* 0000000057685B08 4
R
P 0000000056969C18
C 294
R
P 0000000056969C18
P 0000000057685B08
C 207
R
P 0000000056969C18
C 294
R
P 0000000056969C18
P 0000000057685B08
C 204
= 00000000569285A8
R
P 0000000056969C18
C 294
R
P 0000000056969C18
P 00000000569285A8
C 165
R
P 0000000056969C18
C 294
R
P 0000000056969C18
P 0000000057685B08
C 210
R
P 0000000056969C18
C 294
R
P 0000000056969C18
P 0000000057685B08
C 209
R
P 0000000056969C18
C 294
R
P 0000000056969C18
P 0000000057685B08
C 9
R
P 0000000056969C18
C 294
R
P 0000000056969C18
P 0000000057685B08
I 0
C 218
R
P 0000000056969C18
C 294
R
P 0000000056969C18
P 000000005A0393B8
C 428
= 000000005A04DFC8
R
P 0000000056969C18
C 294
R
P 0000000056969C18
P 000000005A04DFC8
C 247
R
P 0000000056969C18
C 294
R
P 0000000056969C18
P 000000005A04DFC8
P 0000000056929C88
I 0
P 0000000000000000
C 249
* 00000000576859E8 4
R
P 0000000056969C18
C 294
R
P 0000000056969C18
P 00000000576859E8
C 207
R
P 0000000056969C18
C 294
R
P 0000000056969C18
P 00000000576859E8
C 204
= 00000000569285A8
R
P 0000000056969C18
C 294
R
P 0000000056969C18
P 00000000569285A8
C 165
R
P 0000000056969C18
C 294
R
P 0000000056969C18
P 00000000576859E8
C 210
R
P 0000000056969C18
C 294
R
P 0000000056969C18
P 00000000576859E8
C 209
R
P 0000000056969C18
C 294
R
P 0000000056969C18
P 00000000576859E8
C 9
R
P 0000000056969C18
C 294
R
P 0000000056969C18
P 00000000576859E8
I 0
C 218
R
P 0000000056969C18
C 294
R
P 0000000056969C18
P 000000005A0393B8
C 428
= 000000005A04DE78
R
P 0000000056969C18
C 294
R
P 0000000056969C18
P 000000005A04DE78
C 247
R
P 0000000056969C18
C 294
R
P 0000000056969C18
P 000000005A04DE78
P 0000000057681148
I 0
P 0000000000000000
C 249
* 0000000057686048 4
R
P 0000000056969C18
C 294
R
P 0000000056969C18
P 0000000057686048
C 207
R
P 0000000056969C18
C 294
R
P 0000000056969C18
P 0000000057686048
C 204
= 00000000569285A8
R
P 0000000056969C18
C 294
R
P 0000000056969C18
P 00000000569285A8
C 165
R
P 0000000056969C18
C 294
R
P 0000000056969C18
P 0000000057686048
C 210
R
P 0000000056969C18
C 294
R
P 0000000056969C18
P 0000000057686048
C 209
R
P 0000000056969C18
C 294
R
P 0000000056969C18
P 0000000057686048
C 9
R
P 0000000056969C18
C 294
R
P 0000000056969C18
P 0000000057686048
I 0
C 218
R
P 0000000056969C18
C 294
R
P 0000000056969C18
U 32
C 34
= 00000000569285A8
R
P 0000000056969C18
C 294
R
P 0000000056969C18
P 00000000569285A8
C 9
R
P 0000000056969C18
C 294
R
P 0000000056969C18
I 7
P 00000000569285A8
C 144
= 0000000057685C48
R
P 0000000056969C18
C 294
R
P 0000000056969C18
P 0000000057685C48
C 207
R
P 0000000056969C18
C 294
R
P 0000000056969C18
P 0000000057685C48
C 204
= 00000000569285A8
R
P 0000000056969C18
C 294
R
P 0000000056969C18
P 00000000569285A8
C 165
R
P 0000000056969C18
C 294
R
P 0000000056969C18
P 0000000057685C48
C 210
R
P 0000000056969C18
C 294
R
P 0000000056969C18
P 0000000057685C48
C 209
R
P 0000000056969C18
C 294
R
P 0000000056969C18
P 0000000057685C48
C 9
R
P 0000000056969C18
C 294
R
P 0000000056969C18
P 0000000056929C68
P 0000000057685C48
C 98
= 0000000059782FA8
R
P 0000000056969C18
C 294
R
P 0000000056969C18
P 0000000059782FA8
C 9
R
P 0000000056969C18
C 294
R
P 0000000056969C18
P 000000005A0393B8
P 0000000059782FA8
C 423
R
P 0000000056969C18
C 294
R
P 0000000056969C18
U 32
C 34
= 00000000569285A8
R
P 0000000056969C18
C 294
R
P 0000000056969C18
P 00000000569285A8
C 9
R
P 0000000056969C18
C 294
R
P 0000000056969C18
I 15
P 00000000569285A8
C 144
= 0000000057685B08
R
P 0000000056969C18
C 294
R
P 0000000056969C18
P 0000000057685B08
C 207
R
P 0000000056969C18
C 294
R
P 0000000056969C18
P 0000000057685B08
C 204
= 00000000569285A8
R
P 0000000056969C18
C 294
R
P 0000000056969C18
P 00000000569285A8
C 165
R
P 0000000056969C18
C 294
R
P 0000000056969C18
P 0000000057685B08
C 210
R
P 0000000056969C18
C 294
R
P 0000000056969C18
P 0000000057685B08
C 209
R
P 0000000056969C18
C 294
R
P 0000000056969C18
P 0000000057685B08
C 9
R
P 0000000056969C18
C 294
R
P 0000000056969C18
P 0000000056929C68
P 0000000057685B08
C 98
= 0000000059783018
R
P 0000000056969C18
C 294
R
P 0000000056969C18
P 0000000059783018
C 9
R
P 0000000056969C18
C 294
R
P 0000000056969C18
P 000000005A0393B8
P 0000000059783018
C 423
R
P 0000000056969C18
C 294
R
P 0000000056969C18
U 32
C 34
= 00000000569285A8
R
P 0000000056969C18
C 294
R
P 0000000056969C18
P 00000000569285A8
C 9
R
P 0000000056969C18
C 294
R
P 0000000056969C18
I 67108866
P 00000000569285A8
C 144
= 00000000576859E8
R
P 0000000056969C18
C 294
R
P 0000000056969C18
P 00000000576859E8
C 207
R
P 0000000056969C18
C 294
R
P 0000000056969C18
P 00000000576859E8
C 204
= 00000000569285A8
R
P 0000000056969C18
C 294
R
P 0000000056969C18
P 00000000569285A8
C 165
R
P 0000000056969C18
C 294
R
P 0000000056969C18
P 00000000576859E8
C 210
R
P 0000000056969C18
C 294
R
P 0000000056969C18
P 00000000576859E8
C 209
R
P 0000000056969C18
C 294
R
P 0000000056969C18
P 00000000576859E8
C 9
R
P 0000000056969C18
C 294
R
P 0000000056969C18
P 0000000056929C88
P 00000000576859E8
C 98
= 0000000059782F70
R
P 0000000056969C18
C 294
R
P 0000000056969C18
P 0000000059782F70
C 9
R
P 0000000056969C18
C 294
R
P 0000000056969C18
P 000000005A0393B8
P 0000000059782F70
C 423
R
P 0000000056969C18
C 294
R
P 0000000056969C18
U 32
C 34
= 00000000569285A8
R
P 0000000056969C18
C 294
R
P 0000000056969C18
P 00000000569285A8
C 9
R
P 0000000056969C18
C 294
R
P 0000000056969C18
I 1006895106
P 00000000569285A8
C 144
= 0000000057686048
R
P 0000000056969C18
C 294
R
P 0000000056969C18
P 0000000057686048
C 207
R
P 0000000056969C18
C 294
R
P 0000000056969C18
P 0000000057686048
C 204
= 00000000569285A8
R
P 0000000056969C18
C 294
R
P 0000000056969C18
P 00000000569285A8
C 165
R
P 0000000056969C18
C 294
R
P 0000000056969C18
P 0000000057686048
C 210
R
P 0000000056969C18
C 294
R
P 0000000056969C18
P 0000000057686048
C 209
R
P 0000000056969C18
C 294
R
P 0000000056969C18
P 0000000057686048
C 9
R
P 0000000056969C18
C 294
R
P 0000000056969C18
P 0000000057681148
P 0000000057686048
C 98
= 00000000597836A8
R
P 0000000056969C18
C 294
R
P 0000000056969C18
P 00000000597836A8
C 9
R
P 0000000056969C18
C 294
R
P 0000000056969C18
P 000000005A0393B8
P 00000000597836A8
C 423
R
P 0000000056969C18
C 294
R
P 0000000056969C18
P 000000005A0393B8
C 426
R
P 0000000056969C18
C 294
R
P 0000000056969C18
P 000000005A0393B8
C 428
= 000000005A04DC68
R
P 0000000056969C18
C 294
R
P 0000000056969C18
P 000000005A04DC68
C 247
R
P 0000000056969C18
C 294
R
P 0000000056969C18
P 000000005A04DC68
C 279
R
P 0000000056969C18
C 294
R
P 0000000056969C18
P 000000005A0393B8
C 428
= 000000005A04D938
R
P 0000000056969C18
C 294
R
P 0000000056969C18
P 000000005A04D938
C 247
R
P 0000000056969C18
C 294
R
P 0000000056969C18
P 000000005A04D938
P 0000000056929C68
I 0
P 0000000000000000
C 249
* 0000000057685C48 4
R
P 0000000056969C18
C 294
R
P 0000000056969C18
P 0000000057685C48
C 207
R
P 0000000056969C18
C 294
R
P 0000000056969C18
P 0000000057685C48
C 204
= 00000000569285A8
R
P 0000000056969C18
C 294
R
P 0000000056969C18
P 00000000569285A8
C 165
R
P 0000000056969C18
C 294
R
P 0000000056969C18
P 0000000057685C48
C 210
R
P 0000000056969C18
C 294
R
P 0000000056969C18
P 0000000057685C48
C 209
R
P 0000000056969C18
C 294
R
P 0000000056969C18
P 0000000057685C48
C 9
R
P 0000000056969C18
C 294
R
P 0000000056969C18
P 0000000057685C48
I 0
C 218
R
P 0000000056969C18
C 294
R
P 0000000056969C18
P 000000005A0393B8
C 428
= 000000005A04DF38
R
P 0000000056969C18
C 294
R
P 0000000056969C18
P 000000005A04DF38
C 247
R
P 0000000056969C18
C 294
R
P 0000000056969C18
P 000000005A04DF38
P 0000000056929C88
I 0
P 0000000000000000
C 249
* 00000000576859E8 4
R
P 0000000056969C18
C 294
R
P 0000000056969C18
P 00000000576859E8
C 207
R
P 0000000056969C18
C 294
R
P 0000000056969C18
P 00000000576859E8
C 204
= 00000000569285A8
R
P 0000000056969C18
C 294
R
P 0000000056969C18
P 00000000569285A8
C 165
R
P 0000000056969C18
C 294
R
P 0000000056969C18
P 00000000576859E8
C 210
R
P 0000000056969C18
C 294
R
P 0000000056969C18
P 00000000576859E8
C 209
R
P 0000000056969C18
C 294
R
P 0000000056969C18
P 00000000576859E8
C 9
R
P 0000000056969C18
C 294
R
P 0000000056969C18
P 00000000576859E8
I 0
C 218
R
P 0000000056969C18
C 294
R
P 0000000056969C18
P 000000005A0393B8
C 428
= 000000005A04DE18
R
P 0000000056969C18
C 294
R
P 0000000056969C18
P 000000005A04DE18
C 247
R
P 0000000056969C18
C 294
R
P 0000000056969C18
P 000000005A04DE18
P 0000000057681148
I 0
P 0000000000000000
C 249
* 0000000057686048 4
R
P 0000000056969C18
C 294
R
P 0000000056969C18
P 0000000057686048
C 207
R
P 0000000056969C18
C 294
R
P 0000000056969C18
P 0000000057686048
C 204
= 00000000569285A8
R
P 0000000056969C18
C 294
R
P 0000000056969C18
P 00000000569285A8
C 165
R
P 0000000056969C18
C 294
R
P 0000000056969C18
P 0000000057686048
C 210
R
P 0000000056969C18
C 294
R
P 0000000056969C18
P 0000000057686048
C 209
R
P 0000000056969C18
C 294
R
P 0000000056969C18
P 0000000057686048
C 9
R
P 0000000056969C18
C 294
R
P 0000000056969C18
P 0000000057686048
I 0
C 218
R
P 0000000056969C18
C 294
R
P 0000000056969C18
U 32
C 34
= 00000000569285A8
R
P 0000000056969C18
C 294
R
P 0000000056969C18
P 00000000569285A8
C 9
R
P 0000000056969C18
C 294
R
P 0000000056969C18
I 3
P 00000000569285A8
C 144
= 0000000057685C68
R
P 0000000056969C18
C 294
R
P 0000000056969C18
P 0000000057685C68
C 207
R
P 0000000056969C18
C 294
R
P 0000000056969C18
P 0000000057685C68
C 204
= 00000000569285A8
R
P 0000000056969C18
C 294
R
P 0000000056969C18
P 00000000569285A8
C 165
R
P 0000000056969C18
C 294
R
P 0000000056969C18
P 0000000057685C68
C 210
R
P 0000000056969C18
C 294
R
P 0000000056969C18
P 0000000057685C68
C 209
R
P 0000000056969C18
C 294
R
P 0000000056969C18
P 0000000057685C68
C 9
R
P 0000000056969C18
C 294
R
P 0000000056969C18
P 0000000056929C68
P 0000000057685C68
C 98
= 0000000059782F38
R
P 0000000056969C18
C 294
R
P 0000000056969C18
P 0000000059782F38
C 9
R
P 0000000056969C18
C 294
R
P 0000000056969C18
P 000000005A0393B8
P 0000000059782F38
C 423
R
P 0000000056969C18
C 294
R
P 0000000056969C18
U 32
C 34
= 00000000569285A8
R
P 0000000056969C18
C 294
R
P 0000000056969C18
P 00000000569285A8
C 9
R
P 0000000056969C18
C 294
R
P 0000000056969C18
I 7
P 00000000569285A8
C 144
= 0000000057685C48
R
P 0000000056969C18
C 294
R
P 0000000056969C18
P 0000000057685C48
C 207
R
P 0000000056969C18
C 294
R
P 0000000056969C18
P 0000000057685C48
C 204
= 00000000569285A8
R
P 0000000056969C18
C 294
R
P 0000000056969C18
P 00000000569285A8
C 165
R
P 0000000056969C18
C 294
R
P 0000000056969C18
P 0000000057685C48
C 210
R
P 0000000056969C18
C 294
R
P 0000000056969C18
P 0000000057685C48
C 209
R
P 0000000056969C18
C 294
R
P 0000000056969C18
P 0000000057685C48
C 9
R
P 0000000056969C18
C 294
R
P 0000000056969C18
P 0000000056929C68
P 0000000057685C48
C 98
= 0000000059782FA8
R
P 0000000056969C18
C 294
R
P 0000000056969C18
P 0000000059782FA8
C 9
R
P 0000000056969C18
C 294
R
P 0000000056969C18
P 000000005A0393B8
P 0000000059782FA8
C 423
R
P 0000000056969C18
C 294
R
P 0000000056969C18
U 32
C 34
= 00000000569285A8
R
P 0000000056969C18
C 294
R
P 0000000056969C18
P 00000000569285A8
C 9
R
P 0000000056969C18
C 294
R
P 0000000056969C18
I 67108866
P 00000000569285A8
C 144
= 00000000576859E8
R
P 0000000056969C18
C 294
R
P 0000000056969C18
P 00000000576859E8
C 207
R
P 0000000056969C18
C 294
R
P 0000000056969C18
P 00000000576859E8
C 204
= 00000000569285A8
R
P 0000000056969C18
C 294
R
P 0000000056969C18
P 00000000569285A8
C 165
R
P 0000000056969C18
C 294
R
P 0000000056969C18
P 00000000576859E8
C 210
R
P 0000000056969C18
C 294
R
P 0000000056969C18
P 00000000576859E8
C 209
R
P 0000000056969C18
C 294
R
P 0000000056969C18
P 00000000576859E8
C 9
R
P 0000000056969C18
C 294
R
P 0000000056969C18
P 0000000056929C88
P 00000000576859E8
C 98
= 0000000059782F70
R
P 0000000056969C18
C 294
R
P 0000000056969C18
P 0000000059782F70
C 9
R
P 0000000056969C18
C 294
R
P 0000000056969C18
P 000000005A0393B8
P 0000000059782F70
C 423
R
P 0000000056969C18
C 294
R
P 0000000056969C18
U 32
C 34
= 00000000569285A8
R
P 0000000056969C18
C 294
R
P 0000000056969C18
P 00000000569285A8
C 9
R
P 0000000056969C18
C 294
R
P 0000000056969C18
I 1006895106
P 00000000569285A8
C 144
= 0000000057686048
R
P 0000000056969C18
C 294
R
P 0000000056969C18
P 0000000057686048
C 207
R
P 0000000056969C18
C 294
R
P 0000000056969C18
P 0000000057686048
C 204
= 00000000569285A8
R
P 0000000056969C18
C 294
R
P 0000000056969C18
P 00000000569285A8
C 165
R
P 0000000056969C18
C 294
R
P 0000000056969C18
P 0000000057686048
C 210
R
P 0000000056969C18
C 294
R
P 0000000056969C18
P 0000000057686048
C 209
R
P 0000000056969C18
C 294
R
P 0000000056969C18
P 0000000057686048
C 9
R
P 0000000056969C18
C 294
R
P 0000000056969C18
P 0000000057681148
P 0000000057686048
C 98
= 00000000597836A8
R
P 0000000056969C18
C 294
R
P 0000000056969C18
P 00000000597836A8
C 9
R
P 0000000056969C18
C 294
R
P 0000000056969C18
P 000000005A0393B8
P 00000000597836A8
C 423
R
P 0000000056969C18
C 294
R
P 0000000056969C18
P 000000005A0393B8
C 426
R
P 0000000056969C18
C 294
R
P 0000000056969C18
P 000000005A0393B8
C 428
= 000000005A4610C8
R
P 0000000056969C18
C 294
R
P 0000000056969C18
P 000000005A4610C8
C 247
R
P 0000000056969C18
C 294
R
P 0000000056969C18
P 000000005A4610C8
C 279
R
P 0000000056969C18
C 294
R
P 0000000056969C18
P 000000005A0393B8
C 428
= 000000005A461068
R
P 0000000056969C18
C 294
R
P 0000000056969C18
P 000000005A461068
C 247
R
P 0000000056969C18
C 294
R
P 0000000056969C18
P 000000005A461068
P 0000000056929C68
I 0
P 0000000000000000
C 249
* 0000000057685C68 4
R
P 0000000056969C18
C 294
R
P 0000000056969C18
P 0000000057685C68
C 207
R
P 0000000056969C18
C 294
R
P 0000000056969C18
P 0000000057685C68
C 204
= 00000000569285A8
R
P 0000000056969C18
C 294
R
P 0000000056969C18
P 00000000569285A8
C 165
R
P 0000000056969C18
C 294
R
P 0000000056969C18
P 0000000057685C68
C 210
R
P 0000000056969C18
C 294
R
P 0000000056969C18
P 0000000057685C68
C 209
R
P 0000000056969C18
C 294
R
P 0000000056969C18
P 0000000057685C68
C 9
R
P 0000000056969C18
C 294
R
P 0000000056969C18
P 0000000057685C68
I 0
C 218
R
P 0000000056969C18
C 294
R
P 0000000056969C18
P 000000005A0393B8
C 428
= 000000005A4613C8
R
P 0000000056969C18
C 294
R
P 0000000056969C18
P 000000005A4613C8
C 247
R
P 0000000056969C18
C 294
R
P 0000000056969C18
P 000000005A4613C8
P 0000000056929C88
I 0
P 0000000000000000
C 249
* 0000000057685B28 4
R
P 0000000056969C18
C 294
R
P 0000000056969C18
P 0000000057685B28
C 207
R
P 0000000056969C18
C 294
R
P 0000000056969C18
P 0000000057685B28
C 204
= 00000000569285A8
R
P 0000000056969C18
C 294
R
P 0000000056969C18
P 00000000569285A8
C 165
R
P 0000000056969C18
C 294
R
P 0000000056969C18
P 0000000057685B28
C 210
R
P 0000000056969C18
C 294
R
P 0000000056969C18
P 0000000057685B28
C 209
R
P 0000000056969C18
C 294
R
P 0000000056969C18
P 0000000057685B28
C 9
R
P 0000000056969C18
C 294
R
P 0000000056969C18
P 0000000057685B28
I 0
C 218
R
P 0000000056969C18
C 294
R
P 0000000056969C18
P 000000005A0393B8
C 428
= 000000005A461128
R
P 0000000056969C18
C 294
R
P 0000000056969C18
P 000000005A461128
C 247
R
P 0000000056969C18
C 294
R
P 0000000056969C18
P 000000005A461128
P 0000000057681148
I 0
P 0000000000000000
C 249
* 0000000057686048 4
R
P 0000000056969C18
C 294
R
P 0000000056969C18
P 0000000057686048
C 207
R
P 0000000056969C18
C 294
R
P 0000000056969C18
P 0000000057686048
C 204
= 00000000569285A8
R
P 0000000056969C18
C 294
R
P 0000000056969C18
P 00000000569285A8
C 165
R
P 0000000056969C18
C 294
R
P 0000000056969C18
P 0000000057686048
C 210
R
P 0000000056969C18
C 294
R
P 0000000056969C18
P 0000000057686048
C 209
R
P 0000000056969C18
C 294
R
P 0000000056969C18
P 0000000057686048
C 9
R
P 0000000056969C18
C 294
R
P 0000000056969C18
P 0000000057686048
I 0
C 218
R
P 0000000056969C18
C 294
R
P 0000000056969C18
U 32
C 34
= 00000000569285A8
R
P 0000000056969C18
C 294
R
P 0000000056969C18
P 00000000569285A8
C 9
R
P 0000000056969C18
C 294
R
P 0000000056969C18
I 1
P 00000000569285A8
C 144
= 0000000056928D28
R
P 0000000056969C18
C 294
R
P 0000000056969C18
P 0000000056928D28
C 207
R
P 0000000056969C18
C 294
R
P 0000000056969C18
P 0000000056928D28
C 204
= 00000000569285A8
R
P 0000000056969C18
C 294
R
P 0000000056969C18
P 00000000569285A8
C 165
R
P 0000000056969C18
C 294
R
P 0000000056969C18
P 0000000056928D28
C 210
R
P 0000000056969C18
C 294
R
P 0000000056969C18
P 0000000056928D28
C 209
R
P 0000000056969C18
C 294
R
P 0000000056969C18
P 0000000056928D28
C 9
R
P 0000000056969C18
C 294
R
P 0000000056969C18
P 0000000056929C68
P 0000000056928D28
C 98
= 0000000059782F00
R
P 0000000056969C18
C 294
R
P 0000000056969C18
P 0000000059782F00
C 9
R
P 0000000056969C18
C 294
R
P 0000000056969C18
P 000000005A0393B8
P 0000000059782F00
C 423
R
P 0000000056969C18
C 294
R
P 0000000056969C18
U 32
C 34
= 00000000569285A8
R
P 0000000056969C18
C 294
R
P 0000000056969C18
P 00000000569285A8
C 9
R
P 0000000056969C18
C 294
R
P 0000000056969C18
I 3
P 00000000569285A8
C 144
= 0000000057685C68
R
P 0000000056969C18
C 294
R
P 0000000056969C18
P 0000000057685C68
C 207
R
P 0000000056969C18
C 294
R
P 0000000056969C18
P 0000000057685C68
C 204
= 00000000569285A8
R
P 0000000056969C18
C 294
R
P 0000000056969C18
P 00000000569285A8
C 165
R
P 0000000056969C18
C 294
R
P 0000000056969C18
P 0000000057685C68
C 210
R
P 0000000056969C18
C 294
R
P 0000000056969C18
P 0000000057685C68
C 209
R
P 0000000056969C18
C 294
R
P 0000000056969C18
P 0000000057685C68
C 9
R
P 0000000056969C18
C 294
R
P 0000000056969C18
P 0000000056929C68
P 0000000057685C68
C 98
= 0000000059782F38
R
P 0000000056969C18
C 294
R
P 0000000056969C18
P 0000000059782F38
C 9
R
P 0000000056969C18
C 294
R
P 0000000056969C18
P 000000005A0393B8
P 0000000059782F38
C 423
R
P 0000000056969C18
C 294
R
P 0000000056969C18
U 32
C 34
= 00000000569285A8
R
P 0000000056969C18
C 294
R
P 0000000056969C18
P 00000000569285A8
C 9
R
P 0000000056969C18
C 294
R
P 0000000056969C18
I 67108864
P 00000000569285A8
C 144
= 0000000057685B28
R
P 0000000056969C18
C 294
R
P 0000000056969C18
P 0000000057685B28
C 207
R
P 0000000056969C18
C 294
R
P 0000000056969C18
P 0000000057685B28
C 204
= 00000000569285A8
R
P 0000000056969C18
C 294
R
P 0000000056969C18
P 00000000569285A8
C 165
R
P 0000000056969C18
C 294
R
P 0000000056969C18
P 0000000057685B28
C 210
R
P 0000000056969C18
C 294
R
P 0000000056969C18
P 0000000057685B28
C 209
R
P 0000000056969C18
C 294
R
P 0000000056969C18
P 0000000057685B28
C 9
R
P 0000000056969C18
C 294
R
P 0000000056969C18
P 0000000056929C88
P 0000000057685B28
C 98
= 0000000059782EC8
R
P 0000000056969C18
C 294
R
P 0000000056969C18
P 0000000059782EC8
C 9
R
P 0000000056969C18
C 294
R
P 0000000056969C18
P 000000005A0393B8
P 0000000059782EC8
C 423
R
P 0000000056969C18
C 294
R
P 0000000056969C18
U 32
C 34
= 00000000569285A8
R
P 0000000056969C18
C 294
R
P 0000000056969C18
P 00000000569285A8
C 9
R
P 0000000056969C18
C 294
R
P 0000000056969C18
I 1006895106
P 00000000569285A8
C 144
= 0000000057686048
R
P 0000000056969C18
C 294
R
P 0000000056969C18
P 0000000057686048
C 207
R
P 0000000056969C18
C 294
R
P 0000000056969C18
P 0000000057686048
C 204
= 00000000569285A8
R
P 0000000056969C18
C 294
R
P 0000000056969C18
P 00000000569285A8
C 165
R
P 0000000056969C18
C 294
R
P 0000000056969C18
P 0000000057686048
C 210
R
P 0000000056969C18
C 294
R
P 0000000056969C18
P 0000000057686048
C 209
R
P 0000000056969C18
C 294
R
P 0000000056969C18
P 0000000057686048
C 9
R
P 0000000056969C18
C 294
R
P 0000000056969C18
P 0000000057681148
P 0000000057686048
C 98
= 00000000597836A8
R
P 0000000056969C18
C 294
R
P 0000000056969C18
P 00000000597836A8
C 9
R
P 0000000056969C18
C 294
R
P 0000000056969C18
P 000000005A0393B8
P 00000000597836A8
C 423
R
P 0000000056969C18
C 294
R
P 0000000056969C18
P 000000005A0393B8
C 426
R
P 0000000056969C18
C 294
R
P 0000000056969C18
P 000000005A0393B8
C 428
= 000000005A4611B8
R
P 0000000056969C18
C 294
R
P 0000000056969C18
P 000000005A4611B8
C 247
R
P 0000000056969C18
C 294
R
P 0000000056969C18
P 000000005A4611B8
C 279
R
P 0000000056969C18
C 294
R
P 0000000056969C18
P 000000005A0393B8
C 428
= 000000005A461338
R
P 0000000056969C18
C 294
R
P 0000000056969C18
P 000000005A461338
C 247
R
P 0000000056969C18
C 294
R
P 0000000056969C18
P 000000005A461338
P 0000000056929C68
I 0
P 0000000000000000
C 249
* 0000000056928D28 4
R
P 0000000056969C18
C 294
R
P 0000000056969C18
P 0000000056928D28
C 207
R
P 0000000056969C18
C 294
R
P 0000000056969C18
P 0000000056928D28
C 204
= 00000000569285A8
R
P 0000000056969C18
C 294
R
P 0000000056969C18
P 00000000569285A8
C 165
R
P 0000000056969C18
C 294
R
P 0000000056969C18
P 0000000056928D28
C 210
R
P 0000000056969C18
C 294
R
P 0000000056969C18
P 0000000056928D28
C 209
R
P 0000000056969C18
C 294
R
P 0000000056969C18
P 0000000056928D28
C 9
R
P 0000000056969C18
C 294
R
P 0000000056969C18
P 0000000056928D28
I 0
C 218
R
P 0000000056969C18
C 294
R
P 0000000056969C18
P 000000005A0393B8
C 428
= 000000005A461578
R
P 0000000056969C18
C 294
R
P 0000000056969C18
P 000000005A461578
C 247
R
P 0000000056969C18
C 294
R
P 0000000056969C18
P 000000005A461578
P 0000000056929C88
I 0
P 0000000000000000
C 249
* 0000000057685928 4
R
P 0000000056969C18
C 294
R
P 0000000056969C18
P 0000000057685928
C 207
R
P 0000000056969C18
C 294
R
P 0000000056969C18
P 0000000057685928
C 204
= 00000000569285A8
R
P 0000000056969C18
C 294
R
P 0000000056969C18
P 00000000569285A8
C 165
R
P 0000000056969C18
C 294
R
P 0000000056969C18
P 0000000057685928
C 210
R
P 0000000056969C18
C 294
R
P 0000000056969C18
P 0000000057685928
C 209
R
P 0000000056969C18
C 294
R
P 0000000056969C18
P 0000000057685928
C 9
R
P 0000000056969C18
C 294
R
P 0000000056969C18
P 0000000057685928
I 0
C 218
R
P 0000000056969C18
C 294
R
P 0000000056969C18
P 000000005A0393B8
C 428
= 000000005A461098
R
P 0000000056969C18
C 294
R
P 0000000056969C18
P 000000005A461098
C 247
R
P 0000000056969C18
C 294
R
P 0000000056969C18
P 000000005A461098
P 0000000057681148
I 0
P 0000000000000000
C 249
* 0000000057685828 4
R
P 0000000056969C18
C 294
R
P 0000000056969C18
P 0000000057685828
C 207
R
P 0000000056969C18
C 294
R
P 0000000056969C18
P 0000000057685828
C 204
= 00000000569285A8
R
P 0000000056969C18
C 294
R
P 0000000056969C18
P 00000000569285A8
C 165
R
P 0000000056969C18
C 294
R
P 0000000056969C18
P 0000000057685828
C 210
R
P 0000000056969C18
C 294
R
P 0000000056969C18
P 0000000057685828
C 209
R
P 0000000056969C18
C 294
R
P 0000000056969C18
P 0000000057685828
C 9
R
P 0000000056969C18
C 294
R
P 0000000056969C18
P 0000000057685828
I 0
C 218
R
P 0000000056969C18
C 294
R
P 0000000056969C18
U 32
C 34
= 00000000569285A8
R
P 0000000056969C18
C 294
R
P 0000000056969C18
P 00000000569285A8
C 9
R
P 0000000056969C18
C 294
R
P 0000000056969C18
I 0
P 00000000569285A8
C 144
= 0000000056929CA8
R
P 0000000056969C18
C 294
R
P 0000000056969C18
P 0000000056929CA8
C 207
R
P 0000000056969C18
C 294
R
P 0000000056969C18
P 0000000056929CA8
C 204
= 00000000569285A8
R
P 0000000056969C18
C 294
R
P 0000000056969C18
P 00000000569285A8
C 165
R
P 0000000056969C18
C 294
R
P 0000000056969C18
P 0000000056929CA8
C 210
R
P 0000000056969C18
C 294
R
P 0000000056969C18
P 0000000056929CA8
C 209
R
P 0000000056969C18
C 294
R
P 0000000056969C18
P 0000000056929CA8
C 9
R
P 0000000056969C18
C 294
R
P 0000000056969C18
P 0000000056929C68
P 0000000056929CA8
C 98
= 0000000059782E90
R
P 0000000056969C18
C 294
R
P 0000000056969C18
P 0000000059782E90
C 9
R
P 0000000056969C18
C 294
R
P 0000000056969C18
P 000000005A0393B8
P 0000000059782E90
C 423
R
P 0000000056969C18
C 294
R
P 0000000056969C18
U 32
C 34
= 00000000569285A8
R
P 0000000056969C18
C 294
R
P 0000000056969C18
P 00000000569285A8
C 9
R
P 0000000056969C18
C 294
R
P 0000000056969C18
I 1
P 00000000569285A8
C 144
= 0000000056928D28
R
P 0000000056969C18
C 294
R
P 0000000056969C18
P 0000000056928D28
C 207
R
P 0000000056969C18
C 294
R
P 0000000056969C18
P 0000000056928D28
C 204
= 00000000569285A8
R
P 0000000056969C18
C 294
R
P 0000000056969C18
P 00000000569285A8
C 165
R
P 0000000056969C18
C 294
R
P 0000000056969C18
P 0000000056928D28
C 210
R
P 0000000056969C18
C 294
R
P 0000000056969C18
P 0000000056928D28
C 209
R
P 0000000056969C18
C 294
R
P 0000000056969C18
P 0000000056928D28
C 9
R
P 0000000056969C18
C 294
R
P 0000000056969C18
P 0000000056929C68
P 0000000056928D28
C 98
= 0000000059782F00
R
P 0000000056969C18
C 294
R
P 0000000056969C18
P 0000000059782F00
C 9
R
P 0000000056969C18
C 294
R
P 0000000056969C18
P 000000005A0393B8
P 0000000059782F00
C 423
R
P 0000000056969C18
C 294
R
P 0000000056969C18
U 32
C 34
= 00000000569285A8
R
P 0000000056969C18
C 294
R
P 0000000056969C18
P 00000000569285A8
C 9
R
P 0000000056969C18
C 294
R
P 0000000056969C18
I 8388608
P 00000000569285A8
C 144
= 0000000057685928
R
P 0000000056969C18
C 294
R
P 0000000056969C18
P 0000000057685928
C 207
R
P 0000000056969C18
C 294
R
P 0000000056969C18
P 0000000057685928
C 204
= 00000000569285A8
R
P 0000000056969C18
C 294
R
P 0000000056969C18
P 00000000569285A8
C 165
R
P 0000000056969C18
C 294
R
P 0000000056969C18
P 0000000057685928
C 210
R
P 0000000056969C18
C 294
R
P 0000000056969C18
P 0000000057685928
C 209
R
P 0000000056969C18
C 294
R
P 0000000056969C18
P 0000000057685928
C 9
R
P 0000000056969C18
C 294
R
P 0000000056969C18
P 0000000056929C88
P 0000000057685928
C 98
= 0000000059782E20
R
P 0000000056969C18
C 294
R
P 0000000056969C18
P 0000000059782E20
C 9
R
P 0000000056969C18
C 294
R
P 0000000056969C18
P 000000005A0393B8
P 0000000059782E20
C 423
R
P 0000000056969C18
C 294
R
P 0000000056969C18
U 32
C 34
= 00000000569285A8
R
P 0000000056969C18
C 294
R
P 0000000056969C18
P 00000000569285A8
C 9
R
P 0000000056969C18
C 294
R
P 0000000056969C18
I 738459648
P 00000000569285A8
C 144
= 0000000057685828
R
P 0000000056969C18
C 294
R
P 0000000056969C18
P 0000000057685828
C 207
R
P 0000000056969C18
C 294
R
P 0000000056969C18
P 0000000057685828
C 204
= 00000000569285A8
R
P 0000000056969C18
C 294
R
P 0000000056969C18
P 00000000569285A8
C 165
R
P 0000000056969C18
C 294
R
P 0000000056969C18
P 0000000057685828
C 210
R
P 0000000056969C18
C 294
R
P 0000000056969C18
P 0000000057685828
C 209
R
P 0000000056969C18
C 294
R
P 0000000056969C18
P 0000000057685828
C 9
R
P 0000000056969C18
C 294
R
P 0000000056969C18
P 0000000057681148
P 0000000057685828
C 98
= 0000000059782DE8
R
P 0000000056969C18
C 294
R
P 0000000056969C18
P 0000000059782DE8
C 9
R
P 0000000056969C18
C 294
R
P 0000000056969C18
P 000000005A0393B8
P 0000000059782DE8
C 423
R
P 0000000056969C18
C 294
R
P 0000000056969C18
P 000000005A0393B8
C 426
R
P 0000000056969C18
C 294
R
P 0000000056969C18
P 000000005A0393B8
C 428
= 000000005A461218
R
P 0000000056969C18
C 294
R
P 0000000056969C18
P 000000005A461218
C 247
R
P 0000000056969C18
C 294
R
P 0000000056969C18
P 000000005A461218
C 279
R
P 0000000056969C18
C 294
R
P 0000000056969C18
P 000000005A0393B8
C 428
= 000000005A461158
R
P 0000000056969C18
C 294
R
P 0000000056969C18
P 000000005A461158
C 247
R
P 0000000056969C18
C 294
R
P 0000000056969C18
P 000000005A461158
P 0000000056929C68
I 0
P 0000000000000000
C 249
* 0000000056929CA8 4
R
P 0000000056969C18
C 294
R
P 0000000056969C18
P 0000000056929CA8
C 207
R
P 0000000056969C18
C 294
R
P 0000000056969C18
P 0000000056929CA8
C 204
= 00000000569285A8
R
P 0000000056969C18
C 294
R
P 0000000056969C18
P 00000000569285A8
C 165
R
P 0000000056969C18
C 294
R
P 0000000056969C18
P 0000000056929CA8
C 210
R
P 0000000056969C18
C 294
R
P 0000000056969C18
P 0000000056929CA8
C 209
R
P 0000000056969C18
C 294
R
P 0000000056969C18
P 0000000056929CA8
C 9
R
P 0000000056969C18
C 294
R
P 0000000056969C18
P 0000000056929CA8
I 0
C 218
R
P 0000000056969C18
C 294
R
P 0000000056969C18
P 000000005A0393B8
C 428
= 000000005A4617B8
R
P 0000000056969C18
C 294
R
P 0000000056969C18
P 000000005A4617B8
C 247
R
P 0000000056969C18
C 294
R
P 0000000056969C18
P 000000005A4617B8
P 0000000056929C88
I 0
P 0000000000000000
C 249
* 0000000057685928 4
R
P 0000000056969C18
C 294
R
P 0000000056969C18
P 0000000057685928
C 207
R
P 0000000056969C18
C 294
R
P 0000000056969C18
P 0000000057685928
C 204
= 00000000569285A8
R
P 0000000056969C18
C 294
R
P 0000000056969C18
P 00000000569285A8
C 165
R
P 0000000056969C18
C 294
R
P 0000000056969C18
P 0000000057685928
C 210
R
P 0000000056969C18
C 294
R
P 0000000056969C18
P 0000000057685928
C 209
R
P 0000000056969C18
C 294
R
P 0000000056969C18
P 0000000057685928
C 9
R
P 0000000056969C18
C 294
R
P 0000000056969C18
P 0000000057685928
I 0
C 218
R
P 0000000056969C18
C 294
R
P 0000000056969C18
P 000000005A0393B8
C 428
= 000000005A461458
R
P 0000000056969C18
C 294
R
P 0000000056969C18
P 000000005A461458
C 247
R
P 0000000056969C18
C 294
R
P 0000000056969C18
P 000000005A461458
P 0000000057681148
I 0
P 0000000000000000
C 249
* 0000000057685828 4
R
P 0000000056969C18
C 294
R
P 0000000056969C18
P 0000000057685828
C 207
R
P 0000000056969C18
C 294
R
P 0000000056969C18
P 0000000057685828
C 204
= 00000000569285A8
R
P 0000000056969C18
C 294
R
P 0000000056969C18
P 00000000569285A8
C 165
R
P 0000000056969C18
C 294
R
P 0000000056969C18
P 0000000057685828
C 210
R
P 0000000056969C18
C 294
R
P 0000000056969C18
P 0000000057685828
C 209
R
P 0000000056969C18
C 294
R
P 0000000056969C18
P 0000000057685828
C 9
R
P 0000000056969C18
C 294
R
P 0000000056969C18
P 0000000057685828
I 0
C 218
R
P 0000000056969C18
C 294
R
P 0000000056969C18
U 32
C 34
= 00000000569285A8
R
P 0000000056969C18
C 294
R
P 0000000056969C18
P 00000000569285A8
C 9
R
P 0000000056969C18
C 294
R
P 0000000056969C18
I 4194304
P 00000000569285A8
C 144
= 0000000057685A28
R
P 0000000056969C18
C 294
R
P 0000000056969C18
P 0000000057685A28
C 207
R
P 0000000056969C18
C 294
R
P 0000000056969C18
P 0000000057685A28
C 204
= 00000000569285A8
R
P 0000000056969C18
C 294
R
P 0000000056969C18
P 00000000569285A8
C 165
R
P 0000000056969C18
C 294
R
P 0000000056969C18
P 0000000057685A28
C 210
R
P 0000000056969C18
C 294
R
P 0000000056969C18
P 0000000057685A28
C 209
R
P 0000000056969C18
C 294
R
P 0000000056969C18
P 0000000057685A28
C 9
R
P 0000000056969C18
C 294
R
P 0000000056969C18
P 0000000056929C88
P 0000000057685A28
C 98
= 0000000059782D40
R
P 0000000056969C18
C 294
R
P 0000000056969C18
P 0000000059782D40
C 9
R
P 0000000056969C18
C 294
R
P 0000000056969C18
P 000000005A0393B8
P 0000000059782D40
C 423
R
P 0000000056969C18
C 294
R
P 0000000056969C18
U 32
C 34
= 00000000569285A8
R
P 0000000056969C18
C 294
R
P 0000000056969C18
P 00000000569285A8
C 9
R
P 0000000056969C18
C 294
R
P 0000000056969C18
I 0
P 00000000569285A8
C 144
= 0000000056929CA8
R
P 0000000056969C18
C 294
R
P 0000000056969C18
P 0000000056929CA8
C 207
R
P 0000000056969C18
C 294
R
P 0000000056969C18
P 0000000056929CA8
C 204
= 00000000569285A8
R
P 0000000056969C18
C 294
R
P 0000000056969C18
P 00000000569285A8
C 165
R
P 0000000056969C18
C 294
R
P 0000000056969C18
P 0000000056929CA8
C 210
R
P 0000000056969C18
C 294
R
P 0000000056969C18
P 0000000056929CA8
C 209
R
P 0000000056969C18
C 294
R
P 0000000056969C18
P 0000000056929CA8
C 9
R
P 0000000056969C18
C 294
R
P 0000000056969C18
P 0000000056929C68
P 0000000056929CA8
C 98
= 0000000059782E90
R
P 0000000056969C18
C 294
R
P 0000000056969C18
P 0000000059782E90
C 9
R
P 0000000056969C18
C 294
R
P 0000000056969C18
P 000000005A0393B8
P 0000000059782E90
C 423
R
P 0000000056969C18
C 294
R
P 0000000056969C18
U 32
C 34
= 00000000569285A8
R
P 0000000056969C18
C 294
R
P 0000000056969C18
P 00000000569285A8
C 9
R
P 0000000056969C18
C 294
R
P 0000000056969C18
I 8388608
P 00000000569285A8
C 144
= 0000000057685928
R
P 0000000056969C18
C 294
R
P 0000000056969C18
P 0000000057685928
C 207
R
P 0000000056969C18
C 294
R
P 0000000056969C18
P 0000000057685928
C 204
= 00000000569285A8
R
P 0000000056969C18
C 294
R
P 0000000056969C18
P 00000000569285A8
C 165
R
P 0000000056969C18
C 294
R
P 0000000056969C18
P 0000000057685928
C 210
R
P 0000000056969C18
C 294
R
P 0000000056969C18
P 0000000057685928
C 209
R
P 0000000056969C18
C 294
R
P 0000000056969C18
P 0000000057685928
C 9
R
P 0000000056969C18
C 294
R
P 0000000056969C18
P 0000000056929C88
P 0000000057685928
C 98
= 0000000059782E20
R
P 0000000056969C18
C 294
R
P 0000000056969C18
P 0000000059782E20
C 9
R
P 0000000056969C18
C 294
R
P 0000000056969C18
P 000000005A0393B8
P 0000000059782E20
C 423
R
P 0000000056969C18
C 294
R
P 0000000056969C18
U 32
C 34
= 00000000569285A8
R
P 0000000056969C18
C 294
R
P 0000000056969C18
P 00000000569285A8
C 9
R
P 0000000056969C18
C 294
R
P 0000000056969C18
I 738459648
P 00000000569285A8
C 144
= 0000000057685828
R
P 0000000056969C18
C 294
R
P 0000000056969C18
P 0000000057685828
C 207
R
P 0000000056969C18
C 294
R
P 0000000056969C18
P 0000000057685828
C 204
= 00000000569285A8
R
P 0000000056969C18
C 294
R
P 0000000056969C18
P 00000000569285A8
C 165
R
P 0000000056969C18
C 294
R
P 0000000056969C18
P 0000000057685828
C 210
R
P 0000000056969C18
C 294
R
P 0000000056969C18
P 0000000057685828
C 209
R
P 0000000056969C18
C 294
R
P 0000000056969C18
P 0000000057685828
C 9
R
P 0000000056969C18
C 294
R
P 0000000056969C18
P 0000000057681148
P 0000000057685828
C 98
= 0000000059782DE8
R
P 0000000056969C18
C 294
R
P 0000000056969C18
P 0000000059782DE8
C 9
R
P 0000000056969C18
C 294
R
P 0000000056969C18
P 000000005A0393B8
P 0000000059782DE8
C 423
R
P 0000000056969C18
C 294
R
P 0000000056969C18
P 000000005A0393B8
C 426
R
P 0000000056969C18
C 294
R
P 0000000056969C18
P 000000005A0393B8
C 428
= 000000005A4616C8
R
P 0000000056969C18
C 294
R
P 0000000056969C18
P 000000005A4616C8
C 247
R
P 0000000056969C18
C 294
R
P 0000000056969C18
P 000000005A4616C8
C 279
R
P 0000000056969C18
C 294
R
P 0000000056969C18
P 000000005A0393B8
C 428
= 000000005A4615D8
R
P 0000000056969C18
C 294
R
P 0000000056969C18
P 000000005A4615D8
C 247
R
P 0000000056969C18
C 294
R
P 0000000056969C18
P 000000005A4615D8
P 0000000056929C68
I 0
P 0000000000000000
C 249
* 0000000056929CA8 4
R
P 0000000056969C18
C 294
R
P 0000000056969C18
P 0000000056929CA8
C 207
R
P 0000000056969C18
C 294
R
P 0000000056969C18
P 0000000056929CA8
C 204
= 00000000569285A8
R
P 0000000056969C18
C 294
R
P 0000000056969C18
P 00000000569285A8
C 165
R
P 0000000056969C18
C 294
R
P 0000000056969C18
P 0000000056929CA8
C 210
R
P 0000000056969C18
C 294
R
P 0000000056969C18
P 0000000056929CA8
C 209
R
P 0000000056969C18
C 294
R
P 0000000056969C18
P 0000000056929CA8
C 9
R
P 0000000056969C18
C 294
R
P 0000000056969C18
P 0000000056929CA8
I 0
C 218
R
P 0000000056969C18
C 294
R
P 0000000056969C18
P 000000005A0393B8
C 428
= 000000005A4618D8
R
P 0000000056969C18
C 294
R
P 0000000056969C18
P 000000005A4618D8
C 247
R
P 0000000056969C18
C 294
R
P 0000000056969C18
P 000000005A4618D8
P 0000000056929C88
I 0
P 0000000000000000
C 249
* 0000000056929CA8 4
R
P 0000000056969C18
C 294
R
P 0000000056969C18
P 0000000056929CA8
C 207
R
P 0000000056969C18
C 294
R
P 0000000056969C18
P 0000000056929CA8
C 204
= 00000000569285A8
R
P 0000000056969C18
C 294
R
P 0000000056969C18
P 00000000569285A8
C 165
R
P 0000000056969C18
C 294
R
P 0000000056969C18
P 0000000056929CA8
C 210
R
P 0000000056969C18
C 294
R
P 0000000056969C18
P 0000000056929CA8
C 209
R
P 0000000056969C18
C 294
R
P 0000000056969C18
P 0000000056929CA8
C 9
R
P 0000000056969C18
C 294
R
P 0000000056969C18
P 0000000056929CA8
I 0
C 218
R
P 0000000056969C18
C 294
R
P 0000000056969C18
P 000000005A0393B8
C 428
= 000000005A461638
R
P 0000000056969C18
C 294
R
P 0000000056969C18
P 000000005A461638
C 247
R
P 0000000056969C18
C 294
R
P 0000000056969C18
P 000000005A461638
P 0000000057681148
I 0
P 0000000000000000
C 249
* 0000000057685828 4
R
P 0000000056969C18
C 294
R
P 0000000056969C18
P 0000000057685828
C 207
R
P 0000000056969C18
C 294
R
P 0000000056969C18
P 0000000057685828
C 204
= 00000000569285A8
R
P 0000000056969C18
C 294
R
P 0000000056969C18
P 00000000569285A8
C 165
R
P 0000000056969C18
C 294
R
P 0000000056969C18
P 0000000057685828
C 210
R
P 0000000056969C18
C 294
R
P 0000000056969C18
P 0000000057685828
C 209
R
P 0000000056969C18
C 294
R
P 0000000056969C18
P 0000000057685828
C 9
R
P 0000000056969C18
C 294
R
P 0000000056969C18
P 0000000057685828
I 0
C 218
R
P 0000000056969C18
C 294
R
P 0000000056969C18
U 32
C 34
= 00000000569285A8
R
P 0000000056969C18
C 294
R
P 0000000056969C18
P 00000000569285A8
C 9
R
P 0000000056969C18
C 294
R
P 0000000056969C18
I 369229824
P 00000000569285A8
C 144
= 0000000057685948
R
P 0000000056969C18
C 294
R
P 0000000056969C18
P 0000000057685948
C 207
R
P 0000000056969C18
C 294
R
P 0000000056969C18
P 0000000057685948
C 204
= 00000000569285A8
R
P 0000000056969C18
C 294
R
P 0000000056969C18
P 00000000569285A8
C 165
R
P 0000000056969C18
C 294
R
P 0000000056969C18
P 0000000057685948
C 210
R
P 0000000056969C18
C 294
R
P 0000000056969C18
P 0000000057685948
C 209
R
P 0000000056969C18
C 294
R
P 0000000056969C18
P 0000000057685948
C 9
R
P 0000000056969C18
C 294
R
P 0000000056969C18
P 0000000057681148
P 0000000057685948
C 98
= 0000000059782D08
R
P 0000000056969C18
C 294
R
P 0000000056969C18
P 0000000059782D08
C 9
R
P 0000000056969C18
C 294
R
P 0000000056969C18
P 000000005A0393B8
P 0000000059782D08
C 423
R
P 0000000056969C18
C 294
R
P 0000000056969C18
U 32
C 34
= 00000000569285A8
R
P 0000000056969C18
C 294
R
P 0000000056969C18
P 00000000569285A8
C 9
R
P 0000000056969C18
C 294
R
P 0000000056969C18
I 0
P 00000000569285A8
C 144
= 0000000056929CA8
R
P 0000000056969C18
C 294
R
P 0000000056969C18
P 0000000056929CA8
C 207
R
P 0000000056969C18
C 294
R
P 0000000056969C18
P 0000000056929CA8
C 204
= 00000000569285A8
R
P 0000000056969C18
C 294
R
P 0000000056969C18
P 00000000569285A8
C 165
R
P 0000000056969C18
C 294
R
P 0000000056969C18
P 0000000056929CA8
C 210
R
P 0000000056969C18
C 294
R
P 0000000056969C18
P 0000000056929CA8
C 209
R
P 0000000056969C18
C 294
R
P 0000000056969C18
P 0000000056929CA8
C 9
R
P 0000000056969C18
C 294
R
P 0000000056969C18
P 0000000056929C68
P 0000000056929CA8
C 98
= 0000000059782E90
R
P 0000000056969C18
C 294
R
P 0000000056969C18
P 0000000059782E90
C 9
R
P 0000000056969C18
C 294
R
P 0000000056969C18
P 000000005A0393B8
P 0000000059782E90
C 423
R
P 0000000056969C18
C 294
R
P 0000000056969C18
U 32
C 34
= 00000000569285A8
R
P 0000000056969C18
C 294
R
P 0000000056969C18
P 00000000569285A8
C 9
R
P 0000000056969C18
C 294
R
P 0000000056969C18
I 0
P 00000000569285A8
C 144
= 0000000056929CA8
R
P 0000000056969C18
C 294
R
P 0000000056969C18
P 0000000056929CA8
C 207
R
P 0000000056969C18
C 294
R
P 0000000056969C18
P 0000000056929CA8
C 204
= 00000000569285A8
R
P 0000000056969C18
C 294
R
P 0000000056969C18
P 00000000569285A8
C 165
R
P 0000000056969C18
C 294
R
P 0000000056969C18
P 0000000056929CA8
C 210
R
P 0000000056969C18
C 294
R
P 0000000056969C18
P 0000000056929CA8
C 209
R
P 0000000056969C18
C 294
R
P 0000000056969C18
P 0000000056929CA8
C 9
R
P 0000000056969C18
C 294
R
P 0000000056969C18
P 0000000056929C88
P 0000000056929CA8
C 98
= 0000000059782C98
R
P 0000000056969C18
C 294
R
P 0000000056969C18
P 0000000059782C98
C 9
R
P 0000000056969C18
C 294
R
P 0000000056969C18
P 000000005A0393B8
P 0000000059782C98
C 423
R
P 0000000056969C18
C 294
R
P 0000000056969C18
U 32
C 34
= 00000000569285A8
R
P 0000000056969C18
C 294
R
P 0000000056969C18
P 00000000569285A8
C 9
R
P 0000000056969C18
C 294
R
P 0000000056969C18
I 738459648
P 00000000569285A8
C 144
= 0000000057685828
R
P 0000000056969C18
C 294
R
P 0000000056969C18
P 0000000057685828
C 207
R
P 0000000056969C18
C 294
R
P 0000000056969C18
P 0000000057685828
C 204
= 00000000569285A8
R
P 0000000056969C18
C 294
R
P 0000000056969C18
P 00000000569285A8
C 165
R
P 0000000056969C18
C 294
R
P 0000000056969C18
P 0000000057685828
C 210
R
P 0000000056969C18
C 294
R
P 0000000056969C18
P 0000000057685828
C 209
R
P 0000000056969C18
C 294
R
P 0000000056969C18
P 0000000057685828
C 9
R
P 0000000056969C18
C 294
R
P 0000000056969C18
P 0000000057681148
P 0000000057685828
C 98
= 0000000059782DE8
R
P 0000000056969C18
C 294
R
P 0000000056969C18
P 0000000059782DE8
C 9
R
P 0000000056969C18
C 294
R
P 0000000056969C18
P 000000005A0393B8
P 0000000059782DE8
C 423
R
P 0000000056969C18
C 294
R
P 0000000056969C18
P 000000005A0393B8
C 426
R
P 0000000056969C18
C 294
R
P 0000000056969C18
P 000000005A0393B8
C 428
= 000000005A4616F8
R
P 0000000056969C18
C 294
R
P 0000000056969C18
P 000000005A4616F8
C 247
R
P 0000000056969C18
C 294
R
P 0000000056969C18
P 000000005A4616F8
C 279
R
P 0000000056969C18
C 294
R
P 0000000056969C18
P 000000005A0393B8
C 428
= 000000005A4618A8
R
P 0000000056969C18
C 294
R
P 0000000056969C18
P 000000005A4618A8
C 247
R
P 0000000056969C18
C 294
R
P 0000000056969C18
P 000000005A4618A8
P 0000000056929C68
I 0
P 0000000000000000
C 249
* 0000000056929CA8 4
R
P 0000000056969C18
C 294
R
P 0000000056969C18
P 0000000056929CA8
C 207
R
P 0000000056969C18
C 294
R
P 0000000056969C18
P 0000000056929CA8
C 204
= 00000000569285A8
R
P 0000000056969C18
C 294
R
P 0000000056969C18
P 00000000569285A8
C 165
R
P 0000000056969C18
C 294
R
P 0000000056969C18
P 0000000056929CA8
C 210
R
P 0000000056969C18
C 294
R
P 0000000056969C18
P 0000000056929CA8
C 209
R
P 0000000056969C18
C 294
R
P 0000000056969C18
P 0000000056929CA8
C 9
R
P 0000000056969C18
C 294
R
P 0000000056969C18
P 0000000056929CA8
I 0
C 218
R
P 0000000056969C18
C 294
R
P 0000000056969C18
P 000000005A0393B8
C 428
= 000000005A461A88
R
P 0000000056969C18
C 294
R
P 0000000056969C18
P 000000005A461A88
C 247
R
P 0000000056969C18
C 294
R
P 0000000056969C18
P 000000005A461A88
P 0000000056929C88
I 0
P 0000000000000000
C 249
* 0000000056929CA8 4
R
P 0000000056969C18
C 294
R
P 0000000056969C18
P 0000000056929CA8
C 207
R
P 0000000056969C18
C 294
R
P 0000000056969C18
P 0000000056929CA8
C 204
= 00000000569285A8
R
P 0000000056969C18
C 294
R
P 0000000056969C18
P 00000000569285A8
C 165
R
P 0000000056969C18
C 294
R
P 0000000056969C18
P 0000000056929CA8
C 210
R
P 0000000056969C18
C 294
R
P 0000000056969C18
P 0000000056929CA8
C 209
R
P 0000000056969C18
C 294
R
P 0000000056969C18
P 0000000056929CA8
C 9
R
P 0000000056969C18
C 294
R
P 0000000056969C18
P 0000000056929CA8
I 0
C 218
R
P 0000000056969C18
C 294
R
P 0000000056969C18
P 000000005A0393B8
C 428
= 000000005A461788
R
P 0000000056969C18
C 294
R
P 0000000056969C18
P 000000005A461788
C 247
R
P 0000000056969C18
C 294
R
P 0000000056969C18
P 000000005A461788
P 0000000057681148
I 0
P 0000000000000000
C 249
* 0000000057685908 4
R
P 0000000056969C18
C 294
R
P 0000000056969C18
P 0000000057685908
C 207
R
P 0000000056969C18
C 294
R
P 0000000056969C18
P 0000000057685908
C 204
= 00000000569285A8
R
P 0000000056969C18
C 294
R
P 0000000056969C18
P 00000000569285A8
C 165
R
P 0000000056969C18
C 294
R
P 0000000056969C18
P 0000000057685908
C 210
R
P 0000000056969C18
C 294
R
P 0000000056969C18
P 0000000057685908
C 209
R
P 0000000056969C18
C 294
R
P 0000000056969C18
P 0000000057685908
C 9
R
P 0000000056969C18
C 294
R
P 0000000056969C18
P 0000000057685908
I 0
C 218
R
P 0000000056969C18
C 294
R
P 0000000056969C18
U 32
C 34
= 00000000569285A8
R
P 0000000056969C18
C 294
R
P 0000000056969C18
P 00000000569285A8
C 9
R
P 0000000056969C18
C 294
R
P 0000000056969C18
I 100794368
P 00000000569285A8
C 144
= 00000000576858E8
R
P 0000000056969C18
C 294
R
P 0000000056969C18
P 00000000576858E8
C 207
R
P 0000000056969C18
C 294
R
P 0000000056969C18
P 00000000576858E8
C 204
= 00000000569285A8
R
P 0000000056969C18
C 294
R
P 0000000056969C18
P 00000000569285A8
C 165
R
P 0000000056969C18
C 294
R
P 0000000056969C18
P 00000000576858E8
C 210
R
P 0000000056969C18
C 294
R
P 0000000056969C18
P 00000000576858E8
C 209
R
P 0000000056969C18
C 294
R
P 0000000056969C18
P 00000000576858E8
C 9
R
P 0000000056969C18
C 294
R
P 0000000056969C18
P 0000000057681148
P 00000000576858E8
C 98
= 00000000597838D8
R
P 0000000056969C18
C 294
R
P 0000000056969C18
P 00000000597838D8
C 9
R
P 0000000056969C18
C 294
R
P 0000000056969C18
P 000000005A0393B8
P 00000000597838D8
C 423
R
P 0000000056969C18
C 294
R
P 0000000056969C18
U 32
C 34
= 00000000569285A8
R
P 0000000056969C18
C 294
R
P 0000000056969C18
P 00000000569285A8
C 9
R
P 0000000056969C18
C 294
R
P 0000000056969C18
I 0
P 00000000569285A8
C 144
= 0000000056929CA8
R
P 0000000056969C18
C 294
R
P 0000000056969C18
P 0000000056929CA8
C 207
R
P 0000000056969C18
C 294
R
P 0000000056969C18
P 0000000056929CA8
C 204
= 00000000569285A8
R
P 0000000056969C18
C 294
R
P 0000000056969C18
P 00000000569285A8
C 165
R
P 0000000056969C18
C 294
R
P 0000000056969C18
P 0000000056929CA8
C 210
R
P 0000000056969C18
C 294
R
P 0000000056969C18
P 0000000056929CA8
C 209
R
P 0000000056969C18
C 294
R
P 0000000056969C18
P 0000000056929CA8
C 9
R
P 0000000056969C18
C 294
R
P 0000000056969C18
P 0000000056929C68
P 0000000056929CA8
C 98
= 0000000059782E90
R
P 0000000056969C18
C 294
R
P 0000000056969C18
P 0000000059782E90
C 9
R
P 0000000056969C18
C 294
R
P 0000000056969C18
P 000000005A0393B8
P 0000000059782E90
C 423
R
P 0000000056969C18
C 294
R
P 0000000056969C18
U 32
C 34
= 00000000569285A8
R
P 0000000056969C18
C 294
R
P 0000000056969C18
P 00000000569285A8
C 9
R
P 0000000056969C18
C 294
R
P 0000000056969C18
I 0
P 00000000569285A8
C 144
= 0000000056929CA8
R
P 0000000056969C18
C 294
R
P 0000000056969C18
P 0000000056929CA8
C 207
R
P 0000000056969C18
C 294
R
P 0000000056969C18
P 0000000056929CA8
C 204
= 00000000569285A8
R
P 0000000056969C18
C 294
R
P 0000000056969C18
P 00000000569285A8
C 165
R
P 0000000056969C18
C 294
R
P 0000000056969C18
P 0000000056929CA8
C 210
R
P 0000000056969C18
C 294
R
P 0000000056969C18
P 0000000056929CA8
C 209
R
P 0000000056969C18
C 294
R
P 0000000056969C18
P 0000000056929CA8
C 9
R
P 0000000056969C18
C 294
R
P 0000000056969C18
P 0000000056929C88
P 0000000056929CA8
C 98
= 0000000059782C98
R
P 0000000056969C18
C 294
R
P 0000000056969C18
P 0000000059782C98
C 9
R
P 0000000056969C18
C 294
R
P 0000000056969C18
P 000000005A0393B8
P 0000000059782C98
C 423
R
P 0000000056969C18
C 294
R
P 0000000056969C18
U 32
C 34
= 00000000569285A8
R
P 0000000056969C18
C 294
R
P 0000000056969C18
P 00000000569285A8
C 9
R
P 0000000056969C18
C 294
R
P 0000000056969C18
I 201588736
P 00000000569285A8
C 144
= 0000000057685908
R
P 0000000056969C18
C 294
R
P 0000000056969C18
P 0000000057685908
C 207
R
P 0000000056969C18
C 294
R
P 0000000056969C18
P 0000000057685908
C 204
= 00000000569285A8
R
P 0000000056969C18
C 294
R
P 0000000056969C18
P 00000000569285A8
C 165
R
P 0000000056969C18
C 294
R
P 0000000056969C18
P 0000000057685908
C 210
R
P 0000000056969C18
C 294
R
P 0000000056969C18
P 0000000057685908
C 209
R
P 0000000056969C18
C 294
R
P 0000000056969C18
P 0000000057685908
C 9
R
P 0000000056969C18
C 294
R
P 0000000056969C18
P 0000000057681148
P 0000000057685908
C 98
= 0000000059782BF0
R
P 0000000056969C18
C 294
R
P 0000000056969C18
P 0000000059782BF0
C 9
R
P 0000000056969C18
C 294
R
P 0000000056969C18
P 000000005A0393B8
P 0000000059782BF0
C 423
R
P 0000000056969C18
C 294
R
P 0000000056969C18
P 000000005A0393B8
C 426
R
P 0000000056969C18
C 294
R
P 0000000056969C18
P 000000005A0393B8
C 428
= 000000005A4619C8
R
P 0000000056969C18
C 294
R
P 0000000056969C18
P 000000005A4619C8
C 247
R
P 0000000056969C18
C 294
R
P 0000000056969C18
P 000000005A4619C8
C 279
R
P 0000000056969C18
C 294
R
P 0000000056969C18
P 000000005A0393B8
C 428
= 000000005A461968
R
P 0000000056969C18
C 294
R
P 0000000056969C18
P 000000005A461968
C 247
R
P 0000000056969C18
C 294
R
P 0000000056969C18
P 000000005A461968
P 0000000056929C68
I 0
P 0000000000000000
C 249
* 0000000056929CA8 4
R
P 0000000056969C18
C 294
R
P 0000000056969C18
P 0000000056929CA8
C 207
R
P 0000000056969C18
C 294
R
P 0000000056969C18
P 0000000056929CA8
C 204
= 00000000569285A8
R
P 0000000056969C18
C 294
R
P 0000000056969C18
P 00000000569285A8
C 165
R
P 0000000056969C18
C 294
R
P 0000000056969C18
P 0000000056929CA8
C 210
R
P 0000000056969C18
C 294
R
P 0000000056969C18
P 0000000056929CA8
C 209
R
P 0000000056969C18
C 294
R
P 0000000056969C18
P 0000000056929CA8
C 9
R
P 0000000056969C18
C 294
R
P 0000000056969C18
P 0000000056929CA8
I 0
C 218
R
P 0000000056969C18
C 294
R
P 0000000056969C18
P 000000005A0393B8
C 428
= 000000005A461C08
R
P 0000000056969C18
C 294
R
P 0000000056969C18
P 000000005A461C08
C 247
R
P 0000000056969C18
C 294
R
P 0000000056969C18
P 000000005A461C08
P 0000000056929C88
I 0
P 0000000000000000
C 249
* 0000000056929CA8 4
R
P 0000000056969C18
C 294
R
P 0000000056969C18
P 0000000056929CA8
C 207
R
P 0000000056969C18
C 294
R
P 0000000056969C18
P 0000000056929CA8
C 204
= 00000000569285A8
R
P 0000000056969C18
C 294
R
P 0000000056969C18
P 00000000569285A8
C 165
R
P 0000000056969C18
C 294
R
P 0000000056969C18
P 0000000056929CA8
C 210
R
P 0000000056969C18
C 294
R
P 0000000056969C18
P 0000000056929CA8
C 209
R
P 0000000056969C18
C 294
R
P 0000000056969C18
P 0000000056929CA8
C 9
R
P 0000000056969C18
C 294
R
P 0000000056969C18
P 0000000056929CA8
I 0
C 218
R
P 0000000056969C18
C 294
R
P 0000000056969C18
P 000000005A0393B8
C 428
= 000000005A461908
R
P 0000000056969C18
C 294
R
P 0000000056969C18
P 000000005A461908
C 247
R
P 0000000056969C18
C 294
R
P 0000000056969C18
P 000000005A461908
P 0000000057681148
I 0
P 0000000000000000
C 249
* 00000000576857A8 4
R
P 0000000056969C18
C 294
R
P 0000000056969C18
P 00000000576857A8
C 207
R
P 0000000056969C18
C 294
R
P 0000000056969C18
P 00000000576857A8
C 204
= 00000000569285A8
R
P 0000000056969C18
C 294
R
P 0000000056969C18
P 00000000569285A8
C 165
R
P 0000000056969C18
C 294
R
P 0000000056969C18
P 00000000576857A8
C 210
R
P 0000000056969C18
C 294
R
P 0000000056969C18
P 00000000576857A8
C 209
R
P 0000000056969C18
C 294
R
P 0000000056969C18
P 00000000576857A8
C 9
R
P 0000000056969C18
C 294
R
P 0000000056969C18
P 00000000576857A8
I 0
C 218
R
P 0000000056969C18
C 294
R
P 0000000056969C18
U 32
C 34
= 00000000569285A8
R
P 0000000056969C18
C 294
R
P 0000000056969C18
P 00000000569285A8
C 9
R
P 0000000056969C18
C 294
R
P 0000000056969C18
I 33685504
P 00000000569285A8
C 144
= 0000000057686028
R
P 0000000056969C18
C 294
R
P 0000000056969C18
P 0000000057686028
C 207
R
P 0000000056969C18
C 294
R
P 0000000056969C18
P 0000000057686028
C 204
= 00000000569285A8
R
P 0000000056969C18
C 294
R
P 0000000056969C18
P 00000000569285A8
C 165
R
P 0000000056969C18
C 294
R
P 0000000056969C18
P 0000000057686028
C 210
R
P 0000000056969C18
C 294
R
P 0000000056969C18
P 0000000057686028
C 209
R
P 0000000056969C18
C 294
R
P 0000000056969C18
P 0000000057686028
C 9
R
P 0000000056969C18
C 294
R
P 0000000056969C18
P 0000000057681148
P 0000000057686028
C 98
= 0000000059783C58
R
P 0000000056969C18
C 294
R
P 0000000056969C18
P 0000000059783C58
C 9
R
P 0000000056969C18
C 294
R
P 0000000056969C18
P 000000005A0393B8
P 0000000059783C58
C 423
R
P 0000000056969C18
C 294
R
P 0000000056969C18
U 32
C 34
= 00000000569285A8
R
P 0000000056969C18
C 294
R
P 0000000056969C18
P 00000000569285A8
C 9
R
P 0000000056969C18
C 294
R
P 0000000056969C18
I 0
P 00000000569285A8
C 144
= 0000000056929CA8
R
P 0000000056969C18
C 294
R
P 0000000056969C18
P 0000000056929CA8
C 207
R
P 0000000056969C18
C 294
R
P 0000000056969C18
P 0000000056929CA8
C 204
= 00000000569285A8
R
P 0000000056969C18
C 294
R
P 0000000056969C18
P 00000000569285A8
C 165
R
P 0000000056969C18
C 294
R
P 0000000056969C18
P 0000000056929CA8
C 210
R
P 0000000056969C18
C 294
R
P 0000000056969C18
P 0000000056929CA8
C 209
R
P 0000000056969C18
C 294
R
P 0000000056969C18
P 0000000056929CA8
C 9
R
P 0000000056969C18
C 294
R
P 0000000056969C18
P 0000000056929C68
P 0000000056929CA8
C 98
= 0000000059782E90
R
P 0000000056969C18
C 294
R
P 0000000056969C18
P 0000000059782E90
C 9
R
P 0000000056969C18
C 294
R
P 0000000056969C18
P 000000005A0393B8
P 0000000059782E90
C 423
R
P 0000000056969C18
C 294
R
P 0000000056969C18
U 32
C 34
= 00000000569285A8
R
P 0000000056969C18
C 294
R
P 0000000056969C18
P 00000000569285A8
C 9
R
P 0000000056969C18
C 294
R
P 0000000056969C18
I 0
P 00000000569285A8
C 144
= 0000000056929CA8
R
P 0000000056969C18
C 294
R
P 0000000056969C18
P 0000000056929CA8
C 207
R
P 0000000056969C18
C 294
R
P 0000000056969C18
P 0000000056929CA8
C 204
= 00000000569285A8
R
P 0000000056969C18
C 294
R
P 0000000056969C18
P 00000000569285A8
C 165
R
P 0000000056969C18
C 294
R
P 0000000056969C18
P 0000000056929CA8
C 210
R
P 0000000056969C18
C 294
R
P 0000000056969C18
P 0000000056929CA8
C 209
R
P 0000000056969C18
C 294
R
P 0000000056969C18
P 0000000056929CA8
C 9
R
P 0000000056969C18
C 294
R
P 0000000056969C18
P 0000000056929C88
P 0000000056929CA8
C 98
= 0000000059782C98
R
P 0000000056969C18
C 294
R
P 0000000056969C18
P 0000000059782C98
C 9
R
P 0000000056969C18
C 294
R
P 0000000056969C18
P 000000005A0393B8
P 0000000059782C98
C 423
R
P 0000000056969C18
C 294
R
P 0000000056969C18
U 32
C 34
= 00000000569285A8
R
P 0000000056969C18
C 294
R
P 0000000056969C18
P 00000000569285A8
C 9
R
P 0000000056969C18
C 294
R
P 0000000056969C18
I 67371008
P 00000000569285A8
C 144
= 00000000576857A8
R
P 0000000056969C18
C 294
R
P 0000000056969C18
P 00000000576857A8
C 207
R
P 0000000056969C18
C 294
R
P 0000000056969C18
P 00000000576857A8
C 204
= 00000000569285A8
R
P 0000000056969C18
C 294
R
P 0000000056969C18
P 00000000569285A8
C 165
R
P 0000000056969C18
C 294
R
P 0000000056969C18
P 00000000576857A8
C 210
R
P 0000000056969C18
C 294
R
P 0000000056969C18
P 00000000576857A8
C 209
R
P 0000000056969C18
C 294
R
P 0000000056969C18
P 00000000576857A8
C 9
R
P 0000000056969C18
C 294
R
P 0000000056969C18
P 0000000057681148
P 00000000576857A8
C 98
= 0000000059782B80
R
P 0000000056969C18
C 294
R
P 0000000056969C18
P 0000000059782B80
C 9
R
P 0000000056969C18
C 294
R
P 0000000056969C18
P 000000005A0393B8
P 0000000059782B80
C 423
R
P 0000000056969C18
C 294
R
P 0000000056969C18
P 000000005A0393B8
C 426
R
P 0000000056969C18
C 294
R
P 0000000056969C18
P 000000005A0393B8
C 428
= 000000005A461B48
R
P 0000000056969C18
C 294
R
P 0000000056969C18
P 000000005A461B48
C 247
R
P 0000000056969C18
C 294
R
P 0000000056969C18
P 000000005A461B48
C 279
R
P 0000000056969C18
C 294
R
P 0000000056969C18
P 000000005A0393B8
C 428
= 000000005A461AE8
R
P 0000000056969C18
C 294
R
P 0000000056969C18
P 000000005A461AE8
C 247
R
P 0000000056969C18
C 294
R
P 0000000056969C18
P 000000005A461AE8
P 0000000056929C68
I 0
P 0000000000000000
C 249
* 0000000056929CA8 4
R
P 0000000056969C18
C 294
R
P 0000000056969C18
P 0000000056929CA8
C 207
R
P 0000000056969C18
C 294
R
P 0000000056969C18
P 0000000056929CA8
C 204
= 00000000569285A8
R
P 0000000056969C18
C 294
R
P 0000000056969C18
P 00000000569285A8
C 165
R
P 0000000056969C18
C 294
R
P 0000000056969C18
P 0000000056929CA8
C 210
R
P 0000000056969C18
C 294
R
P 0000000056969C18
P 0000000056929CA8
C 209
R
P 0000000056969C18
C 294
R
P 0000000056969C18
P 0000000056929CA8
C 9
R
P 0000000056969C18
C 294
R
P 0000000056969C18
P 0000000056929CA8
I 0
C 218
R
P 0000000056969C18
C 294
R
P 0000000056969C18
P 000000005A0393B8
C 428
= 000000005A461D88
R
P 0000000056969C18
C 294
R
P 0000000056969C18
P 000000005A461D88
C 247
R
P 0000000056969C18
C 294
R
P 0000000056969C18
P 000000005A461D88
P 0000000056929C88
I 0
P 0000000000000000
C 249
* 0000000056929CA8 4
R
P 0000000056969C18
C 294
R
P 0000000056969C18
P 0000000056929CA8
C 207
R
P 0000000056969C18
C 294
R
P 0000000056969C18
P 0000000056929CA8
C 204
= 00000000569285A8
R
P 0000000056969C18
C 294
R
P 0000000056969C18
P 00000000569285A8
C 165
R
P 0000000056969C18
C 294
R
P 0000000056969C18
P 0000000056929CA8
C 210
R
P 0000000056969C18
C 294
R
P 0000000056969C18
P 0000000056929CA8
C 209
R
P 0000000056969C18
C 294
R
P 0000000056969C18
P 0000000056929CA8
C 9
R
P 0000000056969C18
C 294
R
P 0000000056969C18
P 0000000056929CA8
I 0
C 218
R
P 0000000056969C18
C 294
R
P 0000000056969C18
P 000000005A0393B8
C 428
= 000000005A4617E8
R
P 0000000056969C18
C 294
R
P 0000000056969C18
P 000000005A4617E8
C 247
R
P 0000000056969C18
C 294
R
P 0000000056969C18
P 000000005A4617E8
P 0000000057681148
I 0
P 0000000000000000
C 249
* 0000000057685C88 4
R
P 0000000056969C18
C 294
R
P 0000000056969C18
P 0000000057685C88
C 207
R
P 0000000056969C18
C 294
R
P 0000000056969C18
P 0000000057685C88
C 204
= 00000000569285A8
R
P 0000000056969C18
C 294
R
P 0000000056969C18
P 00000000569285A8
C 165
R
P 0000000056969C18
C 294
R
P 0000000056969C18
P 0000000057685C88
C 210
R
P 0000000056969C18
C 294
R
P 0000000056969C18
P 0000000057685C88
C 209
R
P 0000000056969C18
C 294
R
P 0000000056969C18
P 0000000057685C88
C 9
R
P 0000000056969C18
C 294
R
P 0000000056969C18
P 0000000057685C88
I 0
C 218
R
P 0000000056969C18
C 294
R
P 0000000056969C18
U 32
C 34
= 00000000569285A8
R
P 0000000056969C18
C 294
R
P 0000000056969C18
P 00000000569285A8
C 9
R
P 0000000056969C18
C 294
R
P 0000000056969C18
I 131072
P 00000000569285A8
C 144
= 0000000057685B48
R
P 0000000056969C18
C 294
R
P 0000000056969C18
P 0000000057685B48
C 207
R
P 0000000056969C18
C 294
R
P 0000000056969C18
P 0000000057685B48
C 204
= 00000000569285A8
R
P 0000000056969C18
C 294
R
P 0000000056969C18
P 00000000569285A8
C 165
R
P 0000000056969C18
C 294
R
P 0000000056969C18
P 0000000057685B48
C 210
R
P 0000000056969C18
C 294
R
P 0000000056969C18
P 0000000057685B48
C 209
R
P 0000000056969C18
C 294
R
P 0000000056969C18
P 0000000057685B48
C 9
R
P 0000000056969C18
C 294
R
P 0000000056969C18
P 0000000057681148
P 0000000057685B48
C 98
= 0000000059783C90
R
P 0000000056969C18
C 294
R
P 0000000056969C18
P 0000000059783C90
C 9
R
P 0000000056969C18
C 294
R
P 0000000056969C18
P 000000005A0393B8
P 0000000059783C90
C 423
R
P 0000000056969C18
C 294
R
P 0000000056969C18
U 32
C 34
= 00000000569285A8
R
P 0000000056969C18
C 294
R
P 0000000056969C18
P 00000000569285A8
C 9
R
P 0000000056969C18
C 294
R
P 0000000056969C18
I 0
P 00000000569285A8
C 144
= 0000000056929CA8
R
P 0000000056969C18
C 294
R
P 0000000056969C18
P 0000000056929CA8
C 207
R
P 0000000056969C18
C 294
R
P 0000000056969C18
P 0000000056929CA8
C 204
= 00000000569285A8
R
P 0000000056969C18
C 294
R
P 0000000056969C18
P 00000000569285A8
C 165
R
P 0000000056969C18
C 294
R
P 0000000056969C18
P 0000000056929CA8
C 210
R
P 0000000056969C18
C 294
R
P 0000000056969C18
P 0000000056929CA8
C 209
R
P 0000000056969C18
C 294
R
P 0000000056969C18
P 0000000056929CA8
C 9
R
P 0000000056969C18
C 294
R
P 0000000056969C18
P 0000000056929C68
P 0000000056929CA8
C 98
= 0000000059782E90
R
P 0000000056969C18
C 294
R
P 0000000056969C18
P 0000000059782E90
C 9
R
P 0000000056969C18
C 294
R
P 0000000056969C18
P 000000005A0393B8
P 0000000059782E90
C 423
R
P 0000000056969C18
C 294
R
P 0000000056969C18
U 32
C 34
= 00000000569285A8
R
P 0000000056969C18
C 294
R
P 0000000056969C18
P 00000000569285A8
C 9
R
P 0000000056969C18
C 294
R
P 0000000056969C18
I 0
P 00000000569285A8
C 144
= 0000000056929CA8
R
P 0000000056969C18
C 294
R
P 0000000056969C18
P 0000000056929CA8
C 207
R
P 0000000056969C18
C 294
R
P 0000000056969C18
P 0000000056929CA8
C 204
= 00000000569285A8
R
P 0000000056969C18
C 294
R
P 0000000056969C18
P 00000000569285A8
C 165
R
P 0000000056969C18
C 294
R
P 0000000056969C18
P 0000000056929CA8
C 210
R
P 0000000056969C18
C 294
R
P 0000000056969C18
P 0000000056929CA8
C 209
R
P 0000000056969C18
C 294
R
P 0000000056969C18
P 0000000056929CA8
C 9
R
P 0000000056969C18
C 294
R
P 0000000056969C18
P 0000000056929C88
P 0000000056929CA8
C 98
= 0000000059782C98
R
P 0000000056969C18
C 294
R
P 0000000056969C18
P 0000000059782C98
C 9
R
P 0000000056969C18
C 294
R
P 0000000056969C18
P 000000005A0393B8
P 0000000059782C98
C 423
R
P 0000000056969C18
C 294
R
P 0000000056969C18
U 32
C 34
= 00000000569285A8
R
P 0000000056969C18
C 294
R
P 0000000056969C18
P 00000000569285A8
C 9
R
P 0000000056969C18
C 294
R
P 0000000056969C18
I 262144
P 00000000569285A8
C 144
= 0000000057685C88
R
P 0000000056969C18
C 294
R
P 0000000056969C18
P 0000000057685C88
C 207
R
P 0000000056969C18
C 294
R
P 0000000056969C18
P 0000000057685C88
C 204
= 00000000569285A8
R
P 0000000056969C18
C 294
R
P 0000000056969C18
P 00000000569285A8
C 165
R
P 0000000056969C18
C 294
R
P 0000000056969C18
P 0000000057685C88
C 210
R
P 0000000056969C18
C 294
R
P 0000000056969C18
P 0000000057685C88
C 209
R
P 0000000056969C18
C 294
R
P 0000000056969C18
P 0000000057685C88
C 9
R
P 0000000056969C18
C 294
R
P 0000000056969C18
P 0000000057681148
P 0000000057685C88
C 98
= 0000000059782B10
R
P 0000000056969C18
C 294
R
P 0000000056969C18
P 0000000059782B10
C 9
R
P 0000000056969C18
C 294
R
P 0000000056969C18
P 000000005A0393B8
P 0000000059782B10
C 423
R
P 0000000056969C18
C 294
R
P 0000000056969C18
P 000000005A0393B8
C 426
R
P 0000000056969C18
C 294
R
P 0000000056969C18
P 000000005A0393B8
C 428
= 000000005A461CF8
R
P 0000000056969C18
C 294
R
P 0000000056969C18
P 000000005A461CF8
C 247
R
P 0000000056969C18
C 294
R
P 0000000056969C18
P 000000005A461CF8
C 279
R
P 0000000056969C18
C 294
R
P 0000000056969C18
P 000000005A0393B8
C 428
= 000000005A461AB8
R
P 0000000056969C18
C 294
R
P 0000000056969C18
P 000000005A461AB8
C 247
R
P 0000000056969C18
C 294
R
P 0000000056969C18
P 000000005A461AB8
P 0000000056929C68
I 0
P 0000000000000000
C 249
* 0000000056929CA8 4
R
P 0000000056969C18
C 294
R
P 0000000056969C18
P 0000000056929CA8
C 207
R
P 0000000056969C18
C 294
R
P 0000000056969C18
P 0000000056929CA8
C 204
= 00000000569285A8
R
P 0000000056969C18
C 294
R
P 0000000056969C18
P 00000000569285A8
C 165
R
P 0000000056969C18
C 294
R
P 0000000056969C18
P 0000000056929CA8
C 210
R
P 0000000056969C18
C 294
R
P 0000000056969C18
P 0000000056929CA8
C 209
R
P 0000000056969C18
C 294
R
P 0000000056969C18
P 0000000056929CA8
C 9
R
P 0000000056969C18
C 294
R
P 0000000056969C18
P 0000000056929CA8
I 0
C 218
R
P 0000000056969C18
C 294
R
P 0000000056969C18
P 000000005A0393B8
C 428
= 000000005A461EA8
R
P 0000000056969C18
C 294
R
P 0000000056969C18
P 000000005A461EA8
C 247
R
P 0000000056969C18
C 294
R
P 0000000056969C18
P 000000005A461EA8
P 0000000056929C88
I 0
P 0000000000000000
C 249
* 0000000056929CA8 4
R
P 0000000056969C18
C 294
R
P 0000000056969C18
P 0000000056929CA8
C 207
R
P 0000000056969C18
C 294
R
P 0000000056969C18
P 0000000056929CA8
C 204
= 00000000569285A8
R
P 0000000056969C18
C 294
R
P 0000000056969C18
P 00000000569285A8
C 165
R
P 0000000056969C18
C 294
R
P 0000000056969C18
P 0000000056929CA8
C 210
R
P 0000000056969C18
C 294
R
P 0000000056969C18
P 0000000056929CA8
C 209
R
P 0000000056969C18
C 294
R
P 0000000056969C18
P 0000000056929CA8
C 9
R
P 0000000056969C18
C 294
R
P 0000000056969C18
P 0000000056929CA8
I 0
C 218
R
P 0000000056969C18
C 294
R
P 0000000056969C18
P 000000005A0393B8
C 428
= 000000005A461B78
R
P 0000000056969C18
C 294
R
P 0000000056969C18
P 000000005A461B78
C 247
R
P 0000000056969C18
C 294
R
P 0000000056969C18
P 000000005A461B78
P 0000000057681148
I 0
P 0000000000000000
C 249
* 0000000056929CA8 4
R
P 0000000056969C18
C 294
R
P 0000000056969C18
P 0000000056929CA8
C 207
R
P 0000000056969C18
C 294
R
P 0000000056969C18
P 0000000056929CA8
C 204
= 00000000569285A8
R
P 0000000056969C18
C 294
R
P 0000000056969C18
P 00000000569285A8
C 165
R
P 0000000056969C18
C 294
R
P 0000000056969C18
P 0000000056929CA8
C 210
R
P 0000000056969C18
C 294
R
P 0000000056969C18
P 0000000056929CA8
C 209
R
P 0000000056969C18
C 294
R
P 0000000056969C18
P 0000000056929CA8
C 9
R
P 0000000056969C18
C 294
R
P 0000000056969C18
P 0000000056929CA8
I 0
C 218
R
P 0000000056969C18
C 294
R
P 0000000056969C18
P 000000005A0393B8
U 1
C 420
R
P 0000000056969C18
C 294
M "SimplifierExample"
R
P 0000000056969C18
S "x"
C 29
R
P 0000000056969C18
C 294
R
P 0000000056969C18
$ |x|
P 0000000056928128
C 49
= 0000000056928D68
R
P 0000000056969C18
C 294
R
P 0000000056969C18
P 0000000056928D68
C 207
R
P 0000000056969C18
C 294
R
P 0000000056969C18
P 0000000056928D68
C 204
= 0000000056928128
R
P 0000000056969C18
C 294
R
P 0000000056969C18
P 0000000056928128
C 165
R
P 0000000056969C18
C 294
R
P 0000000056969C18
P 0000000056928D68
C 210
R
P 0000000056969C18
C 294
R
P 0000000056969C18
P 0000000056928D68
C 209
R
P 0000000056969C18
C 294
R
P 0000000056969C18
P 0000000056928D68
C 9
R
P 0000000056969C18
C 294
R
P 0000000056969C18
S "y"
C 29
R
P 0000000056969C18
C 294
R
P 0000000056969C18
$ |y|
P 0000000056928128
C 49
= 0000000056928D88
R
P 0000000056969C18
C 294
R
P 0000000056969C18
P 0000000056928D88
C 207
R
P 0000000056969C18
C 294
R
P 0000000056969C18
P 0000000056928D88
C 204
= 0000000056928128
R
P 0000000056969C18
C 294
R
P 0000000056969C18
P 0000000056928128
C 165
R
P 0000000056969C18
C 294
R
P 0000000056969C18
P 0000000056928D88
C 210
R
P 0000000056969C18
C 294
R
P 0000000056969C18
P 0000000056928D88
C 209
R
P 0000000056969C18
C 294
R
P 0000000056969C18
P 0000000056928D88
C 9
R
P 0000000056969C18
C 294
R
P 0000000056969C18
S "z"
C 29
R
P 0000000056969C18
C 294
R
P 0000000056969C18
$ |z|
P 0000000056928128
C 49
= 0000000057685FC8
R
P 0000000056969C18
C 294
R
P 0000000056969C18
P 0000000057685FC8
C 207
R
P 0000000056969C18
C 294
R
P 0000000056969C18
P 0000000057685FC8
C 204
= 0000000056928128
R
P 0000000056969C18
C 294
R
P 0000000056969C18
P 0000000056928128
C 165
R
P 0000000056969C18
C 294
R
P 0000000056969C18
P 0000000057685FC8
C 210
R
P 0000000056969C18
C 294
R
P 0000000056969C18
P 0000000057685FC8
C 209
R
P 0000000056969C18
C 294
R
P 0000000056969C18
P 0000000057685FC8
C 9
R
P 0000000056969C18
C 294
R
P 0000000056969C18
S "u"
C 29
R
P 0000000056969C18
C 294
R
P 0000000056969C18
$ |u|
P 0000000056928128
C 49
= 0000000057685E28
R
P 0000000056969C18
C 294
R
P 0000000056969C18
P 0000000057685E28
C 207
R
P 0000000056969C18
C 294
R
P 0000000056969C18
P 0000000057685E28
C 204
= 0000000056928128
R
P 0000000056969C18
C 294
R
P 0000000056969C18
P 0000000056928128
C 165
R
P 0000000056969C18
C 294
R
P 0000000056969C18
P 0000000057685E28
C 210
R
P 0000000056969C18
C 294
R
P 0000000056969C18
P 0000000057685E28
C 209
R
P 0000000056969C18
C 294
R
P 0000000056969C18
P 0000000057685E28
C 9
R
P 0000000056969C18
C 294
R
P 0000000056969C18
U 2
P 0000000056928D68
P 0000000057685FC8
p 2
C 63
= 0000000059783FD8
R
P 0000000056969C18
C 294
R
P 0000000056969C18
P 0000000059783FD8
C 207
R
P 0000000056969C18
C 294
R
P 0000000056969C18
P 0000000059783FD8
C 204
= 0000000056928128
R
P 0000000056969C18
C 294
R
P 0000000056969C18
P 0000000056928128
C 165
R
P 0000000056969C18
C 294
R
P 0000000056969C18
P 0000000059783FD8
C 210
R
P 0000000056969C18
C 294
R
P 0000000056969C18
P 0000000059783FD8
C 209
R
P 0000000056969C18
C 294
R
P 0000000056969C18
P 0000000059783FD8
C 9
R
P 0000000056969C18
C 294
R
P 0000000056969C18
U 2
P 0000000056928D88
P 0000000059783FD8
p 2
C 65
= 0000000059783F68
R
P 0000000056969C18
C 294
R
P 0000000056969C18
P 0000000059783F68
C 207
R
P 0000000056969C18
C 294
R
P 0000000056969C18
P 0000000059783F68
C 204
= 0000000056928128
R
P 0000000056969C18
C 294
R
P 0000000056969C18
P 0000000056928128
C 165
R
P 0000000056969C18
C 294
R
P 0000000056969C18
P 0000000059783F68
C 210
R
P 0000000056969C18
C 294
R
P 0000000056969C18
P 0000000059783F68
C 209
R
P 0000000056969C18
C 294
R
P 0000000056969C18
P 0000000059783F68
C 9
R
P 0000000056969C18
C 294
R
P 0000000056969C18
U 2
P 0000000056928D68
P 0000000059783F68
p 2
C 63
= 0000000059783EF8
R
P 0000000056969C18
C 294
R
P 0000000056969C18
P 0000000059783EF8
C 207
R
P 0000000056969C18
C 294
R
P 0000000056969C18
P 0000000059783EF8
C 204
= 0000000056928128
R
P 0000000056969C18
C 294
R
P 0000000056969C18
P 0000000056928128
C 165
R
P 0000000056969C18
C 294
R
P 0000000056969C18
P 0000000059783EF8
C 210
R
P 0000000056969C18
C 294
R
P 0000000056969C18
P 0000000059783EF8
C 209
R
P 0000000056969C18
C 294
R
P 0000000056969C18
P 0000000059783EF8
C 9
R
P 0000000056969C18
C 294
R
P 0000000056969C18
P 0000000059783EF8
C 239
= 0000000059783CC8
R
P 0000000056969C18
C 294
R
P 0000000056969C18
P 0000000059783CC8
C 207
R
P 0000000056969C18
C 294
R
P 0000000056969C18
P 0000000059783CC8
C 204
= 0000000056928128
R
P 0000000056969C18
C 294
R
P 0000000056969C18
P 0000000056928128
C 165
R
P 0000000056969C18
C 294
R
P 0000000056969C18
P 0000000059783CC8
C 210
R
P 0000000056969C18
C 294
R
P 0000000056969C18
P 0000000059783CC8
C 209
R
P 0000000056969C18
C 294
R
P 0000000056969C18
P 0000000059783CC8
C 9
R
P 0000000056969C18
C 294
R
P 0000000056969C18
P 0000000059783EF8
C 275
R
P 0000000056969C18
C 294
R
P 0000000056969C18
P 0000000059783CC8
C 275
R
P 0000000056969C18
C 294
M "FiniteDomainExample"
R
P 0000000056969C18
S "S"
C 29
R
P 0000000056969C18
C 294
R
P 0000000056969C18
$ |S|
U 10
C 35
= 0000000057685BE8
R
P 0000000056969C18
C 294
R
P 0000000056969C18
P 0000000057685BE8
C 9
R
P 0000000056969C18
C 294
R
P 0000000056969C18
S "T"
C 29
R
P 0000000056969C18
C 294
R
P 0000000056969C18
$ |T|
U 10
C 35
= 0000000057685BC8
R
P 0000000056969C18
C 294
R
P 0000000056969C18
P 0000000057685BC8
C 9
R
P 0000000056969C18
C 294
R
P 0000000056969C18
I 1
P 0000000057685BE8
C 144
= 00000000576859C8
R
P 0000000056969C18
C 294
R
P 0000000056969C18
P 00000000576859C8
C 207
R
P 0000000056969C18
C 294
R
P 0000000056969C18
P 00000000576859C8
C 204
= 0000000057685BE8
R
P 0000000056969C18
C 294
R
P 0000000056969C18
P 0000000057685BE8
C 165
R
P 0000000056969C18
C 294
R
P 0000000056969C18
P 00000000576859C8
C 210
R
P 0000000056969C18
C 294
R
P 0000000056969C18
P 00000000576859C8
C 209
R
P 0000000056969C18
C 294
R
P 0000000056969C18
P 00000000576859C8
C 9
R
P 0000000056969C18
C 294
R
P 0000000056969C18
I 1
P 0000000057685BC8
C 144
= 0000000057685A08
R
P 0000000056969C18
C 294
R
P 0000000056969C18
P 0000000057685A08
C 207
R
P 0000000056969C18
C 294
R
P 0000000056969C18
P 0000000057685A08
C 204
= 0000000057685BC8
R
P 0000000056969C18
C 294
R
P 0000000056969C18
P 0000000057685BC8
C 165
R
P 0000000056969C18
C 294
R
P 0000000056969C18
P 0000000057685A08
C 210
R
P 0000000056969C18
C 294
R
P 0000000056969C18
P 0000000057685A08
C 209
R
P 0000000056969C18
C 294
R
P 0000000056969C18
P 0000000057685A08
C 9
R
P 0000000056969C18
C 294
R
P 0000000056969C18
P 0000000057685BE8
C 275
R
P 0000000056969C18
C 294
R
P 0000000056969C18
P 0000000057685BC8
C 275
R
P 0000000056969C18
C 294
R
P 0000000056969C18
P 00000000576859C8
C 275
R
P 0000000056969C18
C 294
R
P 0000000056969C18
I 2
P 0000000057685BE8
C 144
= 0000000057685B68
R
P 0000000056969C18
C 294
R
P 0000000056969C18
P 0000000057685B68
C 207
R
P 0000000056969C18
C 294
R
P 0000000056969C18
P 0000000057685B68
C 204
= 0000000057685BE8
R
P 0000000056969C18
C 294
R
P 0000000056969C18
P 0000000057685BE8
C 165
R
P 0000000056969C18
C 294
R
P 0000000056969C18
P 0000000057685B68
C 210
R
P 0000000056969C18
C 294
R
P 0000000056969C18
P 0000000057685B68
C 209
R
P 0000000056969C18
C 294
R
P 0000000056969C18
P 0000000057685B68
C 9
R
P 0000000056969C18
C 294
R
P 0000000056969C18
P 0000000057685B68
C 275
R
P 0000000056969C18
C 294
R
P 0000000056969C18
P 0000000057685A08
C 275
R
P 0000000056969C18
C 294
R
C 3
= 000000005A0529F8
R
P 000000005A0529F8
S "proof"
S "true"
C 5
R
P 000000005A0529F8
C 7
= 00000000597EFA38
R
P 000000005A0529F8
C 4
R
P 00000000597EFA38
U 3
C 274
R
P 00000000597EFA38
C 294
M "ProveExample1"
R
P 00000000597EFA38
S "U"
C 29
R
P 00000000597EFA38
C 294
R
P 00000000597EFA38
$ |U|
C 30
= 000000005A41E288
R
P 00000000597EFA38
C 294
R
P 00000000597EFA38
P 000000005A41E288
C 9
R
P 00000000597EFA38
C 294
R
P 00000000597EFA38
S "g"
C 29
R
P 00000000597EFA38
C 294
R
P 00000000597EFA38
$ |g|
U 1
P 000000005A41E288
p 1
P 000000005A41E288
C 47
= 000000005A423F08
R
P 00000000597EFA38
C 294
R
P 00000000597EFA38
P 000000005A423F08
C 9
R
P 00000000597EFA38
C 294
R
P 00000000597EFA38
S "x"
C 29
R
P 00000000597EFA38
C 294
R
P 00000000597EFA38
$ |x|
P 000000005A41E288
C 49
= 000000005A41E2A8
R
P 00000000597EFA38
C 294
R
P 00000000597EFA38
P 000000005A41E2A8
C 207
R
P 00000000597EFA38
C 294
R
P 00000000597EFA38
P 000000005A41E2A8
C 204
= 000000005A41E288
R
P 00000000597EFA38
C 294
R
P 00000000597EFA38
P 000000005A41E288
C 165
R
P 00000000597EFA38
C 294
R
P 00000000597EFA38
P 000000005A41E2A8
C 210
R
P 00000000597EFA38
C 294
R
P 00000000597EFA38
P 000000005A41E2A8
C 209
R
P 00000000597EFA38
C 294
R
P 00000000597EFA38
P 000000005A41E2A8
C 9
R
P 00000000597EFA38
C 294
R
P 00000000597EFA38
S "y"
C 29
R
P 00000000597EFA38
C 294
R
P 00000000597EFA38
$ |y|
P 000000005A41E288
C 49
= 000000005A41E2C8
R
P 00000000597EFA38
C 294
R
P 00000000597EFA38
P 000000005A41E2C8
C 207
R
P 00000000597EFA38
C 294
R
P 00000000597EFA38
P 000000005A41E2C8
C 204
= 000000005A41E288
R
P 00000000597EFA38
C 294
R
P 00000000597EFA38
P 000000005A41E288
C 165
R
P 00000000597EFA38
C 294
R
P 00000000597EFA38
P 000000005A41E2C8
C 210
R
P 00000000597EFA38
C 294
R
P 00000000597EFA38
P 000000005A41E2C8
C 209
R
P 00000000597EFA38
C 294
R
P 00000000597EFA38
P 000000005A41E2C8
C 9
R
P 00000000597EFA38
C 294
R
P 00000000597EFA38
P 000000005A423F08
U 1
P 000000005A41E2A8
p 1
C 48
= 000000005A41FB48
R
P 00000000597EFA38
C 294
R
P 00000000597EFA38
P 000000005A41FB48
C 207
R
P 00000000597EFA38
C 294
R
P 00000000597EFA38
P 000000005A41FB48
C 204
= 000000005A41E288
R
P 00000000597EFA38
C 294
R
P 00000000597EFA38
P 000000005A41E288
C 165
R
P 00000000597EFA38
C 294
R
P 00000000597EFA38
P 000000005A41FB48
C 210
R
P 00000000597EFA38
C 294
R
P 00000000597EFA38
P 000000005A41FB48
C 209
R
P 00000000597EFA38
C 294
R
P 00000000597EFA38
P 000000005A41FB48
C 9
R
P 00000000597EFA38
C 294
R
P 00000000597EFA38
P 000000005A423F08
U 1
P 000000005A41E2C8
p 1
C 48
= 000000005A41FB78
R
P 00000000597EFA38
C 294
R
P 00000000597EFA38
P 000000005A41FB78
C 207
R
P 00000000597EFA38
C 294
R
P 00000000597EFA38
P 000000005A41FB78
C 204
= 000000005A41E288
R
P 00000000597EFA38
C 294
R
P 00000000597EFA38
P 000000005A41E288
C 165
R
P 00000000597EFA38
C 294
R
P 00000000597EFA38
P 000000005A41FB78
C 210
R
P 00000000597EFA38
C 294
R
P 00000000597EFA38
P 000000005A41FB78
C 209
R
P 00000000597EFA38
C 294
R
P 00000000597EFA38
P 000000005A41FB78
C 9
R
P 00000000597EFA38
C 294
R
P 00000000597EFA38
P 000000005A41E2A8
P 000000005A41E2C8
C 54
= 000000005A423F40
R
P 00000000597EFA38
C 294
R
P 00000000597EFA38
P 000000005A423F40
C 9
R
P 00000000597EFA38
C 294
R
P 00000000597EFA38
P 000000005A41FB48
P 000000005A41FB78
C 54
= 000000005A423F78
R
P 00000000597EFA38
C 294
R
P 00000000597EFA38
P 000000005A423F78
C 9
R
P 00000000597EFA38
C 294
R
P 00000000597EFA38
P 000000005A423F40
P 000000005A423F78
C 59
= 000000005A423FB0
R
P 00000000597EFA38
C 294
R
P 00000000597EFA38
P 000000005A423FB0
C 9
R
P 00000000597EFA38
C 294
R
P 00000000597EFA38
P 000000005A423FB0
C 275
R
P 00000000597EFA38
C 294
R
P 00000000597EFA38
C 410
= 000000005A3DE908
R
P 00000000597EFA38
C 294
R
P 00000000597EFA38
P 000000005A3DE908
C 417
R
P 00000000597EFA38
C 294
R
P 00000000597EFA38
C 13
= 000000005A463F18
R
P 00000000597EFA38
C 294
R
P 00000000597EFA38
P 000000005A463F18
C 14
R
P 00000000597EFA38
C 294
R
P 00000000597EFA38
S "mbqi"
C 29
R
P 00000000597EFA38
C 294
R
P 00000000597EFA38
P 000000005A463F18
$ |mbqi|
I 0
C 16
R
P 00000000597EFA38
C 294
R
P 00000000597EFA38
P 000000005A3DE908
P 000000005A463F18
C 416
R
P 00000000597EFA38
C 294
R
P 00000000597EFA38
P 000000005A423FB0
C 56
= 000000005A41FBA8
R
P 00000000597EFA38
C 294
R
P 00000000597EFA38
P 000000005A41FBA8
C 9
R
P 00000000597EFA38
C 294
R
P 00000000597EFA38
P 000000005A3DE908
P 000000005A41FBA8
C 423
R
P 00000000597EFA38
C 294
R
P 00000000597EFA38
P 000000005A3DE908
C 426
R
P 00000000597EFA38
C 294
R
P 00000000597EFA38
P 000000005A3DE908
C 429
= 000000005A4220C8
R
P 00000000597EFA38
C 294
R
P 00000000597EFA38
P 000000005A4220C8
C 207
R
P 00000000597EFA38
C 294
R
P 00000000597EFA38
P 000000005A4220C8
C 204
= 000000005A41D948
R
P 00000000597EFA38
C 294
R
P 00000000597EFA38
P 000000005A41D948
C 165
R
P 00000000597EFA38
C 294
R
P 00000000597EFA38
P 000000005A4220C8
C 210
R
P 00000000597EFA38
C 294
R
P 00000000597EFA38
P 000000005A4220C8
C 209
R
P 00000000597EFA38
C 294
R
P 00000000597EFA38
P 000000005A4220C8
C 9
R
P 00000000597EFA38
C 294
R
P 00000000597EFA38
P 000000005A4220C8
C 275
R
P 00000000597EFA38
C 294
R
P 00000000597EFA38
P 000000005A423F08
U 1
P 000000005A41FB48
p 1
C 48
= 000000005A41FE48
R
P 00000000597EFA38
C 294
R
P 00000000597EFA38
P 000000005A41FE48
C 207
R
P 00000000597EFA38
C 294
R
P 00000000597EFA38
P 000000005A41FE48
C 204
= 000000005A41E288
R
P 00000000597EFA38
C 294
R
P 00000000597EFA38
P 000000005A41E288
C 165
R
P 00000000597EFA38
C 294
R
P 00000000597EFA38
P 000000005A41FE48
C 210
R
P 00000000597EFA38
C 294
R
P 00000000597EFA38
P 000000005A41FE48
C 209
R
P 00000000597EFA38
C 294
R
P 00000000597EFA38
P 000000005A41FE48
C 9
R
P 00000000597EFA38
C 294
R
P 00000000597EFA38
P 000000005A41FE48
P 000000005A41FB78
C 54
= 000000005A4242C0
R
P 00000000597EFA38
C 294
R
P 00000000597EFA38
P 000000005A4242C0
C 9
R
P 00000000597EFA38
C 294
R
P 00000000597EFA38
P 000000005A423F40
P 000000005A4242C0
C 59
= 000000005A4242F8
R
P 00000000597EFA38
C 294
R
P 00000000597EFA38
P 000000005A4242F8
C 9
R
P 00000000597EFA38
C 294
R
P 00000000597EFA38
P 000000005A4242F8
C 275
R
P 00000000597EFA38
C 294
R
P 00000000597EFA38
C 410
= 000000005A3E4588
R
P 00000000597EFA38
C 294
R
P 00000000597EFA38
P 000000005A3E4588
C 417
R
P 00000000597EFA38
C 294
R
P 00000000597EFA38
C 13
= 000000005A463F78
R
P 00000000597EFA38
C 294
R
P 00000000597EFA38
P 000000005A463F78
C 14
R
P 00000000597EFA38
C 294
R
P 00000000597EFA38
S "mbqi"
C 29
R
P 00000000597EFA38
C 294
R
P 00000000597EFA38
P 000000005A463F78
$ |mbqi|
I 0
C 16
R
P 00000000597EFA38
C 294
R
P 00000000597EFA38
P 000000005A3E4588
P 000000005A463F78
C 416
R
P 00000000597EFA38
C 294
R
P 00000000597EFA38
P 000000005A4242F8
C 56
= 000000005A41FE78
R
P 00000000597EFA38
C 294
R
P 00000000597EFA38
P 000000005A41FE78
C 9
R
P 00000000597EFA38
C 294
R
P 00000000597EFA38
P 000000005A3E4588
P 000000005A41FE78
C 423
R
P 00000000597EFA38
C 294
R
P 00000000597EFA38
P 000000005A3E4588
C 426
R
P 00000000597EFA38
C 294
R
P 00000000597EFA38
P 000000005A3E4588
C 428
= 000000005A46FBE8
R
P 00000000597EFA38
C 294
R
P 00000000597EFA38
P 000000005A46FBE8
C 247
R
P 00000000597EFA38
C 294
R
P 00000000597EFA38
P 000000005A46FBE8
C 279
R
P 00000000597EFA38
C 294
R
P 00000000597EFA38
P 000000005A4242C0
C 56
= 000000005A41FF38
R
P 00000000597EFA38
C 294
R
P 00000000597EFA38
P 000000005A41FF38
C 9
R
P 00000000597EFA38
C 294
R
P 00000000597EFA38
C 410
= 000000005A8067E8
R
P 00000000597EFA38
C 294
R
P 00000000597EFA38
P 000000005A8067E8
C 417
R
P 00000000597EFA38
C 294
R
P 00000000597EFA38
P 000000005A8067E8
P 000000005A41FF38
C 423
R
P 00000000597EFA38
C 294
R
P 00000000597EFA38
P 000000005A8067E8
C 426
R
P 00000000597EFA38
C 294
R
P 00000000597EFA38
P 000000005A8067E8
C 428
= 000000005A7D9DE8
R
P 00000000597EFA38
C 294
R
P 00000000597EFA38
P 000000005A7D9DE8
C 247
R
P 00000000597EFA38
C 294
R
P 00000000597EFA38
P 000000005A7D9DE8
C 279
R
P 00000000597EFA38
C 294
M "ProveExample2"
R
P 00000000597EFA38
C 32
= 000000005A41D9E8
R
P 00000000597EFA38
C 294
R
P 00000000597EFA38
P 000000005A41D9E8
C 9
R
P 00000000597EFA38
C 294
R
P 00000000597EFA38
S "g"
C 29
R
P 00000000597EFA38
C 294
R
P 00000000597EFA38
$ |g|
U 1
P 000000005A41D9E8
p 1
P 000000005A41D9E8
C 47
= 000000005A424330
R
P 00000000597EFA38
C 294
R
P 00000000597EFA38
P 000000005A424330
C 9
R
P 00000000597EFA38
C 294
R
P 00000000597EFA38
S "x"
C 29
R
P 00000000597EFA38
C 294
R
P 00000000597EFA38
$ |x|
P 000000005A41D9E8
C 49
= 000000005A41E648
R
P 00000000597EFA38
C 294
R
P 00000000597EFA38
P 000000005A41E648
C 207
R
P 00000000597EFA38
C 294
R
P 00000000597EFA38
P 000000005A41E648
C 204
= 000000005A41D9E8
R
P 00000000597EFA38
C 294
R
P 00000000597EFA38
P 000000005A41D9E8
C 165
R
P 00000000597EFA38
C 294
R
P 00000000597EFA38
P 000000005A41E648
C 210
R
P 00000000597EFA38
C 294
R
P 00000000597EFA38
P 000000005A41E648
C 209
R
P 00000000597EFA38
C 294
R
P 00000000597EFA38
P 000000005A41E648
C 9
R
P 00000000597EFA38
C 294
R
P 00000000597EFA38
S "y"
C 29
R
P 00000000597EFA38
C 294
R
P 00000000597EFA38
$ |y|
P 000000005A41D9E8
C 49
= 000000005A41E668
R
P 00000000597EFA38
C 294
R
P 00000000597EFA38
P 000000005A41E668
C 207
R
P 00000000597EFA38
C 294
R
P 00000000597EFA38
P 000000005A41E668
C 204
= 000000005A41D9E8
R
P 00000000597EFA38
C 294
R
P 00000000597EFA38
P 000000005A41D9E8
C 165
R
P 00000000597EFA38
C 294
R
P 00000000597EFA38
P 000000005A41E668
C 210
R
P 00000000597EFA38
C 294
R
P 00000000597EFA38
P 000000005A41E668
C 209
R
P 00000000597EFA38
C 294
R
P 00000000597EFA38
P 000000005A41E668
C 9
R
P 00000000597EFA38
C 294
R
P 00000000597EFA38
S "z"
C 29
R
P 00000000597EFA38
C 294
R
P 00000000597EFA38
$ |z|
P 000000005A41D9E8
C 49
= 000000005A41E688
R
P 00000000597EFA38
C 294
R
P 00000000597EFA38
P 000000005A41E688
C 207
R
P 00000000597EFA38
C 294
R
P 00000000597EFA38
P 000000005A41E688
C 204
= 000000005A41D9E8
R
P 00000000597EFA38
C 294
R
P 00000000597EFA38
P 000000005A41D9E8
C 165
R
P 00000000597EFA38
C 294
R
P 00000000597EFA38
P 000000005A41E688
C 210
R
P 00000000597EFA38
C 294
R
P 00000000597EFA38
P 000000005A41E688
C 209
R
P 00000000597EFA38
C 294
R
P 00000000597EFA38
P 000000005A41E688
C 9
R
P 00000000597EFA38
C 294
R
P 00000000597EFA38
P 000000005A424330
U 1
P 000000005A41E648
p 1
C 48
= 000000005A420058
R
P 00000000597EFA38
C 294
R
P 00000000597EFA38
P 000000005A420058
C 207
R
P 00000000597EFA38
C 294
R
P 00000000597EFA38
P 000000005A420058
C 204
= 000000005A41D9E8
R
P 00000000597EFA38
C 294
R
P 00000000597EFA38
P 000000005A41D9E8
C 165
R
P 00000000597EFA38
C 294
R
P 00000000597EFA38
P 000000005A420058
C 210
R
P 00000000597EFA38
C 294
R
P 00000000597EFA38
P 000000005A420058
C 209
R
P 00000000597EFA38
C 294
R
P 00000000597EFA38
P 000000005A420058
C 9
R
P 00000000597EFA38
C 294
R
P 00000000597EFA38
P 000000005A424330
U 1
P 000000005A41E668
p 1
C 48
= 000000005A420088
R
P 00000000597EFA38
C 294
R
P 00000000597EFA38
P 000000005A420088
C 207
R
P 00000000597EFA38
C 294
R
P 00000000597EFA38
P 000000005A420088
C 204
= 000000005A41D9E8
R
P 00000000597EFA38
C 294
R
P 00000000597EFA38
P 000000005A41D9E8
C 165
R
P 00000000597EFA38
C 294
R
P 00000000597EFA38
P 000000005A420088
C 210
R
P 00000000597EFA38
C 294
R
P 00000000597EFA38
P 000000005A420088
C 209
R
P 00000000597EFA38
C 294
R
P 00000000597EFA38
P 000000005A420088
C 9
R
P 00000000597EFA38
C 294
R
P 00000000597EFA38
P 000000005A424330
U 1
P 000000005A41E688
p 1
C 48
= 000000005A4200B8
R
P 00000000597EFA38
C 294
R
P 00000000597EFA38
P 000000005A4200B8
C 207
R
P 00000000597EFA38
C 294
R
P 00000000597EFA38
P 000000005A4200B8
C 204
= 000000005A41D9E8
R
P 00000000597EFA38
C 294
R
P 00000000597EFA38
P 000000005A41D9E8
C 165
R
P 00000000597EFA38
C 294
R
P 00000000597EFA38
P 000000005A4200B8
C 210
R
P 00000000597EFA38
C 294
R
P 00000000597EFA38
P 000000005A4200B8
C 209
R
P 00000000597EFA38
C 294
R
P 00000000597EFA38
P 000000005A4200B8
C 9
R
P 00000000597EFA38
C 294
R
P 00000000597EFA38
I 0
P 000000005A41D9E8
C 144
= 000000005A41E308
R
P 00000000597EFA38
C 294
R
P 00000000597EFA38
P 000000005A41E308
C 9
R
P 00000000597EFA38
C 294
R
P 00000000597EFA38
U 2
P 000000005A420058
P 000000005A420088
p 2
C 65
= 000000005A424368
R
P 00000000597EFA38
C 294
R
P 00000000597EFA38
P 000000005A424368
C 207
R
P 00000000597EFA38
C 294
R
P 00000000597EFA38
P 000000005A424368
C 204
= 000000005A41D9E8
R
P 00000000597EFA38
C 294
R
P 00000000597EFA38
P 000000005A41D9E8
C 165
R
P 00000000597EFA38
C 294
R
P 00000000597EFA38
P 000000005A424368
C 210
R
P 00000000597EFA38
C 294
R
P 00000000597EFA38
P 000000005A424368
C 209
R
P 00000000597EFA38
C 294
R
P 00000000597EFA38
P 000000005A424368
C 9
R
P 00000000597EFA38
C 294
R
P 00000000597EFA38
P 000000005A424330
U 1
P 000000005A424368
p 1
C 48
= 000000005A4200E8
R
P 00000000597EFA38
C 294
R
P 00000000597EFA38
P 000000005A4200E8
C 207
R
P 00000000597EFA38
C 294
R
P 00000000597EFA38
P 000000005A4200E8
C 204
= 000000005A41D9E8
R
P 00000000597EFA38
C 294
R
P 00000000597EFA38
P 000000005A41D9E8
C 165
R
P 00000000597EFA38
C 294
R
P 00000000597EFA38
P 000000005A4200E8
C 210
R
P 00000000597EFA38
C 294
R
P 00000000597EFA38
P 000000005A4200E8
C 209
R
P 00000000597EFA38
C 294
R
P 00000000597EFA38
P 000000005A4200E8
C 9
R
P 00000000597EFA38
C 294
R
P 00000000597EFA38
P 000000005A4200E8
P 000000005A4200B8
C 54
= 000000005A4243A0
R
P 00000000597EFA38
C 294
R
P 00000000597EFA38
P 000000005A4243A0
C 9
R
P 00000000597EFA38
C 294
R
P 00000000597EFA38
P 000000005A4243A0
C 56
= 000000005A420118
R
P 00000000597EFA38
C 294
R
P 00000000597EFA38
P 000000005A420118
C 9
R
P 00000000597EFA38
C 294
R
P 00000000597EFA38
U 2
P 000000005A41E648
P 000000005A41E688
p 2
C 63
= 000000005A4243D8
R
P 00000000597EFA38
C 294
R
P 00000000597EFA38
P 000000005A4243D8
C 207
R
P 00000000597EFA38
C 294
R
P 00000000597EFA38
P 000000005A4243D8
C 204
= 000000005A41D9E8
R
P 00000000597EFA38
C 294
R
P 00000000597EFA38
P 000000005A41D9E8
C 165
R
P 00000000597EFA38
C 294
R
P 00000000597EFA38
P 000000005A4243D8
C 210
R
P 00000000597EFA38
C 294
R
P 00000000597EFA38
P 000000005A4243D8
C 209
R
P 00000000597EFA38
C 294
R
P 00000000597EFA38
P 000000005A4243D8
C 9
R
P 00000000597EFA38
C 294
R
P 00000000597EFA38
P 000000005A4243D8
P 000000005A41E668
C 72
= 000000005A424448
R
P 00000000597EFA38
C 294
R
P 00000000597EFA38
P 000000005A424448
C 9
R
P 00000000597EFA38
C 294
R
P 00000000597EFA38
P 000000005A41E668
P 000000005A41E648
C 72
= 000000005A424410
R
P 00000000597EFA38
C 294
R
P 00000000597EFA38
P 000000005A424410
C 9
R
P 00000000597EFA38
C 294
R
P 00000000597EFA38
P 000000005A41E688
P 000000005A41E308
C 71
= 000000005A424480
R
P 00000000597EFA38
C 294
R
P 00000000597EFA38
P 000000005A424480
C 9
R
P 00000000597EFA38
C 294
R
P 00000000597EFA38
P 000000005A424480
C 275
R
P 00000000597EFA38
C 294
R
P 00000000597EFA38
C 410
= 000000005A80C428
R
P 00000000597EFA38
C 294
R
P 00000000597EFA38
P 000000005A80C428
C 417
R
P 00000000597EFA38
C 294
R
P 00000000597EFA38
C 13
= 000000005A7D97E8
R
P 00000000597EFA38
C 294
R
P 00000000597EFA38
P 000000005A7D97E8
C 14
R
P 00000000597EFA38
C 294
R
P 00000000597EFA38
S "mbqi"
C 29
R
P 00000000597EFA38
C 294
R
P 00000000597EFA38
P 000000005A7D97E8
$ |mbqi|
I 0
C 16
R
P 00000000597EFA38
C 294
R
P 00000000597EFA38
P 000000005A80C428
P 000000005A7D97E8
C 416
R
P 00000000597EFA38
C 294
R
P 00000000597EFA38
P 000000005A80C428
P 000000005A420118
C 423
R
P 00000000597EFA38
C 294
R
P 00000000597EFA38
P 000000005A80C428
P 000000005A424448
C 423
R
P 00000000597EFA38
C 294
R
P 00000000597EFA38
P 000000005A80C428
P 000000005A424410
C 423
R
P 00000000597EFA38
C 294
R
P 00000000597EFA38
P 000000005A424480
C 56
= 000000005A420148
R
P 00000000597EFA38
C 294
R
P 00000000597EFA38
P 000000005A420148
C 9
R
P 00000000597EFA38
C 294
R
P 00000000597EFA38
P 000000005A80C428
P 000000005A420148
C 423
R
P 00000000597EFA38
C 294
R
P 00000000597EFA38
P 000000005A80C428
C 426
R
P 00000000597EFA38
C 294
R
P 00000000597EFA38
P 000000005A80C428
C 429
= 000000005A425C38
R
P 00000000597EFA38
C 294
R
P 00000000597EFA38
P 000000005A425C38
C 207
R
P 00000000597EFA38
C 294
R
P 00000000597EFA38
P 000000005A425C38
C 204
= 000000005A41D948
R
P 00000000597EFA38
C 294
R
P 00000000597EFA38
P 000000005A41D948
C 165
R
P 00000000597EFA38
C 294
R
P 00000000597EFA38
P 000000005A425C38
C 210
R
P 00000000597EFA38
C 294
R
P 00000000597EFA38
P 000000005A425C38
C 209
R
P 00000000597EFA38
C 294
R
P 00000000597EFA38
P 000000005A425C38
C 9
R
P 00000000597EFA38
C 294
R
P 00000000597EFA38
P 000000005A425C38
C 275
R
P 00000000597EFA38
C 294
R
P 00000000597EFA38
I -1
P 000000005A41D9E8
C 144
= 000000005A41E548
R
P 00000000597EFA38
C 294
R
P 00000000597EFA38
P 000000005A41E548
C 9
R
P 00000000597EFA38
C 294
R
P 00000000597EFA38
P 000000005A41E688
P 000000005A41E548
C 71
= 000000005A424C60
R
P 00000000597EFA38
C 294
R
P 00000000597EFA38
P 000000005A424C60
C 9
R
P 00000000597EFA38
C 294
R
P 00000000597EFA38
P 000000005A424C60
C 275
R
P 00000000597EFA38
C 294
R
P 00000000597EFA38
C 410
= 000000005AEA56F8
R
P 00000000597EFA38
C 294
R
P 00000000597EFA38
P 000000005AEA56F8
C 417
R
P 00000000597EFA38
C 294
R
P 00000000597EFA38
C 13
= 000000005AA220F8
R
P 00000000597EFA38
C 294
R
P 00000000597EFA38
P 000000005AA220F8
C 14
R
P 00000000597EFA38
C 294
R
P 00000000597EFA38
S "mbqi"
C 29
R
P 00000000597EFA38
C 294
R
P 00000000597EFA38
P 000000005AA220F8
$ |mbqi|
I 0
C 16
R
P 00000000597EFA38
C 294
R
P 00000000597EFA38
P 000000005AEA56F8
P 000000005AA220F8
C 416
R
P 00000000597EFA38
C 294
R
P 00000000597EFA38
P 000000005AEA56F8
P 000000005A420118
C 423
R
P 00000000597EFA38
C 294
R
P 00000000597EFA38
P 000000005AEA56F8
P 000000005A424448
C 423
R
P 00000000597EFA38
C 294
R
P 00000000597EFA38
P 000000005AEA56F8
P 000000005A424410
C 423
R
P 00000000597EFA38
C 294
R
P 00000000597EFA38
P 000000005A424C60
C 56
= 000000005A420808
R
P 00000000597EFA38
C 294
R
P 00000000597EFA38
P 000000005A420808
C 9
R
P 00000000597EFA38
C 294
R
P 00000000597EFA38
P 000000005AEA56F8
P 000000005A420808
C 423
R
P 00000000597EFA38
C 294
R
P 00000000597EFA38
P 000000005AEA56F8
C 426
R
P 00000000597EFA38
C 294
R
P 00000000597EFA38
P 000000005AEA56F8
C 428
= 000000005AE96218
R
P 00000000597EFA38
C 294
R
P 00000000597EFA38
P 000000005AE96218
C 247
R
P 00000000597EFA38
C 294
R
P 00000000597EFA38
P 000000005AE96218
C 279
R
P 00000000597EFA38
C 294
M "ArrayExample2"
R
P 00000000597EFA38
P 000000005A41D9E8
P 000000005A41D9E8
C 36
= 000000005A41E6A8
R
P 00000000597EFA38
C 294
R
P 00000000597EFA38
P 000000005A41E6A8
C 9
R
P 00000000597EFA38
C 294
R
P 00000000597EFA38
S "a1"
C 29
R
P 00000000597EFA38
C 294
R
P 00000000597EFA38
$ |a1|
P 000000005A41E6A8
C 49
= 000000005A41E6C8
R
P 00000000597EFA38
C 294
R
P 00000000597EFA38
P 000000005A41E6C8
C 207
R
P 00000000597EFA38
C 294
R
P 00000000597EFA38
P 000000005A41E6C8
C 204
= 000000005A41E6A8
R
P 00000000597EFA38
C 294
R
P 00000000597EFA38
P 000000005A41E6A8
C 165
R
P 00000000597EFA38
C 294
R
P 00000000597EFA38
P 000000005A41E6C8
C 210
R
P 00000000597EFA38
C 294
R
P 00000000597EFA38
P 000000005A41E6C8
C 209
R
P 00000000597EFA38
C 294
R
P 00000000597EFA38
P 000000005A41E6C8
C 9
R
P 00000000597EFA38
C 294
R
P 00000000597EFA38
S "a2"
C 29
R
P 00000000597EFA38
C 294
R
P 00000000597EFA38
P 000000005A41D9E8
P 000000005A41D9E8
C 36
= 000000005A41E6A8
R
P 00000000597EFA38
C 294
R
P 00000000597EFA38
P 000000005A41E6A8
C 9
R
P 00000000597EFA38
C 294
R
P 00000000597EFA38
$ |a2|
P 000000005A41E6A8
C 49
= 000000005A41E6E8
R
P 00000000597EFA38
C 294
R
P 00000000597EFA38
P 000000005A41E6E8
C 207
R
P 00000000597EFA38
C 294
R
P 00000000597EFA38
P 000000005A41E6E8
C 204
= 000000005A41E6A8
R
P 00000000597EFA38
C 294
R
P 00000000597EFA38
P 000000005A41E6A8
C 165
R
P 00000000597EFA38
C 294
R
P 00000000597EFA38
P 000000005A41E6E8
C 210
R
P 00000000597EFA38
C 294
R
P 00000000597EFA38
P 000000005A41E6E8
C 209
R
P 00000000597EFA38
C 294
R
P 00000000597EFA38
P 000000005A41E6E8
C 9
R
P 00000000597EFA38
C 294
R
P 00000000597EFA38
S "i1"
C 29
R
P 00000000597EFA38
C 294
R
P 00000000597EFA38
$ |i1|
P 000000005A41D9E8
C 49
= 000000005A41E708
R
P 00000000597EFA38
C 294
R
P 00000000597EFA38
P 000000005A41E708
C 207
R
P 00000000597EFA38
C 294
R
P 00000000597EFA38
P 000000005A41E708
C 204
= 000000005A41D9E8
R
P 00000000597EFA38
C 294
R
P 00000000597EFA38
P 000000005A41D9E8
C 165
R
P 00000000597EFA38
C 294
R
P 00000000597EFA38
P 000000005A41E708
C 210
R
P 00000000597EFA38
C 294
R
P 00000000597EFA38
P 000000005A41E708
C 209
R
P 00000000597EFA38
C 294
R
P 00000000597EFA38
P 000000005A41E708
C 9
R
P 00000000597EFA38
C 294
R
P 00000000597EFA38
S "i2"
C 29
R
P 00000000597EFA38
C 294
R
P 00000000597EFA38
$ |i2|
P 000000005A41D9E8
C 49
= 000000005A41E728
R
P 00000000597EFA38
C 294
R
P 00000000597EFA38
P 000000005A41E728
C 207
R
P 00000000597EFA38
C 294
R
P 00000000597EFA38
P 000000005A41E728
C 204
= 000000005A41D9E8
R
P 00000000597EFA38
C 294
R
P 00000000597EFA38
P 000000005A41D9E8
C 165
R
P 00000000597EFA38
C 294
R
P 00000000597EFA38
P 000000005A41E728
C 210
R
P 00000000597EFA38
C 294
R
P 00000000597EFA38
P 000000005A41E728
C 209
R
P 00000000597EFA38
C 294
R
P 00000000597EFA38
P 000000005A41E728
C 9
R
P 00000000597EFA38
C 294
R
P 00000000597EFA38
S "i3"
C 29
R
P 00000000597EFA38
C 294
R
P 00000000597EFA38
$ |i3|
P 000000005A41D9E8
C 49
= 000000005A41E748
R
P 00000000597EFA38
C 294
R
P 00000000597EFA38
P 000000005A41E748
C 207
R
P 00000000597EFA38
C 294
R
P 00000000597EFA38
P 000000005A41E748
C 204
= 000000005A41D9E8
R
P 00000000597EFA38
C 294
R
P 00000000597EFA38
P 000000005A41D9E8
C 165
R
P 00000000597EFA38
C 294
R
P 00000000597EFA38
P 000000005A41E748
C 210
R
P 00000000597EFA38
C 294
R
P 00000000597EFA38
P 000000005A41E748
C 209
R
P 00000000597EFA38
C 294
R
P 00000000597EFA38
P 000000005A41E748
C 9
R
P 00000000597EFA38
C 294
R
P 00000000597EFA38
S "v1"
C 29
R
P 00000000597EFA38
C 294
R
P 00000000597EFA38
$ |v1|
P 000000005A41D9E8
C 49
= 000000005A41E768
R
P 00000000597EFA38
C 294
R
P 00000000597EFA38
P 000000005A41E768
C 207
R
P 00000000597EFA38
C 294
R
P 00000000597EFA38
P 000000005A41E768
C 204
= 000000005A41D9E8
R
P 00000000597EFA38
C 294
R
P 00000000597EFA38
P 000000005A41D9E8
C 165
R
P 00000000597EFA38
C 294
R
P 00000000597EFA38
P 000000005A41E768
C 210
R
P 00000000597EFA38
C 294
R
P 00000000597EFA38
P 000000005A41E768
C 209
R
P 00000000597EFA38
C 294
R
P 00000000597EFA38
P 000000005A41E768
C 9
R
P 00000000597EFA38
C 294
R
P 00000000597EFA38
S "v2"
C 29
R
P 00000000597EFA38
C 294
R
P 00000000597EFA38
$ |v2|
P 000000005A41D9E8
C 49
= 000000005A41E788
R
P 00000000597EFA38
C 294
R
P 00000000597EFA38
P 000000005A41E788
C 207
R
P 00000000597EFA38
C 294
R
P 00000000597EFA38
P 000000005A41E788
C 204
= 000000005A41D9E8
R
P 00000000597EFA38
C 294
R
P 00000000597EFA38
P 000000005A41D9E8
C 165
R
P 00000000597EFA38
C 294
R
P 00000000597EFA38
P 000000005A41E788
C 210
R
P 00000000597EFA38
C 294
R
P 00000000597EFA38
P 000000005A41E788
C 209
R
P 00000000597EFA38
C 294
R
P 00000000597EFA38
P 000000005A41E788
C 9
R
P 00000000597EFA38
C 294
R
P 00000000597EFA38
P 000000005A41E6C8
P 000000005A41E708
P 000000005A41E768
C 127
= 000000005A4227C8
R
P 00000000597EFA38
C 294
R
P 00000000597EFA38
P 000000005A4227C8
C 9
R
P 00000000597EFA38
C 294
R
P 00000000597EFA38
P 000000005A41E6E8
P 000000005A41E728
P 000000005A41E788
C 127
= 000000005A422748
R
P 00000000597EFA38
C 294
R
P 00000000597EFA38
P 000000005A422748
C 9
R
P 00000000597EFA38
C 294
R
P 00000000597EFA38
P 000000005A41E6C8
P 000000005A41E748
C 126
= 000000005A425088
R
P 00000000597EFA38
C 294
R
P 00000000597EFA38
P 000000005A425088
C 207
R
P 00000000597EFA38
C 294
R
P 00000000597EFA38
P 000000005A425088
C 204
= 000000005A41D9E8
R
P 00000000597EFA38
C 294
R
P 00000000597EFA38
P 000000005A41D9E8
C 165
R
P 00000000597EFA38
C 294
R
P 00000000597EFA38
P 000000005A425088
C 210
R
P 00000000597EFA38
C 294
R
P 00000000597EFA38
P 000000005A425088
C 209
R
P 00000000597EFA38
C 294
R
P 00000000597EFA38
P 000000005A425088
C 9
R
P 00000000597EFA38
C 294
R
P 00000000597EFA38
P 000000005A41E6E8
P 000000005A41E748
C 126
= 000000005A424C98
R
P 00000000597EFA38
C 294
R
P 00000000597EFA38
P 000000005A424C98
C 207
R
P 00000000597EFA38
C 294
R
P 00000000597EFA38
P 000000005A424C98
C 204
= 000000005A41D9E8
R
P 00000000597EFA38
C 294
R
P 00000000597EFA38
P 000000005A41D9E8
C 165
R
P 00000000597EFA38
C 294
R
P 00000000597EFA38
P 000000005A424C98
C 210
R
P 00000000597EFA38
C 294
R
P 00000000597EFA38
P 000000005A424C98
C 209
R
P 00000000597EFA38
C 294
R
P 00000000597EFA38
P 000000005A424C98
C 9
R
P 00000000597EFA38
C 294
R
P 00000000597EFA38
P 000000005A4227C8
P 000000005A422748
C 54
= 000000005A424CD0
R
P 00000000597EFA38
C 294
R
P 00000000597EFA38
P 000000005A424CD0
C 9
R
P 00000000597EFA38
C 294
R
P 00000000597EFA38
P 000000005A41E708
P 000000005A41E748
C 54
= 000000005A424D08
R
P 00000000597EFA38
C 294
R
P 00000000597EFA38
P 000000005A424D08
C 9
R
P 00000000597EFA38
C 294
R
P 00000000597EFA38
P 000000005A41E728
P 000000005A41E748
C 54
= 000000005A425398
R
P 00000000597EFA38
C 294
R
P 00000000597EFA38
P 000000005A425398
C 9
R
P 00000000597EFA38
C 294
R
P 00000000597EFA38
P 000000005A425088
P 000000005A424C98
C 54
= 000000005A424B10
R
P 00000000597EFA38
C 294
R
P 00000000597EFA38
P 000000005A424B10
C 9
R
P 00000000597EFA38
C 294
R
P 00000000597EFA38
U 3
P 000000005A424D08
P 000000005A425398
P 000000005A424B10
p 3
C 62
= 000000005A422448
R
P 00000000597EFA38
C 294
R
P 00000000597EFA38
P 000000005A422448
C 9
R
P 00000000597EFA38
C 294
R
P 00000000597EFA38
P 000000005A424CD0
P 000000005A422448
C 59
= 000000005A424B80
R
P 00000000597EFA38
C 294
R
P 00000000597EFA38
P 000000005A424B80
C 9
R
P 00000000597EFA38
C 294
R
P 00000000597EFA38
P 000000005A424B80
C 275
R
P 00000000597EFA38
C 294
R
P 00000000597EFA38
P 000000005A424B80
C 275
R
P 00000000597EFA38
C 294
R
P 00000000597EFA38
C 410
= 000000005AEAB278
R
P 00000000597EFA38
C 294
R
P 00000000597EFA38
P 000000005AEAB278
C 417
R
P 00000000597EFA38
C 294
R
P 00000000597EFA38
C 13
= 000000005AEA1B28
R
P 00000000597EFA38
C 294
R
P 00000000597EFA38
P 000000005AEA1B28
C 14
R
P 00000000597EFA38
C 294
R
P 00000000597EFA38
S "mbqi"
C 29
R
P 00000000597EFA38
C 294
R
P 00000000597EFA38
P 000000005AEA1B28
$ |mbqi|
I 0
C 16
R
P 00000000597EFA38
C 294
R
P 00000000597EFA38
P 000000005AEAB278
P 000000005AEA1B28
C 416
R
P 00000000597EFA38
C 294
R
P 00000000597EFA38
P 000000005A424B80
C 56
= 000000005A420958
R
P 00000000597EFA38
C 294
R
P 00000000597EFA38
P 000000005A420958
C 9
R
P 00000000597EFA38
C 294
R
P 00000000597EFA38
P 000000005AEAB278
P 000000005A420958
C 423
R
P 00000000597EFA38
C 294
R
P 00000000597EFA38
P 000000005AEAB278
C 426
R
P 00000000597EFA38
C 294
R
P 00000000597EFA38
P 000000005AEAB278
C 429
= 000000005A425BA8
R
P 00000000597EFA38
C 294
R
P 00000000597EFA38
P 000000005A425BA8
C 207
R
P 00000000597EFA38
C 294
R
P 00000000597EFA38
P 000000005A425BA8
C 204
= 000000005A41D948
R
P 00000000597EFA38
C 294
R
P 00000000597EFA38
P 000000005A41D948
C 165
R
P 00000000597EFA38
C 294
R
P 00000000597EFA38
P 000000005A425BA8
C 210
R
P 00000000597EFA38
C 294
R
P 00000000597EFA38
P 000000005A425BA8
C 209
R
P 00000000597EFA38
C 294
R
P 00000000597EFA38
P 000000005A425BA8
C 9
R
P 00000000597EFA38
C 294
R
P 00000000597EFA38
P 000000005A425BA8
C 275
R
P 00000000597EFA38
C 294
M "TupleExample"
R
P 00000000597EFA38
S "mk_tuple"
C 29
R
P 00000000597EFA38
C 294
R
P 00000000597EFA38
S "first"
C 29
R
P 00000000597EFA38
C 294
R
P 00000000597EFA38
S "second"
C 29
R
P 00000000597EFA38
C 294
R
P 00000000597EFA38
$ |mk_tuple|
U 2
$ |first|
$ |second|
s 2
P 000000005A41D9E8
P 000000005A41D9E8
p 2
P 0000000000000000
P 0000000000000000
P 0000000000000000
p 2
C 37
= 000000005A41E7C8
* 000000005A422708 5
@ 000000005A425168 6 0
@ 000000005A4251A0 6 1
R
P 00000000597EFA38
C 294
R
P 00000000597EFA38
P 000000005A41E7C8
C 207
R
P 00000000597EFA38
C 294
R
P 00000000597EFA38
P 000000005A41E7C8
C 9
R
P 00000000597EFA38
C 294
R
P 00000000597EFA38
P 000000005A41E7C8
C 171
R
P 00000000597EFA38
C 294
R
P 00000000597EFA38
P 000000005A41E7C8
U 0
C 172
= 000000005A425168
R
P 00000000597EFA38
C 294
R
P 00000000597EFA38
P 000000005A425168
C 9
R
P 00000000597EFA38
C 294
R
P 00000000597EFA38
P 000000005A41E7C8
U 1
C 172
= 000000005A4251A0
R
P 00000000597EFA38
C 294
R
P 00000000597EFA38
P 000000005A4251A0
C 9
R
P 00000000597EFA38
C 294
R
P 00000000597EFA38
P 000000005A41E7C8
C 171
R
P 00000000597EFA38
C 294
R
P 00000000597EFA38
P 000000005A41E7C8
U 0
C 172
= 000000005A425168
R
P 00000000597EFA38
C 294
R
P 00000000597EFA38
P 000000005A425168
C 9
R
P 00000000597EFA38
C 294
R
P 00000000597EFA38
P 000000005A41E7C8
U 1
C 172
= 000000005A4251A0
R
P 00000000597EFA38
C 294
R
P 00000000597EFA38
P 000000005A4251A0
C 9
R
P 00000000597EFA38
C 294
R
P 00000000597EFA38
S "x"
C 29
R
P 00000000597EFA38
C 294
R
P 00000000597EFA38
$ |x|
P 000000005A41D9E8
C 49
= 000000005A41E648
R
P 00000000597EFA38
C 294
R
P 00000000597EFA38
P 000000005A41E648
C 207
R
P 00000000597EFA38
C 294
R
P 00000000597EFA38
P 000000005A41E648
C 204
= 000000005A41D9E8
R
P 00000000597EFA38
C 294
R
P 00000000597EFA38
P 000000005A41D9E8
C 165
R
P 00000000597EFA38
C 294
R
P 00000000597EFA38
P 000000005A41E648
C 210
R
P 00000000597EFA38
C 294
R
P 00000000597EFA38
P 000000005A41E648
C 209
R
P 00000000597EFA38
C 294
R
P 00000000597EFA38
P 000000005A41E648
C 9
R
P 00000000597EFA38
C 294
R
P 00000000597EFA38
S "y"
C 29
R
P 00000000597EFA38
C 294
R
P 00000000597EFA38
$ |y|
P 000000005A41D9E8
C 49
= 000000005A41E668
R
P 00000000597EFA38
C 294
R
P 00000000597EFA38
P 000000005A41E668
C 207
R
P 00000000597EFA38
C 294
R
P 00000000597EFA38
P 000000005A41E668
C 204
= 000000005A41D9E8
R
P 00000000597EFA38
C 294
R
P 00000000597EFA38
P 000000005A41D9E8
C 165
R
P 00000000597EFA38
C 294
R
P 00000000597EFA38
P 000000005A41E668
C 210
R
P 00000000597EFA38
C 294
R
P 00000000597EFA38
P 000000005A41E668
C 209
R
P 00000000597EFA38
C 294
R
P 00000000597EFA38
P 000000005A41E668
C 9
R
P 00000000597EFA38
C 294
R
P 00000000597EFA38
P 000000005A41E7C8
C 170
= 000000005A422708
R
P 00000000597EFA38
C 294
R
P 00000000597EFA38
P 000000005A422708
C 9
R
P 00000000597EFA38
C 294
R
P 00000000597EFA38
P 000000005A422708
U 2
P 000000005A41E648
P 000000005A41E668
p 2
C 48
= 000000005A425328
R
P 00000000597EFA38
C 294
R
P 00000000597EFA38
P 000000005A425328
C 207
R
P 00000000597EFA38
C 294
R
P 00000000597EFA38
P 000000005A425328
C 204
= 000000005A41E7C8
R
P 00000000597EFA38
C 294
R
P 00000000597EFA38
P 000000005A41E7C8
C 165
R
P 00000000597EFA38
C 294
R
P 00000000597EFA38
P 000000005A425328
C 210
R
P 00000000597EFA38
C 294
R
P 00000000597EFA38
P 000000005A425328
C 209
R
P 00000000597EFA38
C 294
R
P 00000000597EFA38
P 000000005A425328
C 9
R
P 00000000597EFA38
C 294
R
P 00000000597EFA38
P 000000005A425168
U 1
P 000000005A425328
p 1
C 48
= 000000005A4205C8
R
P 00000000597EFA38
C 294
R
P 00000000597EFA38
P 000000005A4205C8
C 207
R
P 00000000597EFA38
C 294
R
P 00000000597EFA38
P 000000005A4205C8
C 204
= 000000005A41D9E8
R
P 00000000597EFA38
C 294
R
P 00000000597EFA38
P 000000005A41D9E8
C 165
R
P 00000000597EFA38
C 294
R
P 00000000597EFA38
P 000000005A4205C8
C 210
R
P 00000000597EFA38
C 294
R
P 00000000597EFA38
P 000000005A4205C8
C 209
R
P 00000000597EFA38
C 294
R
P 00000000597EFA38
P 000000005A4205C8
C 9
R
P 00000000597EFA38
C 294
R
P 00000000597EFA38
P 000000005A41E648
P 000000005A4205C8
C 54
= 000000005A424B48
R
P 00000000597EFA38
C 294
R
P 00000000597EFA38
P 000000005A424B48
C 9
R
P 00000000597EFA38
C 294
R
P 00000000597EFA38
P 000000005A424B48
C 275
R
P 00000000597EFA38
C 294
R
P 00000000597EFA38
P 000000005A424B48
C 275
R
P 00000000597EFA38
C 294
R
P 00000000597EFA38
C 410
= 000000005AEB0E78
R
P 00000000597EFA38
C 294
R
P 00000000597EFA38
P 000000005AEB0E78
C 417
R
P 00000000597EFA38
C 294
R
P 00000000597EFA38
C 13
= 000000005B28E498
R
P 00000000597EFA38
C 294
R
P 00000000597EFA38
P 000000005B28E498
C 14
R
P 00000000597EFA38
C 294
R
P 00000000597EFA38
S "mbqi"
C 29
R
P 00000000597EFA38
C 294
R
P 00000000597EFA38
P 000000005B28E498
$ |mbqi|
I 0
C 16
R
P 00000000597EFA38
C 294
R
P 00000000597EFA38
P 000000005AEB0E78
P 000000005B28E498
C 416
R
P 00000000597EFA38
C 294
R
P 00000000597EFA38
P 000000005A424B48
C 56
= 000000005A4206B8
R
P 00000000597EFA38
C 294
R
P 00000000597EFA38
P 000000005A4206B8
C 9
R
P 00000000597EFA38
C 294
R
P 00000000597EFA38
P 000000005AEB0E78
P 000000005A4206B8
C 423
R
P 00000000597EFA38
C 294
R
P 00000000597EFA38
P 000000005AEB0E78
C 426
R
P 00000000597EFA38
C 294
R
P 00000000597EFA38
P 000000005AEB0E78
C 429
= 000000005A422A08
R
P 00000000597EFA38
C 294
R
P 00000000597EFA38
P 000000005A422A08
C 207
R
P 00000000597EFA38
C 294
R
P 00000000597EFA38
P 000000005A422A08
C 204
= 000000005A41D948
R
P 00000000597EFA38
C 294
R
P 00000000597EFA38
P 000000005A41D948
C 165
R
P 00000000597EFA38
C 294
R
P 00000000597EFA38
P 000000005A422A08
C 210
R
P 00000000597EFA38
C 294
R
P 00000000597EFA38
P 000000005A422A08
C 209
R
P 00000000597EFA38
C 294
R
P 00000000597EFA38
P 000000005A422A08
C 9
R
P 00000000597EFA38
C 294
R
P 00000000597EFA38
P 000000005A422A08
C 275
R
P 00000000597EFA38
C 294
M "ParserExample3"
R
P 00000000597EFA38
C 32
= 000000005A41D9E8
R
P 00000000597EFA38
C 294
R
P 00000000597EFA38
P 000000005A41D9E8
C 9
R
P 00000000597EFA38
C 294
R
P 00000000597EFA38
S "g"
C 29
R
P 00000000597EFA38
C 294
R
P 00000000597EFA38
$ |g|
U 2
P 000000005A41D9E8
P 000000005A41D9E8
p 2
P 000000005A41D9E8
C 47
= 000000005A422A48
R
P 00000000597EFA38
C 294
R
P 00000000597EFA38
P 000000005A422A48
C 9
R
P 00000000597EFA38
C 294
R
P 00000000597EFA38
P 000000005A422A48
C 187
= 000000005A41D9E8
R
P 00000000597EFA38
C 294
R
P 00000000597EFA38
P 000000005A41D9E8
C 165
R
P 00000000597EFA38
C 294
R
P 00000000597EFA38
P 000000005A41D9E8
C 9
R
P 00000000597EFA38
C 294
R
P 00000000597EFA38
P 000000005A422A48
C 184
R
P 00000000597EFA38
C 294
R
P 00000000597EFA38
P 000000005A422A48
U 0
C 186
= 000000005A41D9E8
R
P 00000000597EFA38
C 294
R
P 00000000597EFA38
P 000000005A41D9E8
C 165
R
P 00000000597EFA38
C 294
R
P 00000000597EFA38
P 000000005A41D9E8
C 9
R
P 00000000597EFA38
C 294
R
P 00000000597EFA38
P 000000005A422A48
U 1
C 186
= 000000005A41D9E8
R
P 00000000597EFA38
C 294
R
P 00000000597EFA38
P 000000005A41D9E8
C 165
R
P 00000000597EFA38
C 294
R
P 00000000597EFA38
P 000000005A41D9E8
C 9
R
P 00000000597EFA38
C 294
R
P 00000000597EFA38
P 000000005A41D9E8
C 161
R
P 00000000597EFA38
C 294
R
P 00000000597EFA38
$ |Int|
C 158
R
P 00000000597EFA38
C 294
R
P 00000000597EFA38
$ |Int|
C 158
R
P 00000000597EFA38
C 294
R
P 00000000597EFA38
$ |Int|
C 158
R
P 00000000597EFA38
C 294
R
P 00000000597EFA38
$ |Int|
C 160
R
P 00000000597EFA38
C 294
R
P 00000000597EFA38
P 000000005A41D9E8
C 161
R
P 00000000597EFA38
C 294
R
P 00000000597EFA38
$ |Int|
C 158
R
P 00000000597EFA38
C 294
R
P 00000000597EFA38
$ |Int|
C 158
R
P 00000000597EFA38
C 294
R
P 00000000597EFA38
$ |Int|
C 158
R
P 00000000597EFA38
C 294
R
P 00000000597EFA38
$ |Int|
C 160
R
P 00000000597EFA38
C 294
R
P 00000000597EFA38
P 000000005A422A48
C 182
R
P 00000000597EFA38
C 294
R
P 00000000597EFA38
$ |g|
C 158
R
P 00000000597EFA38
C 294
R
P 00000000597EFA38
$ |g|
C 158
R
P 00000000597EFA38
C 294
R
P 00000000597EFA38
$ |g|
C 158
R
P 00000000597EFA38
C 294
R
P 00000000597EFA38
$ |g|
C 160
R
P 00000000597EFA38
C 294
R
P 00000000597EFA38
P 000000005A422A48
C 182
R
P 00000000597EFA38
C 294
R
P 00000000597EFA38
$ |g|
C 158
R
P 00000000597EFA38
C 294
R
P 00000000597EFA38
$ |g|
C 158
R
P 00000000597EFA38
C 294
R
P 00000000597EFA38
$ |g|
C 158
R
P 00000000597EFA38
C 294
R
P 00000000597EFA38
$ |g|
C 160
R
P 00000000597EFA38
C 294
R
P 00000000597EFA38
P 000000005A41D9E8
C 161
R
P 00000000597EFA38
C 294
R
P 00000000597EFA38
$ |Int|
C 158
R
P 00000000597EFA38
C 294
R
P 00000000597EFA38
P 000000005A422A48
C 182
R
P 00000000597EFA38
C 294
R
P 00000000597EFA38
$ |g|
C 158
R
P 00000000597EFA38
C 294
R
P 00000000597EFA38
S "\040benchmark comm \058formula \040forall \040x Int\041 \040y Int\041 \040\061 \040g x y\041 \040g y x\041\041\041\041"
U 1
$ |Int|
s 1
P 000000005A41D9E8
p 1
U 1
$ |g|
s 1
P 000000005A422A48
p 1
C 283
R
P 00000000597EFA38
C 294
R
P 00000000597EFA38
C 285
R
P 00000000597EFA38
C 294
R
P 00000000597EFA38
U 0
C 286
= 000000005B669618
R
P 00000000597EFA38
C 294
R
P 00000000597EFA38
P 000000005B669618
C 207
R
P 00000000597EFA38
C 294
R
P 00000000597EFA38
P 000000005B669618
C 9
R
P 00000000597EFA38
C 294
R
P 00000000597EFA38
S "gg"
C 29
R
P 00000000597EFA38
C 294
R
P 00000000597EFA38
S "\040benchmark tst \058formula \040forall \040x Int\041 \040y Int\041 \040implies \040\061 x y\041 \040\061 \040gg x 0\041 \040gg 0 y\041\041\041\041\041"
U 0
s 0
p 0
U 1
$ |gg|
s 1
P 000000005A422A48
p 1
C 283
R
P 00000000597EFA38
C 294
R
P 00000000597EFA38
C 285
R
P 00000000597EFA38
C 294
R
P 00000000597EFA38
U 0
C 286
= 000000005B669680
R
P 00000000597EFA38
C 294
R
P 00000000597EFA38
P 000000005B669680
C 207
R
P 00000000597EFA38
C 294
R
P 00000000597EFA38
P 000000005B669680
C 9
R
P 00000000597EFA38
C 294
R
P 00000000597EFA38
P 000000005B669680
C 275
R
P 00000000597EFA38
C 294
R
P 00000000597EFA38
P 000000005B669680
C 275
R
P 00000000597EFA38
C 294
R
P 00000000597EFA38
C 410
= 000000005B622D68
R
P 00000000597EFA38
C 294
R
P 00000000597EFA38
P 000000005B622D68
C 417
R
P 00000000597EFA38
C 294
R
P 00000000597EFA38
C 13
= 000000005B28EA38
R
P 00000000597EFA38
C 294
R
P 00000000597EFA38
P 000000005B28EA38
C 14
R
P 00000000597EFA38
C 294
R
P 00000000597EFA38
S "mbqi"
C 29
R
P 00000000597EFA38
C 294
R
P 00000000597EFA38
P 000000005B28EA38
$ |mbqi|
I 0
C 16
R
P 00000000597EFA38
C 294
R
P 00000000597EFA38
P 000000005B622D68
P 000000005B28EA38
C 416
R
P 00000000597EFA38
C 294
R
P 00000000597EFA38
P 000000005B622D68
P 000000005B669618
C 423
R
P 00000000597EFA38
C 294
R
P 00000000597EFA38
P 000000005B669680
C 56
= 000000005A420C88
R
P 00000000597EFA38
C 294
R
P 00000000597EFA38
P 000000005A420C88
C 9
R
P 00000000597EFA38
C 294
R
P 00000000597EFA38
P 000000005B622D68
P 000000005A420C88
C 423
R
P 00000000597EFA38
C 294
R
P 00000000597EFA38
P 000000005B622D68
C 426
R
P 00000000597EFA38
C 294
R
P 00000000597EFA38
P 000000005B622D68
C 429
= 000000005A422E88
R
P 00000000597EFA38
C 294
R
P 00000000597EFA38
P 000000005A422E88
C 207
R
P 00000000597EFA38
C 294
R
P 00000000597EFA38
P 000000005A422E88
C 204
= 000000005A41D948
R
P 00000000597EFA38
C 294
R
P 00000000597EFA38
P 000000005A41D948
C 165
R
P 00000000597EFA38
C 294
R
P 00000000597EFA38
P 000000005A422E88
C 210
R
P 00000000597EFA38
C 294
R
P 00000000597EFA38
P 000000005A422E88
C 209
R
P 00000000597EFA38
C 294
R
P 00000000597EFA38
P 000000005A422E88
C 9
R
P 00000000597EFA38
C 294
R
P 00000000597EFA38
P 000000005A422E88
C 275
R
P 00000000597EFA38
C 294
M "EnumExample"
R
P 00000000597EFA38
S "fruit"
C 29
R
P 00000000597EFA38
C 294
R
P 00000000597EFA38
S "apple"
C 29
R
P 00000000597EFA38
C 294
R
P 00000000597EFA38
S "banana"
C 29
R
P 00000000597EFA38
C 294
R
P 00000000597EFA38
S "orange"
C 29
R
P 00000000597EFA38
C 294
R
P 00000000597EFA38
$ |fruit|
U 3
$ |apple|
$ |banana|
$ |orange|
s 3
P 0000000000000000
P 0000000000000000
P 0000000000000000
p 3
P 0000000000000000
P 0000000000000000
P 0000000000000000
p 3
C 38
= 000000005A41E928
@ 000000005B972E38 4 0
@ 000000005B972DD8 4 1
@ 000000005A421228 4 2
@ 000000005B474418 5 0
@ 000000005B978290 5 1
@ 000000005B474488 5 2
R
P 00000000597EFA38
C 294
R
P 00000000597EFA38
P 000000005A41E928
C 207
R
P 00000000597EFA38
C 294
R
P 00000000597EFA38
P 000000005A41E928
C 9
R
P 00000000597EFA38
C 294
R
P 00000000597EFA38
P 000000005A41E928
C 173
R
P 00000000597EFA38
C 294
R
P 00000000597EFA38
P 000000005A41E928
U 0
C 174
= 000000005B972E38
R
P 00000000597EFA38
C 294
R
P 00000000597EFA38
P 000000005B972E38
C 9
R
P 00000000597EFA38
C 294
R
P 00000000597EFA38
P 000000005A41E928
U 1
C 174
= 000000005A421228
R
P 00000000597EFA38
C 294
R
P 00000000597EFA38
P 000000005A421228
C 9
R
P 00000000597EFA38
C 294
R
P 00000000597EFA38
P 000000005A41E928
U 2
C 174
= 000000005B972DD8
R
P 00000000597EFA38
C 294
R
P 00000000597EFA38
P 000000005B972DD8
C 9
R
P 00000000597EFA38
C 294
R
P 00000000597EFA38
P 000000005B972E38
U 0
p 0
C 48
= 000000005A41E968
R
P 00000000597EFA38
C 294
R
P 00000000597EFA38
P 000000005A41E968
C 207
R
P 00000000597EFA38
C 294
R
P 00000000597EFA38
P 000000005A41E968
C 204
= 000000005A41E928
R
P 00000000597EFA38
C 294
R
P 00000000597EFA38
P 000000005A41E928
C 165
R
P 00000000597EFA38
C 294
R
P 00000000597EFA38
P 000000005A41E968
C 210
R
P 00000000597EFA38
C 294
R
P 00000000597EFA38
P 000000005A41E968
C 209
R
P 00000000597EFA38
C 294
R
P 00000000597EFA38
P 000000005A41E968
C 9
R
P 00000000597EFA38
C 294
R
P 00000000597EFA38
P 000000005A421228
U 0
p 0
C 48
= 000000005A41EA68
R
P 00000000597EFA38
C 294
R
P 00000000597EFA38
P 000000005A41EA68
C 207
R
P 00000000597EFA38
C 294
R
P 00000000597EFA38
P 000000005A41EA68
C 204
= 000000005A41E928
R
P 00000000597EFA38
C 294
R
P 00000000597EFA38
P 000000005A41E928
C 165
R
P 00000000597EFA38
C 294
R
P 00000000597EFA38
P 000000005A41EA68
C 210
R
P 00000000597EFA38
C 294
R
P 00000000597EFA38
P 000000005A41EA68
C 209
R
P 00000000597EFA38
C 294
R
P 00000000597EFA38
P 000000005A41EA68
C 9
R
P 00000000597EFA38
C 294
R
P 00000000597EFA38
P 000000005B972DD8
U 0
p 0
C 48
= 000000005A41E988
R
P 00000000597EFA38
C 294
R
P 00000000597EFA38
P 000000005A41E988
C 207
R
P 00000000597EFA38
C 294
R
P 00000000597EFA38
P 000000005A41E988
C 204
= 000000005A41E928
R
P 00000000597EFA38
C 294
R
P 00000000597EFA38
P 000000005A41E928
C 165
R
P 00000000597EFA38
C 294
R
P 00000000597EFA38
P 000000005A41E988
C 210
R
P 00000000597EFA38
C 294
R
P 00000000597EFA38
P 000000005A41E988
C 209
R
P 00000000597EFA38
C 294
R
P 00000000597EFA38
P 000000005A41E988
C 9
R
P 00000000597EFA38
C 294
R
P 00000000597EFA38
P 000000005A41E968
C 275
R
P 00000000597EFA38
C 294
R
P 00000000597EFA38
P 000000005A41E928
C 173
R
P 00000000597EFA38
C 294
R
P 00000000597EFA38
P 000000005A41E928
U 0
C 174
= 000000005B972E38
R
P 00000000597EFA38
C 294
R
P 00000000597EFA38
P 000000005B972E38
C 9
R
P 00000000597EFA38
C 294
R
P 00000000597EFA38
P 000000005A41E928
U 1
C 174
= 000000005A421228
R
P 00000000597EFA38
C 294
R
P 00000000597EFA38
P 000000005A421228
C 9
R
P 00000000597EFA38
C 294
R
P 00000000597EFA38
P 000000005A41E928
U 2
C 174
= 000000005B972DD8
R
P 00000000597EFA38
C 294
R
P 00000000597EFA38
P 000000005B972DD8
C 9
R
P 00000000597EFA38
C 294
R
P 00000000597EFA38
P 000000005B972E38
U 0
p 0
C 48
= 000000005A41E968
R
P 00000000597EFA38
C 294
R
P 00000000597EFA38
P 000000005A41E968
C 207
R
P 00000000597EFA38
C 294
R
P 00000000597EFA38
P 000000005A41E968
C 204
= 000000005A41E928
R
P 00000000597EFA38
C 294
R
P 00000000597EFA38
P 000000005A41E928
C 165
R
P 00000000597EFA38
C 294
R
P 00000000597EFA38
P 000000005A41E968
C 210
R
P 00000000597EFA38
C 294
R
P 00000000597EFA38
P 000000005A41E968
C 209
R
P 00000000597EFA38
C 294
R
P 00000000597EFA38
P 000000005A41E968
C 9
R
P 00000000597EFA38
C 294
R
P 00000000597EFA38
P 000000005A421228
U 0
p 0
C 48
= 000000005A41EA68
R
P 00000000597EFA38
C 294
R
P 00000000597EFA38
P 000000005A41EA68
C 207
R
P 00000000597EFA38
C 294
R
P 00000000597EFA38
P 000000005A41EA68
C 204
= 000000005A41E928
R
P 00000000597EFA38
C 294
R
P 00000000597EFA38
P 000000005A41E928
C 165
R
P 00000000597EFA38
C 294
R
P 00000000597EFA38
P 000000005A41EA68
C 210
R
P 00000000597EFA38
C 294
R
P 00000000597EFA38
P 000000005A41EA68
C 209
R
P 00000000597EFA38
C 294
R
P 00000000597EFA38
P 000000005A41EA68
C 9
R
P 00000000597EFA38
C 294
R
P 00000000597EFA38
P 000000005B972DD8
U 0
p 0
C 48
= 000000005A41E988
R
P 00000000597EFA38
C 294
R
P 00000000597EFA38
P 000000005A41E988
C 207
R
P 00000000597EFA38
C 294
R
P 00000000597EFA38
P 000000005A41E988
C 204
= 000000005A41E928
R
P 00000000597EFA38
C 294
R
P 00000000597EFA38
P 000000005A41E928
C 165
R
P 00000000597EFA38
C 294
R
P 00000000597EFA38
P 000000005A41E988
C 210
R
P 00000000597EFA38
C 294
R
P 00000000597EFA38
P 000000005A41E988
C 209
R
P 00000000597EFA38
C 294
R
P 00000000597EFA38
P 000000005A41E988
C 9
R
P 00000000597EFA38
C 294
R
P 00000000597EFA38
P 000000005A41EA68
C 275
R
P 00000000597EFA38
C 294
R
P 00000000597EFA38
P 000000005A41E928
C 173
R
P 00000000597EFA38
C 294
R
P 00000000597EFA38
P 000000005A41E928
U 0
C 174
= 000000005B972E38
R
P 00000000597EFA38
C 294
R
P 00000000597EFA38
P 000000005B972E38
C 9
R
P 00000000597EFA38
C 294
R
P 00000000597EFA38
P 000000005A41E928
U 1
C 174
= 000000005A421228
R
P 00000000597EFA38
C 294
R
P 00000000597EFA38
P 000000005A421228
C 9
R
P 00000000597EFA38
C 294
R
P 00000000597EFA38
P 000000005A41E928
U 2
C 174
= 000000005B972DD8
R
P 00000000597EFA38
C 294
R
P 00000000597EFA38
P 000000005B972DD8
C 9
R
P 00000000597EFA38
C 294
R
P 00000000597EFA38
P 000000005B972E38
U 0
p 0
C 48
= 000000005A41E968
R
P 00000000597EFA38
C 294
R
P 00000000597EFA38
P 000000005A41E968
C 207
R
P 00000000597EFA38
C 294
R
P 00000000597EFA38
P 000000005A41E968
C 204
= 000000005A41E928
R
P 00000000597EFA38
C 294
R
P 00000000597EFA38
P 000000005A41E928
C 165
R
P 00000000597EFA38
C 294
R
P 00000000597EFA38
P 000000005A41E968
C 210
R
P 00000000597EFA38
C 294
R
P 00000000597EFA38
P 000000005A41E968
C 209
R
P 00000000597EFA38
C 294
R
P 00000000597EFA38
P 000000005A41E968
C 9
R
P 00000000597EFA38
C 294
R
P 00000000597EFA38
P 000000005A421228
U 0
p 0
C 48
= 000000005A41EA68
R
P 00000000597EFA38
C 294
R
P 00000000597EFA38
P 000000005A41EA68
C 207
R
P 00000000597EFA38
C 294
R
P 00000000597EFA38
P 000000005A41EA68
C 204
= 000000005A41E928
R
P 00000000597EFA38
C 294
R
P 00000000597EFA38
P 000000005A41E928
C 165
R
P 00000000597EFA38
C 294
R
P 00000000597EFA38
P 000000005A41EA68
C 210
R
P 00000000597EFA38
C 294
R
P 00000000597EFA38
P 000000005A41EA68
C 209
R
P 00000000597EFA38
C 294
R
P 00000000597EFA38
P 000000005A41EA68
C 9
R
P 00000000597EFA38
C 294
R
P 00000000597EFA38
P 000000005B972DD8
U 0
p 0
C 48
= 000000005A41E988
R
P 00000000597EFA38
C 294
R
P 00000000597EFA38
P 000000005A41E988
C 207
R
P 00000000597EFA38
C 294
R
P 00000000597EFA38
P 000000005A41E988
C 204
= 000000005A41E928
R
P 00000000597EFA38
C 294
R
P 00000000597EFA38
P 000000005A41E928
C 165
R
P 00000000597EFA38
C 294
R
P 00000000597EFA38
P 000000005A41E988
C 210
R
P 00000000597EFA38
C 294
R
P 00000000597EFA38
P 000000005A41E988
C 209
R
P 00000000597EFA38
C 294
R
P 00000000597EFA38
P 000000005A41E988
C 9
R
P 00000000597EFA38
C 294
R
P 00000000597EFA38
P 000000005A41E988
C 275
R
P 00000000597EFA38
C 294
R
P 00000000597EFA38
P 000000005A41E928
C 173
R
P 00000000597EFA38
C 294
R
P 00000000597EFA38
P 000000005A41E928
U 0
C 175
= 000000005B474488
R
P 00000000597EFA38
C 294
R
P 00000000597EFA38
P 000000005B474488
C 9
R
P 00000000597EFA38
C 294
R
P 00000000597EFA38
P 000000005A41E928
U 1
C 175
= 000000005B978290
R
P 00000000597EFA38
C 294
R
P 00000000597EFA38
P 000000005B978290
C 9
R
P 00000000597EFA38
C 294
R
P 00000000597EFA38
P 000000005A41E928
U 2
C 175
= 000000005B474418
R
P 00000000597EFA38
C 294
R
P 00000000597EFA38
P 000000005B474418
C 9
R
P 00000000597EFA38
C 294
R
P 00000000597EFA38
P 000000005B474488
C 275
R
P 00000000597EFA38
C 294
R
P 00000000597EFA38
P 000000005A41E928
C 173
R
P 00000000597EFA38
C 294
R
P 00000000597EFA38
P 000000005A41E928
U 0
C 175
= 000000005B474488
R
P 00000000597EFA38
C 294
R
P 00000000597EFA38
P 000000005B474488
C 9
R
P 00000000597EFA38
C 294
R
P 00000000597EFA38
P 000000005A41E928
U 1
C 175
= 000000005B978290
R
P 00000000597EFA38
C 294
R
P 00000000597EFA38
P 000000005B978290
C 9
R
P 00000000597EFA38
C 294
R
P 00000000597EFA38
P 000000005A41E928
U 2
C 175
= 000000005B474418
R
P 00000000597EFA38
C 294
R
P 00000000597EFA38
P 000000005B474418
C 9
R
P 00000000597EFA38
C 294
R
P 00000000597EFA38
P 000000005B978290
C 275
R
P 00000000597EFA38
C 294
R
P 00000000597EFA38
P 000000005A41E928
C 173
R
P 00000000597EFA38
C 294
R
P 00000000597EFA38
P 000000005A41E928
U 0
C 175
= 000000005B474488
R
P 00000000597EFA38
C 294
R
P 00000000597EFA38
P 000000005B474488
C 9
R
P 00000000597EFA38
C 294
R
P 00000000597EFA38
P 000000005A41E928
U 1
C 175
= 000000005B978290
R
P 00000000597EFA38
C 294
R
P 00000000597EFA38
P 000000005B978290
C 9
R
P 00000000597EFA38
C 294
R
P 00000000597EFA38
P 000000005A41E928
U 2
C 175
= 000000005B474418
R
P 00000000597EFA38
C 294
R
P 00000000597EFA38
P 000000005B474418
C 9
R
P 00000000597EFA38
C 294
R
P 00000000597EFA38
P 000000005B474418
C 275
R
P 00000000597EFA38
C 294
R
P 00000000597EFA38
P 000000005A41E928
C 173
R
P 00000000597EFA38
C 294
R
P 00000000597EFA38
P 000000005A41E928
U 0
C 174
= 000000005B972E38
R
P 00000000597EFA38
C 294
R
P 00000000597EFA38
P 000000005B972E38
C 9
R
P 00000000597EFA38
C 294
R
P 00000000597EFA38
P 000000005A41E928
U 1
C 174
= 000000005A421228
R
P 00000000597EFA38
C 294
R
P 00000000597EFA38
P 000000005A421228
C 9
R
P 00000000597EFA38
C 294
R
P 00000000597EFA38
P 000000005A41E928
U 2
C 174
= 000000005B972DD8
R
P 00000000597EFA38
C 294
R
P 00000000597EFA38
P 000000005B972DD8
C 9
R
P 00000000597EFA38
C 294
R
P 00000000597EFA38
P 000000005B972E38
U 0
p 0
C 48
= 000000005A41E968
R
P 00000000597EFA38
C 294
R
P 00000000597EFA38
P 000000005A41E968
C 207
R
P 00000000597EFA38
C 294
R
P 00000000597EFA38
P 000000005A41E968
C 204
= 000000005A41E928
R
P 00000000597EFA38
C 294
R
P 00000000597EFA38
P 000000005A41E928
C 165
R
P 00000000597EFA38
C 294
R
P 00000000597EFA38
P 000000005A41E968
C 210
R
P 00000000597EFA38
C 294
R
P 00000000597EFA38
P 000000005A41E968
C 209
R
P 00000000597EFA38
C 294
R
P 00000000597EFA38
P 000000005A41E968
C 9
R
P 00000000597EFA38
C 294
R
P 00000000597EFA38
P 000000005A421228
U 0
p 0
C 48
= 000000005A41EA68
R
P 00000000597EFA38
C 294
R
P 00000000597EFA38
P 000000005A41EA68
C 207
R
P 00000000597EFA38
C 294
R
P 00000000597EFA38
P 000000005A41EA68
C 204
= 000000005A41E928
R
P 00000000597EFA38
C 294
R
P 00000000597EFA38
P 000000005A41E928
C 165
R
P 00000000597EFA38
C 294
R
P 00000000597EFA38
P 000000005A41EA68
C 210
R
P 00000000597EFA38
C 294
R
P 00000000597EFA38
P 000000005A41EA68
C 209
R
P 00000000597EFA38
C 294
R
P 00000000597EFA38
P 000000005A41EA68
C 9
R
P 00000000597EFA38
C 294
R
P 00000000597EFA38
P 000000005B972DD8
U 0
p 0
C 48
= 000000005A41E988
R
P 00000000597EFA38
C 294
R
P 00000000597EFA38
P 000000005A41E988
C 207
R
P 00000000597EFA38
C 294
R
P 00000000597EFA38
P 000000005A41E988
C 204
= 000000005A41E928
R
P 00000000597EFA38
C 294
R
P 00000000597EFA38
P 000000005A41E928
C 165
R
P 00000000597EFA38
C 294
R
P 00000000597EFA38
P 000000005A41E988
C 210
R
P 00000000597EFA38
C 294
R
P 00000000597EFA38
P 000000005A41E988
C 209
R
P 00000000597EFA38
C 294
R
P 00000000597EFA38
P 000000005A41E988
C 9
R
P 00000000597EFA38
C 294
R
P 00000000597EFA38
P 000000005A41E928
C 173
R
P 00000000597EFA38
C 294
R
P 00000000597EFA38
P 000000005A41E928
U 0
C 174
= 000000005B972E38
R
P 00000000597EFA38
C 294
R
P 00000000597EFA38
P 000000005B972E38
C 9
R
P 00000000597EFA38
C 294
R
P 00000000597EFA38
P 000000005A41E928
U 1
C 174
= 000000005A421228
R
P 00000000597EFA38
C 294
R
P 00000000597EFA38
P 000000005A421228
C 9
R
P 00000000597EFA38
C 294
R
P 00000000597EFA38
P 000000005A41E928
U 2
C 174
= 000000005B972DD8
R
P 00000000597EFA38
C 294
R
P 00000000597EFA38
P 000000005B972DD8
C 9
R
P 00000000597EFA38
C 294
R
P 00000000597EFA38
P 000000005B972E38
U 0
p 0
C 48
= 000000005A41E968
R
P 00000000597EFA38
C 294
R
P 00000000597EFA38
P 000000005A41E968
C 207
R
P 00000000597EFA38
C 294
R
P 00000000597EFA38
P 000000005A41E968
C 204
= 000000005A41E928
R
P 00000000597EFA38
C 294
R
P 00000000597EFA38
P 000000005A41E928
C 165
R
P 00000000597EFA38
C 294
R
P 00000000597EFA38
P 000000005A41E968
C 210
R
P 00000000597EFA38
C 294
R
P 00000000597EFA38
P 000000005A41E968
C 209
R
P 00000000597EFA38
C 294
R
P 00000000597EFA38
P 000000005A41E968
C 9
R
P 00000000597EFA38
C 294
R
P 00000000597EFA38
P 000000005A421228
U 0
p 0
C 48
= 000000005A41EA68
R
P 00000000597EFA38
C 294
R
P 00000000597EFA38
P 000000005A41EA68
C 207
R
P 00000000597EFA38
C 294
R
P 00000000597EFA38
P 000000005A41EA68
C 204
= 000000005A41E928
R
P 00000000597EFA38
C 294
R
P 00000000597EFA38
P 000000005A41E928
C 165
R
P 00000000597EFA38
C 294
R
P 00000000597EFA38
P 000000005A41EA68
C 210
R
P 00000000597EFA38
C 294
R
P 00000000597EFA38
P 000000005A41EA68
C 209
R
P 00000000597EFA38
C 294
R
P 00000000597EFA38
P 000000005A41EA68
C 9
R
P 00000000597EFA38
C 294
R
P 00000000597EFA38
P 000000005B972DD8
U 0
p 0
C 48
= 000000005A41E988
R
P 00000000597EFA38
C 294
R
P 00000000597EFA38
P 000000005A41E988
C 207
R
P 00000000597EFA38
C 294
R
P 00000000597EFA38
P 000000005A41E988
C 204
= 000000005A41E928
R
P 00000000597EFA38
C 294
R
P 00000000597EFA38
P 000000005A41E928
C 165
R
P 00000000597EFA38
C 294
R
P 00000000597EFA38
P 000000005A41E988
C 210
R
P 00000000597EFA38
C 294
R
P 00000000597EFA38
P 000000005A41E988
C 209
R
P 00000000597EFA38
C 294
R
P 00000000597EFA38
P 000000005A41E988
C 9
R
P 00000000597EFA38
C 294
R
P 00000000597EFA38
P 000000005A41E928
C 173
R
P 00000000597EFA38
C 294
R
P 00000000597EFA38
P 000000005A41E928
U 0
C 174
= 000000005B972E38
R
P 00000000597EFA38
C 294
R
P 00000000597EFA38
P 000000005B972E38
C 9
R
P 00000000597EFA38
C 294
R
P 00000000597EFA38
P 000000005A41E928
U 1
C 174
= 000000005A421228
R
P 00000000597EFA38
C 294
R
P 00000000597EFA38
P 000000005A421228
C 9
R
P 00000000597EFA38
C 294
R
P 00000000597EFA38
P 000000005A41E928
U 2
C 174
= 000000005B972DD8
R
P 00000000597EFA38
C 294
R
P 00000000597EFA38
P 000000005B972DD8
C 9
R
P 00000000597EFA38
C 294
R
P 00000000597EFA38
P 000000005B972E38
U 0
p 0
C 48
= 000000005A41E968
R
P 00000000597EFA38
C 294
R
P 00000000597EFA38
P 000000005A41E968
C 207
R
P 00000000597EFA38
C 294
R
P 00000000597EFA38
P 000000005A41E968
C 204
= 000000005A41E928
R
P 00000000597EFA38
C 294
R
P 00000000597EFA38
P 000000005A41E928
C 165
R
P 00000000597EFA38
C 294
R
P 00000000597EFA38
P 000000005A41E968
C 210
R
P 00000000597EFA38
C 294
R
P 00000000597EFA38
P 000000005A41E968
C 209
R
P 00000000597EFA38
C 294
R
P 00000000597EFA38
P 000000005A41E968
C 9
R
P 00000000597EFA38
C 294
R
P 00000000597EFA38
P 000000005A421228
U 0
p 0
C 48
= 000000005A41EA68
R
P 00000000597EFA38
C 294
R
P 00000000597EFA38
P 000000005A41EA68
C 207
R
P 00000000597EFA38
C 294
R
P 00000000597EFA38
P 000000005A41EA68
C 204
= 000000005A41E928
R
P 00000000597EFA38
C 294
R
P 00000000597EFA38
P 000000005A41E928
C 165
R
P 00000000597EFA38
C 294
R
P 00000000597EFA38
P 000000005A41EA68
C 210
R
P 00000000597EFA38
C 294
R
P 00000000597EFA38
P 000000005A41EA68
C 209
R
P 00000000597EFA38
C 294
R
P 00000000597EFA38
P 000000005A41EA68
C 9
R
P 00000000597EFA38
C 294
R
P 00000000597EFA38
P 000000005B972DD8
U 0
p 0
C 48
= 000000005A41E988
R
P 00000000597EFA38
C 294
R
P 00000000597EFA38
P 000000005A41E988
C 207
R
P 00000000597EFA38
C 294
R
P 00000000597EFA38
P 000000005A41E988
C 204
= 000000005A41E928
R
P 00000000597EFA38
C 294
R
P 00000000597EFA38
P 000000005A41E928
C 165
R
P 00000000597EFA38
C 294
R
P 00000000597EFA38
P 000000005A41E988
C 210
R
P 00000000597EFA38
C 294
R
P 00000000597EFA38
P 000000005A41E988
C 209
R
P 00000000597EFA38
C 294
R
P 00000000597EFA38
P 000000005A41E988
C 9
R
P 00000000597EFA38
C 294
R
P 00000000597EFA38
P 000000005A41E968
P 000000005A41E988
C 54
= 000000005B978220
R
P 00000000597EFA38
C 294
R
P 00000000597EFA38
P 000000005B978220
C 9
R
P 00000000597EFA38
C 294
R
P 00000000597EFA38
P 000000005B978220
C 56
= 000000005B973FD8
R
P 00000000597EFA38
C 294
R
P 00000000597EFA38
P 000000005B973FD8
C 9
R
P 00000000597EFA38
C 294
R
P 00000000597EFA38
P 000000005B973FD8
C 275
R
P 00000000597EFA38
C 294
R
P 00000000597EFA38
C 410
= 000000005AEB0F78
R
P 00000000597EFA38
C 294
R
P 00000000597EFA38
P 000000005AEB0F78
C 417
R
P 00000000597EFA38
C 294
R
P 00000000597EFA38
C 13
= 000000005B61FEA8
R
P 00000000597EFA38
C 294
R
P 00000000597EFA38
P 000000005B61FEA8
C 14
R
P 00000000597EFA38
C 294
R
P 00000000597EFA38
S "mbqi"
C 29
R
P 00000000597EFA38
C 294
R
P 00000000597EFA38
P 000000005B61FEA8
$ |mbqi|
I 0
C 16
R
P 00000000597EFA38
C 294
R
P 00000000597EFA38
P 000000005AEB0F78
P 000000005B61FEA8
C 416
R
P 00000000597EFA38
C 294
R
P 00000000597EFA38
P 000000005B973FD8
C 56
= 000000005A421348
R
P 00000000597EFA38
C 294
R
P 00000000597EFA38
P 000000005A421348
C 9
R
P 00000000597EFA38
C 294
R
P 00000000597EFA38
P 000000005AEB0F78
P 000000005A421348
C 423
R
P 00000000597EFA38
C 294
R
P 00000000597EFA38
P 000000005AEB0F78
C 426
R
P 00000000597EFA38
C 294
R
P 00000000597EFA38
P 000000005AEB0F78
C 429
= 000000005A422D88
R
P 00000000597EFA38
C 294
R
P 00000000597EFA38
P 000000005A422D88
C 207
R
P 00000000597EFA38
C 294
R
P 00000000597EFA38
P 000000005A422D88
C 204
= 000000005A41D948
R
P 00000000597EFA38
C 294
R
P 00000000597EFA38
P 000000005A41D948
C 165
R
P 00000000597EFA38
C 294
R
P 00000000597EFA38
P 000000005A422D88
C 210
R
P 00000000597EFA38
C 294
R
P 00000000597EFA38
P 000000005A422D88
C 209
R
P 00000000597EFA38
C 294
R
P 00000000597EFA38
P 000000005A422D88
C 9
R
P 00000000597EFA38
C 294
R
P 00000000597EFA38
P 000000005A422D88
C 275
R
P 00000000597EFA38
C 294
R
P 00000000597EFA38
P 000000005A41E928
C 173
R
P 00000000597EFA38
C 294
R
P 00000000597EFA38
P 000000005A41E928
U 0
C 175
= 000000005B474488
R
P 00000000597EFA38
C 294
R
P 00000000597EFA38
P 000000005B474488
C 9
R
P 00000000597EFA38
C 294
R
P 00000000597EFA38
P 000000005A41E928
U 1
C 175
= 000000005B978290
R
P 00000000597EFA38
C 294
R
P 00000000597EFA38
P 000000005B978290
C 9
R
P 00000000597EFA38
C 294
R
P 00000000597EFA38
P 000000005A41E928
U 2
C 175
= 000000005B474418
R
P 00000000597EFA38
C 294
R
P 00000000597EFA38
P 000000005B474418
C 9
R
P 00000000597EFA38
C 294
R
P 00000000597EFA38
P 000000005B474488
U 1
P 000000005A41E968
p 1
C 48
= 000000005A421768
R
P 00000000597EFA38
C 294
R
P 00000000597EFA38
P 000000005A421768
C 207
R
P 00000000597EFA38
C 294
R
P 00000000597EFA38
P 000000005A421768
C 204
= 000000005A41D928
R
P 00000000597EFA38
C 294
R
P 00000000597EFA38
P 000000005A41D928
C 165
R
P 00000000597EFA38
C 294
R
P 00000000597EFA38
P 000000005A421768
C 210
R
P 00000000597EFA38
C 294
R
P 00000000597EFA38
P 000000005A421768
C 209
R
P 00000000597EFA38
C 294
R
P 00000000597EFA38
P 000000005A421768
C 9
R
P 00000000597EFA38
C 294
R
P 00000000597EFA38
P 000000005A421768
C 275
R
P 00000000597EFA38
C 294
R
P 00000000597EFA38
C 410
= 000000005B62EDA8
R
P 00000000597EFA38
C 294
R
P 00000000597EFA38
P 000000005B62EDA8
C 417
R
P 00000000597EFA38
C 294
R
P 00000000597EFA38
C 13
= 000000005B620E08
R
P 00000000597EFA38
C 294
R
P 00000000597EFA38
P 000000005B620E08
C 14
R
P 00000000597EFA38
C 294
R
P 00000000597EFA38
S "mbqi"
C 29
R
P 00000000597EFA38
C 294
R
P 00000000597EFA38
P 000000005B620E08
$ |mbqi|
I 0
C 16
R
P 00000000597EFA38
C 294
R
P 00000000597EFA38
P 000000005B62EDA8
P 000000005B620E08
C 416
R
P 00000000597EFA38
C 294
R
P 00000000597EFA38
P 000000005A421768
C 56
= 000000005A421798
R
P 00000000597EFA38
C 294
R
P 00000000597EFA38
P 000000005A421798
C 9
R
P 00000000597EFA38
C 294
R
P 00000000597EFA38
P 000000005B62EDA8
P 000000005A421798
C 423
R
P 00000000597EFA38
C 294
R
P 00000000597EFA38
P 000000005B62EDA8
C 426
R
P 00000000597EFA38
C 294
R
P 00000000597EFA38
P 000000005B62EDA8
C 429
= 000000005B979198
R
P 00000000597EFA38
C 294
R
P 00000000597EFA38
P 000000005B979198
C 207
R
P 00000000597EFA38
C 294
R
P 00000000597EFA38
P 000000005B979198
C 204
= 000000005A41D948
R
P 00000000597EFA38
C 294
R
P 00000000597EFA38
P 000000005A41D948
C 165
R
P 00000000597EFA38
C 294
R
P 00000000597EFA38
P 000000005B979198
C 210
R
P 00000000597EFA38
C 294
R
P 00000000597EFA38
P 000000005B979198
C 209
R
P 00000000597EFA38
C 294
R
P 00000000597EFA38
P 000000005B979198
C 9
R
P 00000000597EFA38
C 294
R
P 00000000597EFA38
P 000000005B979198
C 275
R
P 00000000597EFA38
C 294
R
P 00000000597EFA38
P 000000005A41E928
C 173
R
P 00000000597EFA38
C 294
R
P 00000000597EFA38
P 000000005A41E928
U 0
C 175
= 000000005B474488
R
P 00000000597EFA38
C 294
R
P 00000000597EFA38
P 000000005B474488
C 9
R
P 00000000597EFA38
C 294
R
P 00000000597EFA38
P 000000005A41E928
U 1
C 175
= 000000005B978290
R
P 00000000597EFA38
C 294
R
P 00000000597EFA38
P 000000005B978290
C 9
R
P 00000000597EFA38
C 294
R
P 00000000597EFA38
P 000000005A41E928
U 2
C 175
= 000000005B474418
R
P 00000000597EFA38
C 294
R
P 00000000597EFA38
P 000000005B474418
C 9
R
P 00000000597EFA38
C 294
R
P 00000000597EFA38
P 000000005B474488
U 1
P 000000005A41E988
p 1
C 48
= 000000005B973EE8
R
P 00000000597EFA38
C 294
R
P 00000000597EFA38
P 000000005B973EE8
C 207
R
P 00000000597EFA38
C 294
R
P 00000000597EFA38
P 000000005B973EE8
C 204
= 000000005A41D928
R
P 00000000597EFA38
C 294
R
P 00000000597EFA38
P 000000005A41D928
C 165
R
P 00000000597EFA38
C 294
R
P 00000000597EFA38
P 000000005B973EE8
C 210
R
P 00000000597EFA38
C 294
R
P 00000000597EFA38
P 000000005B973EE8
C 209
R
P 00000000597EFA38
C 294
R
P 00000000597EFA38
P 000000005B973EE8
C 9
R
P 00000000597EFA38
C 294
R
P 00000000597EFA38
P 000000005B973EE8
C 275
R
P 00000000597EFA38
C 294
R
P 00000000597EFA38
C 410
= 000000005BD4E6B8
R
P 00000000597EFA38
C 294
R
P 00000000597EFA38
P 000000005BD4E6B8
C 417
R
P 00000000597EFA38
C 294
R
P 00000000597EFA38
C 13
= 000000005B9A6FD8
R
P 00000000597EFA38
C 294
R
P 00000000597EFA38
P 000000005B9A6FD8
C 14
R
P 00000000597EFA38
C 294
R
P 00000000597EFA38
S "mbqi"
C 29
R
P 00000000597EFA38
C 294
R
P 00000000597EFA38
P 000000005B9A6FD8
$ |mbqi|
I 0
C 16
R
P 00000000597EFA38
C 294
R
P 00000000597EFA38
P 000000005BD4E6B8
P 000000005B9A6FD8
C 416
R
P 00000000597EFA38
C 294
R
P 00000000597EFA38
P 000000005B973EE8
C 56
= 000000005B973F18
R
P 00000000597EFA38
C 294
R
P 00000000597EFA38
P 000000005B973F18
C 9
R
P 00000000597EFA38
C 294
R
P 00000000597EFA38
P 000000005BD4E6B8
P 000000005B973F18
C 423
R
P 00000000597EFA38
C 294
R
P 00000000597EFA38
P 000000005BD4E6B8
C 426
R
P 00000000597EFA38
C 294
R
P 00000000597EFA38
P 000000005BD4E6B8
C 428
= 000000005BD62CE8
R
P 00000000597EFA38
C 294
R
P 00000000597EFA38
P 000000005BD62CE8
C 247
R
P 00000000597EFA38
C 294
R
P 00000000597EFA38
P 000000005BD62CE8
C 279
R
P 00000000597EFA38
C 294
R
P 00000000597EFA38
P 000000005A41E928
C 173
R
P 00000000597EFA38
C 294
R
P 00000000597EFA38
P 000000005A41E928
U 0
C 175
= 000000005B474488
R
P 00000000597EFA38
C 294
R
P 00000000597EFA38
P 000000005B474488
C 9
R
P 00000000597EFA38
C 294
R
P 00000000597EFA38
P 000000005A41E928
U 1
C 175
= 000000005B978290
R
P 00000000597EFA38
C 294
R
P 00000000597EFA38
P 000000005B978290
C 9
R
P 00000000597EFA38
C 294
R
P 00000000597EFA38
P 000000005A41E928
U 2
C 175
= 000000005B474418
R
P 00000000597EFA38
C 294
R
P 00000000597EFA38
P 000000005B474418
C 9
R
P 00000000597EFA38
C 294
R
P 00000000597EFA38
P 000000005B474488
U 1
P 000000005A41E988
p 1
C 48
= 000000005B973EE8
R
P 00000000597EFA38
C 294
R
P 00000000597EFA38
P 000000005B973EE8
C 207
R
P 00000000597EFA38
C 294
R
P 00000000597EFA38
P 000000005B973EE8
C 204
= 000000005A41D928
R
P 00000000597EFA38
C 294
R
P 00000000597EFA38
P 000000005A41D928
C 165
R
P 00000000597EFA38
C 294
R
P 00000000597EFA38
P 000000005B973EE8
C 210
R
P 00000000597EFA38
C 294
R
P 00000000597EFA38
P 000000005B973EE8
C 209
R
P 00000000597EFA38
C 294
R
P 00000000597EFA38
P 000000005B973EE8
C 9
R
P 00000000597EFA38
C 294
R
P 00000000597EFA38
P 000000005B973EE8
C 56
= 000000005B973F18
R
P 00000000597EFA38
C 294
R
P 00000000597EFA38
P 000000005B973F18
C 9
R
P 00000000597EFA38
C 294
R
P 00000000597EFA38
P 000000005B973F18
C 275
R
P 00000000597EFA38
C 294
R
P 00000000597EFA38
C 410
= 000000005BD541F8
R
P 00000000597EFA38
C 294
R
P 00000000597EFA38
P 000000005BD541F8
C 417
R
P 00000000597EFA38
C 294
R
P 00000000597EFA38
C 13
= 000000005BD63258
R
P 00000000597EFA38
C 294
R
P 00000000597EFA38
P 000000005BD63258
C 14
R
P 00000000597EFA38
C 294
R
P 00000000597EFA38
S "mbqi"
C 29
R
P 00000000597EFA38
C 294
R
P 00000000597EFA38
P 000000005BD63258
$ |mbqi|
I 0
C 16
R
P 00000000597EFA38
C 294
R
P 00000000597EFA38
P 000000005BD541F8
P 000000005BD63258
C 416
R
P 00000000597EFA38
C 294
R
P 00000000597EFA38
P 000000005B973F18
C 56
= 000000005B973F78
R
P 00000000597EFA38
C 294
R
P 00000000597EFA38
P 000000005B973F78
C 9
R
P 00000000597EFA38
C 294
R
P 00000000597EFA38
P 000000005BD541F8
P 000000005B973F78
C 423
R
P 00000000597EFA38
C 294
R
P 00000000597EFA38
P 000000005BD541F8
C 426
R
P 00000000597EFA38
C 294
R
P 00000000597EFA38
P 000000005BD541F8
C 429
= 000000005A4230C8
R
P 00000000597EFA38
C 294
R
P 00000000597EFA38
P 000000005A4230C8
C 207
R
P 00000000597EFA38
C 294
R
P 00000000597EFA38
P 000000005A4230C8
C 204
= 000000005A41D948
R
P 00000000597EFA38
C 294
R
P 00000000597EFA38
P 000000005A41D948
C 165
R
P 00000000597EFA38
C 294
R
P 00000000597EFA38
P 000000005A4230C8
C 210
R
P 00000000597EFA38
C 294
R
P 00000000597EFA38
P 000000005A4230C8
C 209
R
P 00000000597EFA38
C 294
R
P 00000000597EFA38
P 000000005A4230C8
C 9
R
P 00000000597EFA38
C 294
R
P 00000000597EFA38
P 000000005A4230C8
C 275
R
P 00000000597EFA38
C 294
R
P 00000000597EFA38
S "fruity"
C 29
R
P 00000000597EFA38
C 294
R
P 00000000597EFA38
$ |fruity|
P 000000005A41E928
C 49
= 000000005A41E948
R
P 00000000597EFA38
C 294
R
P 00000000597EFA38
P 000000005A41E948
C 207
R
P 00000000597EFA38
C 294
R
P 00000000597EFA38
P 000000005A41E948
C 204
= 000000005A41E928
R
P 00000000597EFA38
C 294
R
P 00000000597EFA38
P 000000005A41E928
C 165
R
P 00000000597EFA38
C 294
R
P 00000000597EFA38
P 000000005A41E948
C 210
R
P 00000000597EFA38
C 294
R
P 00000000597EFA38
P 000000005A41E948
C 209
R
P 00000000597EFA38
C 294
R
P 00000000597EFA38
P 000000005A41E948
C 9
R
P 00000000597EFA38
C 294
R
P 00000000597EFA38
P 000000005A41E948
P 000000005A41E968
C 54
= 000000005B473EA0
R
P 00000000597EFA38
C 294
R
P 00000000597EFA38
P 000000005B473EA0
C 9
R
P 00000000597EFA38
C 294
R
P 00000000597EFA38
P 000000005A41E948
P 000000005A41EA68
C 54
= 000000005B9781E8
R
P 00000000597EFA38
C 294
R
P 00000000597EFA38
P 000000005B9781E8
C 9
R
P 00000000597EFA38
C 294
R
P 00000000597EFA38
P 000000005A41E948
P 000000005A41E988
C 54
= 000000005B978098
R
P 00000000597EFA38
C 294
R
P 00000000597EFA38
P 000000005B978098
C 9
R
P 00000000597EFA38
C 294
R
P 00000000597EFA38
U 3
P 000000005B473EA0
P 000000005B9781E8
P 000000005B978098
p 3
C 62
= 000000005B979098
R
P 00000000597EFA38
C 294
R
P 00000000597EFA38
P 000000005B979098
C 9
R
P 00000000597EFA38
C 294
R
P 00000000597EFA38
P 000000005B979098
C 275
R
P 00000000597EFA38
C 294
R
P 00000000597EFA38
C 410
= 000000005BD59DB8
R
P 00000000597EFA38
C 294
R
P 00000000597EFA38
P 000000005BD59DB8
C 417
R
P 00000000597EFA38
C 294
R
P 00000000597EFA38
C 13
= 000000005C0E7418
R
P 00000000597EFA38
C 294
R
P 00000000597EFA38
P 000000005C0E7418
C 14
R
P 00000000597EFA38
C 294
R
P 00000000597EFA38
S "mbqi"
C 29
R
P 00000000597EFA38
C 294
R
P 00000000597EFA38
P 000000005C0E7418
$ |mbqi|
I 0
C 16
R
P 00000000597EFA38
C 294
R
P 00000000597EFA38
P 000000005BD59DB8
P 000000005C0E7418
C 416
R
P 00000000597EFA38
C 294
R
P 00000000597EFA38
P 000000005B979098
C 56
= 000000005B973E58
R
P 00000000597EFA38
C 294
R
P 00000000597EFA38
P 000000005B973E58
C 9
R
P 00000000597EFA38
C 294
R
P 00000000597EFA38
P 000000005BD59DB8
P 000000005B973E58
C 423
R
P 00000000597EFA38
C 294
R
P 00000000597EFA38
P 000000005BD59DB8
C 426
R
P 00000000597EFA38
C 294
R
P 00000000597EFA38
P 000000005BD59DB8
C 429
= 000000005B979058
R
P 00000000597EFA38
C 294
R
P 00000000597EFA38
P 000000005B979058
C 207
R
P 00000000597EFA38
C 294
R
P 00000000597EFA38
P 000000005B979058
C 204
= 000000005A41D948
R
P 00000000597EFA38
C 294
R
P 00000000597EFA38
P 000000005A41D948
C 165
R
P 00000000597EFA38
C 294
R
P 00000000597EFA38
P 000000005B979058
C 210
R
P 00000000597EFA38
C 294
R
P 00000000597EFA38
P 000000005B979058
C 209
R
P 00000000597EFA38
C 294
R
P 00000000597EFA38
P 000000005B979058
C 9
R
P 00000000597EFA38
C 294
R
P 00000000597EFA38
P 000000005B979058
C 275
R
P 00000000597EFA38
C 294
M "ListExample"
R
P 00000000597EFA38
C 32
= 000000005A41D9E8
R
P 00000000597EFA38
C 294
R
P 00000000597EFA38
P 000000005A41D9E8
C 9
R
P 00000000597EFA38
C 294
R
P 00000000597EFA38
S "int_list"
C 29
R
P 00000000597EFA38
C 294
R
P 00000000597EFA38
$ |int_list|
P 000000005A41D9E8
P 0000000000000000
P 0000000000000000
P 0000000000000000
P 0000000000000000
P 0000000000000000
P 0000000000000000
C 39
= 000000005A41EA88
* 000000005B973CD8 3
* 000000005B977ED8 4
* 000000005B978E98 5
* 000000005B977F10 6
* 000000005B977F48 7
* 000000005B977F80 8
R
P 00000000597EFA38
C 294
R
P 00000000597EFA38
P 000000005A41EA88
C 207
R
P 00000000597EFA38
C 294
R
P 00000000597EFA38
P 000000005A41EA88
C 9
R
P 00000000597EFA38
C 294
R
P 00000000597EFA38
P 000000005A41EA88
U 0
C 174
= 000000005B973CD8
R
P 00000000597EFA38
C 294
R
P 00000000597EFA38
P 000000005B973CD8
C 9
R
P 00000000597EFA38
C 294
R
P 00000000597EFA38
P 000000005B973CD8
U 0
p 0
C 48
= 000000005A41EBA8
R
P 00000000597EFA38
C 294
R
P 00000000597EFA38
P 000000005A41EBA8
C 207
R
P 00000000597EFA38
C 294
R
P 00000000597EFA38
P 000000005A41EBA8
C 204
= 000000005A41EA88
R
P 00000000597EFA38
C 294
R
P 00000000597EFA38
P 000000005A41EA88
C 165
R
P 00000000597EFA38
C 294
R
P 00000000597EFA38
P 000000005A41EBA8
C 210
R
P 00000000597EFA38
C 294
R
P 00000000597EFA38
P 000000005A41EBA8
C 209
R
P 00000000597EFA38
C 294
R
P 00000000597EFA38
P 000000005A41EBA8
C 9
R
P 00000000597EFA38
C 294
R
P 00000000597EFA38
P 000000005A41EA88
U 1
C 174
= 000000005B978E98
R
P 00000000597EFA38
C 294
R
P 00000000597EFA38
P 000000005B978E98
C 9
R
P 00000000597EFA38
C 294
R
P 00000000597EFA38
I 1
P 000000005A41D9E8
C 144
= 000000005A41E528
R
P 00000000597EFA38
C 294
R
P 00000000597EFA38
P 000000005A41E528
C 9
R
P 00000000597EFA38
C 294
R
P 00000000597EFA38
P 000000005B978E98
U 2
P 000000005A41E528
P 000000005A41EBA8
p 2
C 48
= 000000005B977F80
R
P 00000000597EFA38
C 294
R
P 00000000597EFA38
P 000000005B977F80
C 207
R
P 00000000597EFA38
C 294
R
P 00000000597EFA38
P 000000005B977F80
C 204
= 000000005A41EA88
R
P 00000000597EFA38
C 294
R
P 00000000597EFA38
P 000000005A41EA88
C 165
R
P 00000000597EFA38
C 294
R
P 00000000597EFA38
P 000000005B977F80
C 210
R
P 00000000597EFA38
C 294
R
P 00000000597EFA38
P 000000005B977F80
C 209
R
P 00000000597EFA38
C 294
R
P 00000000597EFA38
P 000000005B977F80
C 9
R
P 00000000597EFA38
C 294
R
P 00000000597EFA38
P 000000005A41EA88
U 1
C 174
= 000000005B978E98
R
P 00000000597EFA38
C 294
R
P 00000000597EFA38
P 000000005B978E98
C 9
R
P 00000000597EFA38
C 294
R
P 00000000597EFA38
I 2
P 000000005A41D9E8
C 144
= 000000005A41EB88
R
P 00000000597EFA38
C 294
R
P 00000000597EFA38
P 000000005A41EB88
C 9
R
P 00000000597EFA38
C 294
R
P 00000000597EFA38
P 000000005B978E98
U 2
P 000000005A41EB88
P 000000005A41EBA8
p 2
C 48
= 000000005B977F48
R
P 00000000597EFA38
C 294
R
P 00000000597EFA38
P 000000005B977F48
C 207
R
P 00000000597EFA38
C 294
R
P 00000000597EFA38
P 000000005B977F48
C 204
= 000000005A41EA88
R
P 00000000597EFA38
C 294
R
P 00000000597EFA38
P 000000005A41EA88
C 165
R
P 00000000597EFA38
C 294
R
P 00000000597EFA38
P 000000005B977F48
C 210
R
P 00000000597EFA38
C 294
R
P 00000000597EFA38
P 000000005B977F48
C 209
R
P 00000000597EFA38
C 294
R
P 00000000597EFA38
P 000000005B977F48
C 9
R
P 00000000597EFA38
C 294
R
P 00000000597EFA38
P 000000005A41EBA8
P 000000005B977F80
C 54
= 000000005B977F10
R
P 00000000597EFA38
C 294
R
P 00000000597EFA38
P 000000005B977F10
C 9
R
P 00000000597EFA38
C 294
R
P 00000000597EFA38
P 000000005B977F10
C 56
= 000000005B973708
R
P 00000000597EFA38
C 294
R
P 00000000597EFA38
P 000000005B973708
C 9
R
P 00000000597EFA38
C 294
R
P 00000000597EFA38
P 000000005B973708
C 275
R
P 00000000597EFA38
C 294
R
P 00000000597EFA38
C 410
= 000000005C3AFE88
R
P 00000000597EFA38
C 294
R
P 00000000597EFA38
P 000000005C3AFE88
C 417
R
P 00000000597EFA38
C 294
R
P 00000000597EFA38
C 13
= 000000005C4A7FA8
R
P 00000000597EFA38
C 294
R
P 00000000597EFA38
P 000000005C4A7FA8
C 14
R
P 00000000597EFA38
C 294
R
P 00000000597EFA38
S "mbqi"
C 29
R
P 00000000597EFA38
C 294
R
P 00000000597EFA38
P 000000005C4A7FA8
$ |mbqi|
I 0
C 16
R
P 00000000597EFA38
C 294
R
P 00000000597EFA38
P 000000005C3AFE88
P 000000005C4A7FA8
C 416
R
P 00000000597EFA38
C 294
R
P 00000000597EFA38
P 000000005B973708
C 56
= 000000005A421408
R
P 00000000597EFA38
C 294
R
P 00000000597EFA38
P 000000005A421408
C 9
R
P 00000000597EFA38
C 294
R
P 00000000597EFA38
P 000000005C3AFE88
P 000000005A421408
C 423
R
P 00000000597EFA38
C 294
R
P 00000000597EFA38
P 000000005C3AFE88
C 426
R
P 00000000597EFA38
C 294
R
P 00000000597EFA38
P 000000005C3AFE88
C 429
= 000000005A423208
R
P 00000000597EFA38
C 294
R
P 00000000597EFA38
P 000000005A423208
C 207
R
P 00000000597EFA38
C 294
R
P 00000000597EFA38
P 000000005A423208
C 204
= 000000005A41D948
R
P 00000000597EFA38
C 294
R
P 00000000597EFA38
P 000000005A41D948
C 165
R
P 00000000597EFA38
C 294
R
P 00000000597EFA38
P 000000005A423208
C 210
R
P 00000000597EFA38
C 294
R
P 00000000597EFA38
P 000000005A423208
C 209
R
P 00000000597EFA38
C 294
R
P 00000000597EFA38
P 000000005A423208
C 9
R
P 00000000597EFA38
C 294
R
P 00000000597EFA38
P 000000005A423208
C 275
R
P 00000000597EFA38
C 294
R
P 00000000597EFA38
P 000000005B977F80
P 000000005B977F48
C 54
= 000000005B977D18
R
P 00000000597EFA38
C 294
R
P 00000000597EFA38
P 000000005B977D18
C 9
R
P 00000000597EFA38
C 294
R
P 00000000597EFA38
P 000000005B977D18
C 56
= 000000005B973C78
R
P 00000000597EFA38
C 294
R
P 00000000597EFA38
P 000000005B973C78
C 9
R
P 00000000597EFA38
C 294
R
P 00000000597EFA38
P 000000005B973C78
C 275
R
P 00000000597EFA38
C 294
R
P 00000000597EFA38
C 410
= 000000005C8373C8
R
P 00000000597EFA38
C 294
R
P 00000000597EFA38
P 000000005C8373C8
C 417
R
P 00000000597EFA38
C 294
R
P 00000000597EFA38
C 13
= 000000005C4A7FD8
R
P 00000000597EFA38
C 294
R
P 00000000597EFA38
P 000000005C4A7FD8
C 14
R
P 00000000597EFA38
C 294
R
P 00000000597EFA38
S "mbqi"
C 29
R
P 00000000597EFA38
C 294
R
P 00000000597EFA38
P 000000005C4A7FD8
$ |mbqi|
I 0
C 16
R
P 00000000597EFA38
C 294
R
P 00000000597EFA38
P 000000005C8373C8
P 000000005C4A7FD8
C 416
R
P 00000000597EFA38
C 294
R
P 00000000597EFA38
P 000000005B973C78
C 56
= 000000005B973CA8
R
P 00000000597EFA38
C 294
R
P 00000000597EFA38
P 000000005B973CA8
C 9
R
P 00000000597EFA38
C 294
R
P 00000000597EFA38
P 000000005C8373C8
P 000000005B973CA8
C 423
R
P 00000000597EFA38
C 294
R
P 00000000597EFA38
P 000000005C8373C8
C 426
R
P 00000000597EFA38
C 294
R
P 00000000597EFA38
P 000000005C8373C8
C 429
= 000000005B978F98
R
P 00000000597EFA38
C 294
R
P 00000000597EFA38
P 000000005B978F98
C 207
R
P 00000000597EFA38
C 294
R
P 00000000597EFA38
P 000000005B978F98
C 204
= 000000005A41D948
R
P 00000000597EFA38
C 294
R
P 00000000597EFA38
P 000000005A41D948
C 165
R
P 00000000597EFA38
C 294
R
P 00000000597EFA38
P 000000005B978F98
C 210
R
P 00000000597EFA38
C 294
R
P 00000000597EFA38
P 000000005B978F98
C 209
R
P 00000000597EFA38
C 294
R
P 00000000597EFA38
P 000000005B978F98
C 9
R
P 00000000597EFA38
C 294
R
P 00000000597EFA38
P 000000005B978F98
C 275
R
P 00000000597EFA38
C 294
R
P 00000000597EFA38
S "x"
C 29
R
P 00000000597EFA38
C 294
R
P 00000000597EFA38
$ |x|
P 000000005A41D9E8
C 49
= 000000005A41E648
R
P 00000000597EFA38
C 294
R
P 00000000597EFA38
P 000000005A41E648
C 207
R
P 00000000597EFA38
C 294
R
P 00000000597EFA38
P 000000005A41E648
C 204
= 000000005A41D9E8
R
P 00000000597EFA38
C 294
R
P 00000000597EFA38
P 000000005A41D9E8
C 165
R
P 00000000597EFA38
C 294
R
P 00000000597EFA38
P 000000005A41E648
C 210
R
P 00000000597EFA38
C 294
R
P 00000000597EFA38
P 000000005A41E648
C 209
R
P 00000000597EFA38
C 294
R
P 00000000597EFA38
P 000000005A41E648
C 9
R
P 00000000597EFA38
C 294
R
P 00000000597EFA38
S "y"
C 29
R
P 00000000597EFA38
C 294
R
P 00000000597EFA38
$ |y|
P 000000005A41D9E8
C 49
= 000000005A41E668
R
P 00000000597EFA38
C 294
R
P 00000000597EFA38
P 000000005A41E668
C 207
R
P 00000000597EFA38
C 294
R
P 00000000597EFA38
P 000000005A41E668
C 204
= 000000005A41D9E8
R
P 00000000597EFA38
C 294
R
P 00000000597EFA38
P 000000005A41D9E8
C 165
R
P 00000000597EFA38
C 294
R
P 00000000597EFA38
P 000000005A41E668
C 210
R
P 00000000597EFA38
C 294
R
P 00000000597EFA38
P 000000005A41E668
C 209
R
P 00000000597EFA38
C 294
R
P 00000000597EFA38
P 000000005A41E668
C 9
R
P 00000000597EFA38
C 294
R
P 00000000597EFA38
P 000000005A41EA88
U 1
C 174
= 000000005B978E98
R
P 00000000597EFA38
C 294
R
P 00000000597EFA38
P 000000005B978E98
C 9
R
P 00000000597EFA38
C 294
R
P 00000000597EFA38
P 000000005B978E98
U 2
P 000000005A41E648
P 000000005A41EBA8
p 2
C 48
= 000000005B977B58
R
P 00000000597EFA38
C 294
R
P 00000000597EFA38
P 000000005B977B58
C 207
R
P 00000000597EFA38
C 294
R
P 00000000597EFA38
P 000000005B977B58
C 204
= 000000005A41EA88
R
P 00000000597EFA38
C 294
R
P 00000000597EFA38
P 000000005A41EA88
C 165
R
P 00000000597EFA38
C 294
R
P 00000000597EFA38
P 000000005B977B58
C 210
R
P 00000000597EFA38
C 294
R
P 00000000597EFA38
P 000000005B977B58
C 209
R
P 00000000597EFA38
C 294
R
P 00000000597EFA38
P 000000005B977B58
C 9
R
P 00000000597EFA38
C 294
R
P 00000000597EFA38
P 000000005A41EA88
U 1
C 174
= 000000005B978E98
R
P 00000000597EFA38
C 294
R
P 00000000597EFA38
P 000000005B978E98
C 9
R
P 00000000597EFA38
C 294
R
P 00000000597EFA38
P 000000005B978E98
U 2
P 000000005A41E668
P 000000005A41EBA8
p 2
C 48
= 000000005B977928
R
P 00000000597EFA38
C 294
R
P 00000000597EFA38
P 000000005B977928
C 207
R
P 00000000597EFA38
C 294
R
P 00000000597EFA38
P 000000005B977928
C 204
= 000000005A41EA88
R
P 00000000597EFA38
C 294
R
P 00000000597EFA38
P 000000005A41EA88
C 165
R
P 00000000597EFA38
C 294
R
P 00000000597EFA38
P 000000005B977928
C 210
R
P 00000000597EFA38
C 294
R
P 00000000597EFA38
P 000000005B977928
C 209
R
P 00000000597EFA38
C 294
R
P 00000000597EFA38
P 000000005B977928
C 9
R
P 00000000597EFA38
C 294
R
P 00000000597EFA38
P 000000005B977B58
P 000000005B977928
C 54
= 000000005B977960
R
P 00000000597EFA38
C 294
R
P 00000000597EFA38
P 000000005B977960
C 9
R
P 00000000597EFA38
C 294
R
P 00000000597EFA38
P 000000005A41E648
P 000000005A41E668
C 54
= 000000005A425440
R
P 00000000597EFA38
C 294
R
P 00000000597EFA38
P 000000005A425440
C 9
R
P 00000000597EFA38
C 294
R
P 00000000597EFA38
P 000000005B977960
P 000000005A425440
C 59
= 000000005B977998
R
P 00000000597EFA38
C 294
R
P 00000000597EFA38
P 000000005B977998
C 9
R
P 00000000597EFA38
C 294
R
P 00000000597EFA38
P 000000005B977998
C 275
R
P 00000000597EFA38
C 294
R
P 00000000597EFA38
C 410
= 000000005C83CF08
R
P 00000000597EFA38
C 294
R
P 00000000597EFA38
P 000000005C83CF08
C 417
R
P 00000000597EFA38
C 294
R
P 00000000597EFA38
C 13
= 000000005C848498
R
P 00000000597EFA38
C 294
R
P 00000000597EFA38
P 000000005C848498
C 14
R
P 00000000597EFA38
C 294
R
P 00000000597EFA38
S "mbqi"
C 29
R
P 00000000597EFA38
C 294
R
P 00000000597EFA38
P 000000005C848498
$ |mbqi|
I 0
C 16
R
P 00000000597EFA38
C 294
R
P 00000000597EFA38
P 000000005C83CF08
P 000000005C848498
C 416
R
P 00000000597EFA38
C 294
R
P 00000000597EFA38
P 000000005B977998
C 56
= 000000005B973A38
R
P 00000000597EFA38
C 294
R
P 00000000597EFA38
P 000000005B973A38
C 9
R
P 00000000597EFA38
C 294
R
P 00000000597EFA38
P 000000005C83CF08
P 000000005B973A38
C 423
R
P 00000000597EFA38
C 294
R
P 00000000597EFA38
P 000000005C83CF08
C 426
R
P 00000000597EFA38
C 294
R
P 00000000597EFA38
P 000000005C83CF08
C 429
= 000000005B978E58
R
P 00000000597EFA38
C 294
R
P 00000000597EFA38
P 000000005B978E58
C 207
R
P 00000000597EFA38
C 294
R
P 00000000597EFA38
P 000000005B978E58
C 204
= 000000005A41D948
R
P 00000000597EFA38
C 294
R
P 00000000597EFA38
P 000000005A41D948
C 165
R
P 00000000597EFA38
C 294
R
P 00000000597EFA38
P 000000005B978E58
C 210
R
P 00000000597EFA38
C 294
R
P 00000000597EFA38
P 000000005B978E58
C 209
R
P 00000000597EFA38
C 294
R
P 00000000597EFA38
P 000000005B978E58
C 9
R
P 00000000597EFA38
C 294
R
P 00000000597EFA38
P 000000005B978E58
C 275
R
P 00000000597EFA38
C 294
R
P 00000000597EFA38
S "u"
C 29
R
P 00000000597EFA38
C 294
R
P 00000000597EFA38
$ |u|
P 000000005A41EA88
C 49
= 000000005A41EB28
R
P 00000000597EFA38
C 294
R
P 00000000597EFA38
P 000000005A41EB28
C 207
R
P 00000000597EFA38
C 294
R
P 00000000597EFA38
P 000000005A41EB28
C 204
= 000000005A41EA88
R
P 00000000597EFA38
C 294
R
P 00000000597EFA38
P 000000005A41EA88
C 165
R
P 00000000597EFA38
C 294
R
P 00000000597EFA38
P 000000005A41EB28
C 210
R
P 00000000597EFA38
C 294
R
P 00000000597EFA38
P 000000005A41EB28
C 209
R
P 00000000597EFA38
C 294
R
P 00000000597EFA38
P 000000005A41EB28
C 9
R
P 00000000597EFA38
C 294
R
P 00000000597EFA38
S "v"
C 29
R
P 00000000597EFA38
C 294
R
P 00000000597EFA38
$ |v|
P 000000005A41EA88
C 49
= 000000005A41EB68
R
P 00000000597EFA38
C 294
R
P 00000000597EFA38
P 000000005A41EB68
C 207
R
P 00000000597EFA38
C 294
R
P 00000000597EFA38
P 000000005A41EB68
C 204
= 000000005A41EA88
R
P 00000000597EFA38
C 294
R
P 00000000597EFA38
P 000000005A41EA88
C 165
R
P 00000000597EFA38
C 294
R
P 00000000597EFA38
P 000000005A41EB68
C 210
R
P 00000000597EFA38
C 294
R
P 00000000597EFA38
P 000000005A41EB68
C 209
R
P 00000000597EFA38
C 294
R
P 00000000597EFA38
P 000000005A41EB68
C 9
R
P 00000000597EFA38
C 294
R
P 00000000597EFA38
P 000000005A41EA88
U 1
C 174
= 000000005B978E98
R
P 00000000597EFA38
C 294
R
P 00000000597EFA38
P 000000005B978E98
C 9
R
P 00000000597EFA38
C 294
R
P 00000000597EFA38
P 000000005B978E98
U 2
P 000000005A41E648
P 000000005A41EB28
p 2
C 48
= 000000005B473960
R
P 00000000597EFA38
C 294
R
P 00000000597EFA38
P 000000005B473960
C 207
R
P 00000000597EFA38
C 294
R
P 00000000597EFA38
P 000000005B473960
C 204
= 000000005A41EA88
R
P 00000000597EFA38
C 294
R
P 00000000597EFA38
P 000000005A41EA88
C 165
R
P 00000000597EFA38
C 294
R
P 00000000597EFA38
P 000000005B473960
C 210
R
P 00000000597EFA38
C 294
R
P 00000000597EFA38
P 000000005B473960
C 209
R
P 00000000597EFA38
C 294
R
P 00000000597EFA38
P 000000005B473960
C 9
R
P 00000000597EFA38
C 294
R
P 00000000597EFA38
P 000000005A41EA88
U 1
C 174
= 000000005B978E98
R
P 00000000597EFA38
C 294
R
P 00000000597EFA38
P 000000005B978E98
C 9
R
P 00000000597EFA38
C 294
R
P 00000000597EFA38
P 000000005B978E98
U 2
P 000000005A41E668
P 000000005A41EB68
p 2
C 48
= 000000005B977650
R
P 00000000597EFA38
C 294
R
P 00000000597EFA38
P 000000005B977650
C 207
R
P 00000000597EFA38
C 294
R
P 00000000597EFA38
P 000000005B977650
C 204
= 000000005A41EA88
R
P 00000000597EFA38
C 294
R
P 00000000597EFA38
P 000000005A41EA88
C 165
R
P 00000000597EFA38
C 294
R
P 00000000597EFA38
P 000000005B977650
C 210
R
P 00000000597EFA38
C 294
R
P 00000000597EFA38
P 000000005B977650
C 209
R
P 00000000597EFA38
C 294
R
P 00000000597EFA38
P 000000005B977650
C 9
R
P 00000000597EFA38
C 294
R
P 00000000597EFA38
P 000000005B473960
P 000000005B977650
C 54
= 000000005B977688
R
P 00000000597EFA38
C 294
R
P 00000000597EFA38
P 000000005B977688
C 9
R
P 00000000597EFA38
C 294
R
P 00000000597EFA38
P 000000005A41EB28
P 000000005A41EB68
C 54
= 000000005B977500
R
P 00000000597EFA38
C 294
R
P 00000000597EFA38
P 000000005B977500
C 9
R
P 00000000597EFA38
C 294
R
P 00000000597EFA38
P 000000005B977688
P 000000005B977500
C 59
= 000000005B977538
R
P 00000000597EFA38
C 294
R
P 00000000597EFA38
P 000000005B977538
C 9
R
P 00000000597EFA38
C 294
R
P 00000000597EFA38
P 000000005B977538
C 275
R
P 00000000597EFA38
C 294
R
P 00000000597EFA38
C 410
= 000000005C842AC8
R
P 00000000597EFA38
C 294
R
P 00000000597EFA38
P 000000005C842AC8
C 417
R
P 00000000597EFA38
C 294
R
P 00000000597EFA38
C 13
= 000000005C8538F8
R
P 00000000597EFA38
C 294
R
P 00000000597EFA38
P 000000005C8538F8
C 14
R
P 00000000597EFA38
C 294
R
P 00000000597EFA38
S "mbqi"
C 29
R
P 00000000597EFA38
C 294
R
P 00000000597EFA38
P 000000005C8538F8
$ |mbqi|
I 0
C 16
R
P 00000000597EFA38
C 294
R
P 00000000597EFA38
P 000000005C842AC8
P 000000005C8538F8
C 416
R
P 00000000597EFA38
C 294
R
P 00000000597EFA38
P 000000005B977538
C 56
= 000000005B9739D8
R
P 00000000597EFA38
C 294
R
P 00000000597EFA38
P 000000005B9739D8
C 9
R
P 00000000597EFA38
C 294
R
P 00000000597EFA38
P 000000005C842AC8
P 000000005B9739D8
C 423
R
P 00000000597EFA38
C 294
R
P 00000000597EFA38
P 000000005C842AC8
C 426
R
P 00000000597EFA38
C 294
R
P 00000000597EFA38
P 000000005C842AC8
C 429
= 000000005A423808
R
P 00000000597EFA38
C 294
R
P 00000000597EFA38
P 000000005A423808
C 207
R
P 00000000597EFA38
C 294
R
P 00000000597EFA38
P 000000005A423808
C 204
= 000000005A41D948
R
P 00000000597EFA38
C 294
R
P 00000000597EFA38
P 000000005A41D948
C 165
R
P 00000000597EFA38
C 294
R
P 00000000597EFA38
P 000000005A423808
C 210
R
P 00000000597EFA38
C 294
R
P 00000000597EFA38
P 000000005A423808
C 209
R
P 00000000597EFA38
C 294
R
P 00000000597EFA38
P 000000005A423808
C 9
R
P 00000000597EFA38
C 294
R
P 00000000597EFA38
P 000000005A423808
C 275
R
P 00000000597EFA38
C 294
R
P 00000000597EFA38
P 000000005B473960
P 000000005B977650
C 54
= 000000005B977688
R
P 00000000597EFA38
C 294
R
P 00000000597EFA38
P 000000005B977688
C 9
R
P 00000000597EFA38
C 294
R
P 00000000597EFA38
P 000000005A41E648
P 000000005A41E668
C 54
= 000000005A425440
R
P 00000000597EFA38
C 294
R
P 00000000597EFA38
P 000000005A425440
C 9
R
P 00000000597EFA38
C 294
R
P 00000000597EFA38
P 000000005B977688
P 000000005A425440
C 59
= 000000005B977340
R
P 00000000597EFA38
C 294
R
P 00000000597EFA38
P 000000005B977340
C 9
R
P 00000000597EFA38
C 294
R
P 00000000597EFA38
P 000000005B977340
C 275
R
P 00000000597EFA38
C 294
R
P 00000000597EFA38
C 410
= 000000005CF3B6F8
R
P 00000000597EFA38
C 294
R
P 00000000597EFA38
P 000000005CF3B6F8
C 417
R
P 00000000597EFA38
C 294
R
P 00000000597EFA38
C 13
= 000000005CBF3368
R
P 00000000597EFA38
C 294
R
P 00000000597EFA38
P 000000005CBF3368
C 14
R
P 00000000597EFA38
C 294
R
P 00000000597EFA38
S "mbqi"
C 29
R
P 00000000597EFA38
C 294
R
P 00000000597EFA38
P 000000005CBF3368
$ |mbqi|
I 0
C 16
R
P 00000000597EFA38
C 294
R
P 00000000597EFA38
P 000000005CF3B6F8
P 000000005CBF3368
C 416
R
P 00000000597EFA38
C 294
R
P 00000000597EFA38
P 000000005B977340
C 56
= 000000005B9737C8
R
P 00000000597EFA38
C 294
R
P 00000000597EFA38
P 000000005B9737C8
C 9
R
P 00000000597EFA38
C 294
R
P 00000000597EFA38
P 000000005CF3B6F8
P 000000005B9737C8
C 423
R
P 00000000597EFA38
C 294
R
P 00000000597EFA38
P 000000005CF3B6F8
C 426
R
P 00000000597EFA38
C 294
R
P 00000000597EFA38
P 000000005CF3B6F8
C 429
= 000000005A422F08
R
P 00000000597EFA38
C 294
R
P 00000000597EFA38
P 000000005A422F08
C 207
R
P 00000000597EFA38
C 294
R
P 00000000597EFA38
P 000000005A422F08
C 204
= 000000005A41D948
R
P 00000000597EFA38
C 294
R
P 00000000597EFA38
P 000000005A41D948
C 165
R
P 00000000597EFA38
C 294
R
P 00000000597EFA38
P 000000005A422F08
C 210
R
P 00000000597EFA38
C 294
R
P 00000000597EFA38
P 000000005A422F08
C 209
R
P 00000000597EFA38
C 294
R
P 00000000597EFA38
P 000000005A422F08
C 9
R
P 00000000597EFA38
C 294
R
P 00000000597EFA38
P 000000005A422F08
C 275
R
P 00000000597EFA38
C 294
R
P 00000000597EFA38
P 000000005A41EA88
U 0
C 175
= 000000005B976FC0
R
P 00000000597EFA38
C 294
R
P 00000000597EFA38
P 000000005B976FC0
C 9
R
P 00000000597EFA38
C 294
R
P 00000000597EFA38
P 000000005B976FC0
U 1
P 000000005A41EB28
p 1
C 48
= 000000005A421498
R
P 00000000597EFA38
C 294
R
P 00000000597EFA38
P 000000005A421498
C 207
R
P 00000000597EFA38
C 294
R
P 00000000597EFA38
P 000000005A421498
C 204
= 000000005A41D928
R
P 00000000597EFA38
C 294
R
P 00000000597EFA38
P 000000005A41D928
C 165
R
P 00000000597EFA38
C 294
R
P 00000000597EFA38
P 000000005A421498
C 210
R
P 00000000597EFA38
C 294
R
P 00000000597EFA38
P 000000005A421498
C 209
R
P 00000000597EFA38
C 294
R
P 00000000597EFA38
P 000000005A421498
C 9
R
P 00000000597EFA38
C 294
R
P 00000000597EFA38
P 000000005A41EA88
U 1
C 175
= 000000005B977030
R
P 00000000597EFA38
C 294
R
P 00000000597EFA38
P 000000005B977030
C 9
R
P 00000000597EFA38
C 294
R
P 00000000597EFA38
P 000000005B977030
U 1
P 000000005A41EB28
p 1
C 48
= 000000005B973828
R
P 00000000597EFA38
C 294
R
P 00000000597EFA38
P 000000005B973828
C 207
R
P 00000000597EFA38
C 294
R
P 00000000597EFA38
P 000000005B973828
C 204
= 000000005A41D928
R
P 00000000597EFA38
C 294
R
P 00000000597EFA38
P 000000005A41D928
C 165
R
P 00000000597EFA38
C 294
R
P 00000000597EFA38
P 000000005B973828
C 210
R
P 00000000597EFA38
C 294
R
P 00000000597EFA38
P 000000005B973828
C 209
R
P 00000000597EFA38
C 294
R
P 00000000597EFA38
P 000000005B973828
C 9
R
P 00000000597EFA38
C 294
R
P 00000000597EFA38
U 2
P 000000005A421498
P 000000005B973828
p 2
C 62
= 000000005B4737D8
R
P 00000000597EFA38
C 294
R
P 00000000597EFA38
P 000000005B4737D8
C 9
R
P 00000000597EFA38
C 294
R
P 00000000597EFA38
P 000000005B4737D8
C 275
R
P 00000000597EFA38
C 294
R
P 00000000597EFA38
C 410
= 000000005CF41238
R
P 00000000597EFA38
C 294
R
P 00000000597EFA38
P 000000005CF41238
C 417
R
P 00000000597EFA38
C 294
R
P 00000000597EFA38
C 13
= 000000005CF8D858
R
P 00000000597EFA38
C 294
R
P 00000000597EFA38
P 000000005CF8D858
C 14
R
P 00000000597EFA38
C 294
R
P 00000000597EFA38
S "mbqi"
C 29
R
P 00000000597EFA38
C 294
R
P 00000000597EFA38
P 000000005CF8D858
$ |mbqi|
I 0
C 16
R
P 00000000597EFA38
C 294
R
P 00000000597EFA38
P 000000005CF41238
P 000000005CF8D858
C 416
R
P 00000000597EFA38
C 294
R
P 00000000597EFA38
P 000000005B4737D8
C 56
= 000000005A4213D8
R
P 00000000597EFA38
C 294
R
P 00000000597EFA38
P 000000005A4213D8
C 9
R
P 00000000597EFA38
C 294
R
P 00000000597EFA38
P 000000005CF41238
P 000000005A4213D8
C 423
R
P 00000000597EFA38
C 294
R
P 00000000597EFA38
P 000000005CF41238
C 426
R
P 00000000597EFA38
C 294
R
P 00000000597EFA38
P 000000005CF41238
C 429
= 000000005A423688
R
P 00000000597EFA38
C 294
R
P 00000000597EFA38
P 000000005A423688
C 207
R
P 00000000597EFA38
C 294
R
P 00000000597EFA38
P 000000005A423688
C 204
= 000000005A41D948
R
P 00000000597EFA38
C 294
R
P 00000000597EFA38
P 000000005A41D948
C 165
R
P 00000000597EFA38
C 294
R
P 00000000597EFA38
P 000000005A423688
C 210
R
P 00000000597EFA38
C 294
R
P 00000000597EFA38
P 000000005A423688
C 209
R
P 00000000597EFA38
C 294
R
P 00000000597EFA38
P 000000005A423688
C 9
R
P 00000000597EFA38
C 294
R
P 00000000597EFA38
P 000000005A423688
C 275
R
P 00000000597EFA38
C 294
R
P 00000000597EFA38
P 000000005A41EB28
P 000000005B473960
C 54
= 000000005B474C68
R
P 00000000597EFA38
C 294
R
P 00000000597EFA38
P 000000005B474C68
C 9
R
P 00000000597EFA38
C 294
R
P 00000000597EFA38
P 000000005B474C68
C 56
= 000000005B973678
R
P 00000000597EFA38
C 294
R
P 00000000597EFA38
P 000000005B973678
C 9
R
P 00000000597EFA38
C 294
R
P 00000000597EFA38
P 000000005B973678
C 275
R
P 00000000597EFA38
C 294
R
P 00000000597EFA38
C 410
= 000000005CF46CB8
R
P 00000000597EFA38
C 294
R
P 00000000597EFA38
P 000000005CF46CB8
C 417
R
P 00000000597EFA38
C 294
R
P 00000000597EFA38
C 13
= 000000005D2DBB78
R
P 00000000597EFA38
C 294
R
P 00000000597EFA38
P 000000005D2DBB78
C 14
R
P 00000000597EFA38
C 294
R
P 00000000597EFA38
S "mbqi"
C 29
R
P 00000000597EFA38
C 294
R
P 00000000597EFA38
P 000000005D2DBB78
$ |mbqi|
I 0
C 16
R
P 00000000597EFA38
C 294
R
P 00000000597EFA38
P 000000005CF46CB8
P 000000005D2DBB78
C 416
R
P 00000000597EFA38
C 294
R
P 00000000597EFA38
P 000000005B973678
C 56
= 000000005B9736A8
R
P 00000000597EFA38
C 294
R
P 00000000597EFA38
P 000000005B9736A8
C 9
R
P 00000000597EFA38
C 294
R
P 00000000597EFA38
P 000000005CF46CB8
P 000000005B9736A8
C 423
R
P 00000000597EFA38
C 294
R
P 00000000597EFA38
P 000000005CF46CB8
C 426
R
P 00000000597EFA38
C 294
R
P 00000000597EFA38
P 000000005CF46CB8
C 429
= 000000005B474BF8
R
P 00000000597EFA38
C 294
R
P 00000000597EFA38
P 000000005B474BF8
C 207
R
P 00000000597EFA38
C 294
R
P 00000000597EFA38
P 000000005B474BF8
C 204
= 000000005A41D948
R
P 00000000597EFA38
C 294
R
P 00000000597EFA38
P 000000005A41D948
C 165
R
P 00000000597EFA38
C 294
R
P 00000000597EFA38
P 000000005B474BF8
C 210
R
P 00000000597EFA38
C 294
R
P 00000000597EFA38
P 000000005B474BF8
C 209
R
P 00000000597EFA38
C 294
R
P 00000000597EFA38
P 000000005B474BF8
C 9
R
P 00000000597EFA38
C 294
R
P 00000000597EFA38
P 000000005B474BF8
C 275
R
P 00000000597EFA38
C 294
R
P 00000000597EFA38
P 000000005A41EA88
U 1
C 174
= 000000005B978E98
R
P 00000000597EFA38
C 294
R
P 00000000597EFA38
P 000000005B978E98
C 9
R
P 00000000597EFA38
C 294
R
P 00000000597EFA38
P 000000005A41EA88
U 1
U 0
C 176
= 000000005B976E00
R
P 00000000597EFA38
C 294
R
P 00000000597EFA38
P 000000005B976E00
C 9
R
P 00000000597EFA38
C 294
R
P 00000000597EFA38
P 000000005B976E00
U 1
P 000000005A41EB28
p 1
C 48
= 000000005B973588
R
P 00000000597EFA38
C 294
R
P 00000000597EFA38
P 000000005B973588
C 207
R
P 00000000597EFA38
C 294
R
P 00000000597EFA38
P 000000005B973588
C 204
= 000000005A41D9E8
R
P 00000000597EFA38
C 294
R
P 00000000597EFA38
P 000000005A41D9E8
C 165
R
P 00000000597EFA38
C 294
R
P 00000000597EFA38
P 000000005B973588
C 210
R
P 00000000597EFA38
C 294
R
P 00000000597EFA38
P 000000005B973588
C 209
R
P 00000000597EFA38
C 294
R
P 00000000597EFA38
P 000000005B973588
C 9
R
P 00000000597EFA38
C 294
R
P 00000000597EFA38
P 000000005A41EA88
U 1
U 1
C 176
= 000000005B474C30
R
P 00000000597EFA38
C 294
R
P 00000000597EFA38
P 000000005B474C30
C 9
R
P 00000000597EFA38
C 294
R
P 00000000597EFA38
P 000000005B474C30
U 1
P 000000005A41EB28
p 1
C 48
= 000000005B973558
R
P 00000000597EFA38
C 294
R
P 00000000597EFA38
P 000000005B973558
C 207
R
P 00000000597EFA38
C 294
R
P 00000000597EFA38
P 000000005B973558
C 204
= 000000005A41EA88
R
P 00000000597EFA38
C 294
R
P 00000000597EFA38
P 000000005A41EA88
C 165
R
P 00000000597EFA38
C 294
R
P 00000000597EFA38
P 000000005B973558
C 210
R
P 00000000597EFA38
C 294
R
P 00000000597EFA38
P 000000005B973558
C 209
R
P 00000000597EFA38
C 294
R
P 00000000597EFA38
P 000000005B973558
C 9
R
P 00000000597EFA38
C 294
R
P 00000000597EFA38
P 000000005B978E98
U 2
P 000000005B973588
P 000000005B973558
p 2
C 48
= 000000005B474CA0
R
P 00000000597EFA38
C 294
R
P 00000000597EFA38
P 000000005B474CA0
C 207
R
P 00000000597EFA38
C 294
R
P 00000000597EFA38
P 000000005B474CA0
C 204
= 000000005A41EA88
R
P 00000000597EFA38
C 294
R
P 00000000597EFA38
P 000000005A41EA88
C 165
R
P 00000000597EFA38
C 294
R
P 00000000597EFA38
P 000000005B474CA0
C 210
R
P 00000000597EFA38
C 294
R
P 00000000597EFA38
P 000000005B474CA0
C 209
R
P 00000000597EFA38
C 294
R
P 00000000597EFA38
P 000000005B474CA0
C 9
R
P 00000000597EFA38
C 294
R
P 00000000597EFA38
P 000000005A41EB28
P 000000005B474CA0
C 54
= 000000005B474CD8
R
P 00000000597EFA38
C 294
R
P 00000000597EFA38
P 000000005B474CD8
C 9
R
P 00000000597EFA38
C 294
R
P 00000000597EFA38
P 000000005A41EA88
U 1
C 175
= 000000005B977030
R
P 00000000597EFA38
C 294
R
P 00000000597EFA38
P 000000005B977030
C 9
R
P 00000000597EFA38
C 294
R
P 00000000597EFA38
P 000000005B977030
U 1
P 000000005A41EB28
p 1
C 48
= 000000005B973828
R
P 00000000597EFA38
C 294
R
P 00000000597EFA38
P 000000005B973828
C 207
R
P 00000000597EFA38
C 294
R
P 00000000597EFA38
P 000000005B973828
C 204
= 000000005A41D928
R
P 00000000597EFA38
C 294
R
P 00000000597EFA38
P 000000005A41D928
C 165
R
P 00000000597EFA38
C 294
R
P 00000000597EFA38
P 000000005B973828
C 210
R
P 00000000597EFA38
C 294
R
P 00000000597EFA38
P 000000005B973828
C 209
R
P 00000000597EFA38
C 294
R
P 00000000597EFA38
P 000000005B973828
C 9
R
P 00000000597EFA38
C 294
R
P 00000000597EFA38
P 000000005B973828
P 000000005B474CD8
C 59
= 000000005B474BC0
R
P 00000000597EFA38
C 294
R
P 00000000597EFA38
P 000000005B474BC0
C 9
R
P 00000000597EFA38
C 294
R
P 00000000597EFA38
P 000000005B474BC0
C 275
R
P 00000000597EFA38
C 294
R
P 00000000597EFA38
P 000000005B474BC0
C 275
R
P 00000000597EFA38
C 294
R
P 00000000597EFA38
C 410
= 000000005D6238D8
R
P 00000000597EFA38
C 294
R
P 00000000597EFA38
P 000000005D6238D8
C 417
R
P 00000000597EFA38
C 294
R
P 00000000597EFA38
C 13
= 000000005D69EA98
R
P 00000000597EFA38
C 294
R
P 00000000597EFA38
P 000000005D69EA98
C 14
R
P 00000000597EFA38
C 294
R
P 00000000597EFA38
S "mbqi"
C 29
R
P 00000000597EFA38
C 294
R
P 00000000597EFA38
P 000000005D69EA98
$ |mbqi|
I 0
C 16
R
P 00000000597EFA38
C 294
R
P 00000000597EFA38
P 000000005D6238D8
P 000000005D69EA98
C 416
R
P 00000000597EFA38
C 294
R
P 00000000597EFA38
P 000000005B474BC0
C 56
= 000000005B9735B8
R
P 00000000597EFA38
C 294
R
P 00000000597EFA38
P 000000005B9735B8
C 9
R
P 00000000597EFA38
C 294
R
P 00000000597EFA38
P 000000005D6238D8
P 000000005B9735B8
C 423
R
P 00000000597EFA38
C 294
R
P 00000000597EFA38
P 000000005D6238D8
C 426
R
P 00000000597EFA38
C 294
R
P 00000000597EFA38
P 000000005D6238D8
C 429
= 000000005A423608
R
P 00000000597EFA38
C 294
R
P 00000000597EFA38
P 000000005A423608
C 207
R
P 00000000597EFA38
C 294
R
P 00000000597EFA38
P 000000005A423608
C 204
= 000000005A41D948
R
P 00000000597EFA38
C 294
R
P 00000000597EFA38
P 000000005A41D948
C 165
R
P 00000000597EFA38
C 294
R
P 00000000597EFA38
P 000000005A423608
C 210
R
P 00000000597EFA38
C 294
R
P 00000000597EFA38
P 000000005A423608
C 209
R
P 00000000597EFA38
C 294
R
P 00000000597EFA38
P 000000005A423608
C 9
R
P 00000000597EFA38
C 294
R
P 00000000597EFA38
P 000000005A423608
C 275
R
P 00000000597EFA38
C 294
R
P 00000000597EFA38
P 000000005B474CD8
C 275
R
P 00000000597EFA38
C 294
R
P 00000000597EFA38
C 410
= 000000005D97EA58
R
P 00000000597EFA38
C 294
R
P 00000000597EFA38
P 000000005D97EA58
C 417
R
P 00000000597EFA38
C 294
R
P 00000000597EFA38
C 13
= 000000005D69F218
R
P 00000000597EFA38
C 294
R
P 00000000597EFA38
P 000000005D69F218
C 14
R
P 00000000597EFA38
C 294
R
P 00000000597EFA38
S "mbqi"
C 29
R
P 00000000597EFA38
C 294
R
P 00000000597EFA38
P 000000005D69F218
$ |mbqi|
I 0
C 16
R
P 00000000597EFA38
C 294
R
P 00000000597EFA38
P 000000005D97EA58
P 000000005D69F218
C 416
R
P 00000000597EFA38
C 294
R
P 00000000597EFA38
P 000000005B474CD8
C 56
= 000000005B973468
R
P 00000000597EFA38
C 294
R
P 00000000597EFA38
P 000000005B973468
C 9
R
P 00000000597EFA38
C 294
R
P 00000000597EFA38
P 000000005D97EA58
P 000000005B973468
C 423
R
P 00000000597EFA38
C 294
R
P 00000000597EFA38
P 000000005D97EA58
C 426
R
P 00000000597EFA38
C 294
R
P 00000000597EFA38
P 000000005D97EA58
C 428
= 000000005D9F3208
R
P 00000000597EFA38
C 294
R
P 00000000597EFA38
P 000000005D9F3208
C 247
R
P 00000000597EFA38
C 294
R
P 00000000597EFA38
P 000000005D9F3208
C 279
R
P 00000000597EFA38
C 294
M "TreeExample"
R
P 00000000597EFA38
S "nil"
C 29
R
P 00000000597EFA38
C 294
R
P 00000000597EFA38
S "is_nil"
C 29
R
P 00000000597EFA38
C 294
R
P 00000000597EFA38
$ |nil|
$ |is_nil|
U 0
s 0
p 0
u 0
C 40
= 000000005D327E08
R
P 00000000597EFA38
C 294
R
P 00000000597EFA38
S "cons"
C 29
R
P 00000000597EFA38
C 294
R
P 00000000597EFA38
S "is_cons"
C 29
R
P 00000000597EFA38
C 294
R
P 00000000597EFA38
S "car"
C 29
R
P 00000000597EFA38
C 294
R
P 00000000597EFA38
S "cdr"
C 29
R
P 00000000597EFA38
C 294
R
P 00000000597EFA38
$ |cons|
$ |is_cons|
U 2
$ |car|
$ |cdr|
s 2
P 0000000000000000
P 0000000000000000
p 2
U 0
U 0
u 2
C 40
= 000000005D328088
R
P 00000000597EFA38
C 294
R
P 00000000597EFA38
S "cell"
C 29
R
P 00000000597EFA38
C 294
R
P 00000000597EFA38
$ |cell|
U 2
P 000000005D327E08
P 000000005D328088
p 2
C 42
= 000000005A41EA28
@ 000000005D327E08 3 0
@ 000000005D328088 3 1
R
P 00000000597EFA38
C 294
R
P 00000000597EFA38
P 000000005A41EA28
C 9
R
P 00000000597EFA38
C 294
R
P 00000000597EFA38
P 000000005D327E08
U 0
P 0000000000000000
P 0000000000000000
p 0
C 46
* 000000005B973498 3
* 000000005B474A38 4
R
P 00000000597EFA38
C 294
R
P 00000000597EFA38
P 000000005B973498
C 9
R
P 00000000597EFA38
C 294
R
P 00000000597EFA38
P 000000005D327E08
U 0
P 0000000000000000
P 0000000000000000
p 0
C 46
* 000000005B973498 3
* 000000005B474A38 4
R
P 00000000597EFA38
C 294
R
P 00000000597EFA38
P 000000005B474A38
C 9
R
P 00000000597EFA38
C 294
R
P 00000000597EFA38
P 000000005D328088
U 2
P 0000000000000000
P 0000000000000000
P 0000000000000000
P 0000000000000000
p 2
C 46
* 000000005A4235C8 3
* 000000005B474A00 4
@ 000000005B4748E8 5 0
@ 000000005B474920 5 1
R
P 00000000597EFA38
C 294
R
P 00000000597EFA38
P 000000005A4235C8
C 9
R
P 00000000597EFA38
C 294
R
P 00000000597EFA38
P 000000005D328088
U 2
P 0000000000000000
P 0000000000000000
P 0000000000000000
P 0000000000000000
p 2
C 46
* 000000005A4235C8 3
* 000000005B474920 4
@ 000000005B4748E8 5 0
@ 000000005B474A00 5 1
R
P 00000000597EFA38
C 294
R
P 00000000597EFA38
P 000000005B474920
C 9
R
P 00000000597EFA38
C 294
R
P 00000000597EFA38
P 000000005D328088
U 2
P 0000000000000000
P 0000000000000000
P 0000000000000000
P 0000000000000000
p 2
C 46
* 000000005A4235C8 3
* 000000005B474920 4
@ 000000005B474A00 5 0
@ 000000005B4748E8 5 1
R
P 00000000597EFA38
C 294
R
P 00000000597EFA38
P 000000005B474A00
C 9
R
P 00000000597EFA38
C 294
R
P 00000000597EFA38
P 000000005B4748E8
C 9
R
P 00000000597EFA38
C 294
R
P 00000000597EFA38
P 000000005B973498
U 0
p 0
C 48
= 000000005A41EB48
R
P 00000000597EFA38
C 294
R
P 00000000597EFA38
P 000000005A41EB48
C 207
R
P 00000000597EFA38
C 294
R
P 00000000597EFA38
P 000000005A41EB48
C 204
= 000000005A41EA28
R
P 00000000597EFA38
C 294
R
P 00000000597EFA38
P 000000005A41EA28
C 165
R
P 00000000597EFA38
C 294
R
P 00000000597EFA38
P 000000005A41EB48
C 210
R
P 00000000597EFA38
C 294
R
P 00000000597EFA38
P 000000005A41EB48
C 209
R
P 00000000597EFA38
C 294
R
P 00000000597EFA38
P 000000005A41EB48
C 9
R
P 00000000597EFA38
C 294
R
P 00000000597EFA38
P 000000005A4235C8
U 2
P 000000005A41EB48
P 000000005A41EB48
p 2
C 48
= 000000005B474958
R
P 00000000597EFA38
C 294
R
P 00000000597EFA38
P 000000005B474958
C 207
R
P 00000000597EFA38
C 294
R
P 00000000597EFA38
P 000000005B474958
C 204
= 000000005A41EA28
R
P 00000000597EFA38
C 294
R
P 00000000597EFA38
P 000000005A41EA28
C 165
R
P 00000000597EFA38
C 294
R
P 00000000597EFA38
P 000000005B474958
C 210
R
P 00000000597EFA38
C 294
R
P 00000000597EFA38
P 000000005B474958
C 209
R
P 00000000597EFA38
C 294
R
P 00000000597EFA38
P 000000005B474958
C 9
R
P 00000000597EFA38
C 294
R
P 00000000597EFA38
P 000000005A4235C8
U 2
P 000000005B474958
P 000000005A41EB48
p 2
C 48
= 000000005B474990
R
P 00000000597EFA38
C 294
R
P 00000000597EFA38
P 000000005B474990
C 207
R
P 00000000597EFA38
C 294
R
P 00000000597EFA38
P 000000005B474990
C 204
= 000000005A41EA28
R
P 00000000597EFA38
C 294
R
P 00000000597EFA38
P 000000005A41EA28
C 165
R
P 00000000597EFA38
C 294
R
P 00000000597EFA38
P 000000005B474990
C 210
R
P 00000000597EFA38
C 294
R
P 00000000597EFA38
P 000000005B474990
C 209
R
P 00000000597EFA38
C 294
R
P 00000000597EFA38
P 000000005B474990
C 9
R
P 00000000597EFA38
C 294
R
P 00000000597EFA38
P 000000005A41EB48
P 000000005B474958
C 54
= 000000005B473650
R
P 00000000597EFA38
C 294
R
P 00000000597EFA38
P 000000005B473650
C 9
R
P 00000000597EFA38
C 294
R
P 00000000597EFA38
P 000000005B473650
C 56
= 000000005B973318
R
P 00000000597EFA38
C 294
R
P 00000000597EFA38
P 000000005B973318
C 9
R
P 00000000597EFA38
C 294
R
P 00000000597EFA38
P 000000005B973318
C 275
R
P 00000000597EFA38
C 294
R
P 00000000597EFA38
C 410
= 000000005D984498
R
P 00000000597EFA38
C 294
R
P 00000000597EFA38
P 000000005D984498
C 417
R
P 00000000597EFA38
C 294
R
P 00000000597EFA38
C 13
= 000000005D9FE1B8
R
P 00000000597EFA38
C 294
R
P 00000000597EFA38
P 000000005D9FE1B8
C 14
R
P 00000000597EFA38
C 294
R
P 00000000597EFA38
S "mbqi"
C 29
R
P 00000000597EFA38
C 294
R
P 00000000597EFA38
P 000000005D9FE1B8
$ |mbqi|
I 0
C 16
R
P 00000000597EFA38
C 294
R
P 00000000597EFA38
P 000000005D984498
P 000000005D9FE1B8
C 416
R
P 00000000597EFA38
C 294
R
P 00000000597EFA38
P 000000005B973318
C 56
= 000000005B9732E8
R
P 00000000597EFA38
C 294
R
P 00000000597EFA38
P 000000005B9732E8
C 9
R
P 00000000597EFA38
C 294
R
P 00000000597EFA38
P 000000005D984498
P 000000005B9732E8
C 423
R
P 00000000597EFA38
C 294
R
P 00000000597EFA38
P 000000005D984498
C 426
R
P 00000000597EFA38
C 294
R
P 00000000597EFA38
P 000000005D984498
C 429
= 000000005A423508
R
P 00000000597EFA38
C 294
R
P 00000000597EFA38
P 000000005A423508
C 207
R
P 00000000597EFA38
C 294
R
P 00000000597EFA38
P 000000005A423508
C 204
= 000000005A41D948
R
P 00000000597EFA38
C 294
R
P 00000000597EFA38
P 000000005A41D948
C 165
R
P 00000000597EFA38
C 294
R
P 00000000597EFA38
P 000000005A423508
C 210
R
P 00000000597EFA38
C 294
R
P 00000000597EFA38
P 000000005A423508
C 209
R
P 00000000597EFA38
C 294
R
P 00000000597EFA38
P 000000005A423508
C 9
R
P 00000000597EFA38
C 294
R
P 00000000597EFA38
P 000000005A423508
C 275
R
P 00000000597EFA38
C 294
R
P 00000000597EFA38
S "u"
C 29
R
P 00000000597EFA38
C 294
R
P 00000000597EFA38
$ |u|
P 000000005A41EA28
C 49
= 000000005A41EAC8
R
P 00000000597EFA38
C 294
R
P 00000000597EFA38
P 000000005A41EAC8
C 207
R
P 00000000597EFA38
C 294
R
P 00000000597EFA38
P 000000005A41EAC8
C 204
= 000000005A41EA28
R
P 00000000597EFA38
C 294
R
P 00000000597EFA38
P 000000005A41EA28
C 165
R
P 00000000597EFA38
C 294
R
P 00000000597EFA38
P 000000005A41EAC8
C 210
R
P 00000000597EFA38
C 294
R
P 00000000597EFA38
P 000000005A41EAC8
C 209
R
P 00000000597EFA38
C 294
R
P 00000000597EFA38
P 000000005A41EAC8
C 9
R
P 00000000597EFA38
C 294
R
P 00000000597EFA38
S "v"
C 29
R
P 00000000597EFA38
C 294
R
P 00000000597EFA38
$ |v|
P 000000005A41EA28
C 49
= 000000005A41EAE8
R
P 00000000597EFA38
C 294
R
P 00000000597EFA38
P 000000005A41EAE8
C 207
R
P 00000000597EFA38
C 294
R
P 00000000597EFA38
P 000000005A41EAE8
C 204
= 000000005A41EA28
R
P 00000000597EFA38
C 294
R
P 00000000597EFA38
P 000000005A41EA28
C 165
R
P 00000000597EFA38
C 294
R
P 00000000597EFA38
P 000000005A41EAE8
C 210
R
P 00000000597EFA38
C 294
R
P 00000000597EFA38
P 000000005A41EAE8
C 209
R
P 00000000597EFA38
C 294
R
P 00000000597EFA38
P 000000005A41EAE8
C 9
R
P 00000000597EFA38
C 294
R
P 00000000597EFA38
S "x"
C 29
R
P 00000000597EFA38
C 294
R
P 00000000597EFA38
$ |x|
P 000000005A41EA28
C 49
= 000000005A41EAA8
R
P 00000000597EFA38
C 294
R
P 00000000597EFA38
P 000000005A41EAA8
C 207
R
P 00000000597EFA38
C 294
R
P 00000000597EFA38
P 000000005A41EAA8
C 204
= 000000005A41EA28
R
P 00000000597EFA38
C 294
R
P 00000000597EFA38
P 000000005A41EA28
C 165
R
P 00000000597EFA38
C 294
R
P 00000000597EFA38
P 000000005A41EAA8
C 210
R
P 00000000597EFA38
C 294
R
P 00000000597EFA38
P 000000005A41EAA8
C 209
R
P 00000000597EFA38
C 294
R
P 00000000597EFA38
P 000000005A41EAA8
C 9
R
P 00000000597EFA38
C 294
R
P 00000000597EFA38
S "y"
C 29
R
P 00000000597EFA38
C 294
R
P 00000000597EFA38
$ |y|
P 000000005A41EA28
C 49
= 000000005A41EA48
R
P 00000000597EFA38
C 294
R
P 00000000597EFA38
P 000000005A41EA48
C 207
R
P 00000000597EFA38
C 294
R
P 00000000597EFA38
P 000000005A41EA48
C 204
= 000000005A41EA28
R
P 00000000597EFA38
C 294
R
P 00000000597EFA38
P 000000005A41EA28
C 165
R
P 00000000597EFA38
C 294
R
P 00000000597EFA38
P 000000005A41EA48
C 210
R
P 00000000597EFA38
C 294
R
P 00000000597EFA38
P 000000005A41EA48
C 209
R
P 00000000597EFA38
C 294
R
P 00000000597EFA38
P 000000005A41EA48
C 9
R
P 00000000597EFA38
C 294
R
P 00000000597EFA38
P 000000005A4235C8
U 2
P 000000005A41EAA8
P 000000005A41EAC8
p 2
C 48
= 000000005B474568
R
P 00000000597EFA38
C 294
R
P 00000000597EFA38
P 000000005B474568
C 207
R
P 00000000597EFA38
C 294
R
P 00000000597EFA38
P 000000005B474568
C 204
= 000000005A41EA28
R
P 00000000597EFA38
C 294
R
P 00000000597EFA38
P 000000005A41EA28
C 165
R
P 00000000597EFA38
C 294
R
P 00000000597EFA38
P 000000005B474568
C 210
R
P 00000000597EFA38
C 294
R
P 00000000597EFA38
P 000000005B474568
C 209
R
P 00000000597EFA38
C 294
R
P 00000000597EFA38
P 000000005B474568
C 9
R
P 00000000597EFA38
C 294
R
P 00000000597EFA38
P 000000005A4235C8
U 2
P 000000005A41EA48
P 000000005A41EAE8
p 2
C 48
= 000000005B4745A0
R
P 00000000597EFA38
C 294
R
P 00000000597EFA38
P 000000005B4745A0
C 207
R
P 00000000597EFA38
C 294
R
P 00000000597EFA38
P 000000005B4745A0
C 204
= 000000005A41EA28
R
P 00000000597EFA38
C 294
R
P 00000000597EFA38
P 000000005A41EA28
C 165
R
P 00000000597EFA38
C 294
R
P 00000000597EFA38
P 000000005B4745A0
C 210
R
P 00000000597EFA38
C 294
R
P 00000000597EFA38
P 000000005B4745A0
C 209
R
P 00000000597EFA38
C 294
R
P 00000000597EFA38
P 000000005B4745A0
C 9
R
P 00000000597EFA38
C 294
R
P 00000000597EFA38
P 000000005B474568
P 000000005B4745A0
C 54
= 000000005B474610
R
P 00000000597EFA38
C 294
R
P 00000000597EFA38
P 000000005B474610
C 9
R
P 00000000597EFA38
C 294
R
P 00000000597EFA38
P 000000005A41EAC8
P 000000005A41EAE8
C 54
= 000000005B474648
R
P 00000000597EFA38
C 294
R
P 00000000597EFA38
P 000000005B474648
C 9
R
P 00000000597EFA38
C 294
R
P 00000000597EFA38
P 000000005B474610
P 000000005B474648
C 59
= 000000005B4741E8
R
P 00000000597EFA38
C 294
R
P 00000000597EFA38
P 000000005B4741E8
C 9
R
P 00000000597EFA38
C 294
R
P 00000000597EFA38
P 000000005B4741E8
C 275
R
P 00000000597EFA38
C 294
R
P 00000000597EFA38
C 410
= 000000005D98A058
R
P 00000000597EFA38
C 294
R
P 00000000597EFA38
P 000000005D98A058
C 417
R
P 00000000597EFA38
C 294
R
P 00000000597EFA38
C 13
= 000000005D9FE758
R
P 00000000597EFA38
C 294
R
P 00000000597EFA38
P 000000005D9FE758
C 14
R
P 00000000597EFA38
C 294
R
P 00000000597EFA38
S "mbqi"
C 29
R
P 00000000597EFA38
C 294
R
P 00000000597EFA38
P 000000005D9FE758
$ |mbqi|
I 0
C 16
R
P 00000000597EFA38
C 294
R
P 00000000597EFA38
P 000000005D98A058
P 000000005D9FE758
C 416
R
P 00000000597EFA38
C 294
R
P 00000000597EFA38
P 000000005B4741E8
C 56
= 000000005B9731F8
R
P 00000000597EFA38
C 294
R
P 00000000597EFA38
P 000000005B9731F8
C 9
R
P 00000000597EFA38
C 294
R
P 00000000597EFA38
P 000000005D98A058
P 000000005B9731F8
C 423
R
P 00000000597EFA38
C 294
R
P 00000000597EFA38
P 000000005D98A058
C 426
R
P 00000000597EFA38
C 294
R
P 00000000597EFA38
P 000000005D98A058
C 429
= 000000005A423448
R
P 00000000597EFA38
C 294
R
P 00000000597EFA38
P 000000005A423448
C 207
R
P 00000000597EFA38
C 294
R
P 00000000597EFA38
P 000000005A423448
C 204
= 000000005A41D948
R
P 00000000597EFA38
C 294
R
P 00000000597EFA38
P 000000005A41D948
C 165
R
P 00000000597EFA38
C 294
R
P 00000000597EFA38
P 000000005A423448
C 210
R
P 00000000597EFA38
C 294
R
P 00000000597EFA38
P 000000005A423448
C 209
R
P 00000000597EFA38
C 294
R
P 00000000597EFA38
P 000000005A423448
C 9
R
P 00000000597EFA38
C 294
R
P 00000000597EFA38
P 000000005A423448
C 275
R
P 00000000597EFA38
C 294
R
P 00000000597EFA38
P 000000005B474568
P 000000005B4745A0
C 54
= 000000005B474610
R
P 00000000597EFA38
C 294
R
P 00000000597EFA38
P 000000005B474610
C 9
R
P 00000000597EFA38
C 294
R
P 00000000597EFA38
P 000000005A41EAA8
P 000000005A41EA48
C 54
= 000000005B474220
R
P 00000000597EFA38
C 294
R
P 00000000597EFA38
P 000000005B474220
C 9
R
P 00000000597EFA38
C 294
R
P 00000000597EFA38
P 000000005B474610
P 000000005B474220
C 59
= 000000005B474028
R
P 00000000597EFA38
C 294
R
P 00000000597EFA38
P 000000005B474028
C 9
R
P 00000000597EFA38
C 294
R
P 00000000597EFA38
P 000000005B474028
C 275
R
P 00000000597EFA38
C 294
R
P 00000000597EFA38
C 410
= 000000005D98FC18
R
P 00000000597EFA38
C 294
R
P 00000000597EFA38
P 000000005D98FC18
C 417
R
P 00000000597EFA38
C 294
R
P 00000000597EFA38
C 13
= 000000005DE418D8
R
P 00000000597EFA38
C 294
R
P 00000000597EFA38
P 000000005DE418D8
C 14
R
P 00000000597EFA38
C 294
R
P 00000000597EFA38
S "mbqi"
C 29
R
P 00000000597EFA38
C 294
R
P 00000000597EFA38
P 000000005DE418D8
$ |mbqi|
I 0
C 16
R
P 00000000597EFA38
C 294
R
P 00000000597EFA38
P 000000005D98FC18
P 000000005DE418D8
C 416
R
P 00000000597EFA38
C 294
R
P 00000000597EFA38
P 000000005B474028
C 56
= 000000005B9731C8
R
P 00000000597EFA38
C 294
R
P 00000000597EFA38
P 000000005B9731C8
C 9
R
P 00000000597EFA38
C 294
R
P 00000000597EFA38
P 000000005D98FC18
P 000000005B9731C8
C 423
R
P 00000000597EFA38
C 294
R
P 00000000597EFA38
P 000000005D98FC18
C 426
R
P 00000000597EFA38
C 294
R
P 00000000597EFA38
P 000000005D98FC18
C 429
= 000000005A4233C8
R
P 00000000597EFA38
C 294
R
P 00000000597EFA38
P 000000005A4233C8
C 207
R
P 00000000597EFA38
C 294
R
P 00000000597EFA38
P 000000005A4233C8
C 204
= 000000005A41D948
R
P 00000000597EFA38
C 294
R
P 00000000597EFA38
P 000000005A41D948
C 165
R
P 00000000597EFA38
C 294
R
P 00000000597EFA38
P 000000005A4233C8
C 210
R
P 00000000597EFA38
C 294
R
P 00000000597EFA38
P 000000005A4233C8
C 209
R
P 00000000597EFA38
C 294
R
P 00000000597EFA38
P 000000005A4233C8
C 9
R
P 00000000597EFA38
C 294
R
P 00000000597EFA38
P 000000005A4233C8
C 275
R
P 00000000597EFA38
C 294
R
P 00000000597EFA38
P 000000005B474A38
U 1
P 000000005A41EAC8
p 1
C 48
= 000000005B9730D8
R
P 00000000597EFA38
C 294
R
P 00000000597EFA38
P 000000005B9730D8
C 207
R
P 00000000597EFA38
C 294
R
P 00000000597EFA38
P 000000005B9730D8
C 204
= 000000005A41D928
R
P 00000000597EFA38
C 294
R
P 00000000597EFA38
P 000000005A41D928
C 165
R
P 00000000597EFA38
C 294
R
P 00000000597EFA38
P 000000005B9730D8
C 210
R
P 00000000597EFA38
C 294
R
P 00000000597EFA38
P 000000005B9730D8
C 209
R
P 00000000597EFA38
C 294
R
P 00000000597EFA38
P 000000005B9730D8
C 9
R
P 00000000597EFA38
C 294
R
P 00000000597EFA38
P 000000005B474920
U 1
P 000000005A41EAC8
p 1
C 48
= 000000005B972FB8
R
P 00000000597EFA38
C 294
R
P 00000000597EFA38
P 000000005B972FB8
C 207
R
P 00000000597EFA38
C 294
R
P 00000000597EFA38
P 000000005B972FB8
C 204
= 000000005A41D928
R
P 00000000597EFA38
C 294
R
P 00000000597EFA38
P 000000005A41D928
C 165
R
P 00000000597EFA38
C 294
R
P 00000000597EFA38
P 000000005B972FB8
C 210
R
P 00000000597EFA38
C 294
R
P 00000000597EFA38
P 000000005B972FB8
C 209
R
P 00000000597EFA38
C 294
R
P 00000000597EFA38
P 000000005B972FB8
C 9
R
P 00000000597EFA38
C 294
R
P 00000000597EFA38
U 2
P 000000005B9730D8
P 000000005B972FB8
p 2
C 62
= 000000005B473D88
R
P 00000000597EFA38
C 294
R
P 00000000597EFA38
P 000000005B473D88
C 9
R
P 00000000597EFA38
C 294
R
P 00000000597EFA38
P 000000005B473D88
C 275
R
P 00000000597EFA38
C 294
R
P 00000000597EFA38
C 410
= 000000005D995758
R
P 00000000597EFA38
C 294
R
P 00000000597EFA38
P 000000005D995758
C 417
R
P 00000000597EFA38
C 294
R
P 00000000597EFA38
C 13
= 000000005E17A2D8
R
P 00000000597EFA38
C 294
R
P 00000000597EFA38
P 000000005E17A2D8
C 14
R
P 00000000597EFA38
C 294
R
P 00000000597EFA38
S "mbqi"
C 29
R
P 00000000597EFA38
C 294
R
P 00000000597EFA38
P 000000005E17A2D8
$ |mbqi|
I 0
C 16
R
P 00000000597EFA38
C 294
R
P 00000000597EFA38
P 000000005D995758
P 000000005E17A2D8
C 416
R
P 00000000597EFA38
C 294
R
P 00000000597EFA38
P 000000005B473D88
C 56
= 000000005B972FE8
R
P 00000000597EFA38
C 294
R
P 00000000597EFA38
P 000000005B972FE8
C 9
R
P 00000000597EFA38
C 294
R
P 00000000597EFA38
P 000000005D995758
P 000000005B972FE8
C 423
R
P 00000000597EFA38
C 294
R
P 00000000597EFA38
P 000000005D995758
C 426
R
P 00000000597EFA38
C 294
R
P 00000000597EFA38
P 000000005D995758
C 429
= 000000005A423348
R
P 00000000597EFA38
C 294
R
P 00000000597EFA38
P 000000005A423348
C 207
R
P 00000000597EFA38
C 294
R
P 00000000597EFA38
P 000000005A423348
C 204
= 000000005A41D948
R
P 00000000597EFA38
C 294
R
P 00000000597EFA38
P 000000005A41D948
C 165
R
P 00000000597EFA38
C 294
R
P 00000000597EFA38
P 000000005A423348
C 210
R
P 00000000597EFA38
C 294
R
P 00000000597EFA38
P 000000005A423348
C 209
R
P 00000000597EFA38
C 294
R
P 00000000597EFA38
P 000000005A423348
C 9
R
P 00000000597EFA38
C 294
R
P 00000000597EFA38
P 000000005A423348
C 275
R
P 00000000597EFA38
C 294
R
P 00000000597EFA38
P 000000005A41EAC8
P 000000005B474568
C 54
= 000000005B473CE0
R
P 00000000597EFA38
C 294
R
P 00000000597EFA38
P 000000005B473CE0
C 9
R
P 00000000597EFA38
C 294
R
P 00000000597EFA38
P 000000005B473CE0
C 56
= 000000005B972EC8
R
P 00000000597EFA38
C 294
R
P 00000000597EFA38
P 000000005B972EC8
C 9
R
P 00000000597EFA38
C 294
R
P 00000000597EFA38
P 000000005B972EC8
C 275
R
P 00000000597EFA38
C 294
R
P 00000000597EFA38
C 410
= 000000005D99B1D8
R
P 00000000597EFA38
C 294
R
P 00000000597EFA38
P 000000005D99B1D8
C 417
R
P 00000000597EFA38
C 294
R
P 00000000597EFA38
C 13
= 000000005E492558
R
P 00000000597EFA38
C 294
R
P 00000000597EFA38
P 000000005E492558
C 14
R
P 00000000597EFA38
C 294
R
P 00000000597EFA38
S "mbqi"
C 29
R
P 00000000597EFA38
C 294
R
P 00000000597EFA38
P 000000005E492558
$ |mbqi|
I 0
C 16
R
P 00000000597EFA38
C 294
R
P 00000000597EFA38
P 000000005D99B1D8
P 000000005E492558
C 416
R
P 00000000597EFA38
C 294
R
P 00000000597EFA38
P 000000005B972EC8
C 56
= 000000005B972EF8
R
P 00000000597EFA38
C 294
R
P 00000000597EFA38
P 000000005B972EF8
C 9
R
P 00000000597EFA38
C 294
R
P 00000000597EFA38
P 000000005D99B1D8
P 000000005B972EF8
C 423
R
P 00000000597EFA38
C 294
R
P 00000000597EFA38
P 000000005D99B1D8
C 426
R
P 00000000597EFA38
C 294
R
P 00000000597EFA38
P 000000005D99B1D8
C 429
= 000000005B4739D0
R
P 00000000597EFA38
C 294
R
P 00000000597EFA38
P 000000005B4739D0
C 207
R
P 00000000597EFA38
C 294
R
P 00000000597EFA38
P 000000005B4739D0
C 204
= 000000005A41D948
R
P 00000000597EFA38
C 294
R
P 00000000597EFA38
P 000000005A41D948
C 165
R
P 00000000597EFA38
C 294
R
P 00000000597EFA38
P 000000005B4739D0
C 210
R
P 00000000597EFA38
C 294
R
P 00000000597EFA38
P 000000005B4739D0
C 209
R
P 00000000597EFA38
C 294
R
P 00000000597EFA38
P 000000005B4739D0
C 9
R
P 00000000597EFA38
C 294
R
P 00000000597EFA38
P 000000005B4739D0
C 275
R
P 00000000597EFA38
C 294
R
P 00000000597EFA38
P 000000005B474A00
U 1
P 000000005A41EAC8
p 1
C 48
= 000000005A421828
R
P 00000000597EFA38
C 294
R
P 00000000597EFA38
P 000000005A421828
C 207
R
P 00000000597EFA38
C 294
R
P 00000000597EFA38
P 000000005A421828
C 204
= 000000005A41EA28
R
P 00000000597EFA38
C 294
R
P 00000000597EFA38
P 000000005A41EA28
C 165
R
P 00000000597EFA38
C 294
R
P 00000000597EFA38
P 000000005A421828
C 210
R
P 00000000597EFA38
C 294
R
P 00000000597EFA38
P 000000005A421828
C 209
R
P 00000000597EFA38
C 294
R
P 00000000597EFA38
P 000000005A421828
C 9
R
P 00000000597EFA38
C 294
R
P 00000000597EFA38
P 000000005B4748E8
U 1
P 000000005A41EAC8
p 1
C 48
= 000000005A4217F8
R
P 00000000597EFA38
C 294
R
P 00000000597EFA38
P 000000005A4217F8
C 207
R
P 00000000597EFA38
C 294
R
P 00000000597EFA38
P 000000005A4217F8
C 204
= 000000005A41EA28
R
P 00000000597EFA38
C 294
R
P 00000000597EFA38
P 000000005A41EA28
C 165
R
P 00000000597EFA38
C 294
R
P 00000000597EFA38
P 000000005A4217F8
C 210
R
P 00000000597EFA38
C 294
R
P 00000000597EFA38
P 000000005A4217F8
C 209
R
P 00000000597EFA38
C 294
R
P 00000000597EFA38
P 000000005A4217F8
C 9
R
P 00000000597EFA38
C 294
R
P 00000000597EFA38
P 000000005A4235C8
U 2
P 000000005A421828
P 000000005A4217F8
p 2
C 48
= 000000005B473AE8
R
P 00000000597EFA38
C 294
R
P 00000000597EFA38
P 000000005B473AE8
C 207
R
P 00000000597EFA38
C 294
R
P 00000000597EFA38
P 000000005B473AE8
C 204
= 000000005A41EA28
R
P 00000000597EFA38
C 294
R
P 00000000597EFA38
P 000000005A41EA28
C 165
R
P 00000000597EFA38
C 294
R
P 00000000597EFA38
P 000000005B473AE8
C 210
R
P 00000000597EFA38
C 294
R
P 00000000597EFA38
P 000000005B473AE8
C 209
R
P 00000000597EFA38
C 294
R
P 00000000597EFA38
P 000000005B473AE8
C 9
R
P 00000000597EFA38
C 294
R
P 00000000597EFA38
P 000000005A41EAC8
P 000000005B473AE8
C 54
= 000000005B473AB0
R
P 00000000597EFA38
C 294
R
P 00000000597EFA38
P 000000005B473AB0
C 9
R
P 00000000597EFA38
C 294
R
P 00000000597EFA38
P 000000005B474920
U 1
P 000000005A41EAC8
p 1
C 48
= 000000005B972FB8
R
P 00000000597EFA38
C 294
R
P 00000000597EFA38
P 000000005B972FB8
C 207
R
P 00000000597EFA38
C 294
R
P 00000000597EFA38
P 000000005B972FB8
C 204
= 000000005A41D928
R
P 00000000597EFA38
C 294
R
P 00000000597EFA38
P 000000005A41D928
C 165
R
P 00000000597EFA38
C 294
R
P 00000000597EFA38
P 000000005B972FB8
C 210
R
P 00000000597EFA38
C 294
R
P 00000000597EFA38
P 000000005B972FB8
C 209
R
P 00000000597EFA38
C 294
R
P 00000000597EFA38
P 000000005B972FB8
C 9
R
P 00000000597EFA38
C 294
R
P 00000000597EFA38
P 000000005B972FB8
P 000000005B473AB0
C 59
= 000000005B473B20
R
P 00000000597EFA38
C 294
R
P 00000000597EFA38
P 000000005B473B20
C 9
R
P 00000000597EFA38
C 294
R
P 00000000597EFA38
P 000000005B473B20
C 275
R
P 00000000597EFA38
C 294
R
P 00000000597EFA38
P 000000005B473B20
C 275
R
P 00000000597EFA38
C 294
R
P 00000000597EFA38
C 410
= 000000005E8867B8
R
P 00000000597EFA38
C 294
R
P 00000000597EFA38
P 000000005E8867B8
C 417
R
P 00000000597EFA38
C 294
R
P 00000000597EFA38
C 13
= 000000005E49DDA8
R
P 00000000597EFA38
C 294
R
P 00000000597EFA38
P 000000005E49DDA8
C 14
R
P 00000000597EFA38
C 294
R
P 00000000597EFA38
S "mbqi"
C 29
R
P 00000000597EFA38
C 294
R
P 00000000597EFA38
P 000000005E49DDA8
$ |mbqi|
I 0
C 16
R
P 00000000597EFA38
C 294
R
P 00000000597EFA38
P 000000005E8867B8
P 000000005E49DDA8
C 416
R
P 00000000597EFA38
C 294
R
P 00000000597EFA38
P 000000005B473B20
C 56
= 000000005A421858
R
P 00000000597EFA38
C 294
R
P 00000000597EFA38
P 000000005A421858
C 9
R
P 00000000597EFA38
C 294
R
P 00000000597EFA38
P 000000005E8867B8
P 000000005A421858
C 423
R
P 00000000597EFA38
C 294
R
P 00000000597EFA38
P 000000005E8867B8
C 426
R
P 00000000597EFA38
C 294
R
P 00000000597EFA38
P 000000005E8867B8
C 429
= 000000005A423288
R
P 00000000597EFA38
C 294
R
P 00000000597EFA38
P 000000005A423288
C 207
R
P 00000000597EFA38
C 294
R
P 00000000597EFA38
P 000000005A423288
C 204
= 000000005A41D948
R
P 00000000597EFA38
C 294
R
P 00000000597EFA38
P 000000005A41D948
C 165
R
P 00000000597EFA38
C 294
R
P 00000000597EFA38
P 000000005A423288
C 210
R
P 00000000597EFA38
C 294
R
P 00000000597EFA38
P 000000005A423288
C 209
R
P 00000000597EFA38
C 294
R
P 00000000597EFA38
P 000000005A423288
C 9
R
P 00000000597EFA38
C 294
R
P 00000000597EFA38
P 000000005A423288
C 275
R
P 00000000597EFA38
C 294
R
P 00000000597EFA38
P 000000005B473AB0
C 275
R
P 00000000597EFA38
C 294
R
P 00000000597EFA38
C 410
= 000000005E88C3F8
R
P 00000000597EFA38
C 294
R
P 00000000597EFA38
P 000000005E88C3F8
C 417
R
P 00000000597EFA38
C 294
R
P 00000000597EFA38
C 13
= 000000005E8E9138
R
P 00000000597EFA38
C 294
R
P 00000000597EFA38
P 000000005E8E9138
C 14
R
P 00000000597EFA38
C 294
R
P 00000000597EFA38
S "mbqi"
C 29
R
P 00000000597EFA38
C 294
R
P 00000000597EFA38
P 000000005E8E9138
$ |mbqi|
I 0
C 16
R
P 00000000597EFA38
C 294
R
P 00000000597EFA38
P 000000005E88C3F8
P 000000005E8E9138
C 416
R
P 00000000597EFA38
C 294
R
P 00000000597EFA38
P 000000005B473AB0
C 56
= 000000005A421648
R
P 00000000597EFA38
C 294
R
P 00000000597EFA38
P 000000005A421648
C 9
R
P 00000000597EFA38
C 294
R
P 00000000597EFA38
P 000000005E88C3F8
P 000000005A421648
C 423
R
P 00000000597EFA38
C 294
R
P 00000000597EFA38
P 000000005E88C3F8
C 426
R
P 00000000597EFA38
C 294
R
P 00000000597EFA38
P 000000005E88C3F8
C 428
= 000000005EBFDA48
R
P 00000000597EFA38
C 294
R
P 00000000597EFA38
P 000000005EBFDA48
C 247
R
P 00000000597EFA38
C 294
R
P 00000000597EFA38
P 000000005EBFDA48
C 279
R
P 00000000597EFA38
C 294
M "ForestExample"
R
P 00000000597EFA38
S "head"
C 29
R
P 00000000597EFA38
C 294
R
P 00000000597EFA38
S "tail"
C 29
R
P 00000000597EFA38
C 294
R
P 00000000597EFA38
S "car"
C 29
R
P 00000000597EFA38
C 294
R
P 00000000597EFA38
S "cdr"
C 29
R
P 00000000597EFA38
C 294
R
P 00000000597EFA38
S "forest"
C 29
R
P 00000000597EFA38
C 294
R
P 00000000597EFA38
S "tree"
C 29
R
P 00000000597EFA38
C 294
R
P 00000000597EFA38
S "nil"
C 29
R
P 00000000597EFA38
C 294
R
P 00000000597EFA38
S "is_nil"
C 29
R
P 00000000597EFA38
C 294
R
P 00000000597EFA38
$ |nil|
$ |is_nil|
U 0
s 0
p 0
u 0
C 40
= 000000005EBAC9A8
R
P 00000000597EFA38
C 294
R
P 00000000597EFA38
S "cons1"
C 29
R
P 00000000597EFA38
C 294
R
P 00000000597EFA38
S "is_cons1"
C 29
R
P 00000000597EFA38
C 294
R
P 00000000597EFA38
$ |cons1|
$ |is_cons1|
U 2
$ |head|
$ |tail|
s 2
P 0000000000000000
P 0000000000000000
p 2
U 1
U 0
u 2
C 40
= 000000005EBACC28
R
P 00000000597EFA38
C 294
R
P 00000000597EFA38
S "nil2"
C 29
R
P 00000000597EFA38
C 294
R
P 00000000597EFA38
S "is_nil2"
C 29
R
P 00000000597EFA38
C 294
R
P 00000000597EFA38
$ |nil2|
$ |is_nil2|
U 0
s 0
p 0
u 0
C 40
= 000000005EBAF928
R
P 00000000597EFA38
C 294
R
P 00000000597EFA38
S "cons2"
C 29
R
P 00000000597EFA38
C 294
R
P 00000000597EFA38
S "is_cons2"
C 29
R
P 00000000597EFA38
C 294
R
P 00000000597EFA38
$ |cons2|
$ |is_cons2|
U 2
$ |car|
$ |cdr|
s 2
P 0000000000000000
P 0000000000000000
p 2
U 0
U 0
u 2
C 40
= 000000005EBAF978
R
P 00000000597EFA38
C 294
R
P 00000000597EFA38
U 2
P 000000005EBAC9A8
P 000000005EBACC28
p 2
C 43
= 000000005E6CF3B8
R
P 00000000597EFA38
C 294
R
P 00000000597EFA38
U 2
P 000000005EBAF928
P 000000005EBAF978
p 2
C 43
= 000000005E6CF338
R
P 00000000597EFA38
C 294
R
P 00000000597EFA38
U 2
$ |forest|
$ |tree|
s 2
P 0000000000000000
P 0000000000000000
p 2
P 000000005E6CF3B8
P 000000005E6CF338
p 2
C 45
@ 000000005A41EA08 3 0
@ 000000005A41E9C8 3 1
@ 000000005E6CF3B8 4 0
@ 000000005E6CF338 4 1
R
P 00000000597EFA38
C 294
R
P 00000000597EFA38
P 000000005A41EA08
C 9
R
P 00000000597EFA38
C 294
R
P 00000000597EFA38
P 000000005A41E9C8
C 9
R
P 00000000597EFA38
C 294
R
P 00000000597EFA38
P 000000005EBAC9A8
U 0
P 0000000000000000
P 0000000000000000
p 0
C 46
* 000000005A421678 3
* 000000005B9784C0 4
R
P 00000000597EFA38
C 294
R
P 00000000597EFA38
P 000000005A421678
C 9
R
P 00000000597EFA38
C 294
R
P 00000000597EFA38
P 000000005EBAC9A8
U 0
P 0000000000000000
P 0000000000000000
p 0
C 46
* 000000005A421678 3
* 000000005B9784C0 4
R
P 00000000597EFA38
C 294
R
P 00000000597EFA38
P 000000005B9784C0
C 9
R
P 00000000597EFA38
C 294
R
P 00000000597EFA38
P 000000005EBACC28
U 2
P 0000000000000000
P 0000000000000000
P 0000000000000000
P 0000000000000000
p 2
C 46
* 000000005B9791D8 3
* 000000005B978488 4
@ 000000005B9785A0 5 0
@ 000000005B9785D8 5 1
R
P 00000000597EFA38
C 294
R
P 00000000597EFA38
P 000000005B9791D8
C 9
R
P 00000000597EFA38
C 294
R
P 00000000597EFA38
P 000000005EBACC28
U 2
P 0000000000000000
P 0000000000000000
P 0000000000000000
P 0000000000000000
p 2
C 46
* 000000005B9791D8 3
* 000000005B9785D8 4
@ 000000005B9785A0 5 0
@ 000000005B978488 5 1
R
P 00000000597EFA38
C 294
R
P 00000000597EFA38
P 000000005B9785D8
C 9
R
P 00000000597EFA38
C 294
R
P 00000000597EFA38
P 000000005EBACC28
U 2
P 0000000000000000
P 0000000000000000
P 0000000000000000
P 0000000000000000
p 2
C 46
* 000000005B9791D8 3
* 000000005B9785D8 4
@ 000000005B978488 5 0
@ 000000005B9785A0 5 1
R
P 00000000597EFA38
C 294
R
P 00000000597EFA38
P 000000005B978488
C 9
R
P 00000000597EFA38
C 294
R
P 00000000597EFA38
P 000000005B9785A0
C 9
R
P 00000000597EFA38
C 294
R
P 00000000597EFA38
P 000000005EBAF928
U 0
P 0000000000000000
P 0000000000000000
p 0
C 46
* 000000005A4215B8 3
* 000000005B978610 4
R
P 00000000597EFA38
C 294
R
P 00000000597EFA38
P 000000005A4215B8
C 9
R
P 00000000597EFA38
C 294
R
P 00000000597EFA38
P 000000005EBAF928
U 0
P 0000000000000000
P 0000000000000000
p 0
C 46
* 000000005A4215B8 3
* 000000005B978610 4
R
P 00000000597EFA38
C 294
R
P 00000000597EFA38
P 000000005B978610
C 9
R
P 00000000597EFA38
C 294
R
P 00000000597EFA38
P 000000005EBAF978
U 2
P 0000000000000000
P 0000000000000000
P 0000000000000000
P 0000000000000000
p 2
C 46
* 000000005B979218 3
* 000000005B978648 4
@ 000000005B978680 5 0
@ 000000005B9786B8 5 1
R
P 00000000597EFA38
C 294
R
P 00000000597EFA38
P 000000005B979218
C 9
R
P 00000000597EFA38
C 294
R
P 00000000597EFA38
P 000000005EBAF978
U 2
P 0000000000000000
P 0000000000000000
P 0000000000000000
P 0000000000000000
p 2
C 46
* 000000005B979218 3
* 000000005B9786B8 4
@ 000000005B978680 5 0
@ 000000005B978648 5 1
R
P 00000000597EFA38
C 294
R
P 00000000597EFA38
P 000000005B9786B8
C 9
R
P 00000000597EFA38
C 294
R
P 00000000597EFA38
P 000000005EBAF978
U 2
P 0000000000000000
P 0000000000000000
P 0000000000000000
P 0000000000000000
p 2
C 46
* 000000005B979218 3
* 000000005B9786B8 4
@ 000000005B978648 5 0
@ 000000005B978680 5 1
R
P 00000000597EFA38
C 294
R
P 00000000597EFA38
P 000000005B978648
C 9
R
P 00000000597EFA38
C 294
R
P 00000000597EFA38
P 000000005B978680
C 9
R
P 00000000597EFA38
C 294
R
P 00000000597EFA38
P 000000005A421678
U 0
p 0
C 48
= 000000005A41E9E8
R
P 00000000597EFA38
C 294
R
P 00000000597EFA38
P 000000005A41E9E8
C 207
R
P 00000000597EFA38
C 294
R
P 00000000597EFA38
P 000000005A41E9E8
C 204
= 000000005A41EA08
R
P 00000000597EFA38
C 294
R
P 00000000597EFA38
P 000000005A41EA08
C 165
R
P 00000000597EFA38
C 294
R
P 00000000597EFA38
P 000000005A41E9E8
C 210
R
P 00000000597EFA38
C 294
R
P 00000000597EFA38
P 000000005A41E9E8
C 209
R
P 00000000597EFA38
C 294
R
P 00000000597EFA38
P 000000005A41E9E8
C 9
R
P 00000000597EFA38
C 294
R
P 00000000597EFA38
P 000000005A4215B8
U 0
p 0
C 48
= 000000005A41E9A8
R
P 00000000597EFA38
C 294
R
P 00000000597EFA38
P 000000005A41E9A8
C 207
R
P 00000000597EFA38
C 294
R
P 00000000597EFA38
P 000000005A41E9A8
C 204
= 000000005A41E9C8
R
P 00000000597EFA38
C 294
R
P 00000000597EFA38
P 000000005A41E9C8
C 165
R
P 00000000597EFA38
C 294
R
P 00000000597EFA38
P 000000005A41E9A8
C 210
R
P 00000000597EFA38
C 294
R
P 00000000597EFA38
P 000000005A41E9A8
C 209
R
P 00000000597EFA38
C 294
R
P 00000000597EFA38
P 000000005A41E9A8
C 9
R
P 00000000597EFA38
C 294
R
P 00000000597EFA38
P 000000005B9791D8
U 2
P 000000005A41E9A8
P 000000005A41E9E8
p 2
C 48
= 000000005B9786F0
R
P 00000000597EFA38
C 294
R
P 00000000597EFA38
P 000000005B9786F0
C 207
R
P 00000000597EFA38
C 294
R
P 00000000597EFA38
P 000000005B9786F0
C 204
= 000000005A41EA08
R
P 00000000597EFA38
C 294
R
P 00000000597EFA38
P 000000005A41EA08
C 165
R
P 00000000597EFA38
C 294
R
P 00000000597EFA38
P 000000005B9786F0
C 210
R
P 00000000597EFA38
C 294
R
P 00000000597EFA38
P 000000005B9786F0
C 209
R
P 00000000597EFA38
C 294
R
P 00000000597EFA38
P 000000005B9786F0
C 9
R
P 00000000597EFA38
C 294
R
P 00000000597EFA38
P 000000005B979218
U 2
P 000000005A41E9E8
P 000000005A41E9E8
p 2
C 48
= 000000005B978728
R
P 00000000597EFA38
C 294
R
P 00000000597EFA38
P 000000005B978728
C 207
R
P 00000000597EFA38
C 294
R
P 00000000597EFA38
P 000000005B978728
C 204
= 000000005A41E9C8
R
P 00000000597EFA38
C 294
R
P 00000000597EFA38
P 000000005A41E9C8
C 165
R
P 00000000597EFA38
C 294
R
P 00000000597EFA38
P 000000005B978728
C 210
R
P 00000000597EFA38
C 294
R
P 00000000597EFA38
P 000000005B978728
C 209
R
P 00000000597EFA38
C 294
R
P 00000000597EFA38
P 000000005B978728
C 9
R
P 00000000597EFA38
C 294
R
P 00000000597EFA38
P 000000005B979218
U 2
P 000000005B9786F0
P 000000005A41E9E8
p 2
C 48
= 000000005B978760
R
P 00000000597EFA38
C 294
R
P 00000000597EFA38
P 000000005B978760
C 207
R
P 00000000597EFA38
C 294
R
P 00000000597EFA38
P 000000005B978760
C 204
= 000000005A41E9C8
R
P 00000000597EFA38
C 294
R
P 00000000597EFA38
P 000000005A41E9C8
C 165
R
P 00000000597EFA38
C 294
R
P 00000000597EFA38
P 000000005B978760
C 210
R
P 00000000597EFA38
C 294
R
P 00000000597EFA38
P 000000005B978760
C 209
R
P 00000000597EFA38
C 294
R
P 00000000597EFA38
P 000000005B978760
C 9
R
P 00000000597EFA38
C 294
R
P 00000000597EFA38
P 000000005B979218
U 2
P 000000005B9786F0
P 000000005B9786F0
p 2
C 48
= 000000005B978798
R
P 00000000597EFA38
C 294
R
P 00000000597EFA38
P 000000005B978798
C 207
R
P 00000000597EFA38
C 294
R
P 00000000597EFA38
P 000000005B978798
C 204
= 000000005A41E9C8
R
P 00000000597EFA38
C 294
R
P 00000000597EFA38
P 000000005A41E9C8
C 165
R
P 00000000597EFA38
C 294
R
P 00000000597EFA38
P 000000005B978798
C 210
R
P 00000000597EFA38
C 294
R
P 00000000597EFA38
P 000000005B978798
C 209
R
P 00000000597EFA38
C 294
R
P 00000000597EFA38
P 000000005B978798
C 9
R
P 00000000597EFA38
C 294
R
P 00000000597EFA38
P 000000005B979218
U 2
P 000000005A41E9E8
P 000000005B9786F0
p 2
C 48
= 000000005B9787D0
R
P 00000000597EFA38
C 294
R
P 00000000597EFA38
P 000000005B9787D0
C 207
R
P 00000000597EFA38
C 294
R
P 00000000597EFA38
P 000000005B9787D0
C 204
= 000000005A41E9C8
R
P 00000000597EFA38
C 294
R
P 00000000597EFA38
P 000000005A41E9C8
C 165
R
P 00000000597EFA38
C 294
R
P 00000000597EFA38
P 000000005B9787D0
C 210
R
P 00000000597EFA38
C 294
R
P 00000000597EFA38
P 000000005B9787D0
C 209
R
P 00000000597EFA38
C 294
R
P 00000000597EFA38
P 000000005B9787D0
C 9
R
P 00000000597EFA38
C 294
R
P 00000000597EFA38
P 000000005B9791D8
U 2
P 000000005B978728
P 000000005A41E9E8
p 2
C 48
= 000000005B978808
R
P 00000000597EFA38
C 294
R
P 00000000597EFA38
P 000000005B978808
C 207
R
P 00000000597EFA38
C 294
R
P 00000000597EFA38
P 000000005B978808
C 204
= 000000005A41EA08
R
P 00000000597EFA38
C 294
R
P 00000000597EFA38
P 000000005A41EA08
C 165
R
P 00000000597EFA38
C 294
R
P 00000000597EFA38
P 000000005B978808
C 210
R
P 00000000597EFA38
C 294
R
P 00000000597EFA38
P 000000005B978808
C 209
R
P 00000000597EFA38
C 294
R
P 00000000597EFA38
P 000000005B978808
C 9
R
P 00000000597EFA38
C 294
R
P 00000000597EFA38
P 000000005B9791D8
U 2
P 000000005B978728
P 000000005B9786F0
p 2
C 48
= 000000005B978840
R
P 00000000597EFA38
C 294
R
P 00000000597EFA38
P 000000005B978840
C 207
R
P 00000000597EFA38
C 294
R
P 00000000597EFA38
P 000000005B978840
C 204
= 000000005A41EA08
R
P 00000000597EFA38
C 294
R
P 00000000597EFA38
P 000000005A41EA08
C 165
R
P 00000000597EFA38
C 294
R
P 00000000597EFA38
P 000000005B978840
C 210
R
P 00000000597EFA38
C 294
R
P 00000000597EFA38
P 000000005B978840
C 209
R
P 00000000597EFA38
C 294
R
P 00000000597EFA38
P 000000005B978840
C 9
R
P 00000000597EFA38
C 294
R
P 00000000597EFA38
P 000000005A41E9E8
P 000000005B9786F0
C 54
= 000000005B978878
R
P 00000000597EFA38
C 294
R
P 00000000597EFA38
P 000000005B978878
C 9
R
P 00000000597EFA38
C 294
R
P 00000000597EFA38
P 000000005B978878
C 56
= 000000005A4215E8
R
P 00000000597EFA38
C 294
R
P 00000000597EFA38
P 000000005A4215E8
C 9
R
P 00000000597EFA38
C 294
R
P 00000000597EFA38
P 000000005A4215E8
C 275
R
P 00000000597EFA38
C 294
R
P 00000000597EFA38
C 410
= 000000005E891E38
R
P 00000000597EFA38
C 294
R
P 00000000597EFA38
P 000000005E891E38
C 417
R
P 00000000597EFA38
C 294
R
P 00000000597EFA38
C 13
= 000000005EC08F38
R
P 00000000597EFA38
C 294
R
P 00000000597EFA38
P 000000005EC08F38
C 14
R
P 00000000597EFA38
C 294
R
P 00000000597EFA38
S "mbqi"
C 29
R
P 00000000597EFA38
C 294
R
P 00000000597EFA38
P 000000005EC08F38
$ |mbqi|
I 0
C 16
R
P 00000000597EFA38
C 294
R
P 00000000597EFA38
P 000000005E891E38
P 000000005EC08F38
C 416
R
P 00000000597EFA38
C 294
R
P 00000000597EFA38
P 000000005A4215E8
C 56
= 000000005A421588
R
P 00000000597EFA38
C 294
R
P 00000000597EFA38
P 000000005A421588
C 9
R
P 00000000597EFA38
C 294
R
P 00000000597EFA38
P 000000005E891E38
P 000000005A421588
C 423
R
P 00000000597EFA38
C 294
R
P 00000000597EFA38
P 000000005E891E38
C 426
R
P 00000000597EFA38
C 294
R
P 00000000597EFA38
P 000000005E891E38
C 429
= 000000005B979318
R
P 00000000597EFA38
C 294
R
P 00000000597EFA38
P 000000005B979318
C 207
R
P 00000000597EFA38
C 294
R
P 00000000597EFA38
P 000000005B979318
C 204
= 000000005A41D948
R
P 00000000597EFA38
C 294
R
P 00000000597EFA38
P 000000005A41D948
C 165
R
P 00000000597EFA38
C 294
R
P 00000000597EFA38
P 000000005B979318
C 210
R
P 00000000597EFA38
C 294
R
P 00000000597EFA38
P 000000005B979318
C 209
R
P 00000000597EFA38
C 294
R
P 00000000597EFA38
P 000000005B979318
C 9
R
P 00000000597EFA38
C 294
R
P 00000000597EFA38
P 000000005B979318
C 275
R
P 00000000597EFA38
C 294
R
P 00000000597EFA38
P 000000005A41E9A8
P 000000005B978728
C 54
= 000000005B978A38
R
P 00000000597EFA38
C 294
R
P 00000000597EFA38
P 000000005B978A38
C 9
R
P 00000000597EFA38
C 294
R
P 00000000597EFA38
P 000000005B978A38
C 56
= 000000005A420F58
R
P 00000000597EFA38
C 294
R
P 00000000597EFA38
P 000000005A420F58
C 9
R
P 00000000597EFA38
C 294
R
P 00000000597EFA38
P 000000005A420F58
C 275
R
P 00000000597EFA38
C 294
R
P 00000000597EFA38
C 410
= 000000005E8979F8
R
P 00000000597EFA38
C 294
R
P 00000000597EFA38
P 000000005E8979F8
C 417
R
P 00000000597EFA38
C 294
R
P 00000000597EFA38
C 13
= 000000005EC08728
R
P 00000000597EFA38
C 294
R
P 00000000597EFA38
P 000000005EC08728
C 14
R
P 00000000597EFA38
C 294
R
P 00000000597EFA38
S "mbqi"
C 29
R
P 00000000597EFA38
C 294
R
P 00000000597EFA38
P 000000005EC08728
$ |mbqi|
I 0
C 16
R
P 00000000597EFA38
C 294
R
P 00000000597EFA38
P 000000005E8979F8
P 000000005EC08728
C 416
R
P 00000000597EFA38
C 294
R
P 00000000597EFA38
P 000000005A420F58
C 56
= 000000005A421078
R
P 00000000597EFA38
C 294
R
P 00000000597EFA38
P 000000005A421078
C 9
R
P 00000000597EFA38
C 294
R
P 00000000597EFA38
P 000000005E8979F8
P 000000005A421078
C 423
R
P 00000000597EFA38
C 294
R
P 00000000597EFA38
P 000000005E8979F8
C 426
R
P 00000000597EFA38
C 294
R
P 00000000597EFA38
P 000000005E8979F8
C 429
= 000000005B979418
R
P 00000000597EFA38
C 294
R
P 00000000597EFA38
P 000000005B979418
C 207
R
P 00000000597EFA38
C 294
R
P 00000000597EFA38
P 000000005B979418
C 204
= 000000005A41D948
R
P 00000000597EFA38
C 294
R
P 00000000597EFA38
P 000000005A41D948
C 165
R
P 00000000597EFA38
C 294
R
P 00000000597EFA38
P 000000005B979418
C 210
R
P 00000000597EFA38
C 294
R
P 00000000597EFA38
P 000000005B979418
C 209
R
P 00000000597EFA38
C 294
R
P 00000000597EFA38
P 000000005B979418
C 9
R
P 00000000597EFA38
C 294
R
P 00000000597EFA38
P 000000005B979418
C 275
R
P 00000000597EFA38
C 294
R
P 00000000597EFA38
S "u"
C 29
R
P 00000000597EFA38
C 294
R
P 00000000597EFA38
$ |u|
P 000000005A41EA08
C 49
= 000000005A41EBC8
R
P 00000000597EFA38
C 294
R
P 00000000597EFA38
P 000000005A41EBC8
C 207
R
P 00000000597EFA38
C 294
R
P 00000000597EFA38
P 000000005A41EBC8
C 204
= 000000005A41EA08
R
P 00000000597EFA38
C 294
R
P 00000000597EFA38
P 000000005A41EA08
C 165
R
P 00000000597EFA38
C 294
R
P 00000000597EFA38
P 000000005A41EBC8
C 210
R
P 00000000597EFA38
C 294
R
P 00000000597EFA38
P 000000005A41EBC8
C 209
R
P 00000000597EFA38
C 294
R
P 00000000597EFA38
P 000000005A41EBC8
C 9
R
P 00000000597EFA38
C 294
R
P 00000000597EFA38
S "v"
C 29
R
P 00000000597EFA38
C 294
R
P 00000000597EFA38
$ |v|
P 000000005A41EA08
C 49
= 000000005A41EBE8
R
P 00000000597EFA38
C 294
R
P 00000000597EFA38
P 000000005A41EBE8
C 207
R
P 00000000597EFA38
C 294
R
P 00000000597EFA38
P 000000005A41EBE8
C 204
= 000000005A41EA08
R
P 00000000597EFA38
C 294
R
P 00000000597EFA38
P 000000005A41EA08
C 165
R
P 00000000597EFA38
C 294
R
P 00000000597EFA38
P 000000005A41EBE8
C 210
R
P 00000000597EFA38
C 294
R
P 00000000597EFA38
P 000000005A41EBE8
C 209
R
P 00000000597EFA38
C 294
R
P 00000000597EFA38
P 000000005A41EBE8
C 9
R
P 00000000597EFA38
C 294
R
P 00000000597EFA38
S "x"
C 29
R
P 00000000597EFA38
C 294
R
P 00000000597EFA38
$ |x|
P 000000005A41E9C8
C 49
= 000000005A41EC08
R
P 00000000597EFA38
C 294
R
P 00000000597EFA38
P 000000005A41EC08
C 207
R
P 00000000597EFA38
C 294
R
P 00000000597EFA38
P 000000005A41EC08
C 204
= 000000005A41E9C8
R
P 00000000597EFA38
C 294
R
P 00000000597EFA38
P 000000005A41E9C8
C 165
R
P 00000000597EFA38
C 294
R
P 00000000597EFA38
P 000000005A41EC08
C 210
R
P 00000000597EFA38
C 294
R
P 00000000597EFA38
P 000000005A41EC08
C 209
R
P 00000000597EFA38
C 294
R
P 00000000597EFA38
P 000000005A41EC08
C 9
R
P 00000000597EFA38
C 294
R
P 00000000597EFA38
S "y"
C 29
R
P 00000000597EFA38
C 294
R
P 00000000597EFA38
$ |y|
P 000000005A41E9C8
C 49
= 000000005A41EC28
R
P 00000000597EFA38
C 294
R
P 00000000597EFA38
P 000000005A41EC28
C 207
R
P 00000000597EFA38
C 294
R
P 00000000597EFA38
P 000000005A41EC28
C 204
= 000000005A41E9C8
R
P 00000000597EFA38
C 294
R
P 00000000597EFA38
P 000000005A41E9C8
C 165
R
P 00000000597EFA38
C 294
R
P 00000000597EFA38
P 000000005A41EC28
C 210
R
P 00000000597EFA38
C 294
R
P 00000000597EFA38
P 000000005A41EC28
C 209
R
P 00000000597EFA38
C 294
R
P 00000000597EFA38
P 000000005A41EC28
C 9
R
P 00000000597EFA38
C 294
R
P 00000000597EFA38
P 000000005B9791D8
U 2
P 000000005A41EC08
P 000000005A41EBC8
p 2
C 48
= 000000005B978BF8
R
P 00000000597EFA38
C 294
R
P 00000000597EFA38
P 000000005B978BF8
C 207
R
P 00000000597EFA38
C 294
R
P 00000000597EFA38
P 000000005B978BF8
C 204
= 000000005A41EA08
R
P 00000000597EFA38
C 294
R
P 00000000597EFA38
P 000000005A41EA08
C 165
R
P 00000000597EFA38
C 294
R
P 00000000597EFA38
P 000000005B978BF8
C 210
R
P 00000000597EFA38
C 294
R
P 00000000597EFA38
P 000000005B978BF8
C 209
R
P 00000000597EFA38
C 294
R
P 00000000597EFA38
P 000000005B978BF8
C 9
R
P 00000000597EFA38
C 294
R
P 00000000597EFA38
P 000000005B9791D8
U 2
P 000000005A41EC28
P 000000005A41EBE8
p 2
C 48
= 000000005B978C30
R
P 00000000597EFA38
C 294
R
P 00000000597EFA38
P 000000005B978C30
C 207
R
P 00000000597EFA38
C 294
R
P 00000000597EFA38
P 000000005B978C30
C 204
= 000000005A41EA08
R
P 00000000597EFA38
C 294
R
P 00000000597EFA38
P 000000005A41EA08
C 165
R
P 00000000597EFA38
C 294
R
P 00000000597EFA38
P 000000005B978C30
C 210
R
P 00000000597EFA38
C 294
R
P 00000000597EFA38
P 000000005B978C30
C 209
R
P 00000000597EFA38
C 294
R
P 00000000597EFA38
P 000000005B978C30
C 9
R
P 00000000597EFA38
C 294
R
P 00000000597EFA38
P 000000005B978BF8
P 000000005B978C30
C 54
= 000000005B978C68
R
P 00000000597EFA38
C 294
R
P 00000000597EFA38
P 000000005B978C68
C 9
R
P 00000000597EFA38
C 294
R
P 00000000597EFA38
P 000000005A41EBC8
P 000000005A41EBE8
C 54
= 000000005B978CA0
R
P 00000000597EFA38
C 294
R
P 00000000597EFA38
P 000000005B978CA0
C 9
R
P 00000000597EFA38
C 294
R
P 00000000597EFA38
P 000000005B978C68
P 000000005B978CA0
C 59
= 000000005B978CD8
R
P 00000000597EFA38
C 294
R
P 00000000597EFA38
P 000000005B978CD8
C 9
R
P 00000000597EFA38
C 294
R
P 00000000597EFA38
P 000000005B978CD8
C 275
R
P 00000000597EFA38
C 294
R
P 00000000597EFA38
C 410
= 000000005E89D538
R
P 00000000597EFA38
C 294
R
P 00000000597EFA38
P 000000005E89D538
C 417
R
P 00000000597EFA38
C 294
R
P 00000000597EFA38
C 13
= 000000005EFF81A8
R
P 00000000597EFA38
C 294
R
P 00000000597EFA38
P 000000005EFF81A8
C 14
R
P 00000000597EFA38
C 294
R
P 00000000597EFA38
S "mbqi"
C 29
R
P 00000000597EFA38
C 294
R
P 00000000597EFA38
P 000000005EFF81A8
$ |mbqi|
I 0
C 16
R
P 00000000597EFA38
C 294
R
P 00000000597EFA38
P 000000005E89D538
P 000000005EFF81A8
C 416
R
P 00000000597EFA38
C 294
R
P 00000000597EFA38
P 000000005B978CD8
C 56
= 000000005A421048
R
P 00000000597EFA38
C 294
R
P 00000000597EFA38
P 000000005A421048
C 9
R
P 00000000597EFA38
C 294
R
P 00000000597EFA38
P 000000005E89D538
P 000000005A421048
C 423
R
P 00000000597EFA38
C 294
R
P 00000000597EFA38
P 000000005E89D538
C 426
R
P 00000000597EFA38
C 294
R
P 00000000597EFA38
P 000000005E89D538
C 429
= 000000005B9794D8
R
P 00000000597EFA38
C 294
R
P 00000000597EFA38
P 000000005B9794D8
C 207
R
P 00000000597EFA38
C 294
R
P 00000000597EFA38
P 000000005B9794D8
C 204
= 000000005A41D948
R
P 00000000597EFA38
C 294
R
P 00000000597EFA38
P 000000005A41D948
C 165
R
P 00000000597EFA38
C 294
R
P 00000000597EFA38
P 000000005B9794D8
C 210
R
P 00000000597EFA38
C 294
R
P 00000000597EFA38
P 000000005B9794D8
C 209
R
P 00000000597EFA38
C 294
R
P 00000000597EFA38
P 000000005B9794D8
C 9
R
P 00000000597EFA38
C 294
R
P 00000000597EFA38
P 000000005B9794D8
C 275
R
P 00000000597EFA38
C 294
R
P 00000000597EFA38
P 000000005B978BF8
P 000000005B978C30
C 54
= 000000005B978C68
R
P 00000000597EFA38
C 294
R
P 00000000597EFA38
P 000000005B978C68
C 9
R
P 00000000597EFA38
C 294
R
P 00000000597EFA38
P 000000005A41EC08
P 000000005A41EC28
C 54
= 000000005B978D10
R
P 00000000597EFA38
C 294
R
P 00000000597EFA38
P 000000005B978D10
C 9
R
P 00000000597EFA38
C 294
R
P 00000000597EFA38
P 000000005B978C68
P 000000005B978D10
C 59
= 000000005F1EB598
R
P 00000000597EFA38
C 294
R
P 00000000597EFA38
P 000000005F1EB598
C 9
R
P 00000000597EFA38
C 294
R
P 00000000597EFA38
P 000000005F1EB598
C 275
R
P 00000000597EFA38
C 294
R
P 00000000597EFA38
C 410
= 000000005F649ED8
R
P 00000000597EFA38
C 294
R
P 00000000597EFA38
P 000000005F649ED8
C 417
R
P 00000000597EFA38
C 294
R
P 00000000597EFA38
C 13
= 000000005F372818
R
P 00000000597EFA38
C 294
R
P 00000000597EFA38
P 000000005F372818
C 14
R
P 00000000597EFA38
C 294
R
P 00000000597EFA38
S "mbqi"
C 29
R
P 00000000597EFA38
C 294
R
P 00000000597EFA38
P 000000005F372818
$ |mbqi|
I 0
C 16
R
P 00000000597EFA38
C 294
R
P 00000000597EFA38
P 000000005F649ED8
P 000000005F372818
C 416
R
P 00000000597EFA38
C 294
R
P 00000000597EFA38
P 000000005F1EB598
C 56
= 000000005B974068
R
P 00000000597EFA38
C 294
R
P 00000000597EFA38
P 000000005B974068
C 9
R
P 00000000597EFA38
C 294
R
P 00000000597EFA38
P 000000005F649ED8
P 000000005B974068
C 423
R
P 00000000597EFA38
C 294
R
P 00000000597EFA38
P 000000005F649ED8
C 426
R
P 00000000597EFA38
C 294
R
P 00000000597EFA38
P 000000005F649ED8
C 429
= 000000005B979598
R
P 00000000597EFA38
C 294
R
P 00000000597EFA38
P 000000005B979598
C 207
R
P 00000000597EFA38
C 294
R
P 00000000597EFA38
P 000000005B979598
C 204
= 000000005A41D948
R
P 00000000597EFA38
C 294
R
P 00000000597EFA38
P 000000005A41D948
C 165
R
P 00000000597EFA38
C 294
R
P 00000000597EFA38
P 000000005B979598
C 210
R
P 00000000597EFA38
C 294
R
P 00000000597EFA38
P 000000005B979598
C 209
R
P 00000000597EFA38
C 294
R
P 00000000597EFA38
P 000000005B979598
C 9
R
P 00000000597EFA38
C 294
R
P 00000000597EFA38
P 000000005B979598
C 275
R
P 00000000597EFA38
C 294
R
P 00000000597EFA38
P 000000005B9784C0
U 1
P 000000005A41EBC8
p 1
C 48
= 000000005B974158
R
P 00000000597EFA38
C 294
R
P 00000000597EFA38
P 000000005B974158
C 207
R
P 00000000597EFA38
C 294
R
P 00000000597EFA38
P 000000005B974158
C 204
= 000000005A41D928
R
P 00000000597EFA38
C 294
R
P 00000000597EFA38
P 000000005A41D928
C 165
R
P 00000000597EFA38
C 294
R
P 00000000597EFA38
P 000000005B974158
C 210
R
P 00000000597EFA38
C 294
R
P 00000000597EFA38
P 000000005B974158
C 209
R
P 00000000597EFA38
C 294
R
P 00000000597EFA38
P 000000005B974158
C 9
R
P 00000000597EFA38
C 294
R
P 00000000597EFA38
P 000000005B9785D8
U 1
P 000000005A41EBC8
p 1
C 48
= 000000005B974188
R
P 00000000597EFA38
C 294
R
P 00000000597EFA38
P 000000005B974188
C 207
R
P 00000000597EFA38
C 294
R
P 00000000597EFA38
P 000000005B974188
C 204
= 000000005A41D928
R
P 00000000597EFA38
C 294
R
P 00000000597EFA38
P 000000005A41D928
C 165
R
P 00000000597EFA38
C 294
R
P 00000000597EFA38
P 000000005B974188
C 210
R
P 00000000597EFA38
C 294
R
P 00000000597EFA38
P 000000005B974188
C 209
R
P 00000000597EFA38
C 294
R
P 00000000597EFA38
P 000000005B974188
C 9
R
P 00000000597EFA38
C 294
R
P 00000000597EFA38
U 2
P 000000005B974158
P 000000005B974188
p 2
C 62
= 000000005F1EB870
R
P 00000000597EFA38
C 294
R
P 00000000597EFA38
P 000000005F1EB870
C 9
R
P 00000000597EFA38
C 294
R
P 00000000597EFA38
P 000000005F1EB870
C 275
R
P 00000000597EFA38
C 294
R
P 00000000597EFA38
C 410
= 000000005F64FA18
R
P 00000000597EFA38
C 294
R
P 00000000597EFA38
P 000000005F64FA18
C 417
R
P 00000000597EFA38
C 294
R
P 00000000597EFA38
C 13
= 000000005F6E13C8
R
P 00000000597EFA38
C 294
R
P 00000000597EFA38
P 000000005F6E13C8
C 14
R
P 00000000597EFA38
C 294
R
P 00000000597EFA38
S "mbqi"
C 29
R
P 00000000597EFA38
C 294
R
P 00000000597EFA38
P 000000005F6E13C8
$ |mbqi|
I 0
C 16
R
P 00000000597EFA38
C 294
R
P 00000000597EFA38
P 000000005F64FA18
P 000000005F6E13C8
C 416
R
P 00000000597EFA38
C 294
R
P 00000000597EFA38
P 000000005F1EB870
C 56
= 000000005B9741B8
R
P 00000000597EFA38
C 294
R
P 00000000597EFA38
P 000000005B9741B8
C 9
R
P 00000000597EFA38
C 294
R
P 00000000597EFA38
P 000000005F64FA18
P 000000005B9741B8
C 423
R
P 00000000597EFA38
C 294
R
P 00000000597EFA38
P 000000005F64FA18
C 426
R
P 00000000597EFA38
C 294
R
P 00000000597EFA38
P 000000005F64FA18
C 429
= 000000005B9795D8
R
P 00000000597EFA38
C 294
R
P 00000000597EFA38
P 000000005B9795D8
C 207
R
P 00000000597EFA38
C 294
R
P 00000000597EFA38
P 000000005B9795D8
C 204
= 000000005A41D948
R
P 00000000597EFA38
C 294
R
P 00000000597EFA38
P 000000005A41D948
C 165
R
P 00000000597EFA38
C 294
R
P 00000000597EFA38
P 000000005B9795D8
C 210
R
P 00000000597EFA38
C 294
R
P 00000000597EFA38
P 000000005B9795D8
C 209
R
P 00000000597EFA38
C 294
R
P 00000000597EFA38
P 000000005B9795D8
C 9
R
P 00000000597EFA38
C 294
R
P 00000000597EFA38
P 000000005B9795D8
C 275
R
P 00000000597EFA38
C 294
R
P 00000000597EFA38
P 000000005A41EBC8
P 000000005B978BF8
C 54
= 000000005F1EB988
R
P 00000000597EFA38
C 294
R
P 00000000597EFA38
P 000000005F1EB988
C 9
R
P 00000000597EFA38
C 294
R
P 00000000597EFA38
P 000000005F1EB988
C 56
= 000000005B974278
R
P 00000000597EFA38
C 294
R
P 00000000597EFA38
P 000000005B974278
C 9
R
P 00000000597EFA38
C 294
R
P 00000000597EFA38
P 000000005B974278
C 275
R
P 00000000597EFA38
C 294
R
P 00000000597EFA38
C 410
= 000000005F655498
R
P 00000000597EFA38
C 294
R
P 00000000597EFA38
P 000000005F655498
C 417
R
P 00000000597EFA38
C 294
R
P 00000000597EFA38
C 13
= 000000005F6EC978
R
P 00000000597EFA38
C 294
R
P 00000000597EFA38
P 000000005F6EC978
C 14
R
P 00000000597EFA38
C 294
R
P 00000000597EFA38
S "mbqi"
C 29
R
P 00000000597EFA38
C 294
R
P 00000000597EFA38
P 000000005F6EC978
$ |mbqi|
I 0
C 16
R
P 00000000597EFA38
C 294
R
P 00000000597EFA38
P 000000005F655498
P 000000005F6EC978
C 416
R
P 00000000597EFA38
C 294
R
P 00000000597EFA38
P 000000005B974278
C 56
= 000000005B9742A8
R
P 00000000597EFA38
C 294
R
P 00000000597EFA38
P 000000005B9742A8
C 9
R
P 00000000597EFA38
C 294
R
P 00000000597EFA38
P 000000005F655498
P 000000005B9742A8
C 423
R
P 00000000597EFA38
C 294
R
P 00000000597EFA38
P 000000005F655498
C 426
R
P 00000000597EFA38
C 294
R
P 00000000597EFA38
P 000000005F655498
C 429
= 000000005F1EBAD8
R
P 00000000597EFA38
C 294
R
P 00000000597EFA38
P 000000005F1EBAD8
C 207
R
P 00000000597EFA38
C 294
R
P 00000000597EFA38
P 000000005F1EBAD8
C 204
= 000000005A41D948
R
P 00000000597EFA38
C 294
R
P 00000000597EFA38
P 000000005A41D948
C 165
R
P 00000000597EFA38
C 294
R
P 00000000597EFA38
P 000000005F1EBAD8
C 210
R
P 00000000597EFA38
C 294
R
P 00000000597EFA38
P 000000005F1EBAD8
C 209
R
P 00000000597EFA38
C 294
R
P 00000000597EFA38
P 000000005F1EBAD8
C 9
R
P 00000000597EFA38
C 294
R
P 00000000597EFA38
P 000000005F1EBAD8
C 275
R
P 00000000597EFA38
C 294
M "UnsatCoreAndProofExample"
R
P 00000000597EFA38
C 410
= 000000005F65B058
R
P 00000000597EFA38
C 294
R
P 00000000597EFA38
P 000000005F65B058
C 417
R
P 00000000597EFA38
C 294
R
P 00000000597EFA38
S "PredA"
C 29
R
P 00000000597EFA38
C 294
R
P 00000000597EFA38
C 31
= 000000005A41D928
R
P 00000000597EFA38
C 294
R
P 00000000597EFA38
P 000000005A41D928
C 9
R
P 00000000597EFA38
C 294
R
P 00000000597EFA38
$ |PredA|
P 000000005A41D928
C 49
= 000000005A41EC48
R
P 00000000597EFA38
C 294
R
P 00000000597EFA38
P 000000005A41EC48
C 207
R
P 00000000597EFA38
C 294
R
P 00000000597EFA38
P 000000005A41EC48
C 204
= 000000005A41D928
R
P 00000000597EFA38
C 294
R
P 00000000597EFA38
P 000000005A41D928
C 165
R
P 00000000597EFA38
C 294
R
P 00000000597EFA38
P 000000005A41EC48
C 210
R
P 00000000597EFA38
C 294
R
P 00000000597EFA38
P 000000005A41EC48
C 209
R
P 00000000597EFA38
C 294
R
P 00000000597EFA38
P 000000005A41EC48
C 9
R
P 00000000597EFA38
C 294
R
P 00000000597EFA38
S "PredB"
C 29
R
P 00000000597EFA38
C 294
R
P 00000000597EFA38
$ |PredB|
P 000000005A41D928
C 49
= 000000005A41EC68
R
P 00000000597EFA38
C 294
R
P 00000000597EFA38
P 000000005A41EC68
C 207
R
P 00000000597EFA38
C 294
R
P 00000000597EFA38
P 000000005A41EC68
C 204
= 000000005A41D928
R
P 00000000597EFA38
C 294
R
P 00000000597EFA38
P 000000005A41D928
C 165
R
P 00000000597EFA38
C 294
R
P 00000000597EFA38
P 000000005A41EC68
C 210
R
P 00000000597EFA38
C 294
R
P 00000000597EFA38
P 000000005A41EC68
C 209
R
P 00000000597EFA38
C 294
R
P 00000000597EFA38
P 000000005A41EC68
C 9
R
P 00000000597EFA38
C 294
R
P 00000000597EFA38
S "PredC"
C 29
R
P 00000000597EFA38
C 294
R
P 00000000597EFA38
$ |PredC|
P 000000005A41D928
C 49
= 000000005A41EC88
R
P 00000000597EFA38
C 294
R
P 00000000597EFA38
P 000000005A41EC88
C 207
R
P 00000000597EFA38
C 294
R
P 00000000597EFA38
P 000000005A41EC88
C 204
= 000000005A41D928
R
P 00000000597EFA38
C 294
R
P 00000000597EFA38
P 000000005A41D928
C 165
R
P 00000000597EFA38
C 294
R
P 00000000597EFA38
P 000000005A41EC88
C 210
R
P 00000000597EFA38
C 294
R
P 00000000597EFA38
P 000000005A41EC88
C 209
R
P 00000000597EFA38
C 294
R
P 00000000597EFA38
P 000000005A41EC88
C 9
R
P 00000000597EFA38
C 294
R
P 00000000597EFA38
S "PredD"
C 29
R
P 00000000597EFA38
C 294
R
P 00000000597EFA38
$ |PredD|
P 000000005A41D928
C 49
= 000000005A41ECA8
R
P 00000000597EFA38
C 294
R
P 00000000597EFA38
P 000000005A41ECA8
C 207
R
P 00000000597EFA38
C 294
R
P 00000000597EFA38
P 000000005A41ECA8
C 204
= 000000005A41D928
R
P 00000000597EFA38
C 294
R
P 00000000597EFA38
P 000000005A41D928
C 165
R
P 00000000597EFA38
C 294
R
P 00000000597EFA38
P 000000005A41ECA8
C 210
R
P 00000000597EFA38
C 294
R
P 00000000597EFA38
P 000000005A41ECA8
C 209
R
P 00000000597EFA38
C 294
R
P 00000000597EFA38
P 000000005A41ECA8
C 9
R
P 00000000597EFA38
C 294
R
P 00000000597EFA38
S "P1"
C 29
R
P 00000000597EFA38
C 294
R
P 00000000597EFA38
$ |P1|
P 000000005A41D928
C 49
= 000000005A41ECC8
R
P 00000000597EFA38
C 294
R
P 00000000597EFA38
P 000000005A41ECC8
C 207
R
P 00000000597EFA38
C 294
R
P 00000000597EFA38
P 000000005A41ECC8
C 204
= 000000005A41D928
R
P 00000000597EFA38
C 294
R
P 00000000597EFA38
P 000000005A41D928
C 165
R
P 00000000597EFA38
C 294
R
P 00000000597EFA38
P 000000005A41ECC8
C 210
R
P 00000000597EFA38
C 294
R
P 00000000597EFA38
P 000000005A41ECC8
C 209
R
P 00000000597EFA38
C 294
R
P 00000000597EFA38
P 000000005A41ECC8
C 9
R
P 00000000597EFA38
C 294
R
P 00000000597EFA38
S "P2"
C 29
R
P 00000000597EFA38
C 294
R
P 00000000597EFA38
$ |P2|
P 000000005A41D928
C 49
= 000000005A41ECE8
R
P 00000000597EFA38
C 294
R
P 00000000597EFA38
P 000000005A41ECE8
C 207
R
P 00000000597EFA38
C 294
R
P 00000000597EFA38
P 000000005A41ECE8
C 204
= 000000005A41D928
R
P 00000000597EFA38
C 294
R
P 00000000597EFA38
P 000000005A41D928
C 165
R
P 00000000597EFA38
C 294
R
P 00000000597EFA38
P 000000005A41ECE8
C 210
R
P 00000000597EFA38
C 294
R
P 00000000597EFA38
P 000000005A41ECE8
C 209
R
P 00000000597EFA38
C 294
R
P 00000000597EFA38
P 000000005A41ECE8
C 9
R
P 00000000597EFA38
C 294
R
P 00000000597EFA38
S "P3"
C 29
R
P 00000000597EFA38
C 294
R
P 00000000597EFA38
$ |P3|
P 000000005A41D928
C 49
= 000000005A41ED08
R
P 00000000597EFA38
C 294
R
P 00000000597EFA38
P 000000005A41ED08
C 207
R
P 00000000597EFA38
C 294
R
P 00000000597EFA38
P 000000005A41ED08
C 204
= 000000005A41D928
R
P 00000000597EFA38
C 294
R
P 00000000597EFA38
P 000000005A41D928
C 165
R
P 00000000597EFA38
C 294
R
P 00000000597EFA38
P 000000005A41ED08
C 210
R
P 00000000597EFA38
C 294
R
P 00000000597EFA38
P 000000005A41ED08
C 209
R
P 00000000597EFA38
C 294
R
P 00000000597EFA38
P 000000005A41ED08
C 9
R
P 00000000597EFA38
C 294
R
P 00000000597EFA38
S "P4"
C 29
R
P 00000000597EFA38
C 294
R
P 00000000597EFA38
$ |P4|
P 000000005A41D928
C 49
= 000000005A41ED28
R
P 00000000597EFA38
C 294
R
P 00000000597EFA38
P 000000005A41ED28
C 207
R
P 00000000597EFA38
C 294
R
P 00000000597EFA38
P 000000005A41ED28
C 204
= 000000005A41D928
R
P 00000000597EFA38
C 294
R
P 00000000597EFA38
P 000000005A41D928
C 165
R
P 00000000597EFA38
C 294
R
P 00000000597EFA38
P 000000005A41ED28
C 210
R
P 00000000597EFA38
C 294
R
P 00000000597EFA38
P 000000005A41ED28
C 209
R
P 00000000597EFA38
C 294
R
P 00000000597EFA38
P 000000005A41ED28
C 9
R
P 00000000597EFA38
C 294
R
P 00000000597EFA38
P 000000005A41ECC8
C 56
= 000000005B9744B8
R
P 00000000597EFA38
C 294
R
P 00000000597EFA38
P 000000005B9744B8
C 9
R
P 00000000597EFA38
C 294
R
P 00000000597EFA38
P 000000005A41ECE8
C 56
= 000000005B9744E8
R
P 00000000597EFA38
C 294
R
P 00000000597EFA38
P 000000005B9744E8
C 9
R
P 00000000597EFA38
C 294
R
P 00000000597EFA38
P 000000005A41ED08
C 56
= 000000005B974518
R
P 00000000597EFA38
C 294
R
P 00000000597EFA38
P 000000005B974518
C 9
R
P 00000000597EFA38
C 294
R
P 00000000597EFA38
P 000000005A41ED28
C 56
= 000000005B974548
R
P 00000000597EFA38
C 294
R
P 00000000597EFA38
P 000000005B974548
C 9
R
P 00000000597EFA38
C 294
R
P 00000000597EFA38
U 3
P 000000005A41EC48
P 000000005A41EC68
P 000000005A41EC88
p 3
C 61
= 000000005B979658
R
P 00000000597EFA38
C 294
R
P 00000000597EFA38
P 000000005B979658
C 9
R
P 00000000597EFA38
C 294
R
P 00000000597EFA38
P 000000005A41EC68
C 56
= 000000005B974578
R
P 00000000597EFA38
C 294
R
P 00000000597EFA38
P 000000005B974578
C 9
R
P 00000000597EFA38
C 294
R
P 00000000597EFA38
U 3
P 000000005A41EC48
P 000000005B974578
P 000000005A41EC88
p 3
C 61
= 000000005B979698
R
P 00000000597EFA38
C 294
R
P 00000000597EFA38
P 000000005B979698
C 9
R
P 00000000597EFA38
C 294
R
P 00000000597EFA38
P 000000005A41EC48
C 56
= 000000005B9745A8
R
P 00000000597EFA38
C 294
R
P 00000000597EFA38
P 000000005B9745A8
C 9
R
P 00000000597EFA38
C 294
R
P 00000000597EFA38
P 000000005A41EC88
C 56
= 000000005B9745D8
R
P 00000000597EFA38
C 294
R
P 00000000597EFA38
P 000000005B9745D8
C 9
R
P 00000000597EFA38
C 294
R
P 00000000597EFA38
U 2
P 000000005B9745A8
P 000000005B9745D8
p 2
C 62
= 000000005F1EBA30
R
P 00000000597EFA38
C 294
R
P 00000000597EFA38
P 000000005F1EBA30
C 9
R
P 00000000597EFA38
C 294
R
P 00000000597EFA38
U 2
P 000000005B979658
P 000000005A41ECC8
p 2
C 62
= 000000005F1EB9F8
R
P 00000000597EFA38
C 294
R
P 00000000597EFA38
P 000000005F1EB9F8
C 9
R
P 00000000597EFA38
C 294
R
P 00000000597EFA38
P 000000005F65B058
P 000000005F1EB9F8
C 423
R
P 00000000597EFA38
C 294
R
P 00000000597EFA38
U 2
P 000000005B979698
P 000000005A41ECE8
p 2
C 62
= 000000005F1EBA68
R
P 00000000597EFA38
C 294
R
P 00000000597EFA38
P 000000005F1EBA68
C 9
R
P 00000000597EFA38
C 294
R
P 00000000597EFA38
P 000000005F65B058
P 000000005F1EBA68
C 423
R
P 00000000597EFA38
C 294
R
P 00000000597EFA38
U 2
P 000000005F1EBA30
P 000000005A41ED08
p 2
C 62
= 000000005F1EBAA0
R
P 00000000597EFA38
C 294
R
P 00000000597EFA38
P 000000005F1EBAA0
C 9
R
P 00000000597EFA38
C 294
R
P 00000000597EFA38
P 000000005F65B058
P 000000005F1EBAA0
C 423
R
P 00000000597EFA38
C 294
R
P 00000000597EFA38
U 2
P 000000005A41ECA8
P 000000005A41ED28
p 2
C 62
= 000000005F1EBB10
R
P 00000000597EFA38
C 294
R
P 00000000597EFA38
P 000000005F1EBB10
C 9
R
P 00000000597EFA38
C 294
R
P 00000000597EFA38
P 000000005F65B058
P 000000005F1EBB10
C 423
R
P 00000000597EFA38
C 294
R
P 00000000597EFA38
P 000000005F65B058
U 4
P 000000005B9744B8
P 000000005B9744E8
P 000000005B974518
P 000000005B974548
p 4
C 427
R
P 00000000597EFA38
C 294
R
P 00000000597EFA38
P 000000005F65B058
C 429
= 000000005A425EC0
R
P 00000000597EFA38
C 294
R
P 00000000597EFA38
P 000000005A425EC0
C 207
R
P 00000000597EFA38
C 294
R
P 00000000597EFA38
P 000000005A425EC0
C 204
= 000000005A41D948
R
P 00000000597EFA38
C 294
R
P 00000000597EFA38
P 000000005A41D948
C 165
R
P 00000000597EFA38
C 294
R
P 00000000597EFA38
P 000000005A425EC0
C 210
R
P 00000000597EFA38
C 294
R
P 00000000597EFA38
P 000000005A425EC0
C 209
R
P 00000000597EFA38
C 294
R
P 00000000597EFA38
P 000000005A425EC0
C 9
R
P 00000000597EFA38
C 294
R
P 00000000597EFA38
P 000000005A425EC0
C 275
R
P 00000000597EFA38
C 294
R
P 00000000597EFA38
P 000000005F65B058
C 430
= 000000005FDFB838
R
P 00000000597EFA38
C 294
R
P 00000000597EFA38
P 000000005FDFB838
C 330
R
P 00000000597EFA38
C 294
R
P 00000000597EFA38
P 000000005FDFB838
C 332
R
P 00000000597EFA38
C 294
R
P 00000000597EFA38
P 000000005FDFB838
U 0
C 333
= 000000005B9744B8
R
P 00000000597EFA38
C 294
R
P 00000000597EFA38
P 000000005B9744B8
C 9
R
P 00000000597EFA38
C 294
R
P 00000000597EFA38
P 000000005B9744B8
C 207
R
P 00000000597EFA38
C 294
R
P 00000000597EFA38
P 000000005B9744B8
C 204
= 000000005A41D928
R
P 00000000597EFA38
C 294
R
P 00000000597EFA38
P 000000005A41D928
C 165
R
P 00000000597EFA38
C 294
R
P 00000000597EFA38
P 000000005B9744B8
C 210
R
P 00000000597EFA38
C 294
R
P 00000000597EFA38
P 000000005B9744B8
C 209
R
P 00000000597EFA38
C 294
R
P 00000000597EFA38
P 000000005B9744B8
C 9
R
P 00000000597EFA38
C 294
R
P 00000000597EFA38
P 000000005FDFB838
U 1
C 333
= 000000005B9744E8
R
P 00000000597EFA38
C 294
R
P 00000000597EFA38
P 000000005B9744E8
C 9
R
P 00000000597EFA38
C 294
R
P 00000000597EFA38
P 000000005B9744E8
C 207
R
P 00000000597EFA38
C 294
R
P 00000000597EFA38
P 000000005B9744E8
C 204
= 000000005A41D928
R
P 00000000597EFA38
C 294
R
P 00000000597EFA38
P 000000005A41D928
C 165
R
P 00000000597EFA38
C 294
R
P 00000000597EFA38
P 000000005B9744E8
C 210
R
P 00000000597EFA38
C 294
R
P 00000000597EFA38
P 000000005B9744E8
C 209
R
P 00000000597EFA38
C 294
R
P 00000000597EFA38
P 000000005B9744E8
C 9
R
P 00000000597EFA38
C 294
R
P 00000000597EFA38
P 000000005B9744B8
C 275
R
P 00000000597EFA38
C 294
R
P 00000000597EFA38
P 000000005B9744E8
C 275
R
P 00000000597EFA38
C 294
R
C 3
= 000000005F8B1778
R
P 000000005F8B1778
S "auto-config"
S "false"
C 5
R
P 000000005F8B1778
S "proof"
S "true"
C 5
R
P 000000005F8B1778
C 7
= 000000005A3A8008
R
P 000000005F8B1778
C 4
R
P 000000005A3A8008
U 3
C 274
R
P 000000005A3A8008
C 294
M "QuantifierExample3"
R
P 000000005A3A8008
C 32
= 00000000601311D8
R
P 000000005A3A8008
C 294
R
P 000000005A3A8008
P 00000000601311D8
C 9
R
P 000000005A3A8008
C 294
R
P 000000005A3A8008
S "f"
C 29
R
P 000000005A3A8008
C 294
R
P 000000005A3A8008
$ |f|
U 2
P 00000000601311D8
P 00000000601311D8
p 2
P 00000000601311D8
C 47
= 00000000601357B8
R
P 000000005A3A8008
C 294
R
P 000000005A3A8008
P 00000000601357B8
C 9
R
P 000000005A3A8008
C 294
R
P 000000005A3A8008
P 00000000601357B8
C 184
R
P 000000005A3A8008
C 294
R
P 000000005A3A8008
P 00000000601357B8
U 0
C 186
= 00000000601311D8
R
P 000000005A3A8008
C 294
R
P 000000005A3A8008
P 00000000601311D8
C 165
R
P 000000005A3A8008
C 294
R
P 000000005A3A8008
P 00000000601311D8
C 9
R
P 000000005A3A8008
C 294
R
P 000000005A3A8008
P 00000000601357B8
U 1
C 186
= 00000000601311D8
R
P 000000005A3A8008
C 294
R
P 000000005A3A8008
P 00000000601311D8
C 165
R
P 000000005A3A8008
C 294
R
P 000000005A3A8008
P 00000000601311D8
C 9
R
P 000000005A3A8008
C 294
R
P 000000005A3A8008
P 00000000601357B8
C 184
R
P 000000005A3A8008
C 294
R
P 000000005A3A8008
P 00000000601357B8
C 187
= 00000000601311D8
R
P 000000005A3A8008
C 294
R
P 000000005A3A8008
P 00000000601311D8
C 165
R
P 000000005A3A8008
C 294
R
P 000000005A3A8008
P 00000000601311D8
C 9
R
P 000000005A3A8008
C 294
R
P 000000005A3A8008
S "f_fresh"
C 29
R
P 000000005A3A8008
C 294
R
P 000000005A3A8008
$ |f_fresh|
U 1
P 00000000601311D8
p 1
P 00000000601311D8
C 47
= 00000000601376F8
R
P 000000005A3A8008
C 294
R
P 000000005A3A8008
P 00000000601376F8
C 9
R
P 000000005A3A8008
C 294
R
P 000000005A3A8008
S "x_0"
C 29
R
P 000000005A3A8008
C 294
R
P 000000005A3A8008
U 0
P 00000000601311D8
C 149
= 0000000060131A78
R
P 000000005A3A8008
C 294
R
P 000000005A3A8008
P 0000000060131A78
C 207
R
P 000000005A3A8008
C 294
R
P 000000005A3A8008
P 0000000060131A78
C 204
= 00000000601311D8
R
P 000000005A3A8008
C 294
R
P 000000005A3A8008
P 00000000601311D8
C 165
R
P 000000005A3A8008
C 294
R
P 000000005A3A8008
P 0000000060131A78
C 210
R
P 000000005A3A8008
C 294
R
P 000000005A3A8008
P 0000000060131A78
C 209
R
P 000000005A3A8008
C 294
R
P 000000005A3A8008
P 0000000060131A78
C 9
R
P 000000005A3A8008
C 294
R
P 000000005A3A8008
S "x_1"
C 29
R
P 000000005A3A8008
C 294
R
P 000000005A3A8008
U 1
P 00000000601311D8
C 149
= 0000000060131A98
R
P 000000005A3A8008
C 294
R
P 000000005A3A8008
P 0000000060131A98
C 207
R
P 000000005A3A8008
C 294
R
P 000000005A3A8008
P 0000000060131A98
C 204
= 00000000601311D8
R
P 000000005A3A8008
C 294
R
P 000000005A3A8008
P 00000000601311D8
C 165
R
P 000000005A3A8008
C 294
R
P 000000005A3A8008
P 0000000060131A98
C 210
R
P 000000005A3A8008
C 294
R
P 000000005A3A8008
P 0000000060131A98
C 209
R
P 000000005A3A8008
C 294
R
P 000000005A3A8008
P 0000000060131A98
C 9
R
P 000000005A3A8008
C 294
R
P 000000005A3A8008
P 00000000601357B8
U 2
P 0000000060131A78
P 0000000060131A98
p 2
C 48
= 0000000060137730
R
P 000000005A3A8008
C 294
R
P 000000005A3A8008
P 0000000060137730
C 207
R
P 000000005A3A8008
C 294
R
P 000000005A3A8008
P 0000000060137730
C 204
= 00000000601311D8
R
P 000000005A3A8008
C 294
R
P 000000005A3A8008
P 00000000601311D8
C 165
R
P 000000005A3A8008
C 294
R
P 000000005A3A8008
P 0000000060137730
C 210
R
P 000000005A3A8008
C 294
R
P 000000005A3A8008
P 0000000060137730
C 209
R
P 000000005A3A8008
C 294
R
P 000000005A3A8008
P 0000000060137730
C 9
R
P 000000005A3A8008
C 294
R
P 000000005A3A8008
P 00000000601376F8
U 1
P 0000000060137730
p 1
C 48
= 00000000601332D8
R
P 000000005A3A8008
C 294
R
P 000000005A3A8008
P 00000000601332D8
C 207
R
P 000000005A3A8008
C 294
R
P 000000005A3A8008
P 00000000601332D8
C 204
= 00000000601311D8
R
P 000000005A3A8008
C 294
R
P 000000005A3A8008
P 00000000601311D8
C 165
R
P 000000005A3A8008
C 294
R
P 000000005A3A8008
P 00000000601332D8
C 210
R
P 000000005A3A8008
C 294
R
P 000000005A3A8008
P 00000000601332D8
C 209
R
P 000000005A3A8008
C 294
R
P 000000005A3A8008
P 00000000601332D8
C 9
R
P 000000005A3A8008
C 294
R
P 000000005A3A8008
P 00000000601332D8
P 0000000060131A98
C 54
= 0000000060137768
R
P 000000005A3A8008
C 294
R
P 000000005A3A8008
P 0000000060137768
C 9
R
P 000000005A3A8008
C 294
R
P 000000005A3A8008
U 1
P 0000000060137730
p 1
C 148
= 0000000060133308
R
P 000000005A3A8008
C 294
R
P 000000005A3A8008
P 0000000060133308
C 9
R
P 000000005A3A8008
C 294
R
P 000000005A3A8008
I 1
U 1
N
N
U 1
P 0000000060133308
p 1
U 0
p 0
U 2
P 00000000601311D8
P 00000000601311D8
p 2
$ |x_0|
$ |x_1|
s 2
P 0000000060137768
C 153
= 00000000601471C8
R
P 000000005A3A8008
C 294
R
P 000000005A3A8008
P 00000000601471C8
C 207
R
P 000000005A3A8008
C 294
R
P 000000005A3A8008
P 00000000601471C8
C 208
R
P 000000005A3A8008
C 294
R
P 000000005A3A8008
P 00000000601471C8
C 207
R
P 000000005A3A8008
C 294
R
P 000000005A3A8008
P 00000000601471C8
C 207
R
P 000000005A3A8008
C 294
R
P 000000005A3A8008
P 00000000601471C8
C 9
R
P 000000005A3A8008
C 294
R
P 000000005A3A8008
S "x"
C 29
R
P 000000005A3A8008
C 294
R
P 000000005A3A8008
$ |x|
P 00000000601311D8
C 49
= 0000000060131AB8
R
P 000000005A3A8008
C 294
R
P 000000005A3A8008
P 0000000060131AB8
C 207
R
P 000000005A3A8008
C 294
R
P 000000005A3A8008
P 0000000060131AB8
C 204
= 00000000601311D8
R
P 000000005A3A8008
C 294
R
P 000000005A3A8008
P 00000000601311D8
C 165
R
P 000000005A3A8008
C 294
R
P 000000005A3A8008
P 0000000060131AB8
C 210
R
P 000000005A3A8008
C 294
R
P 000000005A3A8008
P 0000000060131AB8
C 209
R
P 000000005A3A8008
C 294
R
P 000000005A3A8008
P 0000000060131AB8
C 9
R
P 000000005A3A8008
C 294
R
P 000000005A3A8008
S "y"
C 29
R
P 000000005A3A8008
C 294
R
P 000000005A3A8008
$ |y|
P 00000000601311D8
C 49
= 0000000060131AD8
R
P 000000005A3A8008
C 294
R
P 000000005A3A8008
P 0000000060131AD8
C 207
R
P 000000005A3A8008
C 294
R
P 000000005A3A8008
P 0000000060131AD8
C 204
= 00000000601311D8
R
P 000000005A3A8008
C 294
R
P 000000005A3A8008
P 00000000601311D8
C 165
R
P 000000005A3A8008
C 294
R
P 000000005A3A8008
P 0000000060131AD8
C 210
R
P 000000005A3A8008
C 294
R
P 000000005A3A8008
P 0000000060131AD8
C 209
R
P 000000005A3A8008
C 294
R
P 000000005A3A8008
P 0000000060131AD8
C 9
R
P 000000005A3A8008
C 294
R
P 000000005A3A8008
S "v"
C 29
R
P 000000005A3A8008
C 294
R
P 000000005A3A8008
$ |v|
P 00000000601311D8
C 49
= 0000000060131AF8
R
P 000000005A3A8008
C 294
R
P 000000005A3A8008
P 0000000060131AF8
C 207
R
P 000000005A3A8008
C 294
R
P 000000005A3A8008
P 0000000060131AF8
C 204
= 00000000601311D8
R
P 000000005A3A8008
C 294
R
P 000000005A3A8008
P 00000000601311D8
C 165
R
P 000000005A3A8008
C 294
R
P 000000005A3A8008
P 0000000060131AF8
C 210
R
P 000000005A3A8008
C 294
R
P 000000005A3A8008
P 0000000060131AF8
C 209
R
P 000000005A3A8008
C 294
R
P 000000005A3A8008
P 0000000060131AF8
C 9
R
P 000000005A3A8008
C 294
R
P 000000005A3A8008
S "w"
C 29
R
P 000000005A3A8008
C 294
R
P 000000005A3A8008
$ |w|
P 00000000601311D8
C 49
= 0000000060131B18
R
P 000000005A3A8008
C 294
R
P 000000005A3A8008
P 0000000060131B18
C 207
R
P 000000005A3A8008
C 294
R
P 000000005A3A8008
P 0000000060131B18
C 204
= 00000000601311D8
R
P 000000005A3A8008
C 294
R
P 000000005A3A8008
P 00000000601311D8
C 165
R
P 000000005A3A8008
C 294
R
P 000000005A3A8008
P 0000000060131B18
C 210
R
P 000000005A3A8008
C 294
R
P 000000005A3A8008
P 0000000060131B18
C 209
R
P 000000005A3A8008
C 294
R
P 000000005A3A8008
P 0000000060131B18
C 9
R
P 000000005A3A8008
C 294
R
P 000000005A3A8008
P 00000000601357B8
U 2
P 0000000060131AB8
P 0000000060131AD8
p 2
C 48
= 00000000601377D8
R
P 000000005A3A8008
C 294
R
P 000000005A3A8008
P 00000000601377D8
C 207
R
P 000000005A3A8008
C 294
R
P 000000005A3A8008
P 00000000601377D8
C 204
= 00000000601311D8
R
P 000000005A3A8008
C 294
R
P 000000005A3A8008
P 00000000601311D8
C 165
R
P 000000005A3A8008
C 294
R
P 000000005A3A8008
P 00000000601377D8
C 210
R
P 000000005A3A8008
C 294
R
P 000000005A3A8008
P 00000000601377D8
C 209
R
P 000000005A3A8008
C 294
R
P 000000005A3A8008
P 00000000601377D8
C 9
R
P 000000005A3A8008
C 294
R
P 000000005A3A8008
P 00000000601357B8
U 2
P 0000000060131B18
P 0000000060131AF8
p 2
C 48
= 0000000060137810
R
P 000000005A3A8008
C 294
R
P 000000005A3A8008
P 0000000060137810
C 207
R
P 000000005A3A8008
C 294
R
P 000000005A3A8008
P 0000000060137810
C 204
= 00000000601311D8
R
P 000000005A3A8008
C 294
R
P 000000005A3A8008
P 00000000601311D8
C 165
R
P 000000005A3A8008
C 294
R
P 000000005A3A8008
P 0000000060137810
C 210
R
P 000000005A3A8008
C 294
R
P 000000005A3A8008
P 0000000060137810
C 209
R
P 000000005A3A8008
C 294
R
P 000000005A3A8008
P 0000000060137810
C 9
R
P 000000005A3A8008
C 294
R
P 000000005A3A8008
P 00000000601377D8
P 0000000060137810
C 54
= 0000000060137848
R
P 000000005A3A8008
C 294
R
P 000000005A3A8008
P 0000000060137848
C 9
R
P 000000005A3A8008
C 294
R
P 000000005A3A8008
P 0000000060131AD8
P 0000000060131AF8
C 54
= 0000000060137880
R
P 000000005A3A8008
C 294
R
P 000000005A3A8008
P 0000000060137880
C 9
R
P 000000005A3A8008
C 294
R
P 000000005A3A8008
P 0000000060137880
C 275
R
P 000000005A3A8008
C 294
R
P 000000005A3A8008
C 410
= 000000005F662358
R
P 000000005A3A8008
C 294
R
P 000000005A3A8008
P 000000005F662358
C 417
R
P 000000005A3A8008
C 294
R
P 000000005A3A8008
C 13
= 000000005FDFDA88
R
P 000000005A3A8008
C 294
R
P 000000005A3A8008
P 000000005FDFDA88
C 14
R
P 000000005A3A8008
C 294
R
P 000000005A3A8008
S "mbqi"
C 29
R
P 000000005A3A8008
C 294
R
P 000000005A3A8008
P 000000005FDFDA88
$ |mbqi|
I 0
C 16
R
P 000000005A3A8008
C 294
R
P 000000005A3A8008
P 000000005F662358
P 000000005FDFDA88
C 416
R
P 000000005A3A8008
C 294
R
P 000000005A3A8008
P 000000005F662358
P 00000000601471C8
C 423
R
P 000000005A3A8008
C 294
R
P 000000005A3A8008
P 000000005F662358
P 0000000060137848
C 423
R
P 000000005A3A8008
C 294
R
P 000000005A3A8008
P 0000000060137880
C 56
= 0000000060133578
R
P 000000005A3A8008
C 294
R
P 000000005A3A8008
P 0000000060133578
C 9
R
P 000000005A3A8008
C 294
R
P 000000005A3A8008
P 000000005F662358
P 0000000060133578
C 423
R
P 000000005A3A8008
C 294
R
P 000000005A3A8008
P 000000005F662358
C 426
R
P 000000005A3A8008
C 294
R
P 000000005A3A8008
P 000000005F662358
C 429
= 0000000060135A78
R
P 000000005A3A8008
C 294
R
P 000000005A3A8008
P 0000000060135A78
C 207
R
P 000000005A3A8008
C 294
R
P 000000005A3A8008
P 0000000060135A78
C 204
= 0000000060131138
R
P 000000005A3A8008
C 294
R
P 000000005A3A8008
P 0000000060131138
C 165
R
P 000000005A3A8008
C 294
R
P 000000005A3A8008
P 0000000060135A78
C 210
R
P 000000005A3A8008
C 294
R
P 000000005A3A8008
P 0000000060135A78
C 209
R
P 000000005A3A8008
C 294
R
P 000000005A3A8008
P 0000000060135A78
C 9
R
P 000000005A3A8008
C 294
R
P 000000005A3A8008
P 0000000060135A78
C 275
R
P 000000005A3A8008
C 294
R
P 000000005A3A8008
P 0000000060131AB8
P 0000000060131B18
C 54
= 0000000060137C38
R
P 000000005A3A8008
C 294
R
P 000000005A3A8008
P 0000000060137C38
C 9
R
P 000000005A3A8008
C 294
R
P 000000005A3A8008
P 0000000060137C38
C 275
R
P 000000005A3A8008
C 294
R
P 000000005A3A8008
C 410
= 000000005F667E98
R
P 000000005A3A8008
C 294
R
P 000000005A3A8008
P 000000005F667E98
C 417
R
P 000000005A3A8008
C 294
R
P 000000005A3A8008
C 13
= 000000005FDFDDB8
R
P 000000005A3A8008
C 294
R
P 000000005A3A8008
P 000000005FDFDDB8
C 14
R
P 000000005A3A8008
C 294
R
P 000000005A3A8008
S "mbqi"
C 29
R
P 000000005A3A8008
C 294
R
P 000000005A3A8008
P 000000005FDFDDB8
$ |mbqi|
I 0
C 16
R
P 000000005A3A8008
C 294
R
P 000000005A3A8008
P 000000005F667E98
P 000000005FDFDDB8
C 416
R
P 000000005A3A8008
C 294
R
P 000000005A3A8008
P 000000005F667E98
P 00000000601471C8
C 423
R
P 000000005A3A8008
C 294
R
P 000000005A3A8008
P 000000005F667E98
P 0000000060137848
C 423
R
P 000000005A3A8008
C 294
R
P 000000005A3A8008
P 0000000060137C38
C 56
= 0000000060133728
R
P 000000005A3A8008
C 294
R
P 000000005A3A8008
P 0000000060133728
C 9
R
P 000000005A3A8008
C 294
R
P 000000005A3A8008
P 000000005F667E98
P 0000000060133728
C 423
R
P 000000005A3A8008
C 294
R
P 000000005A3A8008
P 000000005F667E98
C 426
R
P 000000005A3A8008
C 294
R
P 000000005A3A8008
P 000000005F667E98
C 431
R
P 000000005A3A8008
C 294
M "QuantifierExample4"
R
P 000000005A3A8008
S "f"
C 29
R
P 000000005A3A8008
C 294
R
P 000000005A3A8008
$ |f|
U 2
P 00000000601311D8
P 00000000601311D8
p 2
P 00000000601311D8
C 47
= 00000000601357B8
R
P 000000005A3A8008
C 294
R
P 000000005A3A8008
P 00000000601357B8
C 9
R
P 000000005A3A8008
C 294
R
P 000000005A3A8008
P 00000000601357B8
C 184
R
P 000000005A3A8008
C 294
R
P 000000005A3A8008
P 00000000601357B8
U 0
C 186
= 00000000601311D8
R
P 000000005A3A8008
C 294
R
P 000000005A3A8008
P 00000000601311D8
C 165
R
P 000000005A3A8008
C 294
R
P 000000005A3A8008
P 00000000601311D8
C 9
R
P 000000005A3A8008
C 294
R
P 000000005A3A8008
P 00000000601357B8
U 1
C 186
= 00000000601311D8
R
P 000000005A3A8008
C 294
R
P 000000005A3A8008
P 00000000601311D8
C 165
R
P 000000005A3A8008
C 294
R
P 000000005A3A8008
P 00000000601311D8
C 9
R
P 000000005A3A8008
C 294
R
P 000000005A3A8008
P 00000000601357B8
C 184
R
P 000000005A3A8008
C 294
R
P 000000005A3A8008
P 00000000601357B8
C 187
= 00000000601311D8
R
P 000000005A3A8008
C 294
R
P 000000005A3A8008
P 00000000601311D8
C 165
R
P 000000005A3A8008
C 294
R
P 000000005A3A8008
P 00000000601311D8
C 9
R
P 000000005A3A8008
C 294
R
P 000000005A3A8008
S "f_fresh"
C 29
R
P 000000005A3A8008
C 294
R
P 000000005A3A8008
$ |f_fresh|
U 1
P 00000000601311D8
p 1
P 00000000601311D8
C 47
= 00000000601376F8
R
P 000000005A3A8008
C 294
R
P 000000005A3A8008
P 00000000601376F8
C 9
R
P 000000005A3A8008
C 294
R
P 000000005A3A8008
S "x_0"
C 29
R
P 000000005A3A8008
C 294
R
P 000000005A3A8008
$ |x_0|
P 00000000601311D8
C 49
= 0000000060131DF8
R
P 000000005A3A8008
C 294
R
P 000000005A3A8008
P 0000000060131DF8
C 207
R
P 000000005A3A8008
C 294
R
P 000000005A3A8008
P 0000000060131DF8
C 204
= 00000000601311D8
R
P 000000005A3A8008
C 294
R
P 000000005A3A8008
P 00000000601311D8
C 165
R
P 000000005A3A8008
C 294
R
P 000000005A3A8008
P 0000000060131DF8
C 210
R
P 000000005A3A8008
C 294
R
P 000000005A3A8008
P 0000000060131DF8
C 209
R
P 000000005A3A8008
C 294
R
P 000000005A3A8008
P 0000000060131DF8
C 9
R
P 000000005A3A8008
C 294
R
P 000000005A3A8008
S "x_1"
C 29
R
P 000000005A3A8008
C 294
R
P 000000005A3A8008
$ |x_1|
P 00000000601311D8
C 49
= 0000000060131E18
R
P 000000005A3A8008
C 294
R
P 000000005A3A8008
P 0000000060131E18
C 207
R
P 000000005A3A8008
C 294
R
P 000000005A3A8008
P 0000000060131E18
C 204
= 00000000601311D8
R
P 000000005A3A8008
C 294
R
P 000000005A3A8008
P 00000000601311D8
C 165
R
P 000000005A3A8008
C 294
R
P 000000005A3A8008
P 0000000060131E18
C 210
R
P 000000005A3A8008
C 294
R
P 000000005A3A8008
P 0000000060131E18
C 209
R
P 000000005A3A8008
C 294
R
P 000000005A3A8008
P 0000000060131E18
C 9
R
P 000000005A3A8008
C 294
R
P 000000005A3A8008
P 00000000601357B8
U 2
P 0000000060131DF8
P 0000000060131E18
p 2
C 48
= 0000000060137C70
R
P 000000005A3A8008
C 294
R
P 000000005A3A8008
P 0000000060137C70
C 207
R
P 000000005A3A8008
C 294
R
P 000000005A3A8008
P 0000000060137C70
C 204
= 00000000601311D8
R
P 000000005A3A8008
C 294
R
P 000000005A3A8008
P 00000000601311D8
C 165
R
P 000000005A3A8008
C 294
R
P 000000005A3A8008
P 0000000060137C70
C 210
R
P 000000005A3A8008
C 294
R
P 000000005A3A8008
P 0000000060137C70
C 209
R
P 000000005A3A8008
C 294
R
P 000000005A3A8008
P 0000000060137C70
C 9
R
P 000000005A3A8008
C 294
R
P 000000005A3A8008
P 00000000601376F8
U 1
P 0000000060137C70
p 1
C 48
= 0000000060133848
R
P 000000005A3A8008
C 294
R
P 000000005A3A8008
P 0000000060133848
C 207
R
P 000000005A3A8008
C 294
R
P 000000005A3A8008
P 0000000060133848
C 204
= 00000000601311D8
R
P 000000005A3A8008
C 294
R
P 000000005A3A8008
P 00000000601311D8
C 165
R
P 000000005A3A8008
C 294
R
P 000000005A3A8008
P 0000000060133848
C 210
R
P 000000005A3A8008
C 294
R
P 000000005A3A8008
P 0000000060133848
C 209
R
P 000000005A3A8008
C 294
R
P 000000005A3A8008
P 0000000060133848
C 9
R
P 000000005A3A8008
C 294
R
P 000000005A3A8008
P 0000000060133848
P 0000000060131E18
C 54
= 0000000060137E30
R
P 000000005A3A8008
C 294
R
P 000000005A3A8008
P 0000000060137E30
C 9
R
P 000000005A3A8008
C 294
R
P 000000005A3A8008
U 1
P 0000000060137C70
p 1
C 148
= 0000000060133878
R
P 000000005A3A8008
C 294
R
P 000000005A3A8008
P 0000000060133878
C 9
R
P 000000005A3A8008
C 294
R
P 000000005A3A8008
I 1
U 1
N
N
U 2
P 0000000060131DF8
P 0000000060131E18
p 2
U 1
P 0000000060133878
p 1
U 0
p 0
P 0000000060137E30
C 157
= 0000000060147238
R
P 000000005A3A8008
C 294
R
P 000000005A3A8008
P 0000000060147238
C 207
R
P 000000005A3A8008
C 294
R
P 000000005A3A8008
P 0000000060147238
C 208
R
P 000000005A3A8008
C 294
R
P 000000005A3A8008
P 0000000060147238
C 207
R
P 000000005A3A8008
C 294
R
P 000000005A3A8008
P 0000000060147238
C 207
R
P 000000005A3A8008
C 294
R
P 000000005A3A8008
P 0000000060147238
C 9
R
P 000000005A3A8008
C 294
R
P 000000005A3A8008
S "x"
C 29
R
P 000000005A3A8008
C 294
R
P 000000005A3A8008
$ |x|
P 00000000601311D8
C 49
= 0000000060131AB8
R
P 000000005A3A8008
C 294
R
P 000000005A3A8008
P 0000000060131AB8
C 207
R
P 000000005A3A8008
C 294
R
P 000000005A3A8008
P 0000000060131AB8
C 204
= 00000000601311D8
R
P 000000005A3A8008
C 294
R
P 000000005A3A8008
P 00000000601311D8
C 165
R
P 000000005A3A8008
C 294
R
P 000000005A3A8008
P 0000000060131AB8
C 210
R
P 000000005A3A8008
C 294
R
P 000000005A3A8008
P 0000000060131AB8
C 209
R
P 000000005A3A8008
C 294
R
P 000000005A3A8008
P 0000000060131AB8
C 9
R
P 000000005A3A8008
C 294
R
P 000000005A3A8008
S "y"
C 29
R
P 000000005A3A8008
C 294
R
P 000000005A3A8008
$ |y|
P 00000000601311D8
C 49
= 0000000060131AD8
R
P 000000005A3A8008
C 294
R
P 000000005A3A8008
P 0000000060131AD8
C 207
R
P 000000005A3A8008
C 294
R
P 000000005A3A8008
P 0000000060131AD8
C 204
= 00000000601311D8
R
P 000000005A3A8008
C 294
R
P 000000005A3A8008
P 00000000601311D8
C 165
R
P 000000005A3A8008
C 294
R
P 000000005A3A8008
P 0000000060131AD8
C 210
R
P 000000005A3A8008
C 294
R
P 000000005A3A8008
P 0000000060131AD8
C 209
R
P 000000005A3A8008
C 294
R
P 000000005A3A8008
P 0000000060131AD8
C 9
R
P 000000005A3A8008
C 294
R
P 000000005A3A8008
S "v"
C 29
R
P 000000005A3A8008
C 294
R
P 000000005A3A8008
$ |v|
P 00000000601311D8
C 49
= 0000000060131AF8
R
P 000000005A3A8008
C 294
R
P 000000005A3A8008
P 0000000060131AF8
C 207
R
P 000000005A3A8008
C 294
R
P 000000005A3A8008
P 0000000060131AF8
C 204
= 00000000601311D8
R
P 000000005A3A8008
C 294
R
P 000000005A3A8008
P 00000000601311D8
C 165
R
P 000000005A3A8008
C 294
R
P 000000005A3A8008
P 0000000060131AF8
C 210
R
P 000000005A3A8008
C 294
R
P 000000005A3A8008
P 0000000060131AF8
C 209
R
P 000000005A3A8008
C 294
R
P 000000005A3A8008
P 0000000060131AF8
C 9
R
P 000000005A3A8008
C 294
R
P 000000005A3A8008
S "w"
C 29
R
P 000000005A3A8008
C 294
R
P 000000005A3A8008
$ |w|
P 00000000601311D8
C 49
= 0000000060131B18
R
P 000000005A3A8008
C 294
R
P 000000005A3A8008
P 0000000060131B18
C 207
R
P 000000005A3A8008
C 294
R
P 000000005A3A8008
P 0000000060131B18
C 204
= 00000000601311D8
R
P 000000005A3A8008
C 294
R
P 000000005A3A8008
P 00000000601311D8
C 165
R
P 000000005A3A8008
C 294
R
P 000000005A3A8008
P 0000000060131B18
C 210
R
P 000000005A3A8008
C 294
R
P 000000005A3A8008
P 0000000060131B18
C 209
R
P 000000005A3A8008
C 294
R
P 000000005A3A8008
P 0000000060131B18
C 9
R
P 000000005A3A8008
C 294
R
P 000000005A3A8008
P 00000000601357B8
U 2
P 0000000060131AB8
P 0000000060131AD8
p 2
C 48
= 00000000601377D8
R
P 000000005A3A8008
C 294
R
P 000000005A3A8008
P 00000000601377D8
C 207
R
P 000000005A3A8008
C 294
R
P 000000005A3A8008
P 00000000601377D8
C 204
= 00000000601311D8
R
P 000000005A3A8008
C 294
R
P 000000005A3A8008
P 00000000601311D8
C 165
R
P 000000005A3A8008
C 294
R
P 000000005A3A8008
P 00000000601377D8
C 210
R
P 000000005A3A8008
C 294
R
P 000000005A3A8008
P 00000000601377D8
C 209
R
P 000000005A3A8008
C 294
R
P 000000005A3A8008
P 00000000601377D8
C 9
R
P 000000005A3A8008
C 294
R
P 000000005A3A8008
P 00000000601357B8
U 2
P 0000000060131B18
P 0000000060131AF8
p 2
C 48
= 0000000060137810
R
P 000000005A3A8008
C 294
R
P 000000005A3A8008
P 0000000060137810
C 207
R
P 000000005A3A8008
C 294
R
P 000000005A3A8008
P 0000000060137810
C 204
= 00000000601311D8
R
P 000000005A3A8008
C 294
R
P 000000005A3A8008
P 00000000601311D8
C 165
R
P 000000005A3A8008
C 294
R
P 000000005A3A8008
P 0000000060137810
C 210
R
P 000000005A3A8008
C 294
R
P 000000005A3A8008
P 0000000060137810
C 209
R
P 000000005A3A8008
C 294
R
P 000000005A3A8008
P 0000000060137810
C 9
R
P 000000005A3A8008
C 294
R
P 000000005A3A8008
P 00000000601377D8
P 0000000060137810
C 54
= 0000000060137848
R
P 000000005A3A8008
C 294
R
P 000000005A3A8008
P 0000000060137848
C 9
R
P 000000005A3A8008
C 294
R
P 000000005A3A8008
P 0000000060131AD8
P 0000000060131AF8
C 54
= 0000000060137880
R
P 000000005A3A8008
C 294
R
P 000000005A3A8008
P 0000000060137880
C 9
R
P 000000005A3A8008
C 294
R
P 000000005A3A8008
P 0000000060137880
C 275
R
P 000000005A3A8008
C 294
R
P 000000005A3A8008
C 410
= 00000000604E2A28
R
P 000000005A3A8008
C 294
R
P 000000005A3A8008
P 00000000604E2A28
C 417
R
P 000000005A3A8008
C 294
R
P 000000005A3A8008
C 13
= 000000006033E3C8
R
P 000000005A3A8008
C 294
R
P 000000005A3A8008
P 000000006033E3C8
C 14
R
P 000000005A3A8008
C 294
R
P 000000005A3A8008
S "mbqi"
C 29
R
P 000000005A3A8008
C 294
R
P 000000005A3A8008
P 000000006033E3C8
$ |mbqi|
I 0
C 16
R
P 000000005A3A8008
C 294
R
P 000000005A3A8008
P 00000000604E2A28
P 000000006033E3C8
C 416
R
P 000000005A3A8008
C 294
R
P 000000005A3A8008
P 00000000604E2A28
P 0000000060147238
C 423
R
P 000000005A3A8008
C 294
R
P 000000005A3A8008
P 00000000604E2A28
P 0000000060137848
C 423
R
P 000000005A3A8008
C 294
R
P 000000005A3A8008
P 0000000060137880
C 56
= 0000000060133578
R
P 000000005A3A8008
C 294
R
P 000000005A3A8008
P 0000000060133578
C 9
R
P 000000005A3A8008
C 294
R
P 000000005A3A8008
P 00000000604E2A28
P 0000000060133578
C 423
R
P 000000005A3A8008
C 294
R
P 000000005A3A8008
P 00000000604E2A28
C 426
R
P 000000005A3A8008
C 294
R
P 000000005A3A8008
P 00000000604E2A28
C 429
= 0000000060135BF8
R
P 000000005A3A8008
C 294
R
P 000000005A3A8008
P 0000000060135BF8
C 207
R
P 000000005A3A8008
C 294
R
P 000000005A3A8008
P 0000000060135BF8
C 204
= 0000000060131138
R
P 000000005A3A8008
C 294
R
P 000000005A3A8008
P 0000000060131138
C 165
R
P 000000005A3A8008
C 294
R
P 000000005A3A8008
P 0000000060135BF8
C 210
R
P 000000005A3A8008
C 294
R
P 000000005A3A8008
P 0000000060135BF8
C 209
R
P 000000005A3A8008
C 294
R
P 000000005A3A8008
P 0000000060135BF8
C 9
R
P 000000005A3A8008
C 294
R
P 000000005A3A8008
P 0000000060135BF8
C 275
R
P 000000005A3A8008
C 294
R
P 000000005A3A8008
P 0000000060131AB8
P 0000000060131B18
C 54
= 0000000060137C38
R
P 000000005A3A8008
C 294
R
P 000000005A3A8008
P 0000000060137C38
C 9
R
P 000000005A3A8008
C 294
R
P 000000005A3A8008
P 0000000060137C38
C 275
R
P 000000005A3A8008
C 294
R
P 000000005A3A8008
C 410
= 00000000604E8328
R
P 000000005A3A8008
C 294
R
P 000000005A3A8008
P 00000000604E8328
C 417
R
P 000000005A3A8008
C 294
R
P 000000005A3A8008
C 13
= 0000000060349828
R
P 000000005A3A8008
C 294
R
P 000000005A3A8008
P 0000000060349828
C 14
R
P 000000005A3A8008
C 294
R
P 000000005A3A8008
S "mbqi"
C 29
R
P 000000005A3A8008
C 294
R
P 000000005A3A8008
P 0000000060349828
$ |mbqi|
I 0
C 16
R
P 000000005A3A8008
C 294
R
P 000000005A3A8008
P 00000000604E8328
P 0000000060349828
C 416
R
P 000000005A3A8008
C 294
R
P 000000005A3A8008
P 00000000604E8328
P 0000000060147238
C 423
R
P 000000005A3A8008
C 294
R
P 000000005A3A8008
P 00000000604E8328
P 0000000060137848
C 423
R
P 000000005A3A8008
C 294
R
P 000000005A3A8008
P 0000000060137C38
C 56
= 0000000060133728
R
P 000000005A3A8008
C 294
R
P 000000005A3A8008
P 0000000060133728
C 9
R
P 000000005A3A8008
C 294
R
P 000000005A3A8008
P 00000000604E8328
P 0000000060133728
C 423
R
P 000000005A3A8008
C 294
R
P 000000005A3A8008
P 00000000604E8328
C 426
R
P 000000005A3A8008
C 294
R
P 000000005A3A8008
P 00000000604E8328
C 431
R
P 000000005A3A8008
C 294
